[0.097s] DEBUG:colcon:Command line arguments: ['/usr/bin/colcon', 'build']
[0.097s] DEBUG:colcon:Parsed command line arguments: Namespace(log_base=None, log_level=None, verb_name='build', build_base='build', install_base='install', merge_install=False, symlink_install=False, test_result_base=None, continue_on_error=False, executor='parallel', parallel_workers=6, event_handlers=None, ignore_user_meta=False, metas=['./colcon.meta'], base_paths=['.'], packages_ignore=None, packages_ignore_regex=None, paths=None, packages_up_to=None, packages_up_to_regex=None, packages_above=None, packages_above_and_dependencies=None, packages_above_depth=None, packages_select_by_dep=None, packages_skip_by_dep=None, packages_skip_up_to=None, packages_select_build_failed=False, packages_skip_build_finished=False, packages_select_test_failures=False, packages_skip_test_passed=False, packages_select=None, packages_skip=None, packages_select_regex=None, packages_skip_regex=None, packages_start=None, packages_end=None, allow_overriding=[], cmake_args=None, cmake_target=None, cmake_target_skip_unavailable=False, cmake_clean_cache=False, cmake_clean_first=False, cmake_force_configure=False, ament_cmake_args=None, catkin_cmake_args=None, catkin_skip_building_tests=False, mixin_files=None, mixin=None, verb_parser=<colcon_mixin.mixin.mixin_argument.MixinArgumentDecorator object at 0x750c5a069c60>, verb_extension=<colcon_core.verb.build.BuildVerb object at 0x750c5a0697b0>, main=<bound method BuildVerb.main of <colcon_core.verb.build.BuildVerb object at 0x750c5a0697b0>>, mixin_verb=('build',))
[0.254s] Level 1:colcon.colcon_core.package_discovery:discover_packages(colcon_meta) check parameters
[0.255s] Level 1:colcon.colcon_core.package_discovery:discover_packages(recursive) check parameters
[0.255s] Level 1:colcon.colcon_core.package_discovery:discover_packages(ignore) check parameters
[0.255s] Level 1:colcon.colcon_core.package_discovery:discover_packages(path) check parameters
[0.255s] Level 1:colcon.colcon_core.package_discovery:discover_packages(colcon_meta) discover
[0.255s] Level 1:colcon.colcon_core.package_discovery:discover_packages(recursive) discover
[0.255s] INFO:colcon.colcon_core.package_discovery:Crawling recursively for packages in '/home/lennoxtr/EE4308/Lab_1'
[0.255s] Level 1:colcon.colcon_core.package_identification:_identify(.) by extensions ['ignore', 'ignore_ament_install']
[0.255s] Level 1:colcon.colcon_core.package_identification:_identify(.) by extension 'ignore'
[0.255s] Level 1:colcon.colcon_core.package_identification:_identify(.) by extension 'ignore_ament_install'
[0.255s] Level 1:colcon.colcon_core.package_identification:_identify(.) by extensions ['colcon_pkg']
[0.255s] Level 1:colcon.colcon_core.package_identification:_identify(.) by extension 'colcon_pkg'
[0.255s] Level 1:colcon.colcon_core.package_identification:_identify(.) by extensions ['colcon_meta']
[0.255s] Level 1:colcon.colcon_core.package_identification:_identify(.) by extension 'colcon_meta'
[0.255s] Level 1:colcon.colcon_core.package_identification:_identify(.) by extensions ['ros']
[0.255s] Level 1:colcon.colcon_core.package_identification:_identify(.) by extension 'ros'
[0.265s] Level 1:colcon.colcon_core.package_identification:_identify(.) by extensions ['cmake', 'python']
[0.265s] Level 1:colcon.colcon_core.package_identification:_identify(.) by extension 'cmake'
[0.265s] Level 1:colcon.colcon_core.package_identification:_identify(.) by extension 'python'
[0.265s] Level 1:colcon.colcon_core.package_identification:_identify(.) by extensions ['python_setup_py']
[0.265s] Level 1:colcon.colcon_core.package_identification:_identify(.) by extension 'python_setup_py'
[0.265s] Level 1:colcon.colcon_core.package_identification:_identify(build) by extensions ['ignore', 'ignore_ament_install']
[0.265s] Level 1:colcon.colcon_core.package_identification:_identify(build) by extension 'ignore'
[0.265s] Level 1:colcon.colcon_core.package_identification:_identify(build) ignored
[0.265s] Level 1:colcon.colcon_core.package_identification:_identify(docs) by extensions ['ignore', 'ignore_ament_install']
[0.265s] Level 1:colcon.colcon_core.package_identification:_identify(docs) by extension 'ignore'
[0.265s] Level 1:colcon.colcon_core.package_identification:_identify(docs) by extension 'ignore_ament_install'
[0.265s] Level 1:colcon.colcon_core.package_identification:_identify(docs) by extensions ['colcon_pkg']
[0.265s] Level 1:colcon.colcon_core.package_identification:_identify(docs) by extension 'colcon_pkg'
[0.265s] Level 1:colcon.colcon_core.package_identification:_identify(docs) by extensions ['colcon_meta']
[0.265s] Level 1:colcon.colcon_core.package_identification:_identify(docs) by extension 'colcon_meta'
[0.266s] Level 1:colcon.colcon_core.package_identification:_identify(docs) by extensions ['ros']
[0.266s] Level 1:colcon.colcon_core.package_identification:_identify(docs) by extension 'ros'
[0.266s] Level 1:colcon.colcon_core.package_identification:_identify(docs) by extensions ['cmake', 'python']
[0.266s] Level 1:colcon.colcon_core.package_identification:_identify(docs) by extension 'cmake'
[0.266s] Level 1:colcon.colcon_core.package_identification:_identify(docs) by extension 'python'
[0.266s] Level 1:colcon.colcon_core.package_identification:_identify(docs) by extensions ['python_setup_py']
[0.266s] Level 1:colcon.colcon_core.package_identification:_identify(docs) by extension 'python_setup_py'
[0.266s] Level 1:colcon.colcon_core.package_identification:_identify(docs/img) by extensions ['ignore', 'ignore_ament_install']
[0.266s] Level 1:colcon.colcon_core.package_identification:_identify(docs/img) by extension 'ignore'
[0.266s] Level 1:colcon.colcon_core.package_identification:_identify(docs/img) by extension 'ignore_ament_install'
[0.266s] Level 1:colcon.colcon_core.package_identification:_identify(docs/img) by extensions ['colcon_pkg']
[0.266s] Level 1:colcon.colcon_core.package_identification:_identify(docs/img) by extension 'colcon_pkg'
[0.266s] Level 1:colcon.colcon_core.package_identification:_identify(docs/img) by extensions ['colcon_meta']
[0.266s] Level 1:colcon.colcon_core.package_identification:_identify(docs/img) by extension 'colcon_meta'
[0.266s] Level 1:colcon.colcon_core.package_identification:_identify(docs/img) by extensions ['ros']
[0.266s] Level 1:colcon.colcon_core.package_identification:_identify(docs/img) by extension 'ros'
[0.266s] Level 1:colcon.colcon_core.package_identification:_identify(docs/img) by extensions ['cmake', 'python']
[0.266s] Level 1:colcon.colcon_core.package_identification:_identify(docs/img) by extension 'cmake'
[0.266s] Level 1:colcon.colcon_core.package_identification:_identify(docs/img) by extension 'python'
[0.266s] Level 1:colcon.colcon_core.package_identification:_identify(docs/img) by extensions ['python_setup_py']
[0.266s] Level 1:colcon.colcon_core.package_identification:_identify(docs/img) by extension 'python_setup_py'
[0.266s] Level 1:colcon.colcon_core.package_identification:_identify(install) by extensions ['ignore', 'ignore_ament_install']
[0.267s] Level 1:colcon.colcon_core.package_identification:_identify(install) by extension 'ignore'
[0.267s] Level 1:colcon.colcon_core.package_identification:_identify(install) ignored
[0.267s] Level 1:colcon.colcon_core.package_identification:_identify(log) by extensions ['ignore', 'ignore_ament_install']
[0.267s] Level 1:colcon.colcon_core.package_identification:_identify(log) by extension 'ignore'
[0.267s] Level 1:colcon.colcon_core.package_identification:_identify(log) ignored
[0.267s] Level 1:colcon.colcon_core.package_identification:_identify(src) by extensions ['ignore', 'ignore_ament_install']
[0.267s] Level 1:colcon.colcon_core.package_identification:_identify(src) by extension 'ignore'
[0.267s] Level 1:colcon.colcon_core.package_identification:_identify(src) by extension 'ignore_ament_install'
[0.267s] Level 1:colcon.colcon_core.package_identification:_identify(src) by extensions ['colcon_pkg']
[0.267s] Level 1:colcon.colcon_core.package_identification:_identify(src) by extension 'colcon_pkg'
[0.267s] Level 1:colcon.colcon_core.package_identification:_identify(src) by extensions ['colcon_meta']
[0.267s] Level 1:colcon.colcon_core.package_identification:_identify(src) by extension 'colcon_meta'
[0.267s] Level 1:colcon.colcon_core.package_identification:_identify(src) by extensions ['ros']
[0.267s] Level 1:colcon.colcon_core.package_identification:_identify(src) by extension 'ros'
[0.267s] Level 1:colcon.colcon_core.package_identification:_identify(src) by extensions ['cmake', 'python']
[0.267s] Level 1:colcon.colcon_core.package_identification:_identify(src) by extension 'cmake'
[0.267s] Level 1:colcon.colcon_core.package_identification:_identify(src) by extension 'python'
[0.267s] Level 1:colcon.colcon_core.package_identification:_identify(src) by extensions ['python_setup_py']
[0.267s] Level 1:colcon.colcon_core.package_identification:_identify(src) by extension 'python_setup_py'
[0.267s] Level 1:colcon.colcon_core.package_identification:_identify(src/ee4308_bringup) by extensions ['ignore', 'ignore_ament_install']
[0.267s] Level 1:colcon.colcon_core.package_identification:_identify(src/ee4308_bringup) by extension 'ignore'
[0.267s] Level 1:colcon.colcon_core.package_identification:_identify(src/ee4308_bringup) by extension 'ignore_ament_install'
[0.268s] Level 1:colcon.colcon_core.package_identification:_identify(src/ee4308_bringup) by extensions ['colcon_pkg']
[0.268s] Level 1:colcon.colcon_core.package_identification:_identify(src/ee4308_bringup) by extension 'colcon_pkg'
[0.268s] Level 1:colcon.colcon_core.package_identification:_identify(src/ee4308_bringup) by extensions ['colcon_meta']
[0.268s] Level 1:colcon.colcon_core.package_identification:_identify(src/ee4308_bringup) by extension 'colcon_meta'
[0.268s] Level 1:colcon.colcon_core.package_identification:_identify(src/ee4308_bringup) by extensions ['ros']
[0.268s] Level 1:colcon.colcon_core.package_identification:_identify(src/ee4308_bringup) by extension 'ros'
[0.270s] DEBUG:colcon.colcon_core.package_identification:Package 'src/ee4308_bringup' with type 'ros.ament_cmake' and name 'ee4308_bringup'
[0.270s] Level 1:colcon.colcon_core.package_identification:_identify(src/ee4308_core) by extensions ['ignore', 'ignore_ament_install']
[0.270s] Level 1:colcon.colcon_core.package_identification:_identify(src/ee4308_core) by extension 'ignore'
[0.270s] Level 1:colcon.colcon_core.package_identification:_identify(src/ee4308_core) by extension 'ignore_ament_install'
[0.270s] Level 1:colcon.colcon_core.package_identification:_identify(src/ee4308_core) by extensions ['colcon_pkg']
[0.270s] Level 1:colcon.colcon_core.package_identification:_identify(src/ee4308_core) by extension 'colcon_pkg'
[0.270s] Level 1:colcon.colcon_core.package_identification:_identify(src/ee4308_core) by extensions ['colcon_meta']
[0.270s] Level 1:colcon.colcon_core.package_identification:_identify(src/ee4308_core) by extension 'colcon_meta'
[0.270s] Level 1:colcon.colcon_core.package_identification:_identify(src/ee4308_core) by extensions ['ros']
[0.270s] Level 1:colcon.colcon_core.package_identification:_identify(src/ee4308_core) by extension 'ros'
[0.271s] DEBUG:colcon.colcon_core.package_identification:Package 'src/ee4308_core' with type 'ros.ament_cmake' and name 'ee4308_core'
[0.271s] Level 1:colcon.colcon_core.package_identification:_identify(src/ee4308_turtle) by extensions ['ignore', 'ignore_ament_install']
[0.271s] Level 1:colcon.colcon_core.package_identification:_identify(src/ee4308_turtle) by extension 'ignore'
[0.271s] Level 1:colcon.colcon_core.package_identification:_identify(src/ee4308_turtle) by extension 'ignore_ament_install'
[0.271s] Level 1:colcon.colcon_core.package_identification:_identify(src/ee4308_turtle) by extensions ['colcon_pkg']
[0.271s] Level 1:colcon.colcon_core.package_identification:_identify(src/ee4308_turtle) by extension 'colcon_pkg'
[0.271s] Level 1:colcon.colcon_core.package_identification:_identify(src/ee4308_turtle) by extensions ['colcon_meta']
[0.271s] Level 1:colcon.colcon_core.package_identification:_identify(src/ee4308_turtle) by extension 'colcon_meta'
[0.271s] Level 1:colcon.colcon_core.package_identification:_identify(src/ee4308_turtle) by extensions ['ros']
[0.271s] Level 1:colcon.colcon_core.package_identification:_identify(src/ee4308_turtle) by extension 'ros'
[0.272s] DEBUG:colcon.colcon_core.package_identification:Package 'src/ee4308_turtle' with type 'ros.ament_cmake' and name 'ee4308_turtle'
[0.272s] Level 1:colcon.colcon_core.package_identification:_identify(src/turtlebot3_cartographer) by extensions ['ignore', 'ignore_ament_install']
[0.272s] Level 1:colcon.colcon_core.package_identification:_identify(src/turtlebot3_cartographer) by extension 'ignore'
[0.272s] Level 1:colcon.colcon_core.package_identification:_identify(src/turtlebot3_cartographer) by extension 'ignore_ament_install'
[0.272s] Level 1:colcon.colcon_core.package_identification:_identify(src/turtlebot3_cartographer) by extensions ['colcon_pkg']
[0.272s] Level 1:colcon.colcon_core.package_identification:_identify(src/turtlebot3_cartographer) by extension 'colcon_pkg'
[0.272s] Level 1:colcon.colcon_core.package_identification:_identify(src/turtlebot3_cartographer) by extensions ['colcon_meta']
[0.272s] Level 1:colcon.colcon_core.package_identification:_identify(src/turtlebot3_cartographer) by extension 'colcon_meta'
[0.272s] Level 1:colcon.colcon_core.package_identification:_identify(src/turtlebot3_cartographer) by extensions ['ros']
[0.272s] Level 1:colcon.colcon_core.package_identification:_identify(src/turtlebot3_cartographer) by extension 'ros'
[0.273s] DEBUG:colcon.colcon_core.package_identification:Package 'src/turtlebot3_cartographer' with type 'ros.ament_cmake' and name 'turtlebot3_cartographer'
[0.273s] Level 1:colcon.colcon_core.package_identification:_identify(src/turtlebot3_gazebo) by extensions ['ignore', 'ignore_ament_install']
[0.273s] Level 1:colcon.colcon_core.package_identification:_identify(src/turtlebot3_gazebo) by extension 'ignore'
[0.273s] Level 1:colcon.colcon_core.package_identification:_identify(src/turtlebot3_gazebo) by extension 'ignore_ament_install'
[0.273s] Level 1:colcon.colcon_core.package_identification:_identify(src/turtlebot3_gazebo) by extensions ['colcon_pkg']
[0.273s] Level 1:colcon.colcon_core.package_identification:_identify(src/turtlebot3_gazebo) by extension 'colcon_pkg'
[0.273s] Level 1:colcon.colcon_core.package_identification:_identify(src/turtlebot3_gazebo) by extensions ['colcon_meta']
[0.273s] Level 1:colcon.colcon_core.package_identification:_identify(src/turtlebot3_gazebo) by extension 'colcon_meta'
[0.273s] Level 1:colcon.colcon_core.package_identification:_identify(src/turtlebot3_gazebo) by extensions ['ros']
[0.273s] Level 1:colcon.colcon_core.package_identification:_identify(src/turtlebot3_gazebo) by extension 'ros'
[0.274s] DEBUG:colcon.colcon_core.package_identification:Package 'src/turtlebot3_gazebo' with type 'ros.ament_cmake' and name 'turtlebot3_gazebo'
[0.274s] Level 1:colcon.colcon_core.package_identification:_identify(src/turtlebot3_simulations) by extensions ['ignore', 'ignore_ament_install']
[0.274s] Level 1:colcon.colcon_core.package_identification:_identify(src/turtlebot3_simulations) by extension 'ignore'
[0.274s] Level 1:colcon.colcon_core.package_identification:_identify(src/turtlebot3_simulations) by extension 'ignore_ament_install'
[0.274s] Level 1:colcon.colcon_core.package_identification:_identify(src/turtlebot3_simulations) by extensions ['colcon_pkg']
[0.274s] Level 1:colcon.colcon_core.package_identification:_identify(src/turtlebot3_simulations) by extension 'colcon_pkg'
[0.275s] Level 1:colcon.colcon_core.package_identification:_identify(src/turtlebot3_simulations) by extensions ['colcon_meta']
[0.275s] Level 1:colcon.colcon_core.package_identification:_identify(src/turtlebot3_simulations) by extension 'colcon_meta'
[0.275s] Level 1:colcon.colcon_core.package_identification:_identify(src/turtlebot3_simulations) by extensions ['ros']
[0.275s] Level 1:colcon.colcon_core.package_identification:_identify(src/turtlebot3_simulations) by extension 'ros'
[0.275s] DEBUG:colcon.colcon_core.package_identification:Package 'src/turtlebot3_simulations' with type 'ros.ament_cmake' and name 'turtlebot3_simulations'
[0.275s] Level 1:colcon.colcon_core.package_discovery:discover_packages(recursive) using defaults
[0.275s] Level 1:colcon.colcon_core.package_discovery:discover_packages(ignore) discover
[0.275s] Level 1:colcon.colcon_core.package_discovery:discover_packages(ignore) using defaults
[0.275s] Level 1:colcon.colcon_core.package_discovery:discover_packages(path) discover
[0.275s] Level 1:colcon.colcon_core.package_discovery:discover_packages(path) using defaults
[0.303s] Level 1:colcon.colcon_core.package_discovery:discover_packages(prefix_path) check parameters
[0.303s] Level 1:colcon.colcon_core.package_discovery:discover_packages(prefix_path) discover
[0.305s] DEBUG:colcon.colcon_installed_package_information.package_discovery:Found 433 installed packages in /opt/ros/humble
[0.307s] Level 1:colcon.colcon_core.package_discovery:discover_packages(prefix_path) using defaults
[0.353s] Level 5:colcon.colcon_core.verb:set package 'ee4308_bringup' build argument 'cmake_args' from command line to 'None'
[0.353s] Level 5:colcon.colcon_core.verb:set package 'ee4308_bringup' build argument 'cmake_target' from command line to 'None'
[0.353s] Level 5:colcon.colcon_core.verb:set package 'ee4308_bringup' build argument 'cmake_target_skip_unavailable' from command line to 'False'
[0.353s] Level 5:colcon.colcon_core.verb:set package 'ee4308_bringup' build argument 'cmake_clean_cache' from command line to 'False'
[0.353s] Level 5:colcon.colcon_core.verb:set package 'ee4308_bringup' build argument 'cmake_clean_first' from command line to 'False'
[0.353s] Level 5:colcon.colcon_core.verb:set package 'ee4308_bringup' build argument 'cmake_force_configure' from command line to 'False'
[0.353s] Level 5:colcon.colcon_core.verb:set package 'ee4308_bringup' build argument 'ament_cmake_args' from command line to 'None'
[0.353s] Level 5:colcon.colcon_core.verb:set package 'ee4308_bringup' build argument 'catkin_cmake_args' from command line to 'None'
[0.353s] Level 5:colcon.colcon_core.verb:set package 'ee4308_bringup' build argument 'catkin_skip_building_tests' from command line to 'False'
[0.353s] DEBUG:colcon.colcon_core.verb:Building package 'ee4308_bringup' with the following arguments: {'ament_cmake_args': None, 'build_base': '/home/lennoxtr/EE4308/Lab_1/build/ee4308_bringup', 'catkin_cmake_args': None, 'catkin_skip_building_tests': False, 'cmake_args': None, 'cmake_clean_cache': False, 'cmake_clean_first': False, 'cmake_force_configure': False, 'cmake_target': None, 'cmake_target_skip_unavailable': False, 'install_base': '/home/lennoxtr/EE4308/Lab_1/install/ee4308_bringup', 'merge_install': False, 'path': '/home/lennoxtr/EE4308/Lab_1/src/ee4308_bringup', 'symlink_install': False, 'test_result_base': None}
[0.354s] Level 5:colcon.colcon_core.verb:set package 'ee4308_core' build argument 'cmake_args' from command line to 'None'
[0.354s] Level 5:colcon.colcon_core.verb:set package 'ee4308_core' build argument 'cmake_target' from command line to 'None'
[0.354s] Level 5:colcon.colcon_core.verb:set package 'ee4308_core' build argument 'cmake_target_skip_unavailable' from command line to 'False'
[0.354s] Level 5:colcon.colcon_core.verb:set package 'ee4308_core' build argument 'cmake_clean_cache' from command line to 'False'
[0.354s] Level 5:colcon.colcon_core.verb:set package 'ee4308_core' build argument 'cmake_clean_first' from command line to 'False'
[0.354s] Level 5:colcon.colcon_core.verb:set package 'ee4308_core' build argument 'cmake_force_configure' from command line to 'False'
[0.354s] Level 5:colcon.colcon_core.verb:set package 'ee4308_core' build argument 'ament_cmake_args' from command line to 'None'
[0.354s] Level 5:colcon.colcon_core.verb:set package 'ee4308_core' build argument 'catkin_cmake_args' from command line to 'None'
[0.354s] Level 5:colcon.colcon_core.verb:set package 'ee4308_core' build argument 'catkin_skip_building_tests' from command line to 'False'
[0.354s] DEBUG:colcon.colcon_core.verb:Building package 'ee4308_core' with the following arguments: {'ament_cmake_args': None, 'build_base': '/home/lennoxtr/EE4308/Lab_1/build/ee4308_core', 'catkin_cmake_args': None, 'catkin_skip_building_tests': False, 'cmake_args': None, 'cmake_clean_cache': False, 'cmake_clean_first': False, 'cmake_force_configure': False, 'cmake_target': None, 'cmake_target_skip_unavailable': False, 'install_base': '/home/lennoxtr/EE4308/Lab_1/install/ee4308_core', 'merge_install': False, 'path': '/home/lennoxtr/EE4308/Lab_1/src/ee4308_core', 'symlink_install': False, 'test_result_base': None}
[0.354s] Level 5:colcon.colcon_core.verb:set package 'turtlebot3_cartographer' build argument 'cmake_args' from command line to 'None'
[0.354s] Level 5:colcon.colcon_core.verb:set package 'turtlebot3_cartographer' build argument 'cmake_target' from command line to 'None'
[0.354s] Level 5:colcon.colcon_core.verb:set package 'turtlebot3_cartographer' build argument 'cmake_target_skip_unavailable' from command line to 'False'
[0.354s] Level 5:colcon.colcon_core.verb:set package 'turtlebot3_cartographer' build argument 'cmake_clean_cache' from command line to 'False'
[0.354s] Level 5:colcon.colcon_core.verb:set package 'turtlebot3_cartographer' build argument 'cmake_clean_first' from command line to 'False'
[0.354s] Level 5:colcon.colcon_core.verb:set package 'turtlebot3_cartographer' build argument 'cmake_force_configure' from command line to 'False'
[0.354s] Level 5:colcon.colcon_core.verb:set package 'turtlebot3_cartographer' build argument 'ament_cmake_args' from command line to 'None'
[0.354s] Level 5:colcon.colcon_core.verb:set package 'turtlebot3_cartographer' build argument 'catkin_cmake_args' from command line to 'None'
[0.354s] Level 5:colcon.colcon_core.verb:set package 'turtlebot3_cartographer' build argument 'catkin_skip_building_tests' from command line to 'False'
[0.354s] DEBUG:colcon.colcon_core.verb:Building package 'turtlebot3_cartographer' with the following arguments: {'ament_cmake_args': None, 'build_base': '/home/lennoxtr/EE4308/Lab_1/build/turtlebot3_cartographer', 'catkin_cmake_args': None, 'catkin_skip_building_tests': False, 'cmake_args': None, 'cmake_clean_cache': False, 'cmake_clean_first': False, 'cmake_force_configure': False, 'cmake_target': None, 'cmake_target_skip_unavailable': False, 'install_base': '/home/lennoxtr/EE4308/Lab_1/install/turtlebot3_cartographer', 'merge_install': False, 'path': '/home/lennoxtr/EE4308/Lab_1/src/turtlebot3_cartographer', 'symlink_install': False, 'test_result_base': None}
[0.355s] Level 5:colcon.colcon_core.verb:set package 'turtlebot3_gazebo' build argument 'cmake_args' from command line to 'None'
[0.355s] Level 5:colcon.colcon_core.verb:set package 'turtlebot3_gazebo' build argument 'cmake_target' from command line to 'None'
[0.355s] Level 5:colcon.colcon_core.verb:set package 'turtlebot3_gazebo' build argument 'cmake_target_skip_unavailable' from command line to 'False'
[0.355s] Level 5:colcon.colcon_core.verb:set package 'turtlebot3_gazebo' build argument 'cmake_clean_cache' from command line to 'False'
[0.355s] Level 5:colcon.colcon_core.verb:set package 'turtlebot3_gazebo' build argument 'cmake_clean_first' from command line to 'False'
[0.355s] Level 5:colcon.colcon_core.verb:set package 'turtlebot3_gazebo' build argument 'cmake_force_configure' from command line to 'False'
[0.355s] Level 5:colcon.colcon_core.verb:set package 'turtlebot3_gazebo' build argument 'ament_cmake_args' from command line to 'None'
[0.355s] Level 5:colcon.colcon_core.verb:set package 'turtlebot3_gazebo' build argument 'catkin_cmake_args' from command line to 'None'
[0.355s] Level 5:colcon.colcon_core.verb:set package 'turtlebot3_gazebo' build argument 'catkin_skip_building_tests' from command line to 'False'
[0.355s] DEBUG:colcon.colcon_core.verb:Building package 'turtlebot3_gazebo' with the following arguments: {'ament_cmake_args': None, 'build_base': '/home/lennoxtr/EE4308/Lab_1/build/turtlebot3_gazebo', 'catkin_cmake_args': None, 'catkin_skip_building_tests': False, 'cmake_args': None, 'cmake_clean_cache': False, 'cmake_clean_first': False, 'cmake_force_configure': False, 'cmake_target': None, 'cmake_target_skip_unavailable': False, 'install_base': '/home/lennoxtr/EE4308/Lab_1/install/turtlebot3_gazebo', 'merge_install': False, 'path': '/home/lennoxtr/EE4308/Lab_1/src/turtlebot3_gazebo', 'symlink_install': False, 'test_result_base': None}
[0.355s] Level 5:colcon.colcon_core.verb:set package 'ee4308_turtle' build argument 'cmake_args' from command line to 'None'
[0.355s] Level 5:colcon.colcon_core.verb:set package 'ee4308_turtle' build argument 'cmake_target' from command line to 'None'
[0.355s] Level 5:colcon.colcon_core.verb:set package 'ee4308_turtle' build argument 'cmake_target_skip_unavailable' from command line to 'False'
[0.355s] Level 5:colcon.colcon_core.verb:set package 'ee4308_turtle' build argument 'cmake_clean_cache' from command line to 'False'
[0.355s] Level 5:colcon.colcon_core.verb:set package 'ee4308_turtle' build argument 'cmake_clean_first' from command line to 'False'
[0.355s] Level 5:colcon.colcon_core.verb:set package 'ee4308_turtle' build argument 'cmake_force_configure' from command line to 'False'
[0.355s] Level 5:colcon.colcon_core.verb:set package 'ee4308_turtle' build argument 'ament_cmake_args' from command line to 'None'
[0.355s] Level 5:colcon.colcon_core.verb:set package 'ee4308_turtle' build argument 'catkin_cmake_args' from command line to 'None'
[0.356s] Level 5:colcon.colcon_core.verb:set package 'ee4308_turtle' build argument 'catkin_skip_building_tests' from command line to 'False'
[0.356s] DEBUG:colcon.colcon_core.verb:Building package 'ee4308_turtle' with the following arguments: {'ament_cmake_args': None, 'build_base': '/home/lennoxtr/EE4308/Lab_1/build/ee4308_turtle', 'catkin_cmake_args': None, 'catkin_skip_building_tests': False, 'cmake_args': None, 'cmake_clean_cache': False, 'cmake_clean_first': False, 'cmake_force_configure': False, 'cmake_target': None, 'cmake_target_skip_unavailable': False, 'install_base': '/home/lennoxtr/EE4308/Lab_1/install/ee4308_turtle', 'merge_install': False, 'path': '/home/lennoxtr/EE4308/Lab_1/src/ee4308_turtle', 'symlink_install': False, 'test_result_base': None}
[0.356s] Level 5:colcon.colcon_core.verb:set package 'turtlebot3_simulations' build argument 'cmake_args' from command line to 'None'
[0.356s] Level 5:colcon.colcon_core.verb:set package 'turtlebot3_simulations' build argument 'cmake_target' from command line to 'None'
[0.356s] Level 5:colcon.colcon_core.verb:set package 'turtlebot3_simulations' build argument 'cmake_target_skip_unavailable' from command line to 'False'
[0.356s] Level 5:colcon.colcon_core.verb:set package 'turtlebot3_simulations' build argument 'cmake_clean_cache' from command line to 'False'
[0.356s] Level 5:colcon.colcon_core.verb:set package 'turtlebot3_simulations' build argument 'cmake_clean_first' from command line to 'False'
[0.356s] Level 5:colcon.colcon_core.verb:set package 'turtlebot3_simulations' build argument 'cmake_force_configure' from command line to 'False'
[0.356s] Level 5:colcon.colcon_core.verb:set package 'turtlebot3_simulations' build argument 'ament_cmake_args' from command line to 'None'
[0.356s] Level 5:colcon.colcon_core.verb:set package 'turtlebot3_simulations' build argument 'catkin_cmake_args' from command line to 'None'
[0.356s] Level 5:colcon.colcon_core.verb:set package 'turtlebot3_simulations' build argument 'catkin_skip_building_tests' from command line to 'False'
[0.356s] DEBUG:colcon.colcon_core.verb:Building package 'turtlebot3_simulations' with the following arguments: {'ament_cmake_args': None, 'build_base': '/home/lennoxtr/EE4308/Lab_1/build/turtlebot3_simulations', 'catkin_cmake_args': None, 'catkin_skip_building_tests': False, 'cmake_args': None, 'cmake_clean_cache': False, 'cmake_clean_first': False, 'cmake_force_configure': False, 'cmake_target': None, 'cmake_target_skip_unavailable': False, 'install_base': '/home/lennoxtr/EE4308/Lab_1/install/turtlebot3_simulations', 'merge_install': False, 'path': '/home/lennoxtr/EE4308/Lab_1/src/turtlebot3_simulations', 'symlink_install': False, 'test_result_base': None}
[0.356s] INFO:colcon.colcon_core.executor:Executing jobs using 'parallel' executor
[0.357s] DEBUG:colcon.colcon_parallel_executor.executor.parallel:run_until_complete
[0.357s] INFO:colcon.colcon_ros.task.ament_cmake.build:Building ROS package in '/home/lennoxtr/EE4308/Lab_1/src/ee4308_core' with build type 'ament_cmake'
[0.357s] INFO:colcon.colcon_cmake.task.cmake.build:Building CMake package in '/home/lennoxtr/EE4308/Lab_1/src/ee4308_core'
[0.359s] INFO:colcon.colcon_core.plugin_system:Skipping extension 'colcon_core.shell.bat': Not used on non-Windows systems
[0.359s] INFO:colcon.colcon_core.shell:Skip shell extension 'powershell' for command environment: Not usable outside of PowerShell
[0.359s] DEBUG:colcon.colcon_core.shell:Skip shell extension 'dsv' for command environment
[0.362s] INFO:colcon.colcon_ros.task.ament_cmake.build:Building ROS package in '/home/lennoxtr/EE4308/Lab_1/src/turtlebot3_gazebo' with build type 'ament_cmake'
[0.362s] INFO:colcon.colcon_cmake.task.cmake.build:Building CMake package in '/home/lennoxtr/EE4308/Lab_1/src/turtlebot3_gazebo'
[0.363s] INFO:colcon.colcon_core.shell:Skip shell extension 'powershell' for command environment: Not usable outside of PowerShell
[0.363s] DEBUG:colcon.colcon_core.shell:Skip shell extension 'dsv' for command environment
[0.366s] INFO:colcon.colcon_ros.task.ament_cmake.build:Building ROS package in '/home/lennoxtr/EE4308/Lab_1/src/ee4308_bringup' with build type 'ament_cmake'
[0.366s] INFO:colcon.colcon_cmake.task.cmake.build:Building CMake package in '/home/lennoxtr/EE4308/Lab_1/src/ee4308_bringup'
[0.366s] INFO:colcon.colcon_core.shell:Skip shell extension 'powershell' for command environment: Not usable outside of PowerShell
[0.366s] DEBUG:colcon.colcon_core.shell:Skip shell extension 'dsv' for command environment
[0.369s] INFO:colcon.colcon_ros.task.ament_cmake.build:Building ROS package in '/home/lennoxtr/EE4308/Lab_1/src/turtlebot3_cartographer' with build type 'ament_cmake'
[0.369s] INFO:colcon.colcon_cmake.task.cmake.build:Building CMake package in '/home/lennoxtr/EE4308/Lab_1/src/turtlebot3_cartographer'
[0.369s] INFO:colcon.colcon_core.shell:Skip shell extension 'powershell' for command environment: Not usable outside of PowerShell
[0.369s] DEBUG:colcon.colcon_core.shell:Skip shell extension 'dsv' for command environment
[0.382s] DEBUG:colcon.colcon_core.event_handler.log_command:Invoking command in '/home/lennoxtr/EE4308/Lab_1/build/ee4308_core': CMAKE_PREFIX_PATH=/opt/ros/humble /usr/bin/cmake --build /home/lennoxtr/EE4308/Lab_1/build/ee4308_core -- -j6 -l6
[0.388s] DEBUG:colcon.colcon_core.event_handler.log_command:Invoking command in '/home/lennoxtr/EE4308/Lab_1/build/turtlebot3_gazebo': CMAKE_PREFIX_PATH=/opt/ros/humble /usr/bin/cmake --build /home/lennoxtr/EE4308/Lab_1/build/turtlebot3_gazebo -- -j6 -l6
[0.389s] DEBUG:colcon.colcon_core.event_handler.log_command:Invoking command in '/home/lennoxtr/EE4308/Lab_1/build/ee4308_bringup': CMAKE_PREFIX_PATH=/opt/ros/humble /usr/bin/cmake --build /home/lennoxtr/EE4308/Lab_1/build/ee4308_bringup -- -j6 -l6
[0.393s] DEBUG:colcon.colcon_core.event_handler.log_command:Invoking command in '/home/lennoxtr/EE4308/Lab_1/build/turtlebot3_cartographer': CMAKE_PREFIX_PATH=/opt/ros/humble /usr/bin/cmake --build /home/lennoxtr/EE4308/Lab_1/build/turtlebot3_cartographer -- -j6 -l6
[0.434s] DEBUG:colcon.colcon_core.event_handler.log_command:Invoked command in '/home/lennoxtr/EE4308/Lab_1/build/ee4308_bringup' returned '0': CMAKE_PREFIX_PATH=/opt/ros/humble /usr/bin/cmake --build /home/lennoxtr/EE4308/Lab_1/build/ee4308_bringup -- -j6 -l6
[0.440s] DEBUG:colcon.colcon_core.event_handler.log_command:Invoking command in '/home/lennoxtr/EE4308/Lab_1/build/ee4308_bringup': CMAKE_PREFIX_PATH=/opt/ros/humble /usr/bin/cmake --install /home/lennoxtr/EE4308/Lab_1/build/ee4308_bringup
[0.446s] DEBUG:colcon.colcon_core.event_handler.log_command:Invoked command in '/home/lennoxtr/EE4308/Lab_1/build/turtlebot3_cartographer' returned '0': CMAKE_PREFIX_PATH=/opt/ros/humble /usr/bin/cmake --build /home/lennoxtr/EE4308/Lab_1/build/turtlebot3_cartographer -- -j6 -l6
[0.448s] DEBUG:colcon.colcon_core.event_handler.log_command:Invoking command in '/home/lennoxtr/EE4308/Lab_1/build/turtlebot3_cartographer': CMAKE_PREFIX_PATH=/opt/ros/humble /usr/bin/cmake --install /home/lennoxtr/EE4308/Lab_1/build/turtlebot3_cartographer
[0.450s] DEBUG:colcon.colcon_core.event_handler.log_command:Invoked command in '/home/lennoxtr/EE4308/Lab_1/build/ee4308_core' returned '0': CMAKE_PREFIX_PATH=/opt/ros/humble /usr/bin/cmake --build /home/lennoxtr/EE4308/Lab_1/build/ee4308_core -- -j6 -l6
[0.465s] DEBUG:colcon.colcon_core.event_handler.log_command:Invoking command in '/home/lennoxtr/EE4308/Lab_1/build/ee4308_core': CMAKE_PREFIX_PATH=/opt/ros/humble /usr/bin/cmake --install /home/lennoxtr/EE4308/Lab_1/build/ee4308_core
[0.480s] Level 1:colcon.colcon_core.environment:create_environment_scripts_only(ee4308_bringup)
[0.482s] DEBUG:colcon.colcon_core.event_handler.log_command:Invoked command in '/home/lennoxtr/EE4308/Lab_1/build/ee4308_bringup' returned '0': CMAKE_PREFIX_PATH=/opt/ros/humble /usr/bin/cmake --install /home/lennoxtr/EE4308/Lab_1/build/ee4308_bringup
[0.485s] Level 1:colcon.colcon_core.environment:checking '/home/lennoxtr/EE4308/Lab_1/install/ee4308_bringup' for CMake module files
[0.486s] Level 1:colcon.colcon_core.environment:checking '/home/lennoxtr/EE4308/Lab_1/install/ee4308_bringup' for CMake config files
[0.486s] Level 1:colcon.colcon_core.shell:create_environment_hook('ee4308_bringup', 'cmake_prefix_path')
[0.487s] INFO:colcon.colcon_core.shell:Creating environment hook '/home/lennoxtr/EE4308/Lab_1/install/ee4308_bringup/share/ee4308_bringup/hook/cmake_prefix_path.ps1'
[0.487s] INFO:colcon.colcon_core.shell:Creating environment descriptor '/home/lennoxtr/EE4308/Lab_1/install/ee4308_bringup/share/ee4308_bringup/hook/cmake_prefix_path.dsv'
[0.488s] INFO:colcon.colcon_core.shell:Creating environment hook '/home/lennoxtr/EE4308/Lab_1/install/ee4308_bringup/share/ee4308_bringup/hook/cmake_prefix_path.sh'
[0.489s] Level 1:colcon.colcon_core.environment:checking '/home/lennoxtr/EE4308/Lab_1/install/ee4308_bringup/bin'
[0.489s] Level 1:colcon.colcon_core.environment:checking '/home/lennoxtr/EE4308/Lab_1/install/ee4308_bringup/lib/pkgconfig/ee4308_bringup.pc'
[0.489s] Level 1:colcon.colcon_core.environment:checking '/home/lennoxtr/EE4308/Lab_1/install/ee4308_bringup/lib/python3.10/site-packages'
[0.489s] Level 1:colcon.colcon_core.environment:checking '/home/lennoxtr/EE4308/Lab_1/install/ee4308_bringup/bin'
[0.490s] INFO:colcon.colcon_core.shell:Creating package script '/home/lennoxtr/EE4308/Lab_1/install/ee4308_bringup/share/ee4308_bringup/package.ps1'
[0.490s] INFO:colcon.colcon_core.shell:Creating package descriptor '/home/lennoxtr/EE4308/Lab_1/install/ee4308_bringup/share/ee4308_bringup/package.dsv'
[0.491s] INFO:colcon.colcon_core.shell:Creating package script '/home/lennoxtr/EE4308/Lab_1/install/ee4308_bringup/share/ee4308_bringup/package.sh'
[0.492s] INFO:colcon.colcon_core.shell:Creating package script '/home/lennoxtr/EE4308/Lab_1/install/ee4308_bringup/share/ee4308_bringup/package.bash'
[0.492s] INFO:colcon.colcon_core.shell:Creating package script '/home/lennoxtr/EE4308/Lab_1/install/ee4308_bringup/share/ee4308_bringup/package.zsh'
[0.493s] Level 1:colcon.colcon_core.environment:create_file_with_runtime_dependencies(/home/lennoxtr/EE4308/Lab_1/install/ee4308_bringup/share/colcon-core/packages/ee4308_bringup)
[0.494s] Level 1:colcon.colcon_core.environment:create_environment_scripts_only(ee4308_bringup)
[0.494s] Level 1:colcon.colcon_core.environment:checking '/home/lennoxtr/EE4308/Lab_1/install/ee4308_bringup' for CMake module files
[0.494s] Level 1:colcon.colcon_core.environment:checking '/home/lennoxtr/EE4308/Lab_1/install/ee4308_bringup' for CMake config files
[0.495s] Level 1:colcon.colcon_core.shell:create_environment_hook('ee4308_bringup', 'cmake_prefix_path')
[0.495s] INFO:colcon.colcon_core.shell:Creating environment hook '/home/lennoxtr/EE4308/Lab_1/install/ee4308_bringup/share/ee4308_bringup/hook/cmake_prefix_path.ps1'
[0.496s] INFO:colcon.colcon_core.shell:Creating environment descriptor '/home/lennoxtr/EE4308/Lab_1/install/ee4308_bringup/share/ee4308_bringup/hook/cmake_prefix_path.dsv'
[0.497s] INFO:colcon.colcon_core.shell:Creating environment hook '/home/lennoxtr/EE4308/Lab_1/install/ee4308_bringup/share/ee4308_bringup/hook/cmake_prefix_path.sh'
[0.498s] Level 1:colcon.colcon_core.environment:checking '/home/lennoxtr/EE4308/Lab_1/install/ee4308_bringup/bin'
[0.498s] Level 1:colcon.colcon_core.environment:checking '/home/lennoxtr/EE4308/Lab_1/install/ee4308_bringup/lib/pkgconfig/ee4308_bringup.pc'
[0.499s] Level 1:colcon.colcon_core.environment:checking '/home/lennoxtr/EE4308/Lab_1/install/ee4308_bringup/lib/python3.10/site-packages'
[0.499s] Level 1:colcon.colcon_core.environment:checking '/home/lennoxtr/EE4308/Lab_1/install/ee4308_bringup/bin'
[0.499s] INFO:colcon.colcon_core.shell:Creating package script '/home/lennoxtr/EE4308/Lab_1/install/ee4308_bringup/share/ee4308_bringup/package.ps1'
[0.500s] INFO:colcon.colcon_core.shell:Creating package descriptor '/home/lennoxtr/EE4308/Lab_1/install/ee4308_bringup/share/ee4308_bringup/package.dsv'
[0.500s] INFO:colcon.colcon_core.shell:Creating package script '/home/lennoxtr/EE4308/Lab_1/install/ee4308_bringup/share/ee4308_bringup/package.sh'
[0.501s] INFO:colcon.colcon_core.shell:Creating package script '/home/lennoxtr/EE4308/Lab_1/install/ee4308_bringup/share/ee4308_bringup/package.bash'
[0.501s] INFO:colcon.colcon_core.shell:Creating package script '/home/lennoxtr/EE4308/Lab_1/install/ee4308_bringup/share/ee4308_bringup/package.zsh'
[0.502s] Level 1:colcon.colcon_core.environment:create_file_with_runtime_dependencies(/home/lennoxtr/EE4308/Lab_1/install/ee4308_bringup/share/colcon-core/packages/ee4308_bringup)
[0.502s] Level 1:colcon.colcon_core.environment:create_environment_scripts_only(turtlebot3_cartographer)
[0.503s] Level 1:colcon.colcon_core.environment:checking '/home/lennoxtr/EE4308/Lab_1/install/turtlebot3_cartographer' for CMake module files
[0.504s] DEBUG:colcon.colcon_core.event_handler.log_command:Invoked command in '/home/lennoxtr/EE4308/Lab_1/build/turtlebot3_cartographer' returned '0': CMAKE_PREFIX_PATH=/opt/ros/humble /usr/bin/cmake --install /home/lennoxtr/EE4308/Lab_1/build/turtlebot3_cartographer
[0.504s] Level 1:colcon.colcon_core.environment:checking '/home/lennoxtr/EE4308/Lab_1/install/turtlebot3_cartographer' for CMake config files
[0.504s] Level 1:colcon.colcon_core.shell:create_environment_hook('turtlebot3_cartographer', 'cmake_prefix_path')
[0.505s] INFO:colcon.colcon_core.shell:Creating environment hook '/home/lennoxtr/EE4308/Lab_1/install/turtlebot3_cartographer/share/turtlebot3_cartographer/hook/cmake_prefix_path.ps1'
[0.505s] INFO:colcon.colcon_core.shell:Creating environment descriptor '/home/lennoxtr/EE4308/Lab_1/install/turtlebot3_cartographer/share/turtlebot3_cartographer/hook/cmake_prefix_path.dsv'
[0.505s] INFO:colcon.colcon_core.shell:Creating environment hook '/home/lennoxtr/EE4308/Lab_1/install/turtlebot3_cartographer/share/turtlebot3_cartographer/hook/cmake_prefix_path.sh'
[0.510s] Level 1:colcon.colcon_core.environment:checking '/home/lennoxtr/EE4308/Lab_1/install/turtlebot3_cartographer/bin'
[0.510s] Level 1:colcon.colcon_core.environment:checking '/home/lennoxtr/EE4308/Lab_1/install/turtlebot3_cartographer/lib/pkgconfig/turtlebot3_cartographer.pc'
[0.510s] Level 1:colcon.colcon_core.environment:checking '/home/lennoxtr/EE4308/Lab_1/install/turtlebot3_cartographer/lib/python3.10/site-packages'
[0.510s] Level 1:colcon.colcon_core.environment:checking '/home/lennoxtr/EE4308/Lab_1/install/turtlebot3_cartographer/bin'
[0.510s] INFO:colcon.colcon_core.shell:Creating package script '/home/lennoxtr/EE4308/Lab_1/install/turtlebot3_cartographer/share/turtlebot3_cartographer/package.ps1'
[0.511s] INFO:colcon.colcon_core.shell:Creating package descriptor '/home/lennoxtr/EE4308/Lab_1/install/turtlebot3_cartographer/share/turtlebot3_cartographer/package.dsv'
[0.511s] INFO:colcon.colcon_core.shell:Creating package script '/home/lennoxtr/EE4308/Lab_1/install/turtlebot3_cartographer/share/turtlebot3_cartographer/package.sh'
[0.511s] INFO:colcon.colcon_core.shell:Creating package script '/home/lennoxtr/EE4308/Lab_1/install/turtlebot3_cartographer/share/turtlebot3_cartographer/package.bash'
[0.512s] INFO:colcon.colcon_core.shell:Creating package script '/home/lennoxtr/EE4308/Lab_1/install/turtlebot3_cartographer/share/turtlebot3_cartographer/package.zsh'
[0.512s] Level 1:colcon.colcon_core.environment:create_file_with_runtime_dependencies(/home/lennoxtr/EE4308/Lab_1/install/turtlebot3_cartographer/share/colcon-core/packages/turtlebot3_cartographer)
[0.513s] Level 1:colcon.colcon_core.environment:create_environment_scripts_only(turtlebot3_cartographer)
[0.514s] Level 1:colcon.colcon_core.environment:checking '/home/lennoxtr/EE4308/Lab_1/install/turtlebot3_cartographer' for CMake module files
[0.514s] Level 1:colcon.colcon_core.environment:checking '/home/lennoxtr/EE4308/Lab_1/install/turtlebot3_cartographer' for CMake config files
[0.514s] Level 1:colcon.colcon_core.shell:create_environment_hook('turtlebot3_cartographer', 'cmake_prefix_path')
[0.515s] INFO:colcon.colcon_core.shell:Creating environment hook '/home/lennoxtr/EE4308/Lab_1/install/turtlebot3_cartographer/share/turtlebot3_cartographer/hook/cmake_prefix_path.ps1'
[0.515s] INFO:colcon.colcon_core.shell:Creating environment descriptor '/home/lennoxtr/EE4308/Lab_1/install/turtlebot3_cartographer/share/turtlebot3_cartographer/hook/cmake_prefix_path.dsv'
[0.516s] INFO:colcon.colcon_core.shell:Creating environment hook '/home/lennoxtr/EE4308/Lab_1/install/turtlebot3_cartographer/share/turtlebot3_cartographer/hook/cmake_prefix_path.sh'
[0.516s] Level 1:colcon.colcon_core.environment:checking '/home/lennoxtr/EE4308/Lab_1/install/turtlebot3_cartographer/bin'
[0.516s] Level 1:colcon.colcon_core.environment:checking '/home/lennoxtr/EE4308/Lab_1/install/turtlebot3_cartographer/lib/pkgconfig/turtlebot3_cartographer.pc'
[0.517s] Level 1:colcon.colcon_core.environment:checking '/home/lennoxtr/EE4308/Lab_1/install/turtlebot3_cartographer/lib/python3.10/site-packages'
[0.517s] Level 1:colcon.colcon_core.environment:checking '/home/lennoxtr/EE4308/Lab_1/install/turtlebot3_cartographer/bin'
[0.517s] INFO:colcon.colcon_core.shell:Creating package script '/home/lennoxtr/EE4308/Lab_1/install/turtlebot3_cartographer/share/turtlebot3_cartographer/package.ps1'
[0.518s] INFO:colcon.colcon_core.shell:Creating package descriptor '/home/lennoxtr/EE4308/Lab_1/install/turtlebot3_cartographer/share/turtlebot3_cartographer/package.dsv'
[0.518s] INFO:colcon.colcon_core.shell:Creating package script '/home/lennoxtr/EE4308/Lab_1/install/turtlebot3_cartographer/share/turtlebot3_cartographer/package.sh'
[0.519s] INFO:colcon.colcon_core.shell:Creating package script '/home/lennoxtr/EE4308/Lab_1/install/turtlebot3_cartographer/share/turtlebot3_cartographer/package.bash'
[0.519s] INFO:colcon.colcon_core.shell:Creating package script '/home/lennoxtr/EE4308/Lab_1/install/turtlebot3_cartographer/share/turtlebot3_cartographer/package.zsh'
[0.520s] Level 1:colcon.colcon_core.environment:create_file_with_runtime_dependencies(/home/lennoxtr/EE4308/Lab_1/install/turtlebot3_cartographer/share/colcon-core/packages/turtlebot3_cartographer)
[0.521s] Level 1:colcon.colcon_core.environment:create_environment_scripts_only(ee4308_core)
[0.521s] Level 1:colcon.colcon_core.environment:checking '/home/lennoxtr/EE4308/Lab_1/install/ee4308_core' for CMake module files
[0.522s] DEBUG:colcon.colcon_core.event_handler.log_command:Invoked command in '/home/lennoxtr/EE4308/Lab_1/build/ee4308_core' returned '0': CMAKE_PREFIX_PATH=/opt/ros/humble /usr/bin/cmake --install /home/lennoxtr/EE4308/Lab_1/build/ee4308_core
[0.522s] Level 1:colcon.colcon_core.environment:checking '/home/lennoxtr/EE4308/Lab_1/install/ee4308_core' for CMake config files
[0.522s] Level 1:colcon.colcon_core.shell:create_environment_hook('ee4308_core', 'cmake_prefix_path')
[0.522s] INFO:colcon.colcon_core.shell:Creating environment hook '/home/lennoxtr/EE4308/Lab_1/install/ee4308_core/share/ee4308_core/hook/cmake_prefix_path.ps1'
[0.523s] INFO:colcon.colcon_core.shell:Creating environment descriptor '/home/lennoxtr/EE4308/Lab_1/install/ee4308_core/share/ee4308_core/hook/cmake_prefix_path.dsv'
[0.523s] INFO:colcon.colcon_core.shell:Creating environment hook '/home/lennoxtr/EE4308/Lab_1/install/ee4308_core/share/ee4308_core/hook/cmake_prefix_path.sh'
[0.524s] Level 1:colcon.colcon_core.environment:checking '/home/lennoxtr/EE4308/Lab_1/install/ee4308_core/bin'
[0.524s] Level 1:colcon.colcon_core.environment:checking '/home/lennoxtr/EE4308/Lab_1/install/ee4308_core/lib/pkgconfig/ee4308_core.pc'
[0.524s] Level 1:colcon.colcon_core.environment:checking '/home/lennoxtr/EE4308/Lab_1/install/ee4308_core/lib/python3.10/site-packages'
[0.524s] Level 1:colcon.colcon_core.environment:checking '/home/lennoxtr/EE4308/Lab_1/install/ee4308_core/bin'
[0.525s] INFO:colcon.colcon_core.shell:Creating package script '/home/lennoxtr/EE4308/Lab_1/install/ee4308_core/share/ee4308_core/package.ps1'
[0.525s] INFO:colcon.colcon_core.shell:Creating package descriptor '/home/lennoxtr/EE4308/Lab_1/install/ee4308_core/share/ee4308_core/package.dsv'
[0.526s] INFO:colcon.colcon_core.shell:Creating package script '/home/lennoxtr/EE4308/Lab_1/install/ee4308_core/share/ee4308_core/package.sh'
[0.526s] INFO:colcon.colcon_core.shell:Creating package script '/home/lennoxtr/EE4308/Lab_1/install/ee4308_core/share/ee4308_core/package.bash'
[0.526s] INFO:colcon.colcon_core.shell:Creating package script '/home/lennoxtr/EE4308/Lab_1/install/ee4308_core/share/ee4308_core/package.zsh'
[0.527s] Level 1:colcon.colcon_core.environment:create_file_with_runtime_dependencies(/home/lennoxtr/EE4308/Lab_1/install/ee4308_core/share/colcon-core/packages/ee4308_core)
[0.527s] Level 1:colcon.colcon_core.environment:create_environment_scripts_only(ee4308_core)
[0.527s] Level 1:colcon.colcon_core.environment:checking '/home/lennoxtr/EE4308/Lab_1/install/ee4308_core' for CMake module files
[0.528s] Level 1:colcon.colcon_core.environment:checking '/home/lennoxtr/EE4308/Lab_1/install/ee4308_core' for CMake config files
[0.528s] Level 1:colcon.colcon_core.shell:create_environment_hook('ee4308_core', 'cmake_prefix_path')
[0.528s] INFO:colcon.colcon_core.shell:Creating environment hook '/home/lennoxtr/EE4308/Lab_1/install/ee4308_core/share/ee4308_core/hook/cmake_prefix_path.ps1'
[0.529s] INFO:colcon.colcon_core.shell:Creating environment descriptor '/home/lennoxtr/EE4308/Lab_1/install/ee4308_core/share/ee4308_core/hook/cmake_prefix_path.dsv'
[0.529s] INFO:colcon.colcon_core.shell:Creating environment hook '/home/lennoxtr/EE4308/Lab_1/install/ee4308_core/share/ee4308_core/hook/cmake_prefix_path.sh'
[0.530s] Level 1:colcon.colcon_core.environment:checking '/home/lennoxtr/EE4308/Lab_1/install/ee4308_core/bin'
[0.530s] Level 1:colcon.colcon_core.environment:checking '/home/lennoxtr/EE4308/Lab_1/install/ee4308_core/lib/pkgconfig/ee4308_core.pc'
[0.530s] Level 1:colcon.colcon_core.environment:checking '/home/lennoxtr/EE4308/Lab_1/install/ee4308_core/lib/python3.10/site-packages'
[0.530s] Level 1:colcon.colcon_core.environment:checking '/home/lennoxtr/EE4308/Lab_1/install/ee4308_core/bin'
[0.531s] INFO:colcon.colcon_core.shell:Creating package script '/home/lennoxtr/EE4308/Lab_1/install/ee4308_core/share/ee4308_core/package.ps1'
[0.531s] INFO:colcon.colcon_core.shell:Creating package descriptor '/home/lennoxtr/EE4308/Lab_1/install/ee4308_core/share/ee4308_core/package.dsv'
[0.532s] INFO:colcon.colcon_core.shell:Creating package script '/home/lennoxtr/EE4308/Lab_1/install/ee4308_core/share/ee4308_core/package.sh'
[0.532s] INFO:colcon.colcon_core.shell:Creating package script '/home/lennoxtr/EE4308/Lab_1/install/ee4308_core/share/ee4308_core/package.bash'
[0.533s] INFO:colcon.colcon_core.shell:Creating package script '/home/lennoxtr/EE4308/Lab_1/install/ee4308_core/share/ee4308_core/package.zsh'
[0.533s] Level 1:colcon.colcon_core.environment:create_file_with_runtime_dependencies(/home/lennoxtr/EE4308/Lab_1/install/ee4308_core/share/colcon-core/packages/ee4308_core)
[0.535s] INFO:colcon.colcon_ros.task.ament_cmake.build:Building ROS package in '/home/lennoxtr/EE4308/Lab_1/src/ee4308_turtle' with build type 'ament_cmake'
[0.535s] INFO:colcon.colcon_cmake.task.cmake.build:Building CMake package in '/home/lennoxtr/EE4308/Lab_1/src/ee4308_turtle'
[0.536s] INFO:colcon.colcon_core.shell:Skip shell extension 'powershell' for command environment: Not usable outside of PowerShell
[0.536s] DEBUG:colcon.colcon_core.shell:Skip shell extension 'dsv' for command environment
[0.539s] DEBUG:colcon.colcon_core.event_handler.log_command:Invoked command in '/home/lennoxtr/EE4308/Lab_1/build/turtlebot3_gazebo' returned '0': CMAKE_PREFIX_PATH=/opt/ros/humble /usr/bin/cmake --build /home/lennoxtr/EE4308/Lab_1/build/turtlebot3_gazebo -- -j6 -l6
[0.540s] DEBUG:colcon.colcon_core.event_handler.log_command:Invoking command in '/home/lennoxtr/EE4308/Lab_1/build/turtlebot3_gazebo': CMAKE_PREFIX_PATH=/opt/ros/humble /usr/bin/cmake --install /home/lennoxtr/EE4308/Lab_1/build/turtlebot3_gazebo
[0.565s] DEBUG:colcon.colcon_core.event_handler.log_command:Invoking command in '/home/lennoxtr/EE4308/Lab_1/build/ee4308_turtle': AMENT_PREFIX_PATH=/home/lennoxtr/EE4308/Lab_1/install/ee4308_core:${AMENT_PREFIX_PATH} CMAKE_PREFIX_PATH=/home/lennoxtr/EE4308/Lab_1/install/ee4308_core:/opt/ros/humble /usr/bin/cmake --build /home/lennoxtr/EE4308/Lab_1/build/ee4308_turtle -- -j6 -l6
[0.578s] Level 1:colcon.colcon_core.environment:create_environment_scripts_only(turtlebot3_gazebo)
[0.579s] Level 1:colcon.colcon_core.environment:checking '/home/lennoxtr/EE4308/Lab_1/install/turtlebot3_gazebo' for CMake module files
[0.579s] Level 1:colcon.colcon_core.environment:checking '/home/lennoxtr/EE4308/Lab_1/install/turtlebot3_gazebo' for CMake config files
[0.596s] Level 1:colcon.colcon_core.shell:create_environment_hook('turtlebot3_gazebo', 'cmake_prefix_path')
[0.597s] DEBUG:colcon.colcon_core.event_handler.log_command:Invoked command in '/home/lennoxtr/EE4308/Lab_1/build/turtlebot3_gazebo' returned '0': CMAKE_PREFIX_PATH=/opt/ros/humble /usr/bin/cmake --install /home/lennoxtr/EE4308/Lab_1/build/turtlebot3_gazebo
[0.597s] INFO:colcon.colcon_core.shell:Creating environment hook '/home/lennoxtr/EE4308/Lab_1/install/turtlebot3_gazebo/share/turtlebot3_gazebo/hook/cmake_prefix_path.ps1'
[0.598s] INFO:colcon.colcon_core.shell:Creating environment descriptor '/home/lennoxtr/EE4308/Lab_1/install/turtlebot3_gazebo/share/turtlebot3_gazebo/hook/cmake_prefix_path.dsv'
[0.599s] INFO:colcon.colcon_core.shell:Creating environment hook '/home/lennoxtr/EE4308/Lab_1/install/turtlebot3_gazebo/share/turtlebot3_gazebo/hook/cmake_prefix_path.sh'
[0.600s] Level 1:colcon.colcon_core.environment:checking '/home/lennoxtr/EE4308/Lab_1/install/turtlebot3_gazebo/lib'
[0.600s] Level 1:colcon.colcon_core.environment:checking '/home/lennoxtr/EE4308/Lab_1/install/turtlebot3_gazebo/bin'
[0.600s] Level 1:colcon.colcon_core.environment:checking '/home/lennoxtr/EE4308/Lab_1/install/turtlebot3_gazebo/lib/pkgconfig/turtlebot3_gazebo.pc'
[0.600s] Level 1:colcon.colcon_core.environment:checking '/home/lennoxtr/EE4308/Lab_1/install/turtlebot3_gazebo/lib/python3.10/site-packages'
[0.601s] Level 1:colcon.colcon_core.environment:checking '/home/lennoxtr/EE4308/Lab_1/install/turtlebot3_gazebo/bin'
[0.601s] INFO:colcon.colcon_core.shell:Creating package script '/home/lennoxtr/EE4308/Lab_1/install/turtlebot3_gazebo/share/turtlebot3_gazebo/package.ps1'
[0.601s] INFO:colcon.colcon_core.shell:Creating package descriptor '/home/lennoxtr/EE4308/Lab_1/install/turtlebot3_gazebo/share/turtlebot3_gazebo/package.dsv'
[0.602s] INFO:colcon.colcon_core.shell:Creating package script '/home/lennoxtr/EE4308/Lab_1/install/turtlebot3_gazebo/share/turtlebot3_gazebo/package.sh'
[0.602s] INFO:colcon.colcon_core.shell:Creating package script '/home/lennoxtr/EE4308/Lab_1/install/turtlebot3_gazebo/share/turtlebot3_gazebo/package.bash'
[0.603s] INFO:colcon.colcon_core.shell:Creating package script '/home/lennoxtr/EE4308/Lab_1/install/turtlebot3_gazebo/share/turtlebot3_gazebo/package.zsh'
[0.603s] Level 1:colcon.colcon_core.environment:create_file_with_runtime_dependencies(/home/lennoxtr/EE4308/Lab_1/install/turtlebot3_gazebo/share/colcon-core/packages/turtlebot3_gazebo)
[0.604s] Level 1:colcon.colcon_core.environment:create_environment_scripts_only(turtlebot3_gazebo)
[0.604s] Level 1:colcon.colcon_core.environment:checking '/home/lennoxtr/EE4308/Lab_1/install/turtlebot3_gazebo' for CMake module files
[0.604s] Level 1:colcon.colcon_core.environment:checking '/home/lennoxtr/EE4308/Lab_1/install/turtlebot3_gazebo' for CMake config files
[0.605s] Level 1:colcon.colcon_core.shell:create_environment_hook('turtlebot3_gazebo', 'cmake_prefix_path')
[0.605s] INFO:colcon.colcon_core.shell:Creating environment hook '/home/lennoxtr/EE4308/Lab_1/install/turtlebot3_gazebo/share/turtlebot3_gazebo/hook/cmake_prefix_path.ps1'
[0.606s] INFO:colcon.colcon_core.shell:Creating environment descriptor '/home/lennoxtr/EE4308/Lab_1/install/turtlebot3_gazebo/share/turtlebot3_gazebo/hook/cmake_prefix_path.dsv'
[0.606s] INFO:colcon.colcon_core.shell:Creating environment hook '/home/lennoxtr/EE4308/Lab_1/install/turtlebot3_gazebo/share/turtlebot3_gazebo/hook/cmake_prefix_path.sh'
[0.610s] Level 1:colcon.colcon_core.environment:checking '/home/lennoxtr/EE4308/Lab_1/install/turtlebot3_gazebo/lib'
[0.610s] Level 1:colcon.colcon_core.environment:checking '/home/lennoxtr/EE4308/Lab_1/install/turtlebot3_gazebo/bin'
[0.610s] Level 1:colcon.colcon_core.environment:checking '/home/lennoxtr/EE4308/Lab_1/install/turtlebot3_gazebo/lib/pkgconfig/turtlebot3_gazebo.pc'
[0.610s] Level 1:colcon.colcon_core.environment:checking '/home/lennoxtr/EE4308/Lab_1/install/turtlebot3_gazebo/lib/python3.10/site-packages'
[0.610s] Level 1:colcon.colcon_core.environment:checking '/home/lennoxtr/EE4308/Lab_1/install/turtlebot3_gazebo/bin'
[0.611s] INFO:colcon.colcon_core.shell:Creating package script '/home/lennoxtr/EE4308/Lab_1/install/turtlebot3_gazebo/share/turtlebot3_gazebo/package.ps1'
[0.612s] INFO:colcon.colcon_core.shell:Creating package descriptor '/home/lennoxtr/EE4308/Lab_1/install/turtlebot3_gazebo/share/turtlebot3_gazebo/package.dsv'
[0.613s] INFO:colcon.colcon_core.shell:Creating package script '/home/lennoxtr/EE4308/Lab_1/install/turtlebot3_gazebo/share/turtlebot3_gazebo/package.sh'
[0.614s] INFO:colcon.colcon_core.shell:Creating package script '/home/lennoxtr/EE4308/Lab_1/install/turtlebot3_gazebo/share/turtlebot3_gazebo/package.bash'
[0.614s] INFO:colcon.colcon_core.shell:Creating package script '/home/lennoxtr/EE4308/Lab_1/install/turtlebot3_gazebo/share/turtlebot3_gazebo/package.zsh'
[0.615s] Level 1:colcon.colcon_core.environment:create_file_with_runtime_dependencies(/home/lennoxtr/EE4308/Lab_1/install/turtlebot3_gazebo/share/colcon-core/packages/turtlebot3_gazebo)
[0.615s] INFO:colcon.colcon_ros.task.ament_cmake.build:Building ROS package in '/home/lennoxtr/EE4308/Lab_1/src/turtlebot3_simulations' with build type 'ament_cmake'
[0.615s] INFO:colcon.colcon_cmake.task.cmake.build:Building CMake package in '/home/lennoxtr/EE4308/Lab_1/src/turtlebot3_simulations'
[0.616s] INFO:colcon.colcon_core.shell:Skip shell extension 'powershell' for command environment: Not usable outside of PowerShell
[0.616s] DEBUG:colcon.colcon_core.shell:Skip shell extension 'dsv' for command environment
[0.630s] DEBUG:colcon.colcon_core.event_handler.log_command:Invoking command in '/home/lennoxtr/EE4308/Lab_1/build/turtlebot3_simulations': AMENT_PREFIX_PATH=/home/lennoxtr/EE4308/Lab_1/install/turtlebot3_gazebo:${AMENT_PREFIX_PATH} CMAKE_PREFIX_PATH=/home/lennoxtr/EE4308/Lab_1/install/turtlebot3_gazebo:/opt/ros/humble /usr/bin/cmake --build /home/lennoxtr/EE4308/Lab_1/build/turtlebot3_simulations -- -j6 -l6
[0.650s] DEBUG:colcon.colcon_core.event_handler.log_command:Invoked command in '/home/lennoxtr/EE4308/Lab_1/build/ee4308_turtle' returned '0': AMENT_PREFIX_PATH=/home/lennoxtr/EE4308/Lab_1/install/ee4308_core:${AMENT_PREFIX_PATH} CMAKE_PREFIX_PATH=/home/lennoxtr/EE4308/Lab_1/install/ee4308_core:/opt/ros/humble /usr/bin/cmake --build /home/lennoxtr/EE4308/Lab_1/build/ee4308_turtle -- -j6 -l6
[0.653s] DEBUG:colcon.colcon_core.event_handler.log_command:Invoking command in '/home/lennoxtr/EE4308/Lab_1/build/ee4308_turtle': AMENT_PREFIX_PATH=/home/lennoxtr/EE4308/Lab_1/install/ee4308_core:${AMENT_PREFIX_PATH} CMAKE_PREFIX_PATH=/home/lennoxtr/EE4308/Lab_1/install/ee4308_core:/opt/ros/humble /usr/bin/cmake --install /home/lennoxtr/EE4308/Lab_1/build/ee4308_turtle
[0.677s] DEBUG:colcon.colcon_core.event_handler.log_command:Invoked command in '/home/lennoxtr/EE4308/Lab_1/build/turtlebot3_simulations' returned '0': AMENT_PREFIX_PATH=/home/lennoxtr/EE4308/Lab_1/install/turtlebot3_gazebo:${AMENT_PREFIX_PATH} CMAKE_PREFIX_PATH=/home/lennoxtr/EE4308/Lab_1/install/turtlebot3_gazebo:/opt/ros/humble /usr/bin/cmake --build /home/lennoxtr/EE4308/Lab_1/build/turtlebot3_simulations -- -j6 -l6
[0.677s] DEBUG:colcon.colcon_core.event_handler.log_command:Invoking command in '/home/lennoxtr/EE4308/Lab_1/build/turtlebot3_simulations': AMENT_PREFIX_PATH=/home/lennoxtr/EE4308/Lab_1/install/turtlebot3_gazebo:${AMENT_PREFIX_PATH} CMAKE_PREFIX_PATH=/home/lennoxtr/EE4308/Lab_1/install/turtlebot3_gazebo:/opt/ros/humble /usr/bin/cmake --install /home/lennoxtr/EE4308/Lab_1/build/turtlebot3_simulations
[0.683s] Level 1:colcon.colcon_core.environment:create_environment_scripts_only(ee4308_turtle)
[0.683s] Level 1:colcon.colcon_core.environment:checking '/home/lennoxtr/EE4308/Lab_1/install/ee4308_turtle' for CMake module files
[0.683s] Level 1:colcon.colcon_core.environment:checking '/home/lennoxtr/EE4308/Lab_1/install/ee4308_turtle' for CMake config files
[0.684s] Level 1:colcon.colcon_core.shell:create_environment_hook('ee4308_turtle', 'cmake_prefix_path')
[0.684s] INFO:colcon.colcon_core.shell:Creating environment hook '/home/lennoxtr/EE4308/Lab_1/install/ee4308_turtle/share/ee4308_turtle/hook/cmake_prefix_path.ps1'
[0.685s] INFO:colcon.colcon_core.shell:Creating environment descriptor '/home/lennoxtr/EE4308/Lab_1/install/ee4308_turtle/share/ee4308_turtle/hook/cmake_prefix_path.dsv'
[0.686s] DEBUG:colcon.colcon_core.event_handler.log_command:Invoked command in '/home/lennoxtr/EE4308/Lab_1/build/ee4308_turtle' returned '0': AMENT_PREFIX_PATH=/home/lennoxtr/EE4308/Lab_1/install/ee4308_core:${AMENT_PREFIX_PATH} CMAKE_PREFIX_PATH=/home/lennoxtr/EE4308/Lab_1/install/ee4308_core:/opt/ros/humble /usr/bin/cmake --install /home/lennoxtr/EE4308/Lab_1/build/ee4308_turtle
[0.686s] INFO:colcon.colcon_core.shell:Creating environment hook '/home/lennoxtr/EE4308/Lab_1/install/ee4308_turtle/share/ee4308_turtle/hook/cmake_prefix_path.sh'
[0.687s] Level 1:colcon.colcon_core.environment:checking '/home/lennoxtr/EE4308/Lab_1/install/ee4308_turtle/lib'
[0.687s] Level 1:colcon.colcon_core.shell:create_environment_hook('ee4308_turtle', 'ld_library_path_lib')
[0.687s] INFO:colcon.colcon_core.shell:Creating environment hook '/home/lennoxtr/EE4308/Lab_1/install/ee4308_turtle/share/ee4308_turtle/hook/ld_library_path_lib.ps1'
[0.688s] INFO:colcon.colcon_core.shell:Creating environment descriptor '/home/lennoxtr/EE4308/Lab_1/install/ee4308_turtle/share/ee4308_turtle/hook/ld_library_path_lib.dsv'
[0.688s] INFO:colcon.colcon_core.shell:Creating environment hook '/home/lennoxtr/EE4308/Lab_1/install/ee4308_turtle/share/ee4308_turtle/hook/ld_library_path_lib.sh'
[0.689s] Level 1:colcon.colcon_core.environment:checking '/home/lennoxtr/EE4308/Lab_1/install/ee4308_turtle/bin'
[0.689s] Level 1:colcon.colcon_core.environment:checking '/home/lennoxtr/EE4308/Lab_1/install/ee4308_turtle/lib/pkgconfig/ee4308_turtle.pc'
[0.689s] Level 1:colcon.colcon_core.environment:checking '/home/lennoxtr/EE4308/Lab_1/install/ee4308_turtle/lib/python3.10/site-packages'
[0.689s] Level 1:colcon.colcon_core.environment:checking '/home/lennoxtr/EE4308/Lab_1/install/ee4308_turtle/bin'
[0.689s] INFO:colcon.colcon_core.shell:Creating package script '/home/lennoxtr/EE4308/Lab_1/install/ee4308_turtle/share/ee4308_turtle/package.ps1'
[0.690s] INFO:colcon.colcon_core.shell:Creating package descriptor '/home/lennoxtr/EE4308/Lab_1/install/ee4308_turtle/share/ee4308_turtle/package.dsv'
[0.692s] INFO:colcon.colcon_core.shell:Creating package script '/home/lennoxtr/EE4308/Lab_1/install/ee4308_turtle/share/ee4308_turtle/package.sh'
[0.693s] INFO:colcon.colcon_core.shell:Creating package script '/home/lennoxtr/EE4308/Lab_1/install/ee4308_turtle/share/ee4308_turtle/package.bash'
[0.693s] INFO:colcon.colcon_core.shell:Creating package script '/home/lennoxtr/EE4308/Lab_1/install/ee4308_turtle/share/ee4308_turtle/package.zsh'
[0.694s] Level 1:colcon.colcon_core.environment:create_file_with_runtime_dependencies(/home/lennoxtr/EE4308/Lab_1/install/ee4308_turtle/share/colcon-core/packages/ee4308_turtle)
[0.694s] Level 1:colcon.colcon_core.environment:create_environment_scripts_only(ee4308_turtle)
[0.695s] Level 1:colcon.colcon_core.environment:checking '/home/lennoxtr/EE4308/Lab_1/install/ee4308_turtle' for CMake module files
[0.695s] Level 1:colcon.colcon_core.environment:checking '/home/lennoxtr/EE4308/Lab_1/install/ee4308_turtle' for CMake config files
[0.695s] Level 1:colcon.colcon_core.shell:create_environment_hook('ee4308_turtle', 'cmake_prefix_path')
[0.696s] INFO:colcon.colcon_core.shell:Creating environment hook '/home/lennoxtr/EE4308/Lab_1/install/ee4308_turtle/share/ee4308_turtle/hook/cmake_prefix_path.ps1'
[0.696s] INFO:colcon.colcon_core.shell:Creating environment descriptor '/home/lennoxtr/EE4308/Lab_1/install/ee4308_turtle/share/ee4308_turtle/hook/cmake_prefix_path.dsv'
[0.697s] INFO:colcon.colcon_core.shell:Creating environment hook '/home/lennoxtr/EE4308/Lab_1/install/ee4308_turtle/share/ee4308_turtle/hook/cmake_prefix_path.sh'
[0.697s] Level 1:colcon.colcon_core.environment:checking '/home/lennoxtr/EE4308/Lab_1/install/ee4308_turtle/lib'
[0.697s] Level 1:colcon.colcon_core.shell:create_environment_hook('ee4308_turtle', 'ld_library_path_lib')
[0.697s] INFO:colcon.colcon_core.shell:Creating environment hook '/home/lennoxtr/EE4308/Lab_1/install/ee4308_turtle/share/ee4308_turtle/hook/ld_library_path_lib.ps1'
[0.698s] INFO:colcon.colcon_core.shell:Creating environment descriptor '/home/lennoxtr/EE4308/Lab_1/install/ee4308_turtle/share/ee4308_turtle/hook/ld_library_path_lib.dsv'
[0.698s] INFO:colcon.colcon_core.shell:Creating environment hook '/home/lennoxtr/EE4308/Lab_1/install/ee4308_turtle/share/ee4308_turtle/hook/ld_library_path_lib.sh'
[0.699s] Level 1:colcon.colcon_core.environment:checking '/home/lennoxtr/EE4308/Lab_1/install/ee4308_turtle/bin'
[0.699s] Level 1:colcon.colcon_core.environment:checking '/home/lennoxtr/EE4308/Lab_1/install/ee4308_turtle/lib/pkgconfig/ee4308_turtle.pc'
[0.699s] Level 1:colcon.colcon_core.environment:checking '/home/lennoxtr/EE4308/Lab_1/install/ee4308_turtle/lib/python3.10/site-packages'
[0.699s] Level 1:colcon.colcon_core.environment:checking '/home/lennoxtr/EE4308/Lab_1/install/ee4308_turtle/bin'
[0.699s] INFO:colcon.colcon_core.shell:Creating package script '/home/lennoxtr/EE4308/Lab_1/install/ee4308_turtle/share/ee4308_turtle/package.ps1'
[0.700s] INFO:colcon.colcon_core.shell:Creating package descriptor '/home/lennoxtr/EE4308/Lab_1/install/ee4308_turtle/share/ee4308_turtle/package.dsv'
[0.701s] INFO:colcon.colcon_core.shell:Creating package script '/home/lennoxtr/EE4308/Lab_1/install/ee4308_turtle/share/ee4308_turtle/package.sh'
[0.701s] INFO:colcon.colcon_core.shell:Creating package script '/home/lennoxtr/EE4308/Lab_1/install/ee4308_turtle/share/ee4308_turtle/package.bash'
[0.702s] INFO:colcon.colcon_core.shell:Creating package script '/home/lennoxtr/EE4308/Lab_1/install/ee4308_turtle/share/ee4308_turtle/package.zsh'
[0.702s] Level 1:colcon.colcon_core.environment:create_file_with_runtime_dependencies(/home/lennoxtr/EE4308/Lab_1/install/ee4308_turtle/share/colcon-core/packages/ee4308_turtle)
[0.709s] Level 1:colcon.colcon_core.environment:create_environment_scripts_only(turtlebot3_simulations)
[0.709s] Level 1:colcon.colcon_core.environment:checking '/home/lennoxtr/EE4308/Lab_1/install/turtlebot3_simulations' for CMake module files
[0.710s] DEBUG:colcon.colcon_core.event_handler.log_command:Invoked command in '/home/lennoxtr/EE4308/Lab_1/build/turtlebot3_simulations' returned '0': AMENT_PREFIX_PATH=/home/lennoxtr/EE4308/Lab_1/install/turtlebot3_gazebo:${AMENT_PREFIX_PATH} CMAKE_PREFIX_PATH=/home/lennoxtr/EE4308/Lab_1/install/turtlebot3_gazebo:/opt/ros/humble /usr/bin/cmake --install /home/lennoxtr/EE4308/Lab_1/build/turtlebot3_simulations
[0.710s] Level 1:colcon.colcon_core.environment:checking '/home/lennoxtr/EE4308/Lab_1/install/turtlebot3_simulations' for CMake config files
[0.710s] Level 1:colcon.colcon_core.shell:create_environment_hook('turtlebot3_simulations', 'cmake_prefix_path')
[0.710s] INFO:colcon.colcon_core.shell:Creating environment hook '/home/lennoxtr/EE4308/Lab_1/install/turtlebot3_simulations/share/turtlebot3_simulations/hook/cmake_prefix_path.ps1'
[0.711s] INFO:colcon.colcon_core.shell:Creating environment descriptor '/home/lennoxtr/EE4308/Lab_1/install/turtlebot3_simulations/share/turtlebot3_simulations/hook/cmake_prefix_path.dsv'
[0.716s] INFO:colcon.colcon_core.shell:Creating environment hook '/home/lennoxtr/EE4308/Lab_1/install/turtlebot3_simulations/share/turtlebot3_simulations/hook/cmake_prefix_path.sh'
[0.716s] Level 1:colcon.colcon_core.environment:checking '/home/lennoxtr/EE4308/Lab_1/install/turtlebot3_simulations/bin'
[0.716s] Level 1:colcon.colcon_core.environment:checking '/home/lennoxtr/EE4308/Lab_1/install/turtlebot3_simulations/lib/pkgconfig/turtlebot3_simulations.pc'
[0.716s] Level 1:colcon.colcon_core.environment:checking '/home/lennoxtr/EE4308/Lab_1/install/turtlebot3_simulations/lib/python3.10/site-packages'
[0.717s] Level 1:colcon.colcon_core.environment:checking '/home/lennoxtr/EE4308/Lab_1/install/turtlebot3_simulations/bin'
[0.717s] INFO:colcon.colcon_core.shell:Creating package script '/home/lennoxtr/EE4308/Lab_1/install/turtlebot3_simulations/share/turtlebot3_simulations/package.ps1'
[0.717s] INFO:colcon.colcon_core.shell:Creating package descriptor '/home/lennoxtr/EE4308/Lab_1/install/turtlebot3_simulations/share/turtlebot3_simulations/package.dsv'
[0.718s] INFO:colcon.colcon_core.shell:Creating package script '/home/lennoxtr/EE4308/Lab_1/install/turtlebot3_simulations/share/turtlebot3_simulations/package.sh'
[0.719s] INFO:colcon.colcon_core.shell:Creating package script '/home/lennoxtr/EE4308/Lab_1/install/turtlebot3_simulations/share/turtlebot3_simulations/package.bash'
[0.719s] INFO:colcon.colcon_core.shell:Creating package script '/home/lennoxtr/EE4308/Lab_1/install/turtlebot3_simulations/share/turtlebot3_simulations/package.zsh'
[0.719s] Level 1:colcon.colcon_core.environment:create_file_with_runtime_dependencies(/home/lennoxtr/EE4308/Lab_1/install/turtlebot3_simulations/share/colcon-core/packages/turtlebot3_simulations)
[0.720s] Level 1:colcon.colcon_core.environment:create_environment_scripts_only(turtlebot3_simulations)
[0.720s] Level 1:colcon.colcon_core.environment:checking '/home/lennoxtr/EE4308/Lab_1/install/turtlebot3_simulations' for CMake module files
[0.721s] Level 1:colcon.colcon_core.environment:checking '/home/lennoxtr/EE4308/Lab_1/install/turtlebot3_simulations' for CMake config files
[0.721s] Level 1:colcon.colcon_core.shell:create_environment_hook('turtlebot3_simulations', 'cmake_prefix_path')
[0.721s] INFO:colcon.colcon_core.shell:Creating environment hook '/home/lennoxtr/EE4308/Lab_1/install/turtlebot3_simulations/share/turtlebot3_simulations/hook/cmake_prefix_path.ps1'
[0.721s] INFO:colcon.colcon_core.shell:Creating environment descriptor '/home/lennoxtr/EE4308/Lab_1/install/turtlebot3_simulations/share/turtlebot3_simulations/hook/cmake_prefix_path.dsv'
[0.722s] INFO:colcon.colcon_core.shell:Creating environment hook '/home/lennoxtr/EE4308/Lab_1/install/turtlebot3_simulations/share/turtlebot3_simulations/hook/cmake_prefix_path.sh'
[0.722s] Level 1:colcon.colcon_core.environment:checking '/home/lennoxtr/EE4308/Lab_1/install/turtlebot3_simulations/bin'
[0.722s] Level 1:colcon.colcon_core.environment:checking '/home/lennoxtr/EE4308/Lab_1/install/turtlebot3_simulations/lib/pkgconfig/turtlebot3_simulations.pc'
[0.722s] Level 1:colcon.colcon_core.environment:checking '/home/lennoxtr/EE4308/Lab_1/install/turtlebot3_simulations/lib/python3.10/site-packages'
[0.723s] Level 1:colcon.colcon_core.environment:checking '/home/lennoxtr/EE4308/Lab_1/install/turtlebot3_simulations/bin'
[0.723s] INFO:colcon.colcon_core.shell:Creating package script '/home/lennoxtr/EE4308/Lab_1/install/turtlebot3_simulations/share/turtlebot3_simulations/package.ps1'
[0.723s] INFO:colcon.colcon_core.shell:Creating package descriptor '/home/lennoxtr/EE4308/Lab_1/install/turtlebot3_simulations/share/turtlebot3_simulations/package.dsv'
[0.724s] INFO:colcon.colcon_core.shell:Creating package script '/home/lennoxtr/EE4308/Lab_1/install/turtlebot3_simulations/share/turtlebot3_simulations/package.sh'
[0.724s] INFO:colcon.colcon_core.shell:Creating package script '/home/lennoxtr/EE4308/Lab_1/install/turtlebot3_simulations/share/turtlebot3_simulations/package.bash'
[0.725s] INFO:colcon.colcon_core.shell:Creating package script '/home/lennoxtr/EE4308/Lab_1/install/turtlebot3_simulations/share/turtlebot3_simulations/package.zsh'
[0.725s] Level 1:colcon.colcon_core.environment:create_file_with_runtime_dependencies(/home/lennoxtr/EE4308/Lab_1/install/turtlebot3_simulations/share/colcon-core/packages/turtlebot3_simulations)
[0.726s] DEBUG:colcon.colcon_parallel_executor.executor.parallel:closing loop
[0.726s] DEBUG:colcon.colcon_parallel_executor.executor.parallel:loop closed
[0.726s] DEBUG:colcon.colcon_parallel_executor.executor.parallel:run_until_complete finished with '0'
[0.726s] DEBUG:colcon.colcon_core.event_reactor:joining thread
[0.731s] INFO:colcon.colcon_core.plugin_system:Skipping extension 'colcon_notification.desktop_notification.terminal_notifier': Not used on non-Darwin systems
[0.731s] INFO:colcon.colcon_core.plugin_system:Skipping extension 'colcon_notification.desktop_notification.win32': Not used on non-Windows systems
[0.731s] INFO:colcon.colcon_notification.desktop_notification:Sending desktop notification using 'notify2'
[0.743s] DEBUG:colcon.colcon_core.event_reactor:joined thread
[0.743s] INFO:colcon.colcon_core.shell:Creating prefix script '/home/lennoxtr/EE4308/Lab_1/install/local_setup.ps1'
[0.744s] INFO:colcon.colcon_core.shell:Creating prefix util module '/home/lennoxtr/EE4308/Lab_1/install/_local_setup_util_ps1.py'
[0.745s] INFO:colcon.colcon_core.shell:Creating prefix chain script '/home/lennoxtr/EE4308/Lab_1/install/setup.ps1'
[0.746s] INFO:colcon.colcon_core.shell:Creating prefix script '/home/lennoxtr/EE4308/Lab_1/install/local_setup.sh'
[0.747s] INFO:colcon.colcon_core.shell:Creating prefix util module '/home/lennoxtr/EE4308/Lab_1/install/_local_setup_util_sh.py'
[0.747s] INFO:colcon.colcon_core.shell:Creating prefix chain script '/home/lennoxtr/EE4308/Lab_1/install/setup.sh'
[0.748s] INFO:colcon.colcon_core.shell:Creating prefix script '/home/lennoxtr/EE4308/Lab_1/install/local_setup.bash'
[0.749s] INFO:colcon.colcon_core.shell:Creating prefix chain script '/home/lennoxtr/EE4308/Lab_1/install/setup.bash'
[0.750s] INFO:colcon.colcon_core.shell:Creating prefix script '/home/lennoxtr/EE4308/Lab_1/install/local_setup.zsh'
[0.750s] INFO:colcon.colcon_core.shell:Creating prefix chain script '/home/lennoxtr/EE4308/Lab_1/install/setup.zsh'
