[0.022s] Invoking command in '/home/lennoxtr/EE4308/Lab_1/build/ee4308_turtle': CMAKE_PREFIX_PATH=/home/lennoxtr/EE4308/Lab_1/install/ee4308_core:/home/lennoxtr/EE4308/Lab_1/install/turtlebot3_simulations:/home/lennoxtr/EE4308/Lab_1/install/turtlebot3_msgs:/home/lennoxtr/EE4308/Lab_1/install/turtlebot3_gazebo:/home/lennoxtr/EE4308/Lab_1/install/turtlebot3_description:/home/lennoxtr/EE4308/Lab_1/install/turtlebot3_cartographer:/home/lennoxtr/EE4308/Lab_1/install/ee4308_turtle:/home/lennoxtr/EE4308/Lab_1/install/ee4308_bringup:/opt/ros/humble /usr/bin/cmake --build /home/lennoxtr/EE4308/Lab_1/build/ee4308_turtle -- -j6 -l6
[0.063s] [35m[1mConsolidate compiler generated dependencies of target ee4308_turtle_controller[0m
[0.082s] [ 25%] [32mBuilding CXX object CMakeFiles/ee4308_turtle_controller.dir/src/controller.cpp.o[0m
[0.083s] [ 75%] Built target ee4308_turtle_planner
[5.077s] [100%] [32m[1mLinking CXX shared library libee4308_turtle_controller.so[0m
[5.320s] [100%] Built target ee4308_turtle_controller
[5.329s] Invoked command in '/home/lennoxtr/EE4308/Lab_1/build/ee4308_turtle' returned '0': CMAKE_PREFIX_PATH=/home/lennoxtr/EE4308/Lab_1/install/ee4308_core:/home/lennoxtr/EE4308/Lab_1/install/turtlebot3_simulations:/home/lennoxtr/EE4308/Lab_1/install/turtlebot3_msgs:/home/lennoxtr/EE4308/Lab_1/install/turtlebot3_gazebo:/home/lennoxtr/EE4308/Lab_1/install/turtlebot3_description:/home/lennoxtr/EE4308/Lab_1/install/turtlebot3_cartographer:/home/lennoxtr/EE4308/Lab_1/install/ee4308_turtle:/home/lennoxtr/EE4308/Lab_1/install/ee4308_bringup:/opt/ros/humble /usr/bin/cmake --build /home/lennoxtr/EE4308/Lab_1/build/ee4308_turtle -- -j6 -l6
[5.331s] Invoking command in '/home/lennoxtr/EE4308/Lab_1/build/ee4308_turtle': CMAKE_PREFIX_PATH=/home/lennoxtr/EE4308/Lab_1/install/ee4308_core:/home/lennoxtr/EE4308/Lab_1/install/turtlebot3_simulations:/home/lennoxtr/EE4308/Lab_1/install/turtlebot3_msgs:/home/lennoxtr/EE4308/Lab_1/install/turtlebot3_gazebo:/home/lennoxtr/EE4308/Lab_1/install/turtlebot3_description:/home/lennoxtr/EE4308/Lab_1/install/turtlebot3_cartographer:/home/lennoxtr/EE4308/Lab_1/install/ee4308_turtle:/home/lennoxtr/EE4308/Lab_1/install/ee4308_bringup:/opt/ros/humble /usr/bin/cmake --install /home/lennoxtr/EE4308/Lab_1/build/ee4308_turtle
[5.337s] -- Install configuration: "Release"
[5.337s] -- Execute custom install script
[5.337s] -- Up-to-date symlink: /home/lennoxtr/EE4308/Lab_1/install/ee4308_turtle/lib/libee4308_turtle_controller.so
[5.338s] -- Up-to-date symlink: /home/lennoxtr/EE4308/Lab_1/install/ee4308_turtle/share/ee4308_turtle//ee4308_turtle_controller.xml
[5.338s] -- Up-to-date symlink: /home/lennoxtr/EE4308/Lab_1/install/ee4308_turtle/lib/libee4308_turtle_planner.so
[5.338s] -- Up-to-date symlink: /home/lennoxtr/EE4308/Lab_1/install/ee4308_turtle/share/ee4308_turtle//ee4308_turtle_planner.xml
[5.338s] -- Up-to-date symlink: /home/lennoxtr/EE4308/Lab_1/install/ee4308_turtle/include//ee4308_turtle/controller.hpp
[5.339s] -- Up-to-date symlink: /home/lennoxtr/EE4308/Lab_1/install/ee4308_turtle/include//ee4308_turtle/planner.hpp
[5.339s] -- Up-to-date symlink: /home/lennoxtr/EE4308/Lab_1/install/ee4308_turtle/share/ament_index/resource_index/package_run_dependencies/ee4308_turtle
[5.339s] -- Up-to-date symlink: /home/lennoxtr/EE4308/Lab_1/install/ee4308_turtle/share/ament_index/resource_index/parent_prefix_path/ee4308_turtle
[5.339s] -- Up-to-date symlink: /home/lennoxtr/EE4308/Lab_1/install/ee4308_turtle/share/ee4308_turtle/environment/ament_prefix_path.sh
[5.340s] -- Up-to-date symlink: /home/lennoxtr/EE4308/Lab_1/install/ee4308_turtle/share/ee4308_turtle/environment/ament_prefix_path.dsv
[5.340s] -- Up-to-date symlink: /home/lennoxtr/EE4308/Lab_1/install/ee4308_turtle/share/ee4308_turtle/environment/path.sh
[5.341s] -- Up-to-date symlink: /home/lennoxtr/EE4308/Lab_1/install/ee4308_turtle/share/ee4308_turtle/environment/path.dsv
[5.341s] -- Up-to-date symlink: /home/lennoxtr/EE4308/Lab_1/install/ee4308_turtle/share/ee4308_turtle/local_setup.bash
[5.341s] -- Up-to-date symlink: /home/lennoxtr/EE4308/Lab_1/install/ee4308_turtle/share/ee4308_turtle/local_setup.sh
[5.341s] -- Up-to-date symlink: /home/lennoxtr/EE4308/Lab_1/install/ee4308_turtle/share/ee4308_turtle/local_setup.zsh
[5.341s] -- Up-to-date symlink: /home/lennoxtr/EE4308/Lab_1/install/ee4308_turtle/share/ee4308_turtle/local_setup.dsv
[5.341s] -- Symlinking: /home/lennoxtr/EE4308/Lab_1/install/ee4308_turtle/share/ee4308_turtle/package.dsv
[5.351s] -- Up-to-date symlink: /home/lennoxtr/EE4308/Lab_1/install/ee4308_turtle/share/ament_index/resource_index/packages/ee4308_turtle
[5.351s] -- Up-to-date symlink: /home/lennoxtr/EE4308/Lab_1/install/ee4308_turtle/share/ament_index/resource_index/nav2_core__pluginlib__plugin/ee4308_turtle
[5.351s] -- Up-to-date symlink: /home/lennoxtr/EE4308/Lab_1/install/ee4308_turtle/share/ee4308_turtle/cmake/ament_cmake_export_include_directories-extras.cmake
[5.351s] -- Up-to-date symlink: /home/lennoxtr/EE4308/Lab_1/install/ee4308_turtle/share/ee4308_turtle/cmake/ament_cmake_export_dependencies-extras.cmake
[5.351s] -- Up-to-date symlink: /home/lennoxtr/EE4308/Lab_1/install/ee4308_turtle/share/ee4308_turtle/cmake/ee4308_turtleConfig.cmake
[5.351s] -- Up-to-date symlink: /home/lennoxtr/EE4308/Lab_1/install/ee4308_turtle/share/ee4308_turtle/cmake/ee4308_turtleConfig-version.cmake
[5.351s] -- Up-to-date symlink: /home/lennoxtr/EE4308/Lab_1/install/ee4308_turtle/share/ee4308_turtle/package.xml
[5.353s] Invoked command in '/home/lennoxtr/EE4308/Lab_1/build/ee4308_turtle' returned '0': CMAKE_PREFIX_PATH=/home/lennoxtr/EE4308/Lab_1/install/ee4308_core:/home/lennoxtr/EE4308/Lab_1/install/turtlebot3_simulations:/home/lennoxtr/EE4308/Lab_1/install/turtlebot3_msgs:/home/lennoxtr/EE4308/Lab_1/install/turtlebot3_gazebo:/home/lennoxtr/EE4308/Lab_1/install/turtlebot3_description:/home/lennoxtr/EE4308/Lab_1/install/turtlebot3_cartographer:/home/lennoxtr/EE4308/Lab_1/install/ee4308_turtle:/home/lennoxtr/EE4308/Lab_1/install/ee4308_bringup:/opt/ros/humble /usr/bin/cmake --install /home/lennoxtr/EE4308/Lab_1/build/ee4308_turtle
