[0.008s] Invoking command in '/home/lennoxtr/EE4308/Lab_1/build/turtlebot3_simulations': CMAKE_PREFIX_PATH=/home/lennoxtr/EE4308/Lab_1/install/turtlebot3_gazebo:/home/lennoxtr/EE4308/Lab_1/install/turtlebot3_simulations:/home/lennoxtr/EE4308/Lab_1/install/turtlebot3_msgs:/home/lennoxtr/EE4308/Lab_1/install/turtlebot3_description:/home/lennoxtr/EE4308/Lab_1/install/turtlebot3_cartographer:/home/lennoxtr/EE4308/Lab_1/install/ee4308_turtle:/home/lennoxtr/EE4308/Lab_1/install/ee4308_core:/home/lennoxtr/EE4308/Lab_1/install/ee4308_bringup:/opt/ros/humble /usr/bin/cmake --build /home/lennoxtr/EE4308/Lab_1/build/turtlebot3_simulations -- -j6 -l6
[0.043s] Invoked command in '/home/lennoxtr/EE4308/Lab_1/build/turtlebot3_simulations' returned '0': CMAKE_PREFIX_PATH=/home/lennoxtr/EE4308/Lab_1/install/turtlebot3_gazebo:/home/lennoxtr/EE4308/Lab_1/install/turtlebot3_simulations:/home/lennoxtr/EE4308/Lab_1/install/turtlebot3_msgs:/home/lennoxtr/EE4308/Lab_1/install/turtlebot3_description:/home/lennoxtr/EE4308/Lab_1/install/turtlebot3_cartographer:/home/lennoxtr/EE4308/Lab_1/install/ee4308_turtle:/home/lennoxtr/EE4308/Lab_1/install/ee4308_core:/home/lennoxtr/EE4308/Lab_1/install/ee4308_bringup:/opt/ros/humble /usr/bin/cmake --build /home/lennoxtr/EE4308/Lab_1/build/turtlebot3_simulations -- -j6 -l6
[0.044s] Invoking command in '/home/lennoxtr/EE4308/Lab_1/build/turtlebot3_simulations': CMAKE_PREFIX_PATH=/home/lennoxtr/EE4308/Lab_1/install/turtlebot3_gazebo:/home/lennoxtr/EE4308/Lab_1/install/turtlebot3_simulations:/home/lennoxtr/EE4308/Lab_1/install/turtlebot3_msgs:/home/lennoxtr/EE4308/Lab_1/install/turtlebot3_description:/home/lennoxtr/EE4308/Lab_1/install/turtlebot3_cartographer:/home/lennoxtr/EE4308/Lab_1/install/ee4308_turtle:/home/lennoxtr/EE4308/Lab_1/install/ee4308_core:/home/lennoxtr/EE4308/Lab_1/install/ee4308_bringup:/opt/ros/humble /usr/bin/cmake --install /home/lennoxtr/EE4308/Lab_1/build/turtlebot3_simulations
[0.051s] -- Install configuration: ""
[0.051s] -- Execute custom install script
[0.051s] -- Up-to-date symlink: /home/lennoxtr/EE4308/Lab_1/install/turtlebot3_simulations/share/ament_index/resource_index/package_run_dependencies/turtlebot3_simulations
[0.052s] -- Up-to-date symlink: /home/lennoxtr/EE4308/Lab_1/install/turtlebot3_simulations/share/ament_index/resource_index/parent_prefix_path/turtlebot3_simulations
[0.052s] -- Up-to-date symlink: /home/lennoxtr/EE4308/Lab_1/install/turtlebot3_simulations/share/turtlebot3_simulations/environment/ament_prefix_path.sh
[0.052s] -- Up-to-date symlink: /home/lennoxtr/EE4308/Lab_1/install/turtlebot3_simulations/share/turtlebot3_simulations/environment/ament_prefix_path.dsv
[0.052s] -- Up-to-date symlink: /home/lennoxtr/EE4308/Lab_1/install/turtlebot3_simulations/share/turtlebot3_simulations/environment/path.sh
[0.052s] -- Up-to-date symlink: /home/lennoxtr/EE4308/Lab_1/install/turtlebot3_simulations/share/turtlebot3_simulations/environment/path.dsv
[0.052s] -- Up-to-date symlink: /home/lennoxtr/EE4308/Lab_1/install/turtlebot3_simulations/share/turtlebot3_simulations/local_setup.bash
[0.053s] -- Up-to-date symlink: /home/lennoxtr/EE4308/Lab_1/install/turtlebot3_simulations/share/turtlebot3_simulations/local_setup.sh
[0.053s] -- Up-to-date symlink: /home/lennoxtr/EE4308/Lab_1/install/turtlebot3_simulations/share/turtlebot3_simulations/local_setup.zsh
[0.053s] -- Up-to-date symlink: /home/lennoxtr/EE4308/Lab_1/install/turtlebot3_simulations/share/turtlebot3_simulations/local_setup.dsv
[0.053s] -- Symlinking: /home/lennoxtr/EE4308/Lab_1/install/turtlebot3_simulations/share/turtlebot3_simulations/package.dsv
[0.061s] -- Up-to-date symlink: /home/lennoxtr/EE4308/Lab_1/install/turtlebot3_simulations/share/ament_index/resource_index/packages/turtlebot3_simulations
[0.061s] -- Up-to-date symlink: /home/lennoxtr/EE4308/Lab_1/install/turtlebot3_simulations/share/turtlebot3_simulations/cmake/turtlebot3_simulationsConfig.cmake
[0.061s] -- Up-to-date symlink: /home/lennoxtr/EE4308/Lab_1/install/turtlebot3_simulations/share/turtlebot3_simulations/cmake/turtlebot3_simulationsConfig-version.cmake
[0.061s] -- Up-to-date symlink: /home/lennoxtr/EE4308/Lab_1/install/turtlebot3_simulations/share/turtlebot3_simulations/package.xml
[0.063s] Invoked command in '/home/lennoxtr/EE4308/Lab_1/build/turtlebot3_simulations' returned '0': CMAKE_PREFIX_PATH=/home/lennoxtr/EE4308/Lab_1/install/turtlebot3_gazebo:/home/lennoxtr/EE4308/Lab_1/install/turtlebot3_simulations:/home/lennoxtr/EE4308/Lab_1/install/turtlebot3_msgs:/home/lennoxtr/EE4308/Lab_1/install/turtlebot3_description:/home/lennoxtr/EE4308/Lab_1/install/turtlebot3_cartographer:/home/lennoxtr/EE4308/Lab_1/install/ee4308_turtle:/home/lennoxtr/EE4308/Lab_1/install/ee4308_core:/home/lennoxtr/EE4308/Lab_1/install/ee4308_bringup:/opt/ros/humble /usr/bin/cmake --install /home/lennoxtr/EE4308/Lab_1/build/turtlebot3_simulations
