[0.095s] DEBUG:colcon:Command line arguments: ['/usr/bin/colcon', 'build']
[0.095s] DEBUG:colcon:Parsed command line arguments: Namespace(log_base=None, log_level=None, verb_name='build', build_base='build', install_base='install', merge_install=False, symlink_install=False, test_result_base=None, continue_on_error=False, executor='parallel', parallel_workers=6, event_handlers=None, ignore_user_meta=False, metas=['./colcon.meta'], base_paths=['.'], packages_ignore=None, packages_ignore_regex=None, paths=None, packages_up_to=None, packages_up_to_regex=None, packages_above=None, packages_above_and_dependencies=None, packages_above_depth=None, packages_select_by_dep=None, packages_skip_by_dep=None, packages_skip_up_to=None, packages_select_build_failed=False, packages_skip_build_finished=False, packages_select_test_failures=False, packages_skip_test_passed=False, packages_select=None, packages_skip=None, packages_select_regex=None, packages_skip_regex=None, packages_start=None, packages_end=None, allow_overriding=[], cmake_args=None, cmake_target=None, cmake_target_skip_unavailable=False, cmake_clean_cache=False, cmake_clean_first=False, cmake_force_configure=False, ament_cmake_args=None, catkin_cmake_args=None, catkin_skip_building_tests=False, mixin_files=None, mixin=None, verb_parser=<colcon_mixin.mixin.mixin_argument.MixinArgumentDecorator object at 0x7ccde2d71ea0>, verb_extension=<colcon_core.verb.build.BuildVerb object at 0x7ccde2d719f0>, main=<bound method BuildVerb.main of <colcon_core.verb.build.BuildVerb object at 0x7ccde2d719f0>>, mixin_verb=('build',))
[0.247s] Level 1:colcon.colcon_core.package_discovery:discover_packages(colcon_meta) check parameters
[0.247s] Level 1:colcon.colcon_core.package_discovery:discover_packages(recursive) check parameters
[0.247s] Level 1:colcon.colcon_core.package_discovery:discover_packages(ignore) check parameters
[0.247s] Level 1:colcon.colcon_core.package_discovery:discover_packages(path) check parameters
[0.247s] Level 1:colcon.colcon_core.package_discovery:discover_packages(colcon_meta) discover
[0.247s] Level 1:colcon.colcon_core.package_discovery:discover_packages(recursive) discover
[0.247s] INFO:colcon.colcon_core.package_discovery:Crawling recursively for packages in '/home/lennoxtr/EE4308/Lab_1'
[0.247s] Level 1:colcon.colcon_core.package_identification:_identify(.) by extensions ['ignore', 'ignore_ament_install']
[0.247s] Level 1:colcon.colcon_core.package_identification:_identify(.) by extension 'ignore'
[0.247s] Level 1:colcon.colcon_core.package_identification:_identify(.) by extension 'ignore_ament_install'
[0.247s] Level 1:colcon.colcon_core.package_identification:_identify(.) by extensions ['colcon_pkg']
[0.247s] Level 1:colcon.colcon_core.package_identification:_identify(.) by extension 'colcon_pkg'
[0.247s] Level 1:colcon.colcon_core.package_identification:_identify(.) by extensions ['colcon_meta']
[0.247s] Level 1:colcon.colcon_core.package_identification:_identify(.) by extension 'colcon_meta'
[0.247s] Level 1:colcon.colcon_core.package_identification:_identify(.) by extensions ['ros']
[0.247s] Level 1:colcon.colcon_core.package_identification:_identify(.) by extension 'ros'
[0.257s] Level 1:colcon.colcon_core.package_identification:_identify(.) by extensions ['cmake', 'python']
[0.257s] Level 1:colcon.colcon_core.package_identification:_identify(.) by extension 'cmake'
[0.257s] Level 1:colcon.colcon_core.package_identification:_identify(.) by extension 'python'
[0.258s] Level 1:colcon.colcon_core.package_identification:_identify(.) by extensions ['python_setup_py']
[0.258s] Level 1:colcon.colcon_core.package_identification:_identify(.) by extension 'python_setup_py'
[0.258s] Level 1:colcon.colcon_core.package_identification:_identify(build) by extensions ['ignore', 'ignore_ament_install']
[0.258s] Level 1:colcon.colcon_core.package_identification:_identify(build) by extension 'ignore'
[0.258s] Level 1:colcon.colcon_core.package_identification:_identify(build) ignored
[0.258s] Level 1:colcon.colcon_core.package_identification:_identify(docs) by extensions ['ignore', 'ignore_ament_install']
[0.258s] Level 1:colcon.colcon_core.package_identification:_identify(docs) by extension 'ignore'
[0.258s] Level 1:colcon.colcon_core.package_identification:_identify(docs) by extension 'ignore_ament_install'
[0.258s] Level 1:colcon.colcon_core.package_identification:_identify(docs) by extensions ['colcon_pkg']
[0.258s] Level 1:colcon.colcon_core.package_identification:_identify(docs) by extension 'colcon_pkg'
[0.258s] Level 1:colcon.colcon_core.package_identification:_identify(docs) by extensions ['colcon_meta']
[0.258s] Level 1:colcon.colcon_core.package_identification:_identify(docs) by extension 'colcon_meta'
[0.258s] Level 1:colcon.colcon_core.package_identification:_identify(docs) by extensions ['ros']
[0.258s] Level 1:colcon.colcon_core.package_identification:_identify(docs) by extension 'ros'
[0.258s] Level 1:colcon.colcon_core.package_identification:_identify(docs) by extensions ['cmake', 'python']
[0.258s] Level 1:colcon.colcon_core.package_identification:_identify(docs) by extension 'cmake'
[0.258s] Level 1:colcon.colcon_core.package_identification:_identify(docs) by extension 'python'
[0.258s] Level 1:colcon.colcon_core.package_identification:_identify(docs) by extensions ['python_setup_py']
[0.258s] Level 1:colcon.colcon_core.package_identification:_identify(docs) by extension 'python_setup_py'
[0.259s] Level 1:colcon.colcon_core.package_identification:_identify(docs/img) by extensions ['ignore', 'ignore_ament_install']
[0.259s] Level 1:colcon.colcon_core.package_identification:_identify(docs/img) by extension 'ignore'
[0.259s] Level 1:colcon.colcon_core.package_identification:_identify(docs/img) by extension 'ignore_ament_install'
[0.259s] Level 1:colcon.colcon_core.package_identification:_identify(docs/img) by extensions ['colcon_pkg']
[0.259s] Level 1:colcon.colcon_core.package_identification:_identify(docs/img) by extension 'colcon_pkg'
[0.259s] Level 1:colcon.colcon_core.package_identification:_identify(docs/img) by extensions ['colcon_meta']
[0.259s] Level 1:colcon.colcon_core.package_identification:_identify(docs/img) by extension 'colcon_meta'
[0.259s] Level 1:colcon.colcon_core.package_identification:_identify(docs/img) by extensions ['ros']
[0.259s] Level 1:colcon.colcon_core.package_identification:_identify(docs/img) by extension 'ros'
[0.259s] Level 1:colcon.colcon_core.package_identification:_identify(docs/img) by extensions ['cmake', 'python']
[0.259s] Level 1:colcon.colcon_core.package_identification:_identify(docs/img) by extension 'cmake'
[0.259s] Level 1:colcon.colcon_core.package_identification:_identify(docs/img) by extension 'python'
[0.259s] Level 1:colcon.colcon_core.package_identification:_identify(docs/img) by extensions ['python_setup_py']
[0.259s] Level 1:colcon.colcon_core.package_identification:_identify(docs/img) by extension 'python_setup_py'
[0.259s] Level 1:colcon.colcon_core.package_identification:_identify(install) by extensions ['ignore', 'ignore_ament_install']
[0.259s] Level 1:colcon.colcon_core.package_identification:_identify(install) by extension 'ignore'
[0.259s] Level 1:colcon.colcon_core.package_identification:_identify(install) ignored
[0.259s] Level 1:colcon.colcon_core.package_identification:_identify(log) by extensions ['ignore', 'ignore_ament_install']
[0.259s] Level 1:colcon.colcon_core.package_identification:_identify(log) by extension 'ignore'
[0.259s] Level 1:colcon.colcon_core.package_identification:_identify(log) ignored
[0.259s] Level 1:colcon.colcon_core.package_identification:_identify(src) by extensions ['ignore', 'ignore_ament_install']
[0.260s] Level 1:colcon.colcon_core.package_identification:_identify(src) by extension 'ignore'
[0.260s] Level 1:colcon.colcon_core.package_identification:_identify(src) by extension 'ignore_ament_install'
[0.260s] Level 1:colcon.colcon_core.package_identification:_identify(src) by extensions ['colcon_pkg']
[0.260s] Level 1:colcon.colcon_core.package_identification:_identify(src) by extension 'colcon_pkg'
[0.260s] Level 1:colcon.colcon_core.package_identification:_identify(src) by extensions ['colcon_meta']
[0.260s] Level 1:colcon.colcon_core.package_identification:_identify(src) by extension 'colcon_meta'
[0.260s] Level 1:colcon.colcon_core.package_identification:_identify(src) by extensions ['ros']
[0.260s] Level 1:colcon.colcon_core.package_identification:_identify(src) by extension 'ros'
[0.260s] Level 1:colcon.colcon_core.package_identification:_identify(src) by extensions ['cmake', 'python']
[0.260s] Level 1:colcon.colcon_core.package_identification:_identify(src) by extension 'cmake'
[0.260s] Level 1:colcon.colcon_core.package_identification:_identify(src) by extension 'python'
[0.260s] Level 1:colcon.colcon_core.package_identification:_identify(src) by extensions ['python_setup_py']
[0.260s] Level 1:colcon.colcon_core.package_identification:_identify(src) by extension 'python_setup_py'
[0.260s] Level 1:colcon.colcon_core.package_identification:_identify(src/ee4308_bringup) by extensions ['ignore', 'ignore_ament_install']
[0.260s] Level 1:colcon.colcon_core.package_identification:_identify(src/ee4308_bringup) by extension 'ignore'
[0.260s] Level 1:colcon.colcon_core.package_identification:_identify(src/ee4308_bringup) by extension 'ignore_ament_install'
[0.260s] Level 1:colcon.colcon_core.package_identification:_identify(src/ee4308_bringup) by extensions ['colcon_pkg']
[0.260s] Level 1:colcon.colcon_core.package_identification:_identify(src/ee4308_bringup) by extension 'colcon_pkg'
[0.260s] Level 1:colcon.colcon_core.package_identification:_identify(src/ee4308_bringup) by extensions ['colcon_meta']
[0.260s] Level 1:colcon.colcon_core.package_identification:_identify(src/ee4308_bringup) by extension 'colcon_meta'
[0.260s] Level 1:colcon.colcon_core.package_identification:_identify(src/ee4308_bringup) by extensions ['ros']
[0.260s] Level 1:colcon.colcon_core.package_identification:_identify(src/ee4308_bringup) by extension 'ros'
[0.262s] DEBUG:colcon.colcon_core.package_identification:Package 'src/ee4308_bringup' with type 'ros.ament_cmake' and name 'ee4308_bringup'
[0.262s] Level 1:colcon.colcon_core.package_identification:_identify(src/ee4308_core) by extensions ['ignore', 'ignore_ament_install']
[0.262s] Level 1:colcon.colcon_core.package_identification:_identify(src/ee4308_core) by extension 'ignore'
[0.262s] Level 1:colcon.colcon_core.package_identification:_identify(src/ee4308_core) by extension 'ignore_ament_install'
[0.263s] Level 1:colcon.colcon_core.package_identification:_identify(src/ee4308_core) by extensions ['colcon_pkg']
[0.263s] Level 1:colcon.colcon_core.package_identification:_identify(src/ee4308_core) by extension 'colcon_pkg'
[0.263s] Level 1:colcon.colcon_core.package_identification:_identify(src/ee4308_core) by extensions ['colcon_meta']
[0.263s] Level 1:colcon.colcon_core.package_identification:_identify(src/ee4308_core) by extension 'colcon_meta'
[0.263s] Level 1:colcon.colcon_core.package_identification:_identify(src/ee4308_core) by extensions ['ros']
[0.263s] Level 1:colcon.colcon_core.package_identification:_identify(src/ee4308_core) by extension 'ros'
[0.263s] DEBUG:colcon.colcon_core.package_identification:Package 'src/ee4308_core' with type 'ros.ament_cmake' and name 'ee4308_core'
[0.263s] Level 1:colcon.colcon_core.package_identification:_identify(src/ee4308_turtle) by extensions ['ignore', 'ignore_ament_install']
[0.263s] Level 1:colcon.colcon_core.package_identification:_identify(src/ee4308_turtle) by extension 'ignore'
[0.263s] Level 1:colcon.colcon_core.package_identification:_identify(src/ee4308_turtle) by extension 'ignore_ament_install'
[0.263s] Level 1:colcon.colcon_core.package_identification:_identify(src/ee4308_turtle) by extensions ['colcon_pkg']
[0.264s] Level 1:colcon.colcon_core.package_identification:_identify(src/ee4308_turtle) by extension 'colcon_pkg'
[0.264s] Level 1:colcon.colcon_core.package_identification:_identify(src/ee4308_turtle) by extensions ['colcon_meta']
[0.264s] Level 1:colcon.colcon_core.package_identification:_identify(src/ee4308_turtle) by extension 'colcon_meta'
[0.264s] Level 1:colcon.colcon_core.package_identification:_identify(src/ee4308_turtle) by extensions ['ros']
[0.264s] Level 1:colcon.colcon_core.package_identification:_identify(src/ee4308_turtle) by extension 'ros'
[0.265s] DEBUG:colcon.colcon_core.package_identification:Package 'src/ee4308_turtle' with type 'ros.ament_cmake' and name 'ee4308_turtle'
[0.265s] Level 1:colcon.colcon_core.package_identification:_identify(src/turtlebot3_cartographer) by extensions ['ignore', 'ignore_ament_install']
[0.265s] Level 1:colcon.colcon_core.package_identification:_identify(src/turtlebot3_cartographer) by extension 'ignore'
[0.265s] Level 1:colcon.colcon_core.package_identification:_identify(src/turtlebot3_cartographer) by extension 'ignore_ament_install'
[0.265s] Level 1:colcon.colcon_core.package_identification:_identify(src/turtlebot3_cartographer) by extensions ['colcon_pkg']
[0.265s] Level 1:colcon.colcon_core.package_identification:_identify(src/turtlebot3_cartographer) by extension 'colcon_pkg'
[0.265s] Level 1:colcon.colcon_core.package_identification:_identify(src/turtlebot3_cartographer) by extensions ['colcon_meta']
[0.265s] Level 1:colcon.colcon_core.package_identification:_identify(src/turtlebot3_cartographer) by extension 'colcon_meta'
[0.265s] Level 1:colcon.colcon_core.package_identification:_identify(src/turtlebot3_cartographer) by extensions ['ros']
[0.265s] Level 1:colcon.colcon_core.package_identification:_identify(src/turtlebot3_cartographer) by extension 'ros'
[0.266s] DEBUG:colcon.colcon_core.package_identification:Package 'src/turtlebot3_cartographer' with type 'ros.ament_cmake' and name 'turtlebot3_cartographer'
[0.266s] Level 1:colcon.colcon_core.package_identification:_identify(src/turtlebot3_gazebo) by extensions ['ignore', 'ignore_ament_install']
[0.266s] Level 1:colcon.colcon_core.package_identification:_identify(src/turtlebot3_gazebo) by extension 'ignore'
[0.266s] Level 1:colcon.colcon_core.package_identification:_identify(src/turtlebot3_gazebo) by extension 'ignore_ament_install'
[0.266s] Level 1:colcon.colcon_core.package_identification:_identify(src/turtlebot3_gazebo) by extensions ['colcon_pkg']
[0.266s] Level 1:colcon.colcon_core.package_identification:_identify(src/turtlebot3_gazebo) by extension 'colcon_pkg'
[0.266s] Level 1:colcon.colcon_core.package_identification:_identify(src/turtlebot3_gazebo) by extensions ['colcon_meta']
[0.266s] Level 1:colcon.colcon_core.package_identification:_identify(src/turtlebot3_gazebo) by extension 'colcon_meta'
[0.266s] Level 1:colcon.colcon_core.package_identification:_identify(src/turtlebot3_gazebo) by extensions ['ros']
[0.266s] Level 1:colcon.colcon_core.package_identification:_identify(src/turtlebot3_gazebo) by extension 'ros'
[0.267s] DEBUG:colcon.colcon_core.package_identification:Package 'src/turtlebot3_gazebo' with type 'ros.ament_cmake' and name 'turtlebot3_gazebo'
[0.267s] Level 1:colcon.colcon_core.package_identification:_identify(src/turtlebot3_simulations) by extensions ['ignore', 'ignore_ament_install']
[0.267s] Level 1:colcon.colcon_core.package_identification:_identify(src/turtlebot3_simulations) by extension 'ignore'
[0.267s] Level 1:colcon.colcon_core.package_identification:_identify(src/turtlebot3_simulations) by extension 'ignore_ament_install'
[0.267s] Level 1:colcon.colcon_core.package_identification:_identify(src/turtlebot3_simulations) by extensions ['colcon_pkg']
[0.267s] Level 1:colcon.colcon_core.package_identification:_identify(src/turtlebot3_simulations) by extension 'colcon_pkg'
[0.267s] Level 1:colcon.colcon_core.package_identification:_identify(src/turtlebot3_simulations) by extensions ['colcon_meta']
[0.267s] Level 1:colcon.colcon_core.package_identification:_identify(src/turtlebot3_simulations) by extension 'colcon_meta'
[0.267s] Level 1:colcon.colcon_core.package_identification:_identify(src/turtlebot3_simulations) by extensions ['ros']
[0.267s] Level 1:colcon.colcon_core.package_identification:_identify(src/turtlebot3_simulations) by extension 'ros'
[0.268s] DEBUG:colcon.colcon_core.package_identification:Package 'src/turtlebot3_simulations' with type 'ros.ament_cmake' and name 'turtlebot3_simulations'
[0.268s] Level 1:colcon.colcon_core.package_discovery:discover_packages(recursive) using defaults
[0.268s] Level 1:colcon.colcon_core.package_discovery:discover_packages(ignore) discover
[0.268s] Level 1:colcon.colcon_core.package_discovery:discover_packages(ignore) using defaults
[0.268s] Level 1:colcon.colcon_core.package_discovery:discover_packages(path) discover
[0.268s] Level 1:colcon.colcon_core.package_discovery:discover_packages(path) using defaults
[0.293s] Level 1:colcon.colcon_core.package_discovery:discover_packages(prefix_path) check parameters
[0.293s] Level 1:colcon.colcon_core.package_discovery:discover_packages(prefix_path) discover
[0.295s] DEBUG:colcon.colcon_installed_package_information.package_discovery:Found 8 installed packages in /home/lennoxtr/EE4308/Lab_1/install
[0.296s] DEBUG:colcon.colcon_installed_package_information.package_discovery:Found 433 installed packages in /opt/ros/humble
[0.298s] Level 1:colcon.colcon_core.package_discovery:discover_packages(prefix_path) using defaults
[0.342s] Level 5:colcon.colcon_core.verb:set package 'ee4308_bringup' build argument 'cmake_args' from command line to 'None'
[0.342s] Level 5:colcon.colcon_core.verb:set package 'ee4308_bringup' build argument 'cmake_target' from command line to 'None'
[0.342s] Level 5:colcon.colcon_core.verb:set package 'ee4308_bringup' build argument 'cmake_target_skip_unavailable' from command line to 'False'
[0.342s] Level 5:colcon.colcon_core.verb:set package 'ee4308_bringup' build argument 'cmake_clean_cache' from command line to 'False'
[0.342s] Level 5:colcon.colcon_core.verb:set package 'ee4308_bringup' build argument 'cmake_clean_first' from command line to 'False'
[0.342s] Level 5:colcon.colcon_core.verb:set package 'ee4308_bringup' build argument 'cmake_force_configure' from command line to 'False'
[0.342s] Level 5:colcon.colcon_core.verb:set package 'ee4308_bringup' build argument 'ament_cmake_args' from command line to 'None'
[0.342s] Level 5:colcon.colcon_core.verb:set package 'ee4308_bringup' build argument 'catkin_cmake_args' from command line to 'None'
[0.342s] Level 5:colcon.colcon_core.verb:set package 'ee4308_bringup' build argument 'catkin_skip_building_tests' from command line to 'False'
[0.342s] DEBUG:colcon.colcon_core.verb:Building package 'ee4308_bringup' with the following arguments: {'ament_cmake_args': None, 'build_base': '/home/lennoxtr/EE4308/Lab_1/build/ee4308_bringup', 'catkin_cmake_args': None, 'catkin_skip_building_tests': False, 'cmake_args': None, 'cmake_clean_cache': False, 'cmake_clean_first': False, 'cmake_force_configure': False, 'cmake_target': None, 'cmake_target_skip_unavailable': False, 'install_base': '/home/lennoxtr/EE4308/Lab_1/install/ee4308_bringup', 'merge_install': False, 'path': '/home/lennoxtr/EE4308/Lab_1/src/ee4308_bringup', 'symlink_install': False, 'test_result_base': None}
[0.342s] Level 5:colcon.colcon_core.verb:set package 'ee4308_core' build argument 'cmake_args' from command line to 'None'
[0.342s] Level 5:colcon.colcon_core.verb:set package 'ee4308_core' build argument 'cmake_target' from command line to 'None'
[0.342s] Level 5:colcon.colcon_core.verb:set package 'ee4308_core' build argument 'cmake_target_skip_unavailable' from command line to 'False'
[0.342s] Level 5:colcon.colcon_core.verb:set package 'ee4308_core' build argument 'cmake_clean_cache' from command line to 'False'
[0.342s] Level 5:colcon.colcon_core.verb:set package 'ee4308_core' build argument 'cmake_clean_first' from command line to 'False'
[0.342s] Level 5:colcon.colcon_core.verb:set package 'ee4308_core' build argument 'cmake_force_configure' from command line to 'False'
[0.342s] Level 5:colcon.colcon_core.verb:set package 'ee4308_core' build argument 'ament_cmake_args' from command line to 'None'
[0.342s] Level 5:colcon.colcon_core.verb:set package 'ee4308_core' build argument 'catkin_cmake_args' from command line to 'None'
[0.342s] Level 5:colcon.colcon_core.verb:set package 'ee4308_core' build argument 'catkin_skip_building_tests' from command line to 'False'
[0.342s] DEBUG:colcon.colcon_core.verb:Building package 'ee4308_core' with the following arguments: {'ament_cmake_args': None, 'build_base': '/home/lennoxtr/EE4308/Lab_1/build/ee4308_core', 'catkin_cmake_args': None, 'catkin_skip_building_tests': False, 'cmake_args': None, 'cmake_clean_cache': False, 'cmake_clean_first': False, 'cmake_force_configure': False, 'cmake_target': None, 'cmake_target_skip_unavailable': False, 'install_base': '/home/lennoxtr/EE4308/Lab_1/install/ee4308_core', 'merge_install': False, 'path': '/home/lennoxtr/EE4308/Lab_1/src/ee4308_core', 'symlink_install': False, 'test_result_base': None}
[0.343s] Level 5:colcon.colcon_core.verb:set package 'turtlebot3_cartographer' build argument 'cmake_args' from command line to 'None'
[0.343s] Level 5:colcon.colcon_core.verb:set package 'turtlebot3_cartographer' build argument 'cmake_target' from command line to 'None'
[0.343s] Level 5:colcon.colcon_core.verb:set package 'turtlebot3_cartographer' build argument 'cmake_target_skip_unavailable' from command line to 'False'
[0.343s] Level 5:colcon.colcon_core.verb:set package 'turtlebot3_cartographer' build argument 'cmake_clean_cache' from command line to 'False'
[0.343s] Level 5:colcon.colcon_core.verb:set package 'turtlebot3_cartographer' build argument 'cmake_clean_first' from command line to 'False'
[0.343s] Level 5:colcon.colcon_core.verb:set package 'turtlebot3_cartographer' build argument 'cmake_force_configure' from command line to 'False'
[0.343s] Level 5:colcon.colcon_core.verb:set package 'turtlebot3_cartographer' build argument 'ament_cmake_args' from command line to 'None'
[0.343s] Level 5:colcon.colcon_core.verb:set package 'turtlebot3_cartographer' build argument 'catkin_cmake_args' from command line to 'None'
[0.343s] Level 5:colcon.colcon_core.verb:set package 'turtlebot3_cartographer' build argument 'catkin_skip_building_tests' from command line to 'False'
[0.343s] DEBUG:colcon.colcon_core.verb:Building package 'turtlebot3_cartographer' with the following arguments: {'ament_cmake_args': None, 'build_base': '/home/lennoxtr/EE4308/Lab_1/build/turtlebot3_cartographer', 'catkin_cmake_args': None, 'catkin_skip_building_tests': False, 'cmake_args': None, 'cmake_clean_cache': False, 'cmake_clean_first': False, 'cmake_force_configure': False, 'cmake_target': None, 'cmake_target_skip_unavailable': False, 'install_base': '/home/lennoxtr/EE4308/Lab_1/install/turtlebot3_cartographer', 'merge_install': False, 'path': '/home/lennoxtr/EE4308/Lab_1/src/turtlebot3_cartographer', 'symlink_install': False, 'test_result_base': None}
[0.343s] Level 5:colcon.colcon_core.verb:set package 'turtlebot3_gazebo' build argument 'cmake_args' from command line to 'None'
[0.343s] Level 5:colcon.colcon_core.verb:set package 'turtlebot3_gazebo' build argument 'cmake_target' from command line to 'None'
[0.343s] Level 5:colcon.colcon_core.verb:set package 'turtlebot3_gazebo' build argument 'cmake_target_skip_unavailable' from command line to 'False'
[0.343s] Level 5:colcon.colcon_core.verb:set package 'turtlebot3_gazebo' build argument 'cmake_clean_cache' from command line to 'False'
[0.343s] Level 5:colcon.colcon_core.verb:set package 'turtlebot3_gazebo' build argument 'cmake_clean_first' from command line to 'False'
[0.343s] Level 5:colcon.colcon_core.verb:set package 'turtlebot3_gazebo' build argument 'cmake_force_configure' from command line to 'False'
[0.343s] Level 5:colcon.colcon_core.verb:set package 'turtlebot3_gazebo' build argument 'ament_cmake_args' from command line to 'None'
[0.343s] Level 5:colcon.colcon_core.verb:set package 'turtlebot3_gazebo' build argument 'catkin_cmake_args' from command line to 'None'
[0.343s] Level 5:colcon.colcon_core.verb:set package 'turtlebot3_gazebo' build argument 'catkin_skip_building_tests' from command line to 'False'
[0.343s] DEBUG:colcon.colcon_core.verb:Building package 'turtlebot3_gazebo' with the following arguments: {'ament_cmake_args': None, 'build_base': '/home/lennoxtr/EE4308/Lab_1/build/turtlebot3_gazebo', 'catkin_cmake_args': None, 'catkin_skip_building_tests': False, 'cmake_args': None, 'cmake_clean_cache': False, 'cmake_clean_first': False, 'cmake_force_configure': False, 'cmake_target': None, 'cmake_target_skip_unavailable': False, 'install_base': '/home/lennoxtr/EE4308/Lab_1/install/turtlebot3_gazebo', 'merge_install': False, 'path': '/home/lennoxtr/EE4308/Lab_1/src/turtlebot3_gazebo', 'symlink_install': False, 'test_result_base': None}
[0.344s] Level 5:colcon.colcon_core.verb:set package 'ee4308_turtle' build argument 'cmake_args' from command line to 'None'
[0.344s] Level 5:colcon.colcon_core.verb:set package 'ee4308_turtle' build argument 'cmake_target' from command line to 'None'
[0.344s] Level 5:colcon.colcon_core.verb:set package 'ee4308_turtle' build argument 'cmake_target_skip_unavailable' from command line to 'False'
[0.344s] Level 5:colcon.colcon_core.verb:set package 'ee4308_turtle' build argument 'cmake_clean_cache' from command line to 'False'
[0.344s] Level 5:colcon.colcon_core.verb:set package 'ee4308_turtle' build argument 'cmake_clean_first' from command line to 'False'
[0.344s] Level 5:colcon.colcon_core.verb:set package 'ee4308_turtle' build argument 'cmake_force_configure' from command line to 'False'
[0.344s] Level 5:colcon.colcon_core.verb:set package 'ee4308_turtle' build argument 'ament_cmake_args' from command line to 'None'
[0.344s] Level 5:colcon.colcon_core.verb:set package 'ee4308_turtle' build argument 'catkin_cmake_args' from command line to 'None'
[0.344s] Level 5:colcon.colcon_core.verb:set package 'ee4308_turtle' build argument 'catkin_skip_building_tests' from command line to 'False'
[0.344s] DEBUG:colcon.colcon_core.verb:Building package 'ee4308_turtle' with the following arguments: {'ament_cmake_args': None, 'build_base': '/home/lennoxtr/EE4308/Lab_1/build/ee4308_turtle', 'catkin_cmake_args': None, 'catkin_skip_building_tests': False, 'cmake_args': None, 'cmake_clean_cache': False, 'cmake_clean_first': False, 'cmake_force_configure': False, 'cmake_target': None, 'cmake_target_skip_unavailable': False, 'install_base': '/home/lennoxtr/EE4308/Lab_1/install/ee4308_turtle', 'merge_install': False, 'path': '/home/lennoxtr/EE4308/Lab_1/src/ee4308_turtle', 'symlink_install': False, 'test_result_base': None}
[0.344s] Level 5:colcon.colcon_core.verb:set package 'turtlebot3_simulations' build argument 'cmake_args' from command line to 'None'
[0.344s] Level 5:colcon.colcon_core.verb:set package 'turtlebot3_simulations' build argument 'cmake_target' from command line to 'None'
[0.344s] Level 5:colcon.colcon_core.verb:set package 'turtlebot3_simulations' build argument 'cmake_target_skip_unavailable' from command line to 'False'
[0.344s] Level 5:colcon.colcon_core.verb:set package 'turtlebot3_simulations' build argument 'cmake_clean_cache' from command line to 'False'
[0.344s] Level 5:colcon.colcon_core.verb:set package 'turtlebot3_simulations' build argument 'cmake_clean_first' from command line to 'False'
[0.344s] Level 5:colcon.colcon_core.verb:set package 'turtlebot3_simulations' build argument 'cmake_force_configure' from command line to 'False'
[0.344s] Level 5:colcon.colcon_core.verb:set package 'turtlebot3_simulations' build argument 'ament_cmake_args' from command line to 'None'
[0.344s] Level 5:colcon.colcon_core.verb:set package 'turtlebot3_simulations' build argument 'catkin_cmake_args' from command line to 'None'
[0.344s] Level 5:colcon.colcon_core.verb:set package 'turtlebot3_simulations' build argument 'catkin_skip_building_tests' from command line to 'False'
[0.344s] DEBUG:colcon.colcon_core.verb:Building package 'turtlebot3_simulations' with the following arguments: {'ament_cmake_args': None, 'build_base': '/home/lennoxtr/EE4308/Lab_1/build/turtlebot3_simulations', 'catkin_cmake_args': None, 'catkin_skip_building_tests': False, 'cmake_args': None, 'cmake_clean_cache': False, 'cmake_clean_first': False, 'cmake_force_configure': False, 'cmake_target': None, 'cmake_target_skip_unavailable': False, 'install_base': '/home/lennoxtr/EE4308/Lab_1/install/turtlebot3_simulations', 'merge_install': False, 'path': '/home/lennoxtr/EE4308/Lab_1/src/turtlebot3_simulations', 'symlink_install': False, 'test_result_base': None}
[0.344s] INFO:colcon.colcon_core.executor:Executing jobs using 'parallel' executor
[0.345s] DEBUG:colcon.colcon_parallel_executor.executor.parallel:run_until_complete
[0.346s] INFO:colcon.colcon_ros.task.ament_cmake.build:Building ROS package in '/home/lennoxtr/EE4308/Lab_1/src/ee4308_core' with build type 'ament_cmake'
[0.346s] INFO:colcon.colcon_cmake.task.cmake.build:Building CMake package in '/home/lennoxtr/EE4308/Lab_1/src/ee4308_core'
[0.348s] INFO:colcon.colcon_core.plugin_system:Skipping extension 'colcon_core.shell.bat': Not used on non-Windows systems
[0.348s] INFO:colcon.colcon_core.shell:Skip shell extension 'powershell' for command environment: Not usable outside of PowerShell
[0.348s] DEBUG:colcon.colcon_core.shell:Skip shell extension 'dsv' for command environment
[0.352s] INFO:colcon.colcon_ros.task.ament_cmake.build:Building ROS package in '/home/lennoxtr/EE4308/Lab_1/src/turtlebot3_gazebo' with build type 'ament_cmake'
[0.352s] INFO:colcon.colcon_cmake.task.cmake.build:Building CMake package in '/home/lennoxtr/EE4308/Lab_1/src/turtlebot3_gazebo'
[0.352s] INFO:colcon.colcon_core.shell:Skip shell extension 'powershell' for command environment: Not usable outside of PowerShell
[0.352s] DEBUG:colcon.colcon_core.shell:Skip shell extension 'dsv' for command environment
[0.356s] INFO:colcon.colcon_ros.task.ament_cmake.build:Building ROS package in '/home/lennoxtr/EE4308/Lab_1/src/ee4308_bringup' with build type 'ament_cmake'
[0.356s] INFO:colcon.colcon_cmake.task.cmake.build:Building CMake package in '/home/lennoxtr/EE4308/Lab_1/src/ee4308_bringup'
[0.356s] INFO:colcon.colcon_core.shell:Skip shell extension 'powershell' for command environment: Not usable outside of PowerShell
[0.357s] DEBUG:colcon.colcon_core.shell:Skip shell extension 'dsv' for command environment
[0.362s] INFO:colcon.colcon_ros.task.ament_cmake.build:Building ROS package in '/home/lennoxtr/EE4308/Lab_1/src/turtlebot3_cartographer' with build type 'ament_cmake'
[0.362s] INFO:colcon.colcon_cmake.task.cmake.build:Building CMake package in '/home/lennoxtr/EE4308/Lab_1/src/turtlebot3_cartographer'
[0.362s] INFO:colcon.colcon_core.shell:Skip shell extension 'powershell' for command environment: Not usable outside of PowerShell
[0.362s] DEBUG:colcon.colcon_core.shell:Skip shell extension 'dsv' for command environment
[0.373s] DEBUG:colcon.colcon_core.event_handler.log_command:Invoking command in '/home/lennoxtr/EE4308/Lab_1/build/ee4308_core': CMAKE_PREFIX_PATH=${CMAKE_PREFIX_PATH}:/opt/ros/humble /usr/bin/cmake --build /home/lennoxtr/EE4308/Lab_1/build/ee4308_core -- -j6 -l6
[0.376s] DEBUG:colcon.colcon_core.event_handler.log_command:Invoking command in '/home/lennoxtr/EE4308/Lab_1/build/turtlebot3_gazebo': CMAKE_PREFIX_PATH=${CMAKE_PREFIX_PATH}:/opt/ros/humble /usr/bin/cmake --build /home/lennoxtr/EE4308/Lab_1/build/turtlebot3_gazebo -- -j6 -l6
[0.383s] DEBUG:colcon.colcon_core.event_handler.log_command:Invoking command in '/home/lennoxtr/EE4308/Lab_1/build/ee4308_bringup': CMAKE_PREFIX_PATH=${CMAKE_PREFIX_PATH}:/opt/ros/humble /usr/bin/cmake --build /home/lennoxtr/EE4308/Lab_1/build/ee4308_bringup -- -j6 -l6
[0.391s] DEBUG:colcon.colcon_core.event_handler.log_command:Invoking command in '/home/lennoxtr/EE4308/Lab_1/build/turtlebot3_cartographer': CMAKE_PREFIX_PATH=${CMAKE_PREFIX_PATH}:/opt/ros/humble /usr/bin/cmake --build /home/lennoxtr/EE4308/Lab_1/build/turtlebot3_cartographer -- -j6 -l6
[0.416s] DEBUG:colcon.colcon_core.event_handler.log_command:Invoked command in '/home/lennoxtr/EE4308/Lab_1/build/ee4308_core' returned '0': CMAKE_PREFIX_PATH=${CMAKE_PREFIX_PATH}:/opt/ros/humble /usr/bin/cmake --build /home/lennoxtr/EE4308/Lab_1/build/ee4308_core -- -j6 -l6
[0.434s] DEBUG:colcon.colcon_core.event_handler.log_command:Invoking command in '/home/lennoxtr/EE4308/Lab_1/build/ee4308_core': CMAKE_PREFIX_PATH=${CMAKE_PREFIX_PATH}:/opt/ros/humble /usr/bin/cmake --install /home/lennoxtr/EE4308/Lab_1/build/ee4308_core
[0.437s] DEBUG:colcon.colcon_core.event_handler.log_command:Invoked command in '/home/lennoxtr/EE4308/Lab_1/build/ee4308_bringup' returned '0': CMAKE_PREFIX_PATH=${CMAKE_PREFIX_PATH}:/opt/ros/humble /usr/bin/cmake --build /home/lennoxtr/EE4308/Lab_1/build/ee4308_bringup -- -j6 -l6
[0.440s] DEBUG:colcon.colcon_core.event_handler.log_command:Invoking command in '/home/lennoxtr/EE4308/Lab_1/build/ee4308_bringup': CMAKE_PREFIX_PATH=${CMAKE_PREFIX_PATH}:/opt/ros/humble /usr/bin/cmake --install /home/lennoxtr/EE4308/Lab_1/build/ee4308_bringup
[0.443s] DEBUG:colcon.colcon_core.event_handler.log_command:Invoked command in '/home/lennoxtr/EE4308/Lab_1/build/turtlebot3_cartographer' returned '0': CMAKE_PREFIX_PATH=${CMAKE_PREFIX_PATH}:/opt/ros/humble /usr/bin/cmake --build /home/lennoxtr/EE4308/Lab_1/build/turtlebot3_cartographer -- -j6 -l6
[0.449s] DEBUG:colcon.colcon_core.event_handler.log_command:Invoking command in '/home/lennoxtr/EE4308/Lab_1/build/turtlebot3_cartographer': CMAKE_PREFIX_PATH=${CMAKE_PREFIX_PATH}:/opt/ros/humble /usr/bin/cmake --install /home/lennoxtr/EE4308/Lab_1/build/turtlebot3_cartographer
[0.454s] Level 1:colcon.colcon_core.environment:create_environment_scripts_only(ee4308_core)
[0.458s] DEBUG:colcon.colcon_core.event_handler.log_command:Invoked command in '/home/lennoxtr/EE4308/Lab_1/build/ee4308_core' returned '0': CMAKE_PREFIX_PATH=${CMAKE_PREFIX_PATH}:/opt/ros/humble /usr/bin/cmake --install /home/lennoxtr/EE4308/Lab_1/build/ee4308_core
[0.462s] Level 1:colcon.colcon_core.environment:checking '/home/lennoxtr/EE4308/Lab_1/install/ee4308_core' for CMake module files
[0.463s] Level 1:colcon.colcon_core.environment:checking '/home/lennoxtr/EE4308/Lab_1/install/ee4308_core' for CMake config files
[0.463s] Level 1:colcon.colcon_core.shell:create_environment_hook('ee4308_core', 'cmake_prefix_path')
[0.463s] INFO:colcon.colcon_core.shell:Creating environment hook '/home/lennoxtr/EE4308/Lab_1/install/ee4308_core/share/ee4308_core/hook/cmake_prefix_path.ps1'
[0.464s] INFO:colcon.colcon_core.shell:Creating environment descriptor '/home/lennoxtr/EE4308/Lab_1/install/ee4308_core/share/ee4308_core/hook/cmake_prefix_path.dsv'
[0.464s] INFO:colcon.colcon_core.shell:Creating environment hook '/home/lennoxtr/EE4308/Lab_1/install/ee4308_core/share/ee4308_core/hook/cmake_prefix_path.sh'
[0.465s] Level 1:colcon.colcon_core.environment:checking '/home/lennoxtr/EE4308/Lab_1/install/ee4308_core/bin'
[0.465s] Level 1:colcon.colcon_core.environment:checking '/home/lennoxtr/EE4308/Lab_1/install/ee4308_core/lib/pkgconfig/ee4308_core.pc'
[0.465s] Level 1:colcon.colcon_core.environment:checking '/home/lennoxtr/EE4308/Lab_1/install/ee4308_core/lib/python3.10/site-packages'
[0.466s] Level 1:colcon.colcon_core.environment:checking '/home/lennoxtr/EE4308/Lab_1/install/ee4308_core/bin'
[0.466s] INFO:colcon.colcon_core.shell:Creating package script '/home/lennoxtr/EE4308/Lab_1/install/ee4308_core/share/ee4308_core/package.ps1'
[0.466s] INFO:colcon.colcon_core.shell:Creating package descriptor '/home/lennoxtr/EE4308/Lab_1/install/ee4308_core/share/ee4308_core/package.dsv'
[0.467s] INFO:colcon.colcon_core.shell:Creating package script '/home/lennoxtr/EE4308/Lab_1/install/ee4308_core/share/ee4308_core/package.sh'
[0.468s] INFO:colcon.colcon_core.shell:Creating package script '/home/lennoxtr/EE4308/Lab_1/install/ee4308_core/share/ee4308_core/package.bash'
[0.469s] INFO:colcon.colcon_core.shell:Creating package script '/home/lennoxtr/EE4308/Lab_1/install/ee4308_core/share/ee4308_core/package.zsh'
[0.469s] Level 1:colcon.colcon_core.environment:create_file_with_runtime_dependencies(/home/lennoxtr/EE4308/Lab_1/install/ee4308_core/share/colcon-core/packages/ee4308_core)
[0.470s] Level 1:colcon.colcon_core.environment:create_environment_scripts_only(ee4308_core)
[0.470s] Level 1:colcon.colcon_core.environment:checking '/home/lennoxtr/EE4308/Lab_1/install/ee4308_core' for CMake module files
[0.471s] Level 1:colcon.colcon_core.environment:checking '/home/lennoxtr/EE4308/Lab_1/install/ee4308_core' for CMake config files
[0.471s] Level 1:colcon.colcon_core.shell:create_environment_hook('ee4308_core', 'cmake_prefix_path')
[0.471s] INFO:colcon.colcon_core.shell:Creating environment hook '/home/lennoxtr/EE4308/Lab_1/install/ee4308_core/share/ee4308_core/hook/cmake_prefix_path.ps1'
[0.472s] INFO:colcon.colcon_core.shell:Creating environment descriptor '/home/lennoxtr/EE4308/Lab_1/install/ee4308_core/share/ee4308_core/hook/cmake_prefix_path.dsv'
[0.473s] INFO:colcon.colcon_core.shell:Creating environment hook '/home/lennoxtr/EE4308/Lab_1/install/ee4308_core/share/ee4308_core/hook/cmake_prefix_path.sh'
[0.473s] Level 1:colcon.colcon_core.environment:checking '/home/lennoxtr/EE4308/Lab_1/install/ee4308_core/bin'
[0.473s] Level 1:colcon.colcon_core.environment:checking '/home/lennoxtr/EE4308/Lab_1/install/ee4308_core/lib/pkgconfig/ee4308_core.pc'
[0.474s] Level 1:colcon.colcon_core.environment:checking '/home/lennoxtr/EE4308/Lab_1/install/ee4308_core/lib/python3.10/site-packages'
[0.474s] Level 1:colcon.colcon_core.environment:checking '/home/lennoxtr/EE4308/Lab_1/install/ee4308_core/bin'
[0.474s] INFO:colcon.colcon_core.shell:Creating package script '/home/lennoxtr/EE4308/Lab_1/install/ee4308_core/share/ee4308_core/package.ps1'
[0.475s] INFO:colcon.colcon_core.shell:Creating package descriptor '/home/lennoxtr/EE4308/Lab_1/install/ee4308_core/share/ee4308_core/package.dsv'
[0.475s] INFO:colcon.colcon_core.shell:Creating package script '/home/lennoxtr/EE4308/Lab_1/install/ee4308_core/share/ee4308_core/package.sh'
[0.476s] INFO:colcon.colcon_core.shell:Creating package script '/home/lennoxtr/EE4308/Lab_1/install/ee4308_core/share/ee4308_core/package.bash'
[0.476s] INFO:colcon.colcon_core.shell:Creating package script '/home/lennoxtr/EE4308/Lab_1/install/ee4308_core/share/ee4308_core/package.zsh'
[0.477s] Level 1:colcon.colcon_core.environment:create_file_with_runtime_dependencies(/home/lennoxtr/EE4308/Lab_1/install/ee4308_core/share/colcon-core/packages/ee4308_core)
[0.477s] INFO:colcon.colcon_ros.task.ament_cmake.build:Building ROS package in '/home/lennoxtr/EE4308/Lab_1/src/ee4308_turtle' with build type 'ament_cmake'
[0.477s] INFO:colcon.colcon_cmake.task.cmake.build:Building CMake package in '/home/lennoxtr/EE4308/Lab_1/src/ee4308_turtle'
[0.478s] INFO:colcon.colcon_core.shell:Skip shell extension 'powershell' for command environment: Not usable outside of PowerShell
[0.478s] DEBUG:colcon.colcon_core.shell:Skip shell extension 'dsv' for command environment
[0.485s] Level 1:colcon.colcon_core.environment:create_environment_scripts_only(ee4308_bringup)
[0.486s] Level 1:colcon.colcon_core.environment:checking '/home/lennoxtr/EE4308/Lab_1/install/ee4308_bringup' for CMake module files
[0.487s] DEBUG:colcon.colcon_core.event_handler.log_command:Invoked command in '/home/lennoxtr/EE4308/Lab_1/build/ee4308_bringup' returned '0': CMAKE_PREFIX_PATH=${CMAKE_PREFIX_PATH}:/opt/ros/humble /usr/bin/cmake --install /home/lennoxtr/EE4308/Lab_1/build/ee4308_bringup
[0.487s] Level 1:colcon.colcon_core.environment:checking '/home/lennoxtr/EE4308/Lab_1/install/ee4308_bringup' for CMake config files
[0.488s] Level 1:colcon.colcon_core.shell:create_environment_hook('ee4308_bringup', 'cmake_prefix_path')
[0.488s] INFO:colcon.colcon_core.shell:Creating environment hook '/home/lennoxtr/EE4308/Lab_1/install/ee4308_bringup/share/ee4308_bringup/hook/cmake_prefix_path.ps1'
[0.488s] INFO:colcon.colcon_core.shell:Creating environment descriptor '/home/lennoxtr/EE4308/Lab_1/install/ee4308_bringup/share/ee4308_bringup/hook/cmake_prefix_path.dsv'
[0.489s] INFO:colcon.colcon_core.shell:Creating environment hook '/home/lennoxtr/EE4308/Lab_1/install/ee4308_bringup/share/ee4308_bringup/hook/cmake_prefix_path.sh'
[0.489s] Level 1:colcon.colcon_core.environment:checking '/home/lennoxtr/EE4308/Lab_1/install/ee4308_bringup/bin'
[0.489s] Level 1:colcon.colcon_core.environment:checking '/home/lennoxtr/EE4308/Lab_1/install/ee4308_bringup/lib/pkgconfig/ee4308_bringup.pc'
[0.489s] Level 1:colcon.colcon_core.environment:checking '/home/lennoxtr/EE4308/Lab_1/install/ee4308_bringup/lib/python3.10/site-packages'
[0.490s] Level 1:colcon.colcon_core.environment:checking '/home/lennoxtr/EE4308/Lab_1/install/ee4308_bringup/bin'
[0.490s] INFO:colcon.colcon_core.shell:Creating package script '/home/lennoxtr/EE4308/Lab_1/install/ee4308_bringup/share/ee4308_bringup/package.ps1'
[0.490s] INFO:colcon.colcon_core.shell:Creating package descriptor '/home/lennoxtr/EE4308/Lab_1/install/ee4308_bringup/share/ee4308_bringup/package.dsv'
[0.491s] INFO:colcon.colcon_core.shell:Creating package script '/home/lennoxtr/EE4308/Lab_1/install/ee4308_bringup/share/ee4308_bringup/package.sh'
[0.491s] INFO:colcon.colcon_core.shell:Creating package script '/home/lennoxtr/EE4308/Lab_1/install/ee4308_bringup/share/ee4308_bringup/package.bash'
[0.492s] INFO:colcon.colcon_core.shell:Creating package script '/home/lennoxtr/EE4308/Lab_1/install/ee4308_bringup/share/ee4308_bringup/package.zsh'
[0.492s] Level 1:colcon.colcon_core.environment:create_file_with_runtime_dependencies(/home/lennoxtr/EE4308/Lab_1/install/ee4308_bringup/share/colcon-core/packages/ee4308_bringup)
[0.493s] Level 1:colcon.colcon_core.environment:create_environment_scripts_only(ee4308_bringup)
[0.493s] Level 1:colcon.colcon_core.environment:checking '/home/lennoxtr/EE4308/Lab_1/install/ee4308_bringup' for CMake module files
[0.493s] Level 1:colcon.colcon_core.environment:checking '/home/lennoxtr/EE4308/Lab_1/install/ee4308_bringup' for CMake config files
[0.494s] Level 1:colcon.colcon_core.shell:create_environment_hook('ee4308_bringup', 'cmake_prefix_path')
[0.494s] INFO:colcon.colcon_core.shell:Creating environment hook '/home/lennoxtr/EE4308/Lab_1/install/ee4308_bringup/share/ee4308_bringup/hook/cmake_prefix_path.ps1'
[0.494s] INFO:colcon.colcon_core.shell:Creating environment descriptor '/home/lennoxtr/EE4308/Lab_1/install/ee4308_bringup/share/ee4308_bringup/hook/cmake_prefix_path.dsv'
[0.495s] INFO:colcon.colcon_core.shell:Creating environment hook '/home/lennoxtr/EE4308/Lab_1/install/ee4308_bringup/share/ee4308_bringup/hook/cmake_prefix_path.sh'
[0.495s] Level 1:colcon.colcon_core.environment:checking '/home/lennoxtr/EE4308/Lab_1/install/ee4308_bringup/bin'
[0.495s] Level 1:colcon.colcon_core.environment:checking '/home/lennoxtr/EE4308/Lab_1/install/ee4308_bringup/lib/pkgconfig/ee4308_bringup.pc'
[0.496s] Level 1:colcon.colcon_core.environment:checking '/home/lennoxtr/EE4308/Lab_1/install/ee4308_bringup/lib/python3.10/site-packages'
[0.496s] Level 1:colcon.colcon_core.environment:checking '/home/lennoxtr/EE4308/Lab_1/install/ee4308_bringup/bin'
[0.496s] INFO:colcon.colcon_core.shell:Creating package script '/home/lennoxtr/EE4308/Lab_1/install/ee4308_bringup/share/ee4308_bringup/package.ps1'
[0.496s] INFO:colcon.colcon_core.shell:Creating package descriptor '/home/lennoxtr/EE4308/Lab_1/install/ee4308_bringup/share/ee4308_bringup/package.dsv'
[0.497s] INFO:colcon.colcon_core.shell:Creating package script '/home/lennoxtr/EE4308/Lab_1/install/ee4308_bringup/share/ee4308_bringup/package.sh'
[0.497s] INFO:colcon.colcon_core.shell:Creating package script '/home/lennoxtr/EE4308/Lab_1/install/ee4308_bringup/share/ee4308_bringup/package.bash'
[0.498s] INFO:colcon.colcon_core.shell:Creating package script '/home/lennoxtr/EE4308/Lab_1/install/ee4308_bringup/share/ee4308_bringup/package.zsh'
[0.498s] Level 1:colcon.colcon_core.environment:create_file_with_runtime_dependencies(/home/lennoxtr/EE4308/Lab_1/install/ee4308_bringup/share/colcon-core/packages/ee4308_bringup)
[0.499s] Level 1:colcon.colcon_core.environment:create_environment_scripts_only(turtlebot3_cartographer)
[0.499s] Level 1:colcon.colcon_core.environment:checking '/home/lennoxtr/EE4308/Lab_1/install/turtlebot3_cartographer' for CMake module files
[0.500s] DEBUG:colcon.colcon_core.event_handler.log_command:Invoked command in '/home/lennoxtr/EE4308/Lab_1/build/turtlebot3_cartographer' returned '0': CMAKE_PREFIX_PATH=${CMAKE_PREFIX_PATH}:/opt/ros/humble /usr/bin/cmake --install /home/lennoxtr/EE4308/Lab_1/build/turtlebot3_cartographer
[0.500s] Level 1:colcon.colcon_core.environment:checking '/home/lennoxtr/EE4308/Lab_1/install/turtlebot3_cartographer' for CMake config files
[0.500s] Level 1:colcon.colcon_core.shell:create_environment_hook('turtlebot3_cartographer', 'cmake_prefix_path')
[0.501s] INFO:colcon.colcon_core.shell:Creating environment hook '/home/lennoxtr/EE4308/Lab_1/install/turtlebot3_cartographer/share/turtlebot3_cartographer/hook/cmake_prefix_path.ps1'
[0.501s] INFO:colcon.colcon_core.shell:Creating environment descriptor '/home/lennoxtr/EE4308/Lab_1/install/turtlebot3_cartographer/share/turtlebot3_cartographer/hook/cmake_prefix_path.dsv'
[0.501s] INFO:colcon.colcon_core.shell:Creating environment hook '/home/lennoxtr/EE4308/Lab_1/install/turtlebot3_cartographer/share/turtlebot3_cartographer/hook/cmake_prefix_path.sh'
[0.502s] Level 1:colcon.colcon_core.environment:checking '/home/lennoxtr/EE4308/Lab_1/install/turtlebot3_cartographer/bin'
[0.502s] Level 1:colcon.colcon_core.environment:checking '/home/lennoxtr/EE4308/Lab_1/install/turtlebot3_cartographer/lib/pkgconfig/turtlebot3_cartographer.pc'
[0.502s] Level 1:colcon.colcon_core.environment:checking '/home/lennoxtr/EE4308/Lab_1/install/turtlebot3_cartographer/lib/python3.10/site-packages'
[0.502s] Level 1:colcon.colcon_core.environment:checking '/home/lennoxtr/EE4308/Lab_1/install/turtlebot3_cartographer/bin'
[0.503s] INFO:colcon.colcon_core.shell:Creating package script '/home/lennoxtr/EE4308/Lab_1/install/turtlebot3_cartographer/share/turtlebot3_cartographer/package.ps1'
[0.503s] INFO:colcon.colcon_core.shell:Creating package descriptor '/home/lennoxtr/EE4308/Lab_1/install/turtlebot3_cartographer/share/turtlebot3_cartographer/package.dsv'
[0.503s] INFO:colcon.colcon_core.shell:Creating package script '/home/lennoxtr/EE4308/Lab_1/install/turtlebot3_cartographer/share/turtlebot3_cartographer/package.sh'
[0.504s] INFO:colcon.colcon_core.shell:Creating package script '/home/lennoxtr/EE4308/Lab_1/install/turtlebot3_cartographer/share/turtlebot3_cartographer/package.bash'
[0.504s] INFO:colcon.colcon_core.shell:Creating package script '/home/lennoxtr/EE4308/Lab_1/install/turtlebot3_cartographer/share/turtlebot3_cartographer/package.zsh'
[0.504s] Level 1:colcon.colcon_core.environment:create_file_with_runtime_dependencies(/home/lennoxtr/EE4308/Lab_1/install/turtlebot3_cartographer/share/colcon-core/packages/turtlebot3_cartographer)
[0.505s] Level 1:colcon.colcon_core.environment:create_environment_scripts_only(turtlebot3_cartographer)
[0.505s] Level 1:colcon.colcon_core.environment:checking '/home/lennoxtr/EE4308/Lab_1/install/turtlebot3_cartographer' for CMake module files
[0.506s] Level 1:colcon.colcon_core.environment:checking '/home/lennoxtr/EE4308/Lab_1/install/turtlebot3_cartographer' for CMake config files
[0.506s] Level 1:colcon.colcon_core.shell:create_environment_hook('turtlebot3_cartographer', 'cmake_prefix_path')
[0.506s] INFO:colcon.colcon_core.shell:Creating environment hook '/home/lennoxtr/EE4308/Lab_1/install/turtlebot3_cartographer/share/turtlebot3_cartographer/hook/cmake_prefix_path.ps1'
[0.507s] INFO:colcon.colcon_core.shell:Creating environment descriptor '/home/lennoxtr/EE4308/Lab_1/install/turtlebot3_cartographer/share/turtlebot3_cartographer/hook/cmake_prefix_path.dsv'
[0.507s] INFO:colcon.colcon_core.shell:Creating environment hook '/home/lennoxtr/EE4308/Lab_1/install/turtlebot3_cartographer/share/turtlebot3_cartographer/hook/cmake_prefix_path.sh'
[0.507s] Level 1:colcon.colcon_core.environment:checking '/home/lennoxtr/EE4308/Lab_1/install/turtlebot3_cartographer/bin'
[0.508s] Level 1:colcon.colcon_core.environment:checking '/home/lennoxtr/EE4308/Lab_1/install/turtlebot3_cartographer/lib/pkgconfig/turtlebot3_cartographer.pc'
[0.508s] Level 1:colcon.colcon_core.environment:checking '/home/lennoxtr/EE4308/Lab_1/install/turtlebot3_cartographer/lib/python3.10/site-packages'
[0.508s] Level 1:colcon.colcon_core.environment:checking '/home/lennoxtr/EE4308/Lab_1/install/turtlebot3_cartographer/bin'
[0.508s] INFO:colcon.colcon_core.shell:Creating package script '/home/lennoxtr/EE4308/Lab_1/install/turtlebot3_cartographer/share/turtlebot3_cartographer/package.ps1'
[0.509s] INFO:colcon.colcon_core.shell:Creating package descriptor '/home/lennoxtr/EE4308/Lab_1/install/turtlebot3_cartographer/share/turtlebot3_cartographer/package.dsv'
[0.509s] INFO:colcon.colcon_core.shell:Creating package script '/home/lennoxtr/EE4308/Lab_1/install/turtlebot3_cartographer/share/turtlebot3_cartographer/package.sh'
[0.509s] INFO:colcon.colcon_core.shell:Creating package script '/home/lennoxtr/EE4308/Lab_1/install/turtlebot3_cartographer/share/turtlebot3_cartographer/package.bash'
[0.510s] INFO:colcon.colcon_core.shell:Creating package script '/home/lennoxtr/EE4308/Lab_1/install/turtlebot3_cartographer/share/turtlebot3_cartographer/package.zsh'
[0.510s] Level 1:colcon.colcon_core.environment:create_file_with_runtime_dependencies(/home/lennoxtr/EE4308/Lab_1/install/turtlebot3_cartographer/share/colcon-core/packages/turtlebot3_cartographer)
[0.516s] DEBUG:colcon.colcon_core.event_handler.log_command:Invoking command in '/home/lennoxtr/EE4308/Lab_1/build/ee4308_turtle': CMAKE_PREFIX_PATH=/home/lennoxtr/EE4308/Lab_1/install/ee4308_core:/home/lennoxtr/EE4308/Lab_1/install/turtlebot3_simulations:/home/lennoxtr/EE4308/Lab_1/install/turtlebot3_msgs:/home/lennoxtr/EE4308/Lab_1/install/turtlebot3_gazebo:/home/lennoxtr/EE4308/Lab_1/install/turtlebot3_description:/home/lennoxtr/EE4308/Lab_1/install/turtlebot3_cartographer:/home/lennoxtr/EE4308/Lab_1/install/ee4308_turtle:/home/lennoxtr/EE4308/Lab_1/install/ee4308_bringup:/opt/ros/humble /usr/bin/cmake --build /home/lennoxtr/EE4308/Lab_1/build/ee4308_turtle -- -j6 -l6
[0.516s] DEBUG:colcon.colcon_core.event_handler.log_command:Invoked command in '/home/lennoxtr/EE4308/Lab_1/build/turtlebot3_gazebo' returned '0': CMAKE_PREFIX_PATH=${CMAKE_PREFIX_PATH}:/opt/ros/humble /usr/bin/cmake --build /home/lennoxtr/EE4308/Lab_1/build/turtlebot3_gazebo -- -j6 -l6
[0.517s] DEBUG:colcon.colcon_core.event_handler.log_command:Invoking command in '/home/lennoxtr/EE4308/Lab_1/build/turtlebot3_gazebo': CMAKE_PREFIX_PATH=${CMAKE_PREFIX_PATH}:/opt/ros/humble /usr/bin/cmake --install /home/lennoxtr/EE4308/Lab_1/build/turtlebot3_gazebo
[0.554s] Level 1:colcon.colcon_core.environment:create_environment_scripts_only(turtlebot3_gazebo)
[0.554s] Level 1:colcon.colcon_core.environment:checking '/home/lennoxtr/EE4308/Lab_1/install/turtlebot3_gazebo' for CMake module files
[0.555s] DEBUG:colcon.colcon_core.event_handler.log_command:Invoked command in '/home/lennoxtr/EE4308/Lab_1/build/turtlebot3_gazebo' returned '0': CMAKE_PREFIX_PATH=${CMAKE_PREFIX_PATH}:/opt/ros/humble /usr/bin/cmake --install /home/lennoxtr/EE4308/Lab_1/build/turtlebot3_gazebo
[0.555s] Level 1:colcon.colcon_core.environment:checking '/home/lennoxtr/EE4308/Lab_1/install/turtlebot3_gazebo' for CMake config files
[0.556s] Level 1:colcon.colcon_core.shell:create_environment_hook('turtlebot3_gazebo', 'cmake_prefix_path')
[0.556s] INFO:colcon.colcon_core.shell:Creating environment hook '/home/lennoxtr/EE4308/Lab_1/install/turtlebot3_gazebo/share/turtlebot3_gazebo/hook/cmake_prefix_path.ps1'
[0.557s] INFO:colcon.colcon_core.shell:Creating environment descriptor '/home/lennoxtr/EE4308/Lab_1/install/turtlebot3_gazebo/share/turtlebot3_gazebo/hook/cmake_prefix_path.dsv'
[0.557s] INFO:colcon.colcon_core.shell:Creating environment hook '/home/lennoxtr/EE4308/Lab_1/install/turtlebot3_gazebo/share/turtlebot3_gazebo/hook/cmake_prefix_path.sh'
[0.558s] Level 1:colcon.colcon_core.environment:checking '/home/lennoxtr/EE4308/Lab_1/install/turtlebot3_gazebo/lib'
[0.558s] Level 1:colcon.colcon_core.environment:checking '/home/lennoxtr/EE4308/Lab_1/install/turtlebot3_gazebo/bin'
[0.558s] Level 1:colcon.colcon_core.environment:checking '/home/lennoxtr/EE4308/Lab_1/install/turtlebot3_gazebo/lib/pkgconfig/turtlebot3_gazebo.pc'
[0.558s] Level 1:colcon.colcon_core.environment:checking '/home/lennoxtr/EE4308/Lab_1/install/turtlebot3_gazebo/lib/python3.10/site-packages'
[0.558s] Level 1:colcon.colcon_core.environment:checking '/home/lennoxtr/EE4308/Lab_1/install/turtlebot3_gazebo/bin'
[0.559s] INFO:colcon.colcon_core.shell:Creating package script '/home/lennoxtr/EE4308/Lab_1/install/turtlebot3_gazebo/share/turtlebot3_gazebo/package.ps1'
[0.559s] INFO:colcon.colcon_core.shell:Creating package descriptor '/home/lennoxtr/EE4308/Lab_1/install/turtlebot3_gazebo/share/turtlebot3_gazebo/package.dsv'
[0.559s] INFO:colcon.colcon_core.shell:Creating package script '/home/lennoxtr/EE4308/Lab_1/install/turtlebot3_gazebo/share/turtlebot3_gazebo/package.sh'
[0.560s] INFO:colcon.colcon_core.shell:Creating package script '/home/lennoxtr/EE4308/Lab_1/install/turtlebot3_gazebo/share/turtlebot3_gazebo/package.bash'
[0.560s] INFO:colcon.colcon_core.shell:Creating package script '/home/lennoxtr/EE4308/Lab_1/install/turtlebot3_gazebo/share/turtlebot3_gazebo/package.zsh'
[0.561s] Level 1:colcon.colcon_core.environment:create_file_with_runtime_dependencies(/home/lennoxtr/EE4308/Lab_1/install/turtlebot3_gazebo/share/colcon-core/packages/turtlebot3_gazebo)
[0.561s] Level 1:colcon.colcon_core.environment:create_environment_scripts_only(turtlebot3_gazebo)
[0.561s] Level 1:colcon.colcon_core.environment:checking '/home/lennoxtr/EE4308/Lab_1/install/turtlebot3_gazebo' for CMake module files
[0.562s] Level 1:colcon.colcon_core.environment:checking '/home/lennoxtr/EE4308/Lab_1/install/turtlebot3_gazebo' for CMake config files
[0.563s] Level 1:colcon.colcon_core.shell:create_environment_hook('turtlebot3_gazebo', 'cmake_prefix_path')
[0.563s] INFO:colcon.colcon_core.shell:Creating environment hook '/home/lennoxtr/EE4308/Lab_1/install/turtlebot3_gazebo/share/turtlebot3_gazebo/hook/cmake_prefix_path.ps1'
[0.563s] INFO:colcon.colcon_core.shell:Creating environment descriptor '/home/lennoxtr/EE4308/Lab_1/install/turtlebot3_gazebo/share/turtlebot3_gazebo/hook/cmake_prefix_path.dsv'
[0.564s] INFO:colcon.colcon_core.shell:Creating environment hook '/home/lennoxtr/EE4308/Lab_1/install/turtlebot3_gazebo/share/turtlebot3_gazebo/hook/cmake_prefix_path.sh'
[0.564s] Level 1:colcon.colcon_core.environment:checking '/home/lennoxtr/EE4308/Lab_1/install/turtlebot3_gazebo/lib'
[0.564s] Level 1:colcon.colcon_core.environment:checking '/home/lennoxtr/EE4308/Lab_1/install/turtlebot3_gazebo/bin'
[0.565s] Level 1:colcon.colcon_core.environment:checking '/home/lennoxtr/EE4308/Lab_1/install/turtlebot3_gazebo/lib/pkgconfig/turtlebot3_gazebo.pc'
[0.565s] Level 1:colcon.colcon_core.environment:checking '/home/lennoxtr/EE4308/Lab_1/install/turtlebot3_gazebo/lib/python3.10/site-packages'
[0.565s] Level 1:colcon.colcon_core.environment:checking '/home/lennoxtr/EE4308/Lab_1/install/turtlebot3_gazebo/bin'
[0.565s] INFO:colcon.colcon_core.shell:Creating package script '/home/lennoxtr/EE4308/Lab_1/install/turtlebot3_gazebo/share/turtlebot3_gazebo/package.ps1'
[0.566s] INFO:colcon.colcon_core.shell:Creating package descriptor '/home/lennoxtr/EE4308/Lab_1/install/turtlebot3_gazebo/share/turtlebot3_gazebo/package.dsv'
[0.566s] INFO:colcon.colcon_core.shell:Creating package script '/home/lennoxtr/EE4308/Lab_1/install/turtlebot3_gazebo/share/turtlebot3_gazebo/package.sh'
[0.567s] INFO:colcon.colcon_core.shell:Creating package script '/home/lennoxtr/EE4308/Lab_1/install/turtlebot3_gazebo/share/turtlebot3_gazebo/package.bash'
[0.567s] INFO:colcon.colcon_core.shell:Creating package script '/home/lennoxtr/EE4308/Lab_1/install/turtlebot3_gazebo/share/turtlebot3_gazebo/package.zsh'
[0.567s] Level 1:colcon.colcon_core.environment:create_file_with_runtime_dependencies(/home/lennoxtr/EE4308/Lab_1/install/turtlebot3_gazebo/share/colcon-core/packages/turtlebot3_gazebo)
[0.568s] INFO:colcon.colcon_ros.task.ament_cmake.build:Building ROS package in '/home/lennoxtr/EE4308/Lab_1/src/turtlebot3_simulations' with build type 'ament_cmake'
[0.568s] INFO:colcon.colcon_cmake.task.cmake.build:Building CMake package in '/home/lennoxtr/EE4308/Lab_1/src/turtlebot3_simulations'
[0.568s] INFO:colcon.colcon_core.shell:Skip shell extension 'powershell' for command environment: Not usable outside of PowerShell
[0.568s] DEBUG:colcon.colcon_core.shell:Skip shell extension 'dsv' for command environment
[0.578s] DEBUG:colcon.colcon_core.event_handler.log_command:Invoking command in '/home/lennoxtr/EE4308/Lab_1/build/turtlebot3_simulations': CMAKE_PREFIX_PATH=/home/lennoxtr/EE4308/Lab_1/install/turtlebot3_gazebo:/home/lennoxtr/EE4308/Lab_1/install/turtlebot3_simulations:/home/lennoxtr/EE4308/Lab_1/install/turtlebot3_msgs:/home/lennoxtr/EE4308/Lab_1/install/turtlebot3_description:/home/lennoxtr/EE4308/Lab_1/install/turtlebot3_cartographer:/home/lennoxtr/EE4308/Lab_1/install/ee4308_turtle:/home/lennoxtr/EE4308/Lab_1/install/ee4308_core:/home/lennoxtr/EE4308/Lab_1/install/ee4308_bringup:/opt/ros/humble /usr/bin/cmake --build /home/lennoxtr/EE4308/Lab_1/build/turtlebot3_simulations -- -j6 -l6
[0.618s] DEBUG:colcon.colcon_core.event_handler.log_command:Invoked command in '/home/lennoxtr/EE4308/Lab_1/build/turtlebot3_simulations' returned '0': CMAKE_PREFIX_PATH=/home/lennoxtr/EE4308/Lab_1/install/turtlebot3_gazebo:/home/lennoxtr/EE4308/Lab_1/install/turtlebot3_simulations:/home/lennoxtr/EE4308/Lab_1/install/turtlebot3_msgs:/home/lennoxtr/EE4308/Lab_1/install/turtlebot3_description:/home/lennoxtr/EE4308/Lab_1/install/turtlebot3_cartographer:/home/lennoxtr/EE4308/Lab_1/install/ee4308_turtle:/home/lennoxtr/EE4308/Lab_1/install/ee4308_core:/home/lennoxtr/EE4308/Lab_1/install/ee4308_bringup:/opt/ros/humble /usr/bin/cmake --build /home/lennoxtr/EE4308/Lab_1/build/turtlebot3_simulations -- -j6 -l6
[0.619s] DEBUG:colcon.colcon_core.event_handler.log_command:Invoking command in '/home/lennoxtr/EE4308/Lab_1/build/turtlebot3_simulations': CMAKE_PREFIX_PATH=/home/lennoxtr/EE4308/Lab_1/install/turtlebot3_gazebo:/home/lennoxtr/EE4308/Lab_1/install/turtlebot3_simulations:/home/lennoxtr/EE4308/Lab_1/install/turtlebot3_msgs:/home/lennoxtr/EE4308/Lab_1/install/turtlebot3_description:/home/lennoxtr/EE4308/Lab_1/install/turtlebot3_cartographer:/home/lennoxtr/EE4308/Lab_1/install/ee4308_turtle:/home/lennoxtr/EE4308/Lab_1/install/ee4308_core:/home/lennoxtr/EE4308/Lab_1/install/ee4308_bringup:/opt/ros/humble /usr/bin/cmake --install /home/lennoxtr/EE4308/Lab_1/build/turtlebot3_simulations
[0.636s] Level 1:colcon.colcon_core.environment:create_environment_scripts_only(turtlebot3_simulations)
[0.636s] Level 1:colcon.colcon_core.environment:checking '/home/lennoxtr/EE4308/Lab_1/install/turtlebot3_simulations' for CMake module files
[0.637s] DEBUG:colcon.colcon_core.event_handler.log_command:Invoked command in '/home/lennoxtr/EE4308/Lab_1/build/turtlebot3_simulations' returned '0': CMAKE_PREFIX_PATH=/home/lennoxtr/EE4308/Lab_1/install/turtlebot3_gazebo:/home/lennoxtr/EE4308/Lab_1/install/turtlebot3_simulations:/home/lennoxtr/EE4308/Lab_1/install/turtlebot3_msgs:/home/lennoxtr/EE4308/Lab_1/install/turtlebot3_description:/home/lennoxtr/EE4308/Lab_1/install/turtlebot3_cartographer:/home/lennoxtr/EE4308/Lab_1/install/ee4308_turtle:/home/lennoxtr/EE4308/Lab_1/install/ee4308_core:/home/lennoxtr/EE4308/Lab_1/install/ee4308_bringup:/opt/ros/humble /usr/bin/cmake --install /home/lennoxtr/EE4308/Lab_1/build/turtlebot3_simulations
[0.637s] Level 1:colcon.colcon_core.environment:checking '/home/lennoxtr/EE4308/Lab_1/install/turtlebot3_simulations' for CMake config files
[0.637s] Level 1:colcon.colcon_core.shell:create_environment_hook('turtlebot3_simulations', 'cmake_prefix_path')
[0.637s] INFO:colcon.colcon_core.shell:Creating environment hook '/home/lennoxtr/EE4308/Lab_1/install/turtlebot3_simulations/share/turtlebot3_simulations/hook/cmake_prefix_path.ps1'
[0.638s] INFO:colcon.colcon_core.shell:Creating environment descriptor '/home/lennoxtr/EE4308/Lab_1/install/turtlebot3_simulations/share/turtlebot3_simulations/hook/cmake_prefix_path.dsv'
[0.638s] INFO:colcon.colcon_core.shell:Creating environment hook '/home/lennoxtr/EE4308/Lab_1/install/turtlebot3_simulations/share/turtlebot3_simulations/hook/cmake_prefix_path.sh'
[0.639s] Level 1:colcon.colcon_core.environment:checking '/home/lennoxtr/EE4308/Lab_1/install/turtlebot3_simulations/bin'
[0.639s] Level 1:colcon.colcon_core.environment:checking '/home/lennoxtr/EE4308/Lab_1/install/turtlebot3_simulations/lib/pkgconfig/turtlebot3_simulations.pc'
[0.639s] Level 1:colcon.colcon_core.environment:checking '/home/lennoxtr/EE4308/Lab_1/install/turtlebot3_simulations/lib/python3.10/site-packages'
[0.639s] Level 1:colcon.colcon_core.environment:checking '/home/lennoxtr/EE4308/Lab_1/install/turtlebot3_simulations/bin'
[0.639s] INFO:colcon.colcon_core.shell:Creating package script '/home/lennoxtr/EE4308/Lab_1/install/turtlebot3_simulations/share/turtlebot3_simulations/package.ps1'
[0.640s] INFO:colcon.colcon_core.shell:Creating package descriptor '/home/lennoxtr/EE4308/Lab_1/install/turtlebot3_simulations/share/turtlebot3_simulations/package.dsv'
[0.640s] INFO:colcon.colcon_core.shell:Creating package script '/home/lennoxtr/EE4308/Lab_1/install/turtlebot3_simulations/share/turtlebot3_simulations/package.sh'
[0.641s] INFO:colcon.colcon_core.shell:Creating package script '/home/lennoxtr/EE4308/Lab_1/install/turtlebot3_simulations/share/turtlebot3_simulations/package.bash'
[0.641s] INFO:colcon.colcon_core.shell:Creating package script '/home/lennoxtr/EE4308/Lab_1/install/turtlebot3_simulations/share/turtlebot3_simulations/package.zsh'
[0.641s] Level 1:colcon.colcon_core.environment:create_file_with_runtime_dependencies(/home/lennoxtr/EE4308/Lab_1/install/turtlebot3_simulations/share/colcon-core/packages/turtlebot3_simulations)
[0.642s] Level 1:colcon.colcon_core.environment:create_environment_scripts_only(turtlebot3_simulations)
[0.642s] Level 1:colcon.colcon_core.environment:checking '/home/lennoxtr/EE4308/Lab_1/install/turtlebot3_simulations' for CMake module files
[0.642s] Level 1:colcon.colcon_core.environment:checking '/home/lennoxtr/EE4308/Lab_1/install/turtlebot3_simulations' for CMake config files
[0.643s] Level 1:colcon.colcon_core.shell:create_environment_hook('turtlebot3_simulations', 'cmake_prefix_path')
[0.643s] INFO:colcon.colcon_core.shell:Creating environment hook '/home/lennoxtr/EE4308/Lab_1/install/turtlebot3_simulations/share/turtlebot3_simulations/hook/cmake_prefix_path.ps1'
[0.643s] INFO:colcon.colcon_core.shell:Creating environment descriptor '/home/lennoxtr/EE4308/Lab_1/install/turtlebot3_simulations/share/turtlebot3_simulations/hook/cmake_prefix_path.dsv'
[0.643s] INFO:colcon.colcon_core.shell:Creating environment hook '/home/lennoxtr/EE4308/Lab_1/install/turtlebot3_simulations/share/turtlebot3_simulations/hook/cmake_prefix_path.sh'
[0.644s] Level 1:colcon.colcon_core.environment:checking '/home/lennoxtr/EE4308/Lab_1/install/turtlebot3_simulations/bin'
[0.644s] Level 1:colcon.colcon_core.environment:checking '/home/lennoxtr/EE4308/Lab_1/install/turtlebot3_simulations/lib/pkgconfig/turtlebot3_simulations.pc'
[0.644s] Level 1:colcon.colcon_core.environment:checking '/home/lennoxtr/EE4308/Lab_1/install/turtlebot3_simulations/lib/python3.10/site-packages'
[0.644s] Level 1:colcon.colcon_core.environment:checking '/home/lennoxtr/EE4308/Lab_1/install/turtlebot3_simulations/bin'
[0.645s] INFO:colcon.colcon_core.shell:Creating package script '/home/lennoxtr/EE4308/Lab_1/install/turtlebot3_simulations/share/turtlebot3_simulations/package.ps1'
[0.645s] INFO:colcon.colcon_core.shell:Creating package descriptor '/home/lennoxtr/EE4308/Lab_1/install/turtlebot3_simulations/share/turtlebot3_simulations/package.dsv'
[0.646s] INFO:colcon.colcon_core.shell:Creating package script '/home/lennoxtr/EE4308/Lab_1/install/turtlebot3_simulations/share/turtlebot3_simulations/package.sh'
[0.646s] INFO:colcon.colcon_core.shell:Creating package script '/home/lennoxtr/EE4308/Lab_1/install/turtlebot3_simulations/share/turtlebot3_simulations/package.bash'
[0.646s] INFO:colcon.colcon_core.shell:Creating package script '/home/lennoxtr/EE4308/Lab_1/install/turtlebot3_simulations/share/turtlebot3_simulations/package.zsh'
[0.647s] Level 1:colcon.colcon_core.environment:create_file_with_runtime_dependencies(/home/lennoxtr/EE4308/Lab_1/install/turtlebot3_simulations/share/colcon-core/packages/turtlebot3_simulations)
[5.759s] DEBUG:colcon.colcon_core.event_handler.log_command:Invoked command in '/home/lennoxtr/EE4308/Lab_1/build/ee4308_turtle' returned '0': CMAKE_PREFIX_PATH=/home/lennoxtr/EE4308/Lab_1/install/ee4308_core:/home/lennoxtr/EE4308/Lab_1/install/turtlebot3_simulations:/home/lennoxtr/EE4308/Lab_1/install/turtlebot3_msgs:/home/lennoxtr/EE4308/Lab_1/install/turtlebot3_gazebo:/home/lennoxtr/EE4308/Lab_1/install/turtlebot3_description:/home/lennoxtr/EE4308/Lab_1/install/turtlebot3_cartographer:/home/lennoxtr/EE4308/Lab_1/install/ee4308_turtle:/home/lennoxtr/EE4308/Lab_1/install/ee4308_bringup:/opt/ros/humble /usr/bin/cmake --build /home/lennoxtr/EE4308/Lab_1/build/ee4308_turtle -- -j6 -l6
[5.761s] DEBUG:colcon.colcon_core.event_handler.log_command:Invoking command in '/home/lennoxtr/EE4308/Lab_1/build/ee4308_turtle': CMAKE_PREFIX_PATH=/home/lennoxtr/EE4308/Lab_1/install/ee4308_core:/home/lennoxtr/EE4308/Lab_1/install/turtlebot3_simulations:/home/lennoxtr/EE4308/Lab_1/install/turtlebot3_msgs:/home/lennoxtr/EE4308/Lab_1/install/turtlebot3_gazebo:/home/lennoxtr/EE4308/Lab_1/install/turtlebot3_description:/home/lennoxtr/EE4308/Lab_1/install/turtlebot3_cartographer:/home/lennoxtr/EE4308/Lab_1/install/ee4308_turtle:/home/lennoxtr/EE4308/Lab_1/install/ee4308_bringup:/opt/ros/humble /usr/bin/cmake --install /home/lennoxtr/EE4308/Lab_1/build/ee4308_turtle
[5.783s] Level 1:colcon.colcon_core.environment:create_environment_scripts_only(ee4308_turtle)
[5.783s] Level 1:colcon.colcon_core.environment:checking '/home/lennoxtr/EE4308/Lab_1/install/ee4308_turtle' for CMake module files
[5.783s] DEBUG:colcon.colcon_core.event_handler.log_command:Invoked command in '/home/lennoxtr/EE4308/Lab_1/build/ee4308_turtle' returned '0': CMAKE_PREFIX_PATH=/home/lennoxtr/EE4308/Lab_1/install/ee4308_core:/home/lennoxtr/EE4308/Lab_1/install/turtlebot3_simulations:/home/lennoxtr/EE4308/Lab_1/install/turtlebot3_msgs:/home/lennoxtr/EE4308/Lab_1/install/turtlebot3_gazebo:/home/lennoxtr/EE4308/Lab_1/install/turtlebot3_description:/home/lennoxtr/EE4308/Lab_1/install/turtlebot3_cartographer:/home/lennoxtr/EE4308/Lab_1/install/ee4308_turtle:/home/lennoxtr/EE4308/Lab_1/install/ee4308_bringup:/opt/ros/humble /usr/bin/cmake --install /home/lennoxtr/EE4308/Lab_1/build/ee4308_turtle
[5.784s] Level 1:colcon.colcon_core.environment:checking '/home/lennoxtr/EE4308/Lab_1/install/ee4308_turtle' for CMake config files
[5.784s] Level 1:colcon.colcon_core.shell:create_environment_hook('ee4308_turtle', 'cmake_prefix_path')
[5.784s] INFO:colcon.colcon_core.shell:Creating environment hook '/home/lennoxtr/EE4308/Lab_1/install/ee4308_turtle/share/ee4308_turtle/hook/cmake_prefix_path.ps1'
[5.785s] INFO:colcon.colcon_core.shell:Creating environment descriptor '/home/lennoxtr/EE4308/Lab_1/install/ee4308_turtle/share/ee4308_turtle/hook/cmake_prefix_path.dsv'
[5.785s] INFO:colcon.colcon_core.shell:Creating environment hook '/home/lennoxtr/EE4308/Lab_1/install/ee4308_turtle/share/ee4308_turtle/hook/cmake_prefix_path.sh'
[5.786s] Level 1:colcon.colcon_core.environment:checking '/home/lennoxtr/EE4308/Lab_1/install/ee4308_turtle/lib'
[5.786s] Level 1:colcon.colcon_core.shell:create_environment_hook('ee4308_turtle', 'ld_library_path_lib')
[5.786s] INFO:colcon.colcon_core.shell:Creating environment hook '/home/lennoxtr/EE4308/Lab_1/install/ee4308_turtle/share/ee4308_turtle/hook/ld_library_path_lib.ps1'
[5.786s] INFO:colcon.colcon_core.shell:Creating environment descriptor '/home/lennoxtr/EE4308/Lab_1/install/ee4308_turtle/share/ee4308_turtle/hook/ld_library_path_lib.dsv'
[5.787s] INFO:colcon.colcon_core.shell:Creating environment hook '/home/lennoxtr/EE4308/Lab_1/install/ee4308_turtle/share/ee4308_turtle/hook/ld_library_path_lib.sh'
[5.787s] Level 1:colcon.colcon_core.environment:checking '/home/lennoxtr/EE4308/Lab_1/install/ee4308_turtle/bin'
[5.787s] Level 1:colcon.colcon_core.environment:checking '/home/lennoxtr/EE4308/Lab_1/install/ee4308_turtle/lib/pkgconfig/ee4308_turtle.pc'
[5.787s] Level 1:colcon.colcon_core.environment:checking '/home/lennoxtr/EE4308/Lab_1/install/ee4308_turtle/lib/python3.10/site-packages'
[5.788s] Level 1:colcon.colcon_core.environment:checking '/home/lennoxtr/EE4308/Lab_1/install/ee4308_turtle/bin'
[5.788s] INFO:colcon.colcon_core.shell:Creating package script '/home/lennoxtr/EE4308/Lab_1/install/ee4308_turtle/share/ee4308_turtle/package.ps1'
[5.788s] INFO:colcon.colcon_core.shell:Creating package descriptor '/home/lennoxtr/EE4308/Lab_1/install/ee4308_turtle/share/ee4308_turtle/package.dsv'
[5.789s] INFO:colcon.colcon_core.shell:Creating package script '/home/lennoxtr/EE4308/Lab_1/install/ee4308_turtle/share/ee4308_turtle/package.sh'
[5.789s] INFO:colcon.colcon_core.shell:Creating package script '/home/lennoxtr/EE4308/Lab_1/install/ee4308_turtle/share/ee4308_turtle/package.bash'
[5.790s] INFO:colcon.colcon_core.shell:Creating package script '/home/lennoxtr/EE4308/Lab_1/install/ee4308_turtle/share/ee4308_turtle/package.zsh'
[5.790s] Level 1:colcon.colcon_core.environment:create_file_with_runtime_dependencies(/home/lennoxtr/EE4308/Lab_1/install/ee4308_turtle/share/colcon-core/packages/ee4308_turtle)
[5.791s] Level 1:colcon.colcon_core.environment:create_environment_scripts_only(ee4308_turtle)
[5.791s] Level 1:colcon.colcon_core.environment:checking '/home/lennoxtr/EE4308/Lab_1/install/ee4308_turtle' for CMake module files
[5.791s] Level 1:colcon.colcon_core.environment:checking '/home/lennoxtr/EE4308/Lab_1/install/ee4308_turtle' for CMake config files
[5.792s] Level 1:colcon.colcon_core.shell:create_environment_hook('ee4308_turtle', 'cmake_prefix_path')
[5.792s] INFO:colcon.colcon_core.shell:Creating environment hook '/home/lennoxtr/EE4308/Lab_1/install/ee4308_turtle/share/ee4308_turtle/hook/cmake_prefix_path.ps1'
[5.792s] INFO:colcon.colcon_core.shell:Creating environment descriptor '/home/lennoxtr/EE4308/Lab_1/install/ee4308_turtle/share/ee4308_turtle/hook/cmake_prefix_path.dsv'
[5.792s] INFO:colcon.colcon_core.shell:Creating environment hook '/home/lennoxtr/EE4308/Lab_1/install/ee4308_turtle/share/ee4308_turtle/hook/cmake_prefix_path.sh'
[5.793s] Level 1:colcon.colcon_core.environment:checking '/home/lennoxtr/EE4308/Lab_1/install/ee4308_turtle/lib'
[5.793s] Level 1:colcon.colcon_core.shell:create_environment_hook('ee4308_turtle', 'ld_library_path_lib')
[5.793s] INFO:colcon.colcon_core.shell:Creating environment hook '/home/lennoxtr/EE4308/Lab_1/install/ee4308_turtle/share/ee4308_turtle/hook/ld_library_path_lib.ps1'
[5.794s] INFO:colcon.colcon_core.shell:Creating environment descriptor '/home/lennoxtr/EE4308/Lab_1/install/ee4308_turtle/share/ee4308_turtle/hook/ld_library_path_lib.dsv'
[5.794s] INFO:colcon.colcon_core.shell:Creating environment hook '/home/lennoxtr/EE4308/Lab_1/install/ee4308_turtle/share/ee4308_turtle/hook/ld_library_path_lib.sh'
[5.794s] Level 1:colcon.colcon_core.environment:checking '/home/lennoxtr/EE4308/Lab_1/install/ee4308_turtle/bin'
[5.795s] Level 1:colcon.colcon_core.environment:checking '/home/lennoxtr/EE4308/Lab_1/install/ee4308_turtle/lib/pkgconfig/ee4308_turtle.pc'
[5.795s] Level 1:colcon.colcon_core.environment:checking '/home/lennoxtr/EE4308/Lab_1/install/ee4308_turtle/lib/python3.10/site-packages'
[5.795s] Level 1:colcon.colcon_core.environment:checking '/home/lennoxtr/EE4308/Lab_1/install/ee4308_turtle/bin'
[5.795s] INFO:colcon.colcon_core.shell:Creating package script '/home/lennoxtr/EE4308/Lab_1/install/ee4308_turtle/share/ee4308_turtle/package.ps1'
[5.796s] INFO:colcon.colcon_core.shell:Creating package descriptor '/home/lennoxtr/EE4308/Lab_1/install/ee4308_turtle/share/ee4308_turtle/package.dsv'
[5.796s] INFO:colcon.colcon_core.shell:Creating package script '/home/lennoxtr/EE4308/Lab_1/install/ee4308_turtle/share/ee4308_turtle/package.sh'
[5.797s] INFO:colcon.colcon_core.shell:Creating package script '/home/lennoxtr/EE4308/Lab_1/install/ee4308_turtle/share/ee4308_turtle/package.bash'
[5.797s] INFO:colcon.colcon_core.shell:Creating package script '/home/lennoxtr/EE4308/Lab_1/install/ee4308_turtle/share/ee4308_turtle/package.zsh'
[5.797s] Level 1:colcon.colcon_core.environment:create_file_with_runtime_dependencies(/home/lennoxtr/EE4308/Lab_1/install/ee4308_turtle/share/colcon-core/packages/ee4308_turtle)
[5.798s] DEBUG:colcon.colcon_parallel_executor.executor.parallel:closing loop
[5.798s] DEBUG:colcon.colcon_parallel_executor.executor.parallel:loop closed
[5.798s] DEBUG:colcon.colcon_parallel_executor.executor.parallel:run_until_complete finished with '0'
[5.798s] DEBUG:colcon.colcon_core.event_reactor:joining thread
[5.804s] INFO:colcon.colcon_core.plugin_system:Skipping extension 'colcon_notification.desktop_notification.terminal_notifier': Not used on non-Darwin systems
[5.804s] INFO:colcon.colcon_core.plugin_system:Skipping extension 'colcon_notification.desktop_notification.win32': Not used on non-Windows systems
[5.804s] INFO:colcon.colcon_notification.desktop_notification:Sending desktop notification using 'notify2'
[5.819s] DEBUG:colcon.colcon_core.event_reactor:joined thread
[5.819s] INFO:colcon.colcon_core.shell:Creating prefix script '/home/lennoxtr/EE4308/Lab_1/install/local_setup.ps1'
[5.820s] INFO:colcon.colcon_core.shell:Creating prefix util module '/home/lennoxtr/EE4308/Lab_1/install/_local_setup_util_ps1.py'
[5.821s] INFO:colcon.colcon_core.shell:Creating prefix chain script '/home/lennoxtr/EE4308/Lab_1/install/setup.ps1'
[5.823s] INFO:colcon.colcon_core.shell:Creating prefix script '/home/lennoxtr/EE4308/Lab_1/install/local_setup.sh'
[5.823s] INFO:colcon.colcon_core.shell:Creating prefix util module '/home/lennoxtr/EE4308/Lab_1/install/_local_setup_util_sh.py'
[5.824s] INFO:colcon.colcon_core.shell:Creating prefix chain script '/home/lennoxtr/EE4308/Lab_1/install/setup.sh'
[5.825s] INFO:colcon.colcon_core.shell:Creating prefix script '/home/lennoxtr/EE4308/Lab_1/install/local_setup.bash'
[5.826s] INFO:colcon.colcon_core.shell:Creating prefix chain script '/home/lennoxtr/EE4308/Lab_1/install/setup.bash'
[5.828s] INFO:colcon.colcon_core.shell:Creating prefix script '/home/lennoxtr/EE4308/Lab_1/install/local_setup.zsh'
[5.828s] INFO:colcon.colcon_core.shell:Creating prefix chain script '/home/lennoxtr/EE4308/Lab_1/install/setup.zsh'
