[0.037s] Invoking command in '/home/lennoxtr/EE4308/Lab_1/build/turtlebot3_msgs': CMAKE_PREFIX_PATH=/opt/ros/humble /usr/bin/cmake /home/lennoxtr/EE4308/Lab_1/src/turtlebot3_msgs -DAMENT_CMAKE_SYMLINK_INSTALL=1 -DCMAKE_INSTALL_PREFIX=/home/lennoxtr/EE4308/Lab_1/install/turtlebot3_msgs
[0.964s] -- The C compiler identification is GNU 11.4.0
[0.964s] -- The CXX compiler identification is GNU 11.4.0
[0.964s] -- Detecting C compiler ABI info
[0.964s] -- Detecting C compiler ABI info - done
[0.964s] -- Check for working C compiler: /usr/bin/cc - skipped
[0.964s] -- Detecting C compile features
[0.964s] -- Detecting C compile features - done
[0.964s] -- Detecting CXX compiler ABI info
[0.964s] -- Detecting CXX compiler ABI info - done
[0.964s] -- Check for working CXX compiler: /usr/bin/c++ - skipped
[0.965s] -- Detecting CXX compile features
[0.965s] -- Detecting CXX compile features - done
[0.965s] -- Found action_msgs: 1.2.1 (/opt/ros/humble/share/action_msgs/cmake)
[0.965s] -- Found Python3: /usr/bin/python3 (found version "3.10.12") found components: Interpreter 
[0.965s] -- Override CMake install command with custom implementation using symlinks instead of copying resources
[0.965s] -- Found rosidl_generator_c: 3.1.6 (/opt/ros/humble/share/rosidl_generator_c/cmake)
[0.965s] -- Found rosidl_adapter: 3.1.6 (/opt/ros/humble/share/rosidl_adapter/cmake)
[0.965s] -- Found rosidl_generator_cpp: 3.1.6 (/opt/ros/humble/share/rosidl_generator_cpp/cmake)
[0.965s] -- Using all available rosidl_typesupport_c: rosidl_typesupport_fastrtps_c;rosidl_typesupport_introspection_c
[0.980s] -- Using all available rosidl_typesupport_cpp: rosidl_typesupport_fastrtps_cpp;rosidl_typesupport_introspection_cpp
[1.056s] -- Found rosidl_default_generators: 1.2.0 (/opt/ros/humble/share/rosidl_default_generators/cmake)
[1.069s] -- Found std_msgs: 4.2.4 (/opt/ros/humble/share/std_msgs/cmake)
[1.414s] -- Found ament_cmake_cppcheck: 0.12.11 (/opt/ros/humble/share/ament_cmake_cppcheck/cmake)
[1.421s] -- Found ament_cmake_cpplint: 0.12.11 (/opt/ros/humble/share/ament_cmake_cpplint/cmake)
[1.423s] -- Found ament_cmake_uncrustify: 0.12.11 (/opt/ros/humble/share/ament_cmake_uncrustify/cmake)
[1.429s] -- Found ament_cmake_ros: 0.10.0 (/opt/ros/humble/share/ament_cmake_ros/cmake)
[1.888s] -- Using all available rosidl_typesupport_c: rosidl_typesupport_fastrtps_c;rosidl_typesupport_introspection_c
[2.089s] -- Using all available rosidl_typesupport_cpp: rosidl_typesupport_fastrtps_cpp;rosidl_typesupport_introspection_cpp
[2.111s] -- Found PythonInterp: /usr/bin/python3 (found suitable version "3.10.12", minimum required is "3.6") 
[2.113s] -- Found python_cmake_module: 0.10.0 (/opt/ros/humble/share/python_cmake_module/cmake)
[2.140s] -- Found PythonLibs: /usr/lib/x86_64-linux-gnu/libpython3.10.so (found suitable version "3.10.12", minimum required is "3.5") 
[2.140s] -- Using PYTHON_EXECUTABLE: /usr/bin/python3
[2.141s] -- Using PYTHON_INCLUDE_DIRS: /usr/include/python3.10
[2.141s] -- Using PYTHON_LIBRARIES: /usr/lib/x86_64-linux-gnu/libpython3.10.so
[2.160s] -- Found PythonExtra: .so  
[2.211s] -- Found ament_cmake_flake8: 0.12.11 (/opt/ros/humble/share/ament_cmake_flake8/cmake)
[2.214s] -- Found ament_cmake_pep257: 0.12.11 (/opt/ros/humble/share/ament_cmake_pep257/cmake)
[2.229s] -- Configuring done
[2.273s] -- Generating done
[2.287s] -- Build files have been written to: /home/lennoxtr/EE4308/Lab_1/build/turtlebot3_msgs
[2.298s] Invoked command in '/home/lennoxtr/EE4308/Lab_1/build/turtlebot3_msgs' returned '0': CMAKE_PREFIX_PATH=/opt/ros/humble /usr/bin/cmake /home/lennoxtr/EE4308/Lab_1/src/turtlebot3_msgs -DAMENT_CMAKE_SYMLINK_INSTALL=1 -DCMAKE_INSTALL_PREFIX=/home/lennoxtr/EE4308/Lab_1/install/turtlebot3_msgs
[2.302s] Invoking command in '/home/lennoxtr/EE4308/Lab_1/build/turtlebot3_msgs': CMAKE_PREFIX_PATH=/opt/ros/humble /usr/bin/cmake --build /home/lennoxtr/EE4308/Lab_1/build/turtlebot3_msgs -- -j6 -l6
[2.349s] [  1%] [34m[1mGenerating C code for ROS interfaces[0m
[2.351s] [  2%] [34m[1mGenerating C++ code for ROS interfaces[0m
[2.360s] [  2%] Built target ament_cmake_python_symlink_turtlebot3_msgs
[2.672s] running egg_info
[2.674s] creating turtlebot3_msgs.egg-info
[2.674s] writing turtlebot3_msgs.egg-info/PKG-INFO
[2.674s] writing dependency_links to turtlebot3_msgs.egg-info/dependency_links.txt
[2.674s] writing top-level names to turtlebot3_msgs.egg-info/top_level.txt
[2.675s] writing manifest file 'turtlebot3_msgs.egg-info/SOURCES.txt'
[2.677s] reading manifest file 'turtlebot3_msgs.egg-info/SOURCES.txt'
[2.677s] writing manifest file 'turtlebot3_msgs.egg-info/SOURCES.txt'
[2.720s] [  2%] Built target ament_cmake_python_build_turtlebot3_msgs_egg
[4.316s] [  2%] Built target turtlebot3_msgs__cpp
[4.335s] [  4%] [34m[1mGenerating C++ type support for eProsima Fast-RTPS[0m
[4.335s] [  5%] [34m[1mGenerating C++ introspection for ROS interfaces[0m
[4.346s] [  7%] [34m[1mGenerating C++ type support dispatch for ROS interfaces[0m
[4.807s] [  8%] [32mBuilding C object CMakeFiles/turtlebot3_msgs__rosidl_generator_c.dir/rosidl_generator_c/turtlebot3_msgs/msg/detail/sensor_state__functions.c.o[0m
[4.808s] [  9%] [32mBuilding C object CMakeFiles/turtlebot3_msgs__rosidl_generator_c.dir/rosidl_generator_c/turtlebot3_msgs/msg/detail/sound__functions.c.o[0m
[4.843s] [ 11%] [32mBuilding C object CMakeFiles/turtlebot3_msgs__rosidl_generator_c.dir/rosidl_generator_c/turtlebot3_msgs/msg/detail/version_info__functions.c.o[0m
[4.981s] [ 12%] [32mBuilding C object CMakeFiles/turtlebot3_msgs__rosidl_generator_c.dir/rosidl_generator_c/turtlebot3_msgs/srv/detail/sound__functions.c.o[0m
[4.988s] [ 14%] [32mBuilding C object CMakeFiles/turtlebot3_msgs__rosidl_generator_c.dir/rosidl_generator_c/turtlebot3_msgs/srv/detail/dqn__functions.c.o[0m
[5.021s] [ 15%] [32mBuilding C object CMakeFiles/turtlebot3_msgs__rosidl_generator_c.dir/rosidl_generator_c/turtlebot3_msgs/action/detail/patrol__functions.c.o[0m
[5.639s] [ 16%] [32m[1mLinking C shared library libturtlebot3_msgs__rosidl_generator_c.so[0m
[5.796s] [ 16%] Built target turtlebot3_msgs__rosidl_generator_c
[5.849s] [ 18%] [34m[1mGenerating C introspection for ROS interfaces[0m
[5.852s] [ 19%] [34m[1mGenerating C type support for eProsima Fast-RTPS[0m
[5.882s] [ 21%] [34m[1mGenerating C type support dispatch for ROS interfaces[0m
[7.504s] [ 22%] [32mBuilding CXX object CMakeFiles/turtlebot3_msgs__rosidl_typesupport_cpp.dir/rosidl_typesupport_cpp/turtlebot3_msgs/msg/sensor_state__type_support.cpp.o[0m
[7.952s] [ 23%] [32mBuilding CXX object CMakeFiles/turtlebot3_msgs__rosidl_typesupport_introspection_cpp.dir/rosidl_typesupport_introspection_cpp/turtlebot3_msgs/msg/detail/sensor_state__type_support.cpp.o[0m
[8.326s] [ 25%] [32mBuilding CXX object CMakeFiles/turtlebot3_msgs__rosidl_typesupport_fastrtps_cpp.dir/rosidl_typesupport_fastrtps_cpp/turtlebot3_msgs/msg/detail/dds_fastrtps/sensor_state__type_support.cpp.o[0m
[8.787s] [ 26%] [32mBuilding CXX object CMakeFiles/turtlebot3_msgs__rosidl_typesupport_cpp.dir/rosidl_typesupport_cpp/turtlebot3_msgs/msg/sound__type_support.cpp.o[0m
[8.892s] [ 28%] [32mBuilding C object CMakeFiles/turtlebot3_msgs__rosidl_typesupport_introspection_c.dir/rosidl_typesupport_introspection_c/turtlebot3_msgs/msg/detail/sensor_state__type_support.c.o[0m
[8.990s] [ 29%] [32mBuilding CXX object CMakeFiles/turtlebot3_msgs__rosidl_typesupport_c.dir/rosidl_typesupport_c/turtlebot3_msgs/msg/sensor_state__type_support.cpp.o[0m
[8.995s] [ 30%] [32mBuilding C object CMakeFiles/turtlebot3_msgs__rosidl_typesupport_introspection_c.dir/rosidl_typesupport_introspection_c/turtlebot3_msgs/msg/detail/sound__type_support.c.o[0m
[9.090s] [ 32%] [32mBuilding C object CMakeFiles/turtlebot3_msgs__rosidl_typesupport_introspection_c.dir/rosidl_typesupport_introspection_c/turtlebot3_msgs/msg/detail/version_info__type_support.c.o[0m
[9.124s] [ 33%] [32mBuilding CXX object CMakeFiles/turtlebot3_msgs__rosidl_typesupport_c.dir/rosidl_typesupport_c/turtlebot3_msgs/msg/sound__type_support.cpp.o[0m
[9.163s] [ 35%] [32mBuilding C object CMakeFiles/turtlebot3_msgs__rosidl_typesupport_introspection_c.dir/rosidl_typesupport_introspection_c/turtlebot3_msgs/srv/detail/sound__type_support.c.o[0m
[9.222s] [ 36%] [32mBuilding CXX object CMakeFiles/turtlebot3_msgs__rosidl_typesupport_c.dir/rosidl_typesupport_c/turtlebot3_msgs/msg/version_info__type_support.cpp.o[0m
[9.261s] [ 38%] [32mBuilding C object CMakeFiles/turtlebot3_msgs__rosidl_typesupport_introspection_c.dir/rosidl_typesupport_introspection_c/turtlebot3_msgs/srv/detail/dqn__type_support.c.o[0m
[9.280s] [ 39%] [32mBuilding CXX object CMakeFiles/turtlebot3_msgs__rosidl_typesupport_introspection_cpp.dir/rosidl_typesupport_introspection_cpp/turtlebot3_msgs/msg/detail/sound__type_support.cpp.o[0m
[9.296s] [ 40%] [32mBuilding CXX object CMakeFiles/turtlebot3_msgs__rosidl_typesupport_cpp.dir/rosidl_typesupport_cpp/turtlebot3_msgs/msg/version_info__type_support.cpp.o[0m
[9.298s] [ 42%] [32mBuilding CXX object CMakeFiles/turtlebot3_msgs__rosidl_typesupport_c.dir/rosidl_typesupport_c/turtlebot3_msgs/srv/sound__type_support.cpp.o[0m
[9.385s] [ 43%] [32mBuilding C object CMakeFiles/turtlebot3_msgs__rosidl_typesupport_introspection_c.dir/rosidl_typesupport_introspection_c/turtlebot3_msgs/action/detail/patrol__type_support.c.o[0m
[9.422s] [ 45%] [32mBuilding CXX object CMakeFiles/turtlebot3_msgs__rosidl_typesupport_c.dir/rosidl_typesupport_c/turtlebot3_msgs/srv/dqn__type_support.cpp.o[0m
[9.503s] [ 46%] [32mBuilding CXX object CMakeFiles/turtlebot3_msgs__rosidl_typesupport_c.dir/rosidl_typesupport_c/turtlebot3_msgs/action/patrol__type_support.cpp.o[0m
[9.531s] [ 47%] [32m[1mLinking C shared library libturtlebot3_msgs__rosidl_typesupport_introspection_c.so[0m
[9.697s] [ 49%] [32m[1mLinking CXX shared library libturtlebot3_msgs__rosidl_typesupport_c.so[0m
[9.715s] [ 49%] Built target turtlebot3_msgs__rosidl_typesupport_introspection_c
[9.847s] [ 50%] [32mBuilding CXX object CMakeFiles/turtlebot3_msgs__rosidl_typesupport_fastrtps_cpp.dir/rosidl_typesupport_fastrtps_cpp/turtlebot3_msgs/msg/detail/dds_fastrtps/sound__type_support.cpp.o[0m
[9.862s] [ 52%] [32mBuilding CXX object CMakeFiles/turtlebot3_msgs__rosidl_typesupport_fastrtps_cpp.dir/rosidl_typesupport_fastrtps_cpp/turtlebot3_msgs/msg/detail/dds_fastrtps/version_info__type_support.cpp.o[0m
[9.871s] [ 53%] [32mBuilding CXX object CMakeFiles/turtlebot3_msgs__rosidl_typesupport_fastrtps_c.dir/rosidl_typesupport_fastrtps_c/turtlebot3_msgs/msg/detail/sensor_state__type_support_c.cpp.o[0m
[9.996s] [ 53%] Built target turtlebot3_msgs__rosidl_typesupport_c
[10.002s] [ 54%] [32mBuilding CXX object CMakeFiles/turtlebot3_msgs__rosidl_typesupport_cpp.dir/rosidl_typesupport_cpp/turtlebot3_msgs/srv/sound__type_support.cpp.o[0m
[10.018s] [ 56%] [32mBuilding CXX object CMakeFiles/turtlebot3_msgs__rosidl_typesupport_cpp.dir/rosidl_typesupport_cpp/turtlebot3_msgs/srv/dqn__type_support.cpp.o[0m
[10.315s] [ 57%] [32mBuilding CXX object CMakeFiles/turtlebot3_msgs__rosidl_typesupport_introspection_cpp.dir/rosidl_typesupport_introspection_cpp/turtlebot3_msgs/msg/detail/version_info__type_support.cpp.o[0m
[10.892s] [ 59%] [32mBuilding CXX object CMakeFiles/turtlebot3_msgs__rosidl_typesupport_cpp.dir/rosidl_typesupport_cpp/turtlebot3_msgs/action/patrol__type_support.cpp.o[0m
[10.992s] [ 60%] [32mBuilding CXX object CMakeFiles/turtlebot3_msgs__rosidl_typesupport_fastrtps_cpp.dir/rosidl_typesupport_fastrtps_cpp/turtlebot3_msgs/srv/detail/dds_fastrtps/sound__type_support.cpp.o[0m
[11.036s] [ 61%] [32mBuilding CXX object CMakeFiles/turtlebot3_msgs__rosidl_typesupport_fastrtps_cpp.dir/rosidl_typesupport_fastrtps_cpp/turtlebot3_msgs/srv/detail/dds_fastrtps/dqn__type_support.cpp.o[0m
[11.111s] [ 63%] [32mBuilding CXX object CMakeFiles/turtlebot3_msgs__rosidl_typesupport_fastrtps_c.dir/rosidl_typesupport_fastrtps_c/turtlebot3_msgs/msg/detail/sound__type_support_c.cpp.o[0m
[11.214s] [ 64%] [32mBuilding CXX object CMakeFiles/turtlebot3_msgs__rosidl_typesupport_introspection_cpp.dir/rosidl_typesupport_introspection_cpp/turtlebot3_msgs/srv/detail/sound__type_support.cpp.o[0m
[11.294s] [ 66%] [32mBuilding CXX object CMakeFiles/turtlebot3_msgs__rosidl_typesupport_fastrtps_cpp.dir/rosidl_typesupport_fastrtps_cpp/turtlebot3_msgs/action/detail/dds_fastrtps/patrol__type_support.cpp.o[0m
[12.110s] [ 67%] [32mBuilding CXX object CMakeFiles/turtlebot3_msgs__rosidl_typesupport_fastrtps_c.dir/rosidl_typesupport_fastrtps_c/turtlebot3_msgs/msg/detail/version_info__type_support_c.cpp.o[0m
[12.355s] [ 69%] [32mBuilding CXX object CMakeFiles/turtlebot3_msgs__rosidl_typesupport_fastrtps_c.dir/rosidl_typesupport_fastrtps_c/turtlebot3_msgs/srv/detail/sound__type_support_c.cpp.o[0m
[12.361s] [ 70%] [32m[1mLinking CXX shared library libturtlebot3_msgs__rosidl_typesupport_cpp.so[0m
[12.413s] [ 71%] [32mBuilding CXX object CMakeFiles/turtlebot3_msgs__rosidl_typesupport_introspection_cpp.dir/rosidl_typesupport_introspection_cpp/turtlebot3_msgs/srv/detail/dqn__type_support.cpp.o[0m
[12.435s] [ 73%] [32mBuilding CXX object CMakeFiles/turtlebot3_msgs__rosidl_typesupport_introspection_cpp.dir/rosidl_typesupport_introspection_cpp/turtlebot3_msgs/action/detail/patrol__type_support.cpp.o[0m
[12.485s] [ 73%] Built target turtlebot3_msgs__rosidl_typesupport_cpp
[12.520s] [ 74%] [32mBuilding CXX object CMakeFiles/turtlebot3_msgs__rosidl_typesupport_fastrtps_c.dir/rosidl_typesupport_fastrtps_c/turtlebot3_msgs/srv/detail/dqn__type_support_c.cpp.o[0m
[13.091s] [ 76%] [32mBuilding CXX object CMakeFiles/turtlebot3_msgs__rosidl_typesupport_fastrtps_c.dir/rosidl_typesupport_fastrtps_c/turtlebot3_msgs/action/detail/patrol__type_support_c.cpp.o[0m
[13.099s] [ 77%] [32m[1mLinking CXX shared library libturtlebot3_msgs__rosidl_typesupport_fastrtps_cpp.so[0m
[13.274s] [ 77%] Built target turtlebot3_msgs__rosidl_typesupport_fastrtps_cpp
[13.680s] [ 78%] [32m[1mLinking CXX shared library libturtlebot3_msgs__rosidl_typesupport_introspection_cpp.so[0m
[13.892s] [ 78%] Built target turtlebot3_msgs__rosidl_typesupport_introspection_cpp
[14.033s] [ 80%] [32m[1mLinking CXX shared library libturtlebot3_msgs__rosidl_typesupport_fastrtps_c.so[0m
[14.296s] [ 80%] Built target turtlebot3_msgs__rosidl_typesupport_fastrtps_c
[14.351s] [ 80%] Built target turtlebot3_msgs
[14.451s] [ 81%] [34m[1mGenerating Python code for ROS interfaces[0m
[17.714s] [ 81%] Built target turtlebot3_msgs__py
[17.737s] [ 83%] [32mBuilding C object CMakeFiles/turtlebot3_msgs__rosidl_generator_py.dir/rosidl_generator_py/turtlebot3_msgs/msg/_sensor_state_s.c.o[0m
[17.755s] [ 84%] [32mBuilding C object CMakeFiles/turtlebot3_msgs__rosidl_generator_py.dir/rosidl_generator_py/turtlebot3_msgs/msg/_sound_s.c.o[0m
[17.768s] [ 87%] [32mBuilding C object CMakeFiles/turtlebot3_msgs__rosidl_generator_py.dir/rosidl_generator_py/turtlebot3_msgs/msg/_version_info_s.c.o[0m
[17.768s] [ 85%] [32mBuilding C object CMakeFiles/turtlebot3_msgs__rosidl_generator_py.dir/rosidl_generator_py/turtlebot3_msgs/srv/_sound_s.c.o[0m
[17.769s] [ 88%] [32mBuilding C object CMakeFiles/turtlebot3_msgs__rosidl_generator_py.dir/rosidl_generator_py/turtlebot3_msgs/srv/_dqn_s.c.o[0m
[17.777s] [ 90%] [32mBuilding C object CMakeFiles/turtlebot3_msgs__rosidl_generator_py.dir/rosidl_generator_py/turtlebot3_msgs/action/_patrol_s.c.o[0m
[18.108s] [ 91%] [32m[1mLinking C shared library rosidl_generator_py/turtlebot3_msgs/libturtlebot3_msgs__rosidl_generator_py.so[0m
[18.195s] [ 91%] Built target turtlebot3_msgs__rosidl_generator_py
[18.229s] [ 92%] [32mBuilding C object CMakeFiles/turtlebot3_msgs__rosidl_typesupport_introspection_c__pyext.dir/rosidl_generator_py/turtlebot3_msgs/_turtlebot3_msgs_s.ep.rosidl_typesupport_introspection_c.c.o[0m
[18.238s] [ 94%] [32mBuilding C object CMakeFiles/turtlebot3_msgs__rosidl_typesupport_c__pyext.dir/rosidl_generator_py/turtlebot3_msgs/_turtlebot3_msgs_s.ep.rosidl_typesupport_c.c.o[0m
[18.238s] [ 95%] [32mBuilding C object CMakeFiles/turtlebot3_msgs__rosidl_typesupport_fastrtps_c__pyext.dir/rosidl_generator_py/turtlebot3_msgs/_turtlebot3_msgs_s.ep.rosidl_typesupport_fastrtps_c.c.o[0m
[18.403s] [ 97%] [32m[1mLinking C shared library rosidl_generator_py/turtlebot3_msgs/turtlebot3_msgs_s__rosidl_typesupport_introspection_c.cpython-310-x86_64-linux-gnu.so[0m
[18.455s] [ 97%] Built target turtlebot3_msgs__rosidl_typesupport_introspection_c__pyext
[18.514s] [ 98%] [32m[1mLinking C shared library rosidl_generator_py/turtlebot3_msgs/turtlebot3_msgs_s__rosidl_typesupport_fastrtps_c.cpython-310-x86_64-linux-gnu.so[0m
[18.556s] [100%] [32m[1mLinking C shared library rosidl_generator_py/turtlebot3_msgs/turtlebot3_msgs_s__rosidl_typesupport_c.cpython-310-x86_64-linux-gnu.so[0m
[18.643s] [100%] Built target turtlebot3_msgs__rosidl_typesupport_fastrtps_c__pyext
[18.653s] [100%] Built target turtlebot3_msgs__rosidl_typesupport_c__pyext
[18.692s] Invoked command in '/home/lennoxtr/EE4308/Lab_1/build/turtlebot3_msgs' returned '0': CMAKE_PREFIX_PATH=/opt/ros/humble /usr/bin/cmake --build /home/lennoxtr/EE4308/Lab_1/build/turtlebot3_msgs -- -j6 -l6
[18.693s] Invoking command in '/home/lennoxtr/EE4308/Lab_1/build/turtlebot3_msgs': CMAKE_PREFIX_PATH=/opt/ros/humble /usr/bin/cmake --install /home/lennoxtr/EE4308/Lab_1/build/turtlebot3_msgs
[18.710s] -- Install configuration: ""
[18.710s] -- Execute custom install script
[18.714s] -- Symlinking: /home/lennoxtr/EE4308/Lab_1/install/turtlebot3_msgs/share/ament_index/resource_index/rosidl_interfaces/turtlebot3_msgs
[18.740s] -- Symlinking: /home/lennoxtr/EE4308/Lab_1/install/turtlebot3_msgs/include/turtlebot3_msgs/turtlebot3_msgs/action/detail/patrol__functions.h
[18.764s] -- Symlinking: /home/lennoxtr/EE4308/Lab_1/install/turtlebot3_msgs/include/turtlebot3_msgs/turtlebot3_msgs/action/detail/patrol__struct.h
[18.795s] -- Symlinking: /home/lennoxtr/EE4308/Lab_1/install/turtlebot3_msgs/include/turtlebot3_msgs/turtlebot3_msgs/action/detail/patrol__type_support.h
[18.833s] -- Symlinking: /home/lennoxtr/EE4308/Lab_1/install/turtlebot3_msgs/include/turtlebot3_msgs/turtlebot3_msgs/action/patrol.h
[18.853s] -- Symlinking: /home/lennoxtr/EE4308/Lab_1/install/turtlebot3_msgs/include/turtlebot3_msgs/turtlebot3_msgs/msg/detail/sensor_state__functions.h
[18.870s] -- Symlinking: /home/lennoxtr/EE4308/Lab_1/install/turtlebot3_msgs/include/turtlebot3_msgs/turtlebot3_msgs/msg/detail/sensor_state__struct.h
[18.911s] -- Symlinking: /home/lennoxtr/EE4308/Lab_1/install/turtlebot3_msgs/include/turtlebot3_msgs/turtlebot3_msgs/msg/detail/sensor_state__type_support.h
[18.932s] -- Symlinking: /home/lennoxtr/EE4308/Lab_1/install/turtlebot3_msgs/include/turtlebot3_msgs/turtlebot3_msgs/msg/detail/sound__functions.h
[18.950s] -- Symlinking: /home/lennoxtr/EE4308/Lab_1/install/turtlebot3_msgs/include/turtlebot3_msgs/turtlebot3_msgs/msg/detail/sound__struct.h
[18.977s] -- Symlinking: /home/lennoxtr/EE4308/Lab_1/install/turtlebot3_msgs/include/turtlebot3_msgs/turtlebot3_msgs/msg/detail/sound__type_support.h
[18.986s] -- Symlinking: /home/lennoxtr/EE4308/Lab_1/install/turtlebot3_msgs/include/turtlebot3_msgs/turtlebot3_msgs/msg/detail/version_info__functions.h
[18.996s] -- Symlinking: /home/lennoxtr/EE4308/Lab_1/install/turtlebot3_msgs/include/turtlebot3_msgs/turtlebot3_msgs/msg/detail/version_info__struct.h
[19.007s] -- Symlinking: /home/lennoxtr/EE4308/Lab_1/install/turtlebot3_msgs/include/turtlebot3_msgs/turtlebot3_msgs/msg/detail/version_info__type_support.h
[19.041s] -- Symlinking: /home/lennoxtr/EE4308/Lab_1/install/turtlebot3_msgs/include/turtlebot3_msgs/turtlebot3_msgs/msg/rosidl_generator_c__visibility_control.h
[19.064s] -- Symlinking: /home/lennoxtr/EE4308/Lab_1/install/turtlebot3_msgs/include/turtlebot3_msgs/turtlebot3_msgs/msg/sensor_state.h
[19.087s] -- Symlinking: /home/lennoxtr/EE4308/Lab_1/install/turtlebot3_msgs/include/turtlebot3_msgs/turtlebot3_msgs/msg/sound.h
[19.108s] -- Symlinking: /home/lennoxtr/EE4308/Lab_1/install/turtlebot3_msgs/include/turtlebot3_msgs/turtlebot3_msgs/msg/version_info.h
[19.126s] -- Symlinking: /home/lennoxtr/EE4308/Lab_1/install/turtlebot3_msgs/include/turtlebot3_msgs/turtlebot3_msgs/srv/detail/dqn__functions.h
[19.149s] -- Symlinking: /home/lennoxtr/EE4308/Lab_1/install/turtlebot3_msgs/include/turtlebot3_msgs/turtlebot3_msgs/srv/detail/dqn__struct.h
[19.165s] -- Symlinking: /home/lennoxtr/EE4308/Lab_1/install/turtlebot3_msgs/include/turtlebot3_msgs/turtlebot3_msgs/srv/detail/dqn__type_support.h
[19.175s] -- Symlinking: /home/lennoxtr/EE4308/Lab_1/install/turtlebot3_msgs/include/turtlebot3_msgs/turtlebot3_msgs/srv/detail/sound__functions.h
[19.184s] -- Symlinking: /home/lennoxtr/EE4308/Lab_1/install/turtlebot3_msgs/include/turtlebot3_msgs/turtlebot3_msgs/srv/detail/sound__struct.h
[19.211s] -- Symlinking: /home/lennoxtr/EE4308/Lab_1/install/turtlebot3_msgs/include/turtlebot3_msgs/turtlebot3_msgs/srv/detail/sound__type_support.h
[19.240s] -- Symlinking: /home/lennoxtr/EE4308/Lab_1/install/turtlebot3_msgs/include/turtlebot3_msgs/turtlebot3_msgs/srv/dqn.h
[19.262s] -- Symlinking: /home/lennoxtr/EE4308/Lab_1/install/turtlebot3_msgs/include/turtlebot3_msgs/turtlebot3_msgs/srv/sound.h
[19.297s] -- Symlinking: /home/lennoxtr/EE4308/Lab_1/install/turtlebot3_msgs/share/turtlebot3_msgs/environment/library_path.sh
[19.316s] -- Symlinking: /home/lennoxtr/EE4308/Lab_1/install/turtlebot3_msgs/share/turtlebot3_msgs/environment/library_path.dsv
[19.359s] -- Symlinking: /home/lennoxtr/EE4308/Lab_1/install/turtlebot3_msgs/include/turtlebot3_msgs/turtlebot3_msgs/action/detail/patrol__rosidl_typesupport_fastrtps_c.h
[19.387s] -- Symlinking: /home/lennoxtr/EE4308/Lab_1/install/turtlebot3_msgs/include/turtlebot3_msgs/turtlebot3_msgs/msg/detail/sensor_state__rosidl_typesupport_fastrtps_c.h
[19.415s] -- Symlinking: /home/lennoxtr/EE4308/Lab_1/install/turtlebot3_msgs/include/turtlebot3_msgs/turtlebot3_msgs/msg/detail/sound__rosidl_typesupport_fastrtps_c.h
[19.463s] -- Symlinking: /home/lennoxtr/EE4308/Lab_1/install/turtlebot3_msgs/include/turtlebot3_msgs/turtlebot3_msgs/msg/detail/version_info__rosidl_typesupport_fastrtps_c.h
[19.495s] -- Symlinking: /home/lennoxtr/EE4308/Lab_1/install/turtlebot3_msgs/include/turtlebot3_msgs/turtlebot3_msgs/msg/rosidl_typesupport_fastrtps_c__visibility_control.h
[19.520s] -- Symlinking: /home/lennoxtr/EE4308/Lab_1/install/turtlebot3_msgs/include/turtlebot3_msgs/turtlebot3_msgs/srv/detail/dqn__rosidl_typesupport_fastrtps_c.h
[19.547s] -- Symlinking: /home/lennoxtr/EE4308/Lab_1/install/turtlebot3_msgs/include/turtlebot3_msgs/turtlebot3_msgs/srv/detail/sound__rosidl_typesupport_fastrtps_c.h
[19.575s] -- Symlinking: /home/lennoxtr/EE4308/Lab_1/install/turtlebot3_msgs/include/turtlebot3_msgs/turtlebot3_msgs/action/detail/patrol__builder.hpp
[19.598s] -- Symlinking: /home/lennoxtr/EE4308/Lab_1/install/turtlebot3_msgs/include/turtlebot3_msgs/turtlebot3_msgs/action/detail/patrol__struct.hpp
[19.628s] -- Symlinking: /home/lennoxtr/EE4308/Lab_1/install/turtlebot3_msgs/include/turtlebot3_msgs/turtlebot3_msgs/action/detail/patrol__traits.hpp
[19.660s] -- Symlinking: /home/lennoxtr/EE4308/Lab_1/install/turtlebot3_msgs/include/turtlebot3_msgs/turtlebot3_msgs/action/detail/patrol__type_support.hpp
[19.700s] -- Symlinking: /home/lennoxtr/EE4308/Lab_1/install/turtlebot3_msgs/include/turtlebot3_msgs/turtlebot3_msgs/action/patrol.hpp
[19.742s] -- Symlinking: /home/lennoxtr/EE4308/Lab_1/install/turtlebot3_msgs/include/turtlebot3_msgs/turtlebot3_msgs/msg/detail/sensor_state__builder.hpp
[19.769s] -- Symlinking: /home/lennoxtr/EE4308/Lab_1/install/turtlebot3_msgs/include/turtlebot3_msgs/turtlebot3_msgs/msg/detail/sensor_state__struct.hpp
[19.791s] -- Symlinking: /home/lennoxtr/EE4308/Lab_1/install/turtlebot3_msgs/include/turtlebot3_msgs/turtlebot3_msgs/msg/detail/sensor_state__traits.hpp
[19.824s] -- Symlinking: /home/lennoxtr/EE4308/Lab_1/install/turtlebot3_msgs/include/turtlebot3_msgs/turtlebot3_msgs/msg/detail/sensor_state__type_support.hpp
[19.860s] -- Symlinking: /home/lennoxtr/EE4308/Lab_1/install/turtlebot3_msgs/include/turtlebot3_msgs/turtlebot3_msgs/msg/detail/sound__builder.hpp
[19.883s] -- Symlinking: /home/lennoxtr/EE4308/Lab_1/install/turtlebot3_msgs/include/turtlebot3_msgs/turtlebot3_msgs/msg/detail/sound__struct.hpp
[19.909s] -- Symlinking: /home/lennoxtr/EE4308/Lab_1/install/turtlebot3_msgs/include/turtlebot3_msgs/turtlebot3_msgs/msg/detail/sound__traits.hpp
[19.932s] -- Symlinking: /home/lennoxtr/EE4308/Lab_1/install/turtlebot3_msgs/include/turtlebot3_msgs/turtlebot3_msgs/msg/detail/sound__type_support.hpp
[19.974s] -- Symlinking: /home/lennoxtr/EE4308/Lab_1/install/turtlebot3_msgs/include/turtlebot3_msgs/turtlebot3_msgs/msg/detail/version_info__builder.hpp
[19.996s] -- Symlinking: /home/lennoxtr/EE4308/Lab_1/install/turtlebot3_msgs/include/turtlebot3_msgs/turtlebot3_msgs/msg/detail/version_info__struct.hpp
[20.023s] -- Symlinking: /home/lennoxtr/EE4308/Lab_1/install/turtlebot3_msgs/include/turtlebot3_msgs/turtlebot3_msgs/msg/detail/version_info__traits.hpp
[20.045s] -- Symlinking: /home/lennoxtr/EE4308/Lab_1/install/turtlebot3_msgs/include/turtlebot3_msgs/turtlebot3_msgs/msg/detail/version_info__type_support.hpp
[20.071s] -- Symlinking: /home/lennoxtr/EE4308/Lab_1/install/turtlebot3_msgs/include/turtlebot3_msgs/turtlebot3_msgs/msg/rosidl_generator_cpp__visibility_control.hpp
[20.091s] -- Symlinking: /home/lennoxtr/EE4308/Lab_1/install/turtlebot3_msgs/include/turtlebot3_msgs/turtlebot3_msgs/msg/sensor_state.hpp
[20.120s] -- Symlinking: /home/lennoxtr/EE4308/Lab_1/install/turtlebot3_msgs/include/turtlebot3_msgs/turtlebot3_msgs/msg/sound.hpp
[20.150s] -- Symlinking: /home/lennoxtr/EE4308/Lab_1/install/turtlebot3_msgs/include/turtlebot3_msgs/turtlebot3_msgs/msg/version_info.hpp
[20.183s] -- Symlinking: /home/lennoxtr/EE4308/Lab_1/install/turtlebot3_msgs/include/turtlebot3_msgs/turtlebot3_msgs/srv/detail/dqn__builder.hpp
[20.215s] -- Symlinking: /home/lennoxtr/EE4308/Lab_1/install/turtlebot3_msgs/include/turtlebot3_msgs/turtlebot3_msgs/srv/detail/dqn__struct.hpp
[20.240s] -- Symlinking: /home/lennoxtr/EE4308/Lab_1/install/turtlebot3_msgs/include/turtlebot3_msgs/turtlebot3_msgs/srv/detail/dqn__traits.hpp
[20.268s] -- Symlinking: /home/lennoxtr/EE4308/Lab_1/install/turtlebot3_msgs/include/turtlebot3_msgs/turtlebot3_msgs/srv/detail/dqn__type_support.hpp
[20.289s] -- Symlinking: /home/lennoxtr/EE4308/Lab_1/install/turtlebot3_msgs/include/turtlebot3_msgs/turtlebot3_msgs/srv/detail/sound__builder.hpp
[20.306s] -- Symlinking: /home/lennoxtr/EE4308/Lab_1/install/turtlebot3_msgs/include/turtlebot3_msgs/turtlebot3_msgs/srv/detail/sound__struct.hpp
[20.327s] -- Symlinking: /home/lennoxtr/EE4308/Lab_1/install/turtlebot3_msgs/include/turtlebot3_msgs/turtlebot3_msgs/srv/detail/sound__traits.hpp
[20.346s] -- Symlinking: /home/lennoxtr/EE4308/Lab_1/install/turtlebot3_msgs/include/turtlebot3_msgs/turtlebot3_msgs/srv/detail/sound__type_support.hpp
[20.362s] -- Symlinking: /home/lennoxtr/EE4308/Lab_1/install/turtlebot3_msgs/include/turtlebot3_msgs/turtlebot3_msgs/srv/dqn.hpp
[20.376s] -- Symlinking: /home/lennoxtr/EE4308/Lab_1/install/turtlebot3_msgs/include/turtlebot3_msgs/turtlebot3_msgs/srv/sound.hpp
[20.395s] -- Symlinking: /home/lennoxtr/EE4308/Lab_1/install/turtlebot3_msgs/include/turtlebot3_msgs/turtlebot3_msgs/action/detail/patrol__rosidl_typesupport_fastrtps_cpp.hpp
[20.412s] -- Symlinking: /home/lennoxtr/EE4308/Lab_1/install/turtlebot3_msgs/include/turtlebot3_msgs/turtlebot3_msgs/msg/detail/sensor_state__rosidl_typesupport_fastrtps_cpp.hpp
[20.431s] -- Symlinking: /home/lennoxtr/EE4308/Lab_1/install/turtlebot3_msgs/include/turtlebot3_msgs/turtlebot3_msgs/msg/detail/sound__rosidl_typesupport_fastrtps_cpp.hpp
[20.447s] -- Symlinking: /home/lennoxtr/EE4308/Lab_1/install/turtlebot3_msgs/include/turtlebot3_msgs/turtlebot3_msgs/msg/detail/version_info__rosidl_typesupport_fastrtps_cpp.hpp
[20.467s] -- Symlinking: /home/lennoxtr/EE4308/Lab_1/install/turtlebot3_msgs/include/turtlebot3_msgs/turtlebot3_msgs/msg/rosidl_typesupport_fastrtps_cpp__visibility_control.h
[20.483s] -- Symlinking: /home/lennoxtr/EE4308/Lab_1/install/turtlebot3_msgs/include/turtlebot3_msgs/turtlebot3_msgs/srv/detail/dqn__rosidl_typesupport_fastrtps_cpp.hpp
[20.498s] -- Symlinking: /home/lennoxtr/EE4308/Lab_1/install/turtlebot3_msgs/include/turtlebot3_msgs/turtlebot3_msgs/srv/detail/sound__rosidl_typesupport_fastrtps_cpp.hpp
[20.515s] -- Symlinking: /home/lennoxtr/EE4308/Lab_1/install/turtlebot3_msgs/include/turtlebot3_msgs/turtlebot3_msgs/action/detail/patrol__rosidl_typesupport_introspection_c.h
[20.535s] -- Symlinking: /home/lennoxtr/EE4308/Lab_1/install/turtlebot3_msgs/include/turtlebot3_msgs/turtlebot3_msgs/msg/detail/sensor_state__rosidl_typesupport_introspection_c.h
[20.552s] -- Symlinking: /home/lennoxtr/EE4308/Lab_1/install/turtlebot3_msgs/include/turtlebot3_msgs/turtlebot3_msgs/msg/detail/sound__rosidl_typesupport_introspection_c.h
[20.566s] -- Symlinking: /home/lennoxtr/EE4308/Lab_1/install/turtlebot3_msgs/include/turtlebot3_msgs/turtlebot3_msgs/msg/detail/version_info__rosidl_typesupport_introspection_c.h
[20.577s] -- Symlinking: /home/lennoxtr/EE4308/Lab_1/install/turtlebot3_msgs/include/turtlebot3_msgs/turtlebot3_msgs/msg/rosidl_typesupport_introspection_c__visibility_control.h
[20.593s] -- Symlinking: /home/lennoxtr/EE4308/Lab_1/install/turtlebot3_msgs/include/turtlebot3_msgs/turtlebot3_msgs/srv/detail/dqn__rosidl_typesupport_introspection_c.h
[20.610s] -- Symlinking: /home/lennoxtr/EE4308/Lab_1/install/turtlebot3_msgs/include/turtlebot3_msgs/turtlebot3_msgs/srv/detail/sound__rosidl_typesupport_introspection_c.h
[20.629s] -- Symlinking: /home/lennoxtr/EE4308/Lab_1/install/turtlebot3_msgs/include/turtlebot3_msgs/turtlebot3_msgs/action/detail/patrol__rosidl_typesupport_introspection_cpp.hpp
[20.653s] -- Symlinking: /home/lennoxtr/EE4308/Lab_1/install/turtlebot3_msgs/include/turtlebot3_msgs/turtlebot3_msgs/msg/detail/sensor_state__rosidl_typesupport_introspection_cpp.hpp
[20.666s] -- Symlinking: /home/lennoxtr/EE4308/Lab_1/install/turtlebot3_msgs/include/turtlebot3_msgs/turtlebot3_msgs/msg/detail/sound__rosidl_typesupport_introspection_cpp.hpp
[20.685s] -- Symlinking: /home/lennoxtr/EE4308/Lab_1/install/turtlebot3_msgs/include/turtlebot3_msgs/turtlebot3_msgs/msg/detail/version_info__rosidl_typesupport_introspection_cpp.hpp
[20.705s] -- Symlinking: /home/lennoxtr/EE4308/Lab_1/install/turtlebot3_msgs/include/turtlebot3_msgs/turtlebot3_msgs/srv/detail/dqn__rosidl_typesupport_introspection_cpp.hpp
[20.722s] -- Symlinking: /home/lennoxtr/EE4308/Lab_1/install/turtlebot3_msgs/include/turtlebot3_msgs/turtlebot3_msgs/srv/detail/sound__rosidl_typesupport_introspection_cpp.hpp
[20.737s] -- Symlinking: /home/lennoxtr/EE4308/Lab_1/install/turtlebot3_msgs/share/turtlebot3_msgs/environment/pythonpath.sh
[20.758s] -- Symlinking: /home/lennoxtr/EE4308/Lab_1/install/turtlebot3_msgs/share/turtlebot3_msgs/environment/pythonpath.dsv
[20.787s] -- Symlinking: /home/lennoxtr/EE4308/Lab_1/install/turtlebot3_msgs/local/lib/python3.10/dist-packages/turtlebot3_msgs-2.2.3-py3.10.egg-info/PKG-INFO
[20.807s] -- Symlinking: /home/lennoxtr/EE4308/Lab_1/install/turtlebot3_msgs/local/lib/python3.10/dist-packages/turtlebot3_msgs-2.2.3-py3.10.egg-info/SOURCES.txt
[20.828s] -- Symlinking: /home/lennoxtr/EE4308/Lab_1/install/turtlebot3_msgs/local/lib/python3.10/dist-packages/turtlebot3_msgs-2.2.3-py3.10.egg-info/dependency_links.txt
[20.840s] -- Symlinking: /home/lennoxtr/EE4308/Lab_1/install/turtlebot3_msgs/local/lib/python3.10/dist-packages/turtlebot3_msgs-2.2.3-py3.10.egg-info/top_level.txt
[20.864s] -- Symlinking: /home/lennoxtr/EE4308/Lab_1/install/turtlebot3_msgs/local/lib/python3.10/dist-packages/turtlebot3_msgs/__init__.py
[20.876s] -- Symlinking: /home/lennoxtr/EE4308/Lab_1/install/turtlebot3_msgs/local/lib/python3.10/dist-packages/turtlebot3_msgs/_turtlebot3_msgs_s.ep.rosidl_typesupport_c.c
[20.885s] -- Symlinking: /home/lennoxtr/EE4308/Lab_1/install/turtlebot3_msgs/local/lib/python3.10/dist-packages/turtlebot3_msgs/_turtlebot3_msgs_s.ep.rosidl_typesupport_fastrtps_c.c
[20.895s] -- Symlinking: /home/lennoxtr/EE4308/Lab_1/install/turtlebot3_msgs/local/lib/python3.10/dist-packages/turtlebot3_msgs/_turtlebot3_msgs_s.ep.rosidl_typesupport_introspection_c.c
[20.904s] -- Symlinking: /home/lennoxtr/EE4308/Lab_1/install/turtlebot3_msgs/local/lib/python3.10/dist-packages/turtlebot3_msgs/action/__init__.py
[20.913s] -- Symlinking: /home/lennoxtr/EE4308/Lab_1/install/turtlebot3_msgs/local/lib/python3.10/dist-packages/turtlebot3_msgs/action/_patrol.py
[20.924s] -- Symlinking: /home/lennoxtr/EE4308/Lab_1/install/turtlebot3_msgs/local/lib/python3.10/dist-packages/turtlebot3_msgs/action/_patrol_s.c
[20.933s] -- Symlinking: /home/lennoxtr/EE4308/Lab_1/install/turtlebot3_msgs/local/lib/python3.10/dist-packages/turtlebot3_msgs/libturtlebot3_msgs__rosidl_generator_py.so
[20.944s] -- Symlinking: /home/lennoxtr/EE4308/Lab_1/install/turtlebot3_msgs/local/lib/python3.10/dist-packages/turtlebot3_msgs/msg/__init__.py
[20.954s] -- Symlinking: /home/lennoxtr/EE4308/Lab_1/install/turtlebot3_msgs/local/lib/python3.10/dist-packages/turtlebot3_msgs/msg/_sensor_state.py
[20.964s] -- Symlinking: /home/lennoxtr/EE4308/Lab_1/install/turtlebot3_msgs/local/lib/python3.10/dist-packages/turtlebot3_msgs/msg/_sensor_state_s.c
[20.975s] -- Symlinking: /home/lennoxtr/EE4308/Lab_1/install/turtlebot3_msgs/local/lib/python3.10/dist-packages/turtlebot3_msgs/msg/_sound.py
[20.984s] -- Symlinking: /home/lennoxtr/EE4308/Lab_1/install/turtlebot3_msgs/local/lib/python3.10/dist-packages/turtlebot3_msgs/msg/_sound_s.c
[20.995s] -- Symlinking: /home/lennoxtr/EE4308/Lab_1/install/turtlebot3_msgs/local/lib/python3.10/dist-packages/turtlebot3_msgs/msg/_version_info.py
[21.004s] -- Symlinking: /home/lennoxtr/EE4308/Lab_1/install/turtlebot3_msgs/local/lib/python3.10/dist-packages/turtlebot3_msgs/msg/_version_info_s.c
[21.016s] -- Symlinking: /home/lennoxtr/EE4308/Lab_1/install/turtlebot3_msgs/local/lib/python3.10/dist-packages/turtlebot3_msgs/srv/__init__.py
[21.023s] -- Symlinking: /home/lennoxtr/EE4308/Lab_1/install/turtlebot3_msgs/local/lib/python3.10/dist-packages/turtlebot3_msgs/srv/_dqn.py
[21.036s] -- Symlinking: /home/lennoxtr/EE4308/Lab_1/install/turtlebot3_msgs/local/lib/python3.10/dist-packages/turtlebot3_msgs/srv/_dqn_s.c
[21.044s] -- Symlinking: /home/lennoxtr/EE4308/Lab_1/install/turtlebot3_msgs/local/lib/python3.10/dist-packages/turtlebot3_msgs/srv/_sound.py
[21.054s] -- Symlinking: /home/lennoxtr/EE4308/Lab_1/install/turtlebot3_msgs/local/lib/python3.10/dist-packages/turtlebot3_msgs/srv/_sound_s.c
[21.065s] -- Symlinking: /home/lennoxtr/EE4308/Lab_1/install/turtlebot3_msgs/local/lib/python3.10/dist-packages/turtlebot3_msgs/turtlebot3_msgs_s__rosidl_typesupport_c.cpython-310-x86_64-linux-gnu.so
[21.081s] -- Symlinking: /home/lennoxtr/EE4308/Lab_1/install/turtlebot3_msgs/local/lib/python3.10/dist-packages/turtlebot3_msgs/turtlebot3_msgs_s__rosidl_typesupport_fastrtps_c.cpython-310-x86_64-linux-gnu.so
[21.095s] -- Symlinking: /home/lennoxtr/EE4308/Lab_1/install/turtlebot3_msgs/local/lib/python3.10/dist-packages/turtlebot3_msgs/turtlebot3_msgs_s__rosidl_typesupport_introspection_c.cpython-310-x86_64-linux-gnu.so
[21.108s] -- Up-to-date symlink: /home/lennoxtr/EE4308/Lab_1/install/turtlebot3_msgs/local/lib/python3.10/dist-packages/turtlebot3_msgs/turtlebot3_msgs_s__rosidl_typesupport_fastrtps_c.cpython-310-x86_64-linux-gnu.so
[21.108s] -- Up-to-date symlink: /home/lennoxtr/EE4308/Lab_1/install/turtlebot3_msgs/local/lib/python3.10/dist-packages/turtlebot3_msgs/turtlebot3_msgs_s__rosidl_typesupport_introspection_c.cpython-310-x86_64-linux-gnu.so
[21.108s] -- Up-to-date symlink: /home/lennoxtr/EE4308/Lab_1/install/turtlebot3_msgs/local/lib/python3.10/dist-packages/turtlebot3_msgs/turtlebot3_msgs_s__rosidl_typesupport_c.cpython-310-x86_64-linux-gnu.so
[21.109s] -- Symlinking: /home/lennoxtr/EE4308/Lab_1/install/turtlebot3_msgs/share/turtlebot3_msgs/msg/SensorState.idl
[21.122s] -- Symlinking: /home/lennoxtr/EE4308/Lab_1/install/turtlebot3_msgs/share/turtlebot3_msgs/msg/Sound.idl
[21.132s] -- Symlinking: /home/lennoxtr/EE4308/Lab_1/install/turtlebot3_msgs/share/turtlebot3_msgs/msg/VersionInfo.idl
[21.141s] -- Symlinking: /home/lennoxtr/EE4308/Lab_1/install/turtlebot3_msgs/share/turtlebot3_msgs/srv/Sound.idl
[21.154s] -- Symlinking: /home/lennoxtr/EE4308/Lab_1/install/turtlebot3_msgs/share/turtlebot3_msgs/srv/Dqn.idl
[21.161s] -- Symlinking: /home/lennoxtr/EE4308/Lab_1/install/turtlebot3_msgs/share/turtlebot3_msgs/action/Patrol.idl
[21.171s] -- Symlinking: /home/lennoxtr/EE4308/Lab_1/install/turtlebot3_msgs/share/turtlebot3_msgs/msg/SensorState.msg
[21.182s] -- Symlinking: /home/lennoxtr/EE4308/Lab_1/install/turtlebot3_msgs/share/turtlebot3_msgs/msg/Sound.msg
[21.190s] -- Symlinking: /home/lennoxtr/EE4308/Lab_1/install/turtlebot3_msgs/share/turtlebot3_msgs/msg/VersionInfo.msg
[21.199s] -- Symlinking: /home/lennoxtr/EE4308/Lab_1/install/turtlebot3_msgs/share/turtlebot3_msgs/srv/Sound.srv
[21.208s] -- Symlinking: /home/lennoxtr/EE4308/Lab_1/install/turtlebot3_msgs/share/turtlebot3_msgs/srv/Sound_Request.msg
[21.218s] -- Symlinking: /home/lennoxtr/EE4308/Lab_1/install/turtlebot3_msgs/share/turtlebot3_msgs/srv/Sound_Response.msg
[21.231s] -- Symlinking: /home/lennoxtr/EE4308/Lab_1/install/turtlebot3_msgs/share/turtlebot3_msgs/srv/Dqn.srv
[21.240s] -- Symlinking: /home/lennoxtr/EE4308/Lab_1/install/turtlebot3_msgs/share/turtlebot3_msgs/srv/Dqn_Request.msg
[21.252s] -- Symlinking: /home/lennoxtr/EE4308/Lab_1/install/turtlebot3_msgs/share/turtlebot3_msgs/srv/Dqn_Response.msg
[21.265s] -- Symlinking: /home/lennoxtr/EE4308/Lab_1/install/turtlebot3_msgs/share/turtlebot3_msgs/action/Patrol.action
[21.280s] -- Symlinking: /home/lennoxtr/EE4308/Lab_1/install/turtlebot3_msgs/share/ament_index/resource_index/package_run_dependencies/turtlebot3_msgs
[21.289s] -- Symlinking: /home/lennoxtr/EE4308/Lab_1/install/turtlebot3_msgs/share/ament_index/resource_index/parent_prefix_path/turtlebot3_msgs
[21.299s] -- Symlinking: /home/lennoxtr/EE4308/Lab_1/install/turtlebot3_msgs/share/turtlebot3_msgs/environment/ament_prefix_path.sh
[21.309s] -- Symlinking: /home/lennoxtr/EE4308/Lab_1/install/turtlebot3_msgs/share/turtlebot3_msgs/environment/ament_prefix_path.dsv
[21.319s] -- Symlinking: /home/lennoxtr/EE4308/Lab_1/install/turtlebot3_msgs/share/turtlebot3_msgs/environment/path.sh
[21.329s] -- Symlinking: /home/lennoxtr/EE4308/Lab_1/install/turtlebot3_msgs/share/turtlebot3_msgs/environment/path.dsv
[21.340s] -- Symlinking: /home/lennoxtr/EE4308/Lab_1/install/turtlebot3_msgs/share/turtlebot3_msgs/local_setup.bash
[21.349s] -- Symlinking: /home/lennoxtr/EE4308/Lab_1/install/turtlebot3_msgs/share/turtlebot3_msgs/local_setup.sh
[21.358s] -- Symlinking: /home/lennoxtr/EE4308/Lab_1/install/turtlebot3_msgs/share/turtlebot3_msgs/local_setup.zsh
[21.367s] -- Symlinking: /home/lennoxtr/EE4308/Lab_1/install/turtlebot3_msgs/share/turtlebot3_msgs/local_setup.dsv
[21.379s] -- Symlinking: /home/lennoxtr/EE4308/Lab_1/install/turtlebot3_msgs/share/turtlebot3_msgs/package.dsv
[21.386s] -- Symlinking: /home/lennoxtr/EE4308/Lab_1/install/turtlebot3_msgs/share/ament_index/resource_index/packages/turtlebot3_msgs
[21.397s] -- Symlinking: /home/lennoxtr/EE4308/Lab_1/install/turtlebot3_msgs/share/turtlebot3_msgs/cmake/rosidl_cmake-extras.cmake
[21.405s] -- Symlinking: /home/lennoxtr/EE4308/Lab_1/install/turtlebot3_msgs/share/turtlebot3_msgs/cmake/ament_cmake_export_dependencies-extras.cmake
[21.414s] -- Symlinking: /home/lennoxtr/EE4308/Lab_1/install/turtlebot3_msgs/share/turtlebot3_msgs/cmake/ament_cmake_export_include_directories-extras.cmake
[21.424s] -- Symlinking: /home/lennoxtr/EE4308/Lab_1/install/turtlebot3_msgs/share/turtlebot3_msgs/cmake/ament_cmake_export_libraries-extras.cmake
[21.433s] -- Symlinking: /home/lennoxtr/EE4308/Lab_1/install/turtlebot3_msgs/share/turtlebot3_msgs/cmake/ament_cmake_export_targets-extras.cmake
[21.441s] -- Symlinking: /home/lennoxtr/EE4308/Lab_1/install/turtlebot3_msgs/share/turtlebot3_msgs/cmake/rosidl_cmake_export_typesupport_targets-extras.cmake
[21.449s] -- Symlinking: /home/lennoxtr/EE4308/Lab_1/install/turtlebot3_msgs/share/turtlebot3_msgs/cmake/rosidl_cmake_export_typesupport_libraries-extras.cmake
[21.459s] -- Symlinking: /home/lennoxtr/EE4308/Lab_1/install/turtlebot3_msgs/share/turtlebot3_msgs/cmake/turtlebot3_msgsConfig.cmake
[21.470s] -- Symlinking: /home/lennoxtr/EE4308/Lab_1/install/turtlebot3_msgs/share/turtlebot3_msgs/cmake/turtlebot3_msgsConfig-version.cmake
[21.478s] -- Symlinking: /home/lennoxtr/EE4308/Lab_1/install/turtlebot3_msgs/share/turtlebot3_msgs/package.xml
[21.486s] -- Installing: /home/lennoxtr/EE4308/Lab_1/install/turtlebot3_msgs/lib/libturtlebot3_msgs__rosidl_generator_c.so
[21.487s] -- Set runtime path of "/home/lennoxtr/EE4308/Lab_1/install/turtlebot3_msgs/lib/libturtlebot3_msgs__rosidl_generator_c.so" to ""
[21.487s] -- Installing: /home/lennoxtr/EE4308/Lab_1/install/turtlebot3_msgs/lib/libturtlebot3_msgs__rosidl_typesupport_fastrtps_c.so
[21.487s] -- Set runtime path of "/home/lennoxtr/EE4308/Lab_1/install/turtlebot3_msgs/lib/libturtlebot3_msgs__rosidl_typesupport_fastrtps_c.so" to ""
[21.487s] -- Installing: /home/lennoxtr/EE4308/Lab_1/install/turtlebot3_msgs/lib/libturtlebot3_msgs__rosidl_typesupport_fastrtps_cpp.so
[21.487s] -- Set runtime path of "/home/lennoxtr/EE4308/Lab_1/install/turtlebot3_msgs/lib/libturtlebot3_msgs__rosidl_typesupport_fastrtps_cpp.so" to ""
[21.488s] -- Installing: /home/lennoxtr/EE4308/Lab_1/install/turtlebot3_msgs/lib/libturtlebot3_msgs__rosidl_typesupport_introspection_c.so
[21.488s] -- Set runtime path of "/home/lennoxtr/EE4308/Lab_1/install/turtlebot3_msgs/lib/libturtlebot3_msgs__rosidl_typesupport_introspection_c.so" to ""
[21.488s] -- Installing: /home/lennoxtr/EE4308/Lab_1/install/turtlebot3_msgs/lib/libturtlebot3_msgs__rosidl_typesupport_c.so
[21.488s] -- Set runtime path of "/home/lennoxtr/EE4308/Lab_1/install/turtlebot3_msgs/lib/libturtlebot3_msgs__rosidl_typesupport_c.so" to ""
[21.488s] -- Installing: /home/lennoxtr/EE4308/Lab_1/install/turtlebot3_msgs/lib/libturtlebot3_msgs__rosidl_typesupport_introspection_cpp.so
[21.489s] -- Set runtime path of "/home/lennoxtr/EE4308/Lab_1/install/turtlebot3_msgs/lib/libturtlebot3_msgs__rosidl_typesupport_introspection_cpp.so" to ""
[21.489s] -- Installing: /home/lennoxtr/EE4308/Lab_1/install/turtlebot3_msgs/lib/libturtlebot3_msgs__rosidl_typesupport_cpp.so
[21.489s] -- Set runtime path of "/home/lennoxtr/EE4308/Lab_1/install/turtlebot3_msgs/lib/libturtlebot3_msgs__rosidl_typesupport_cpp.so" to ""
[21.538s] Listing '/home/lennoxtr/EE4308/Lab_1/install/turtlebot3_msgs/local/lib/python3.10/dist-packages/turtlebot3_msgs'...
[21.538s] Compiling '/home/lennoxtr/EE4308/Lab_1/install/turtlebot3_msgs/local/lib/python3.10/dist-packages/turtlebot3_msgs/__init__.py'...
[21.538s] Listing '/home/lennoxtr/EE4308/Lab_1/install/turtlebot3_msgs/local/lib/python3.10/dist-packages/turtlebot3_msgs/action'...
[21.538s] Compiling '/home/lennoxtr/EE4308/Lab_1/install/turtlebot3_msgs/local/lib/python3.10/dist-packages/turtlebot3_msgs/action/__init__.py'...
[21.538s] Compiling '/home/lennoxtr/EE4308/Lab_1/install/turtlebot3_msgs/local/lib/python3.10/dist-packages/turtlebot3_msgs/action/_patrol.py'...
[21.538s] Listing '/home/lennoxtr/EE4308/Lab_1/install/turtlebot3_msgs/local/lib/python3.10/dist-packages/turtlebot3_msgs/msg'...
[21.539s] Compiling '/home/lennoxtr/EE4308/Lab_1/install/turtlebot3_msgs/local/lib/python3.10/dist-packages/turtlebot3_msgs/msg/__init__.py'...
[21.539s] Compiling '/home/lennoxtr/EE4308/Lab_1/install/turtlebot3_msgs/local/lib/python3.10/dist-packages/turtlebot3_msgs/msg/_sensor_state.py'...
[21.539s] Compiling '/home/lennoxtr/EE4308/Lab_1/install/turtlebot3_msgs/local/lib/python3.10/dist-packages/turtlebot3_msgs/msg/_sound.py'...
[21.539s] Compiling '/home/lennoxtr/EE4308/Lab_1/install/turtlebot3_msgs/local/lib/python3.10/dist-packages/turtlebot3_msgs/msg/_version_info.py'...
[21.539s] Listing '/home/lennoxtr/EE4308/Lab_1/install/turtlebot3_msgs/local/lib/python3.10/dist-packages/turtlebot3_msgs/srv'...
[21.539s] Compiling '/home/lennoxtr/EE4308/Lab_1/install/turtlebot3_msgs/local/lib/python3.10/dist-packages/turtlebot3_msgs/srv/__init__.py'...
[21.539s] Compiling '/home/lennoxtr/EE4308/Lab_1/install/turtlebot3_msgs/local/lib/python3.10/dist-packages/turtlebot3_msgs/srv/_dqn.py'...
[21.539s] Compiling '/home/lennoxtr/EE4308/Lab_1/install/turtlebot3_msgs/local/lib/python3.10/dist-packages/turtlebot3_msgs/srv/_sound.py'...
[21.543s] -- Installing: /home/lennoxtr/EE4308/Lab_1/install/turtlebot3_msgs/lib/libturtlebot3_msgs__rosidl_generator_py.so
[21.543s] -- Set runtime path of "/home/lennoxtr/EE4308/Lab_1/install/turtlebot3_msgs/lib/libturtlebot3_msgs__rosidl_generator_py.so" to ""
[21.543s] -- Installing: /home/lennoxtr/EE4308/Lab_1/install/turtlebot3_msgs/share/turtlebot3_msgs/cmake/export_turtlebot3_msgs__rosidl_generator_cExport.cmake
[21.543s] -- Installing: /home/lennoxtr/EE4308/Lab_1/install/turtlebot3_msgs/share/turtlebot3_msgs/cmake/export_turtlebot3_msgs__rosidl_generator_cExport-noconfig.cmake
[21.544s] -- Installing: /home/lennoxtr/EE4308/Lab_1/install/turtlebot3_msgs/share/turtlebot3_msgs/cmake/export_turtlebot3_msgs__rosidl_typesupport_fastrtps_cExport.cmake
[21.544s] -- Installing: /home/lennoxtr/EE4308/Lab_1/install/turtlebot3_msgs/share/turtlebot3_msgs/cmake/export_turtlebot3_msgs__rosidl_typesupport_fastrtps_cExport-noconfig.cmake
[21.544s] -- Installing: /home/lennoxtr/EE4308/Lab_1/install/turtlebot3_msgs/share/turtlebot3_msgs/cmake/export_turtlebot3_msgs__rosidl_generator_cppExport.cmake
[21.544s] -- Installing: /home/lennoxtr/EE4308/Lab_1/install/turtlebot3_msgs/share/turtlebot3_msgs/cmake/export_turtlebot3_msgs__rosidl_typesupport_fastrtps_cppExport.cmake
[21.544s] -- Installing: /home/lennoxtr/EE4308/Lab_1/install/turtlebot3_msgs/share/turtlebot3_msgs/cmake/export_turtlebot3_msgs__rosidl_typesupport_fastrtps_cppExport-noconfig.cmake
[21.544s] -- Installing: /home/lennoxtr/EE4308/Lab_1/install/turtlebot3_msgs/share/turtlebot3_msgs/cmake/turtlebot3_msgs__rosidl_typesupport_introspection_cExport.cmake
[21.544s] -- Installing: /home/lennoxtr/EE4308/Lab_1/install/turtlebot3_msgs/share/turtlebot3_msgs/cmake/turtlebot3_msgs__rosidl_typesupport_introspection_cExport-noconfig.cmake
[21.544s] -- Installing: /home/lennoxtr/EE4308/Lab_1/install/turtlebot3_msgs/share/turtlebot3_msgs/cmake/turtlebot3_msgs__rosidl_typesupport_cExport.cmake
[21.545s] -- Installing: /home/lennoxtr/EE4308/Lab_1/install/turtlebot3_msgs/share/turtlebot3_msgs/cmake/turtlebot3_msgs__rosidl_typesupport_cExport-noconfig.cmake
[21.545s] -- Installing: /home/lennoxtr/EE4308/Lab_1/install/turtlebot3_msgs/share/turtlebot3_msgs/cmake/turtlebot3_msgs__rosidl_typesupport_introspection_cppExport.cmake
[21.545s] -- Installing: /home/lennoxtr/EE4308/Lab_1/install/turtlebot3_msgs/share/turtlebot3_msgs/cmake/turtlebot3_msgs__rosidl_typesupport_introspection_cppExport-noconfig.cmake
[21.545s] -- Installing: /home/lennoxtr/EE4308/Lab_1/install/turtlebot3_msgs/share/turtlebot3_msgs/cmake/turtlebot3_msgs__rosidl_typesupport_cppExport.cmake
[21.545s] -- Installing: /home/lennoxtr/EE4308/Lab_1/install/turtlebot3_msgs/share/turtlebot3_msgs/cmake/turtlebot3_msgs__rosidl_typesupport_cppExport-noconfig.cmake
[21.545s] -- Installing: /home/lennoxtr/EE4308/Lab_1/install/turtlebot3_msgs/share/turtlebot3_msgs/cmake/export_turtlebot3_msgs__rosidl_generator_pyExport.cmake
[21.545s] -- Installing: /home/lennoxtr/EE4308/Lab_1/install/turtlebot3_msgs/share/turtlebot3_msgs/cmake/export_turtlebot3_msgs__rosidl_generator_pyExport-noconfig.cmake
[21.550s] Invoked command in '/home/lennoxtr/EE4308/Lab_1/build/turtlebot3_msgs' returned '0': CMAKE_PREFIX_PATH=/opt/ros/humble /usr/bin/cmake --install /home/lennoxtr/EE4308/Lab_1/build/turtlebot3_msgs
