[0.022s] Invoking command in '/home/lennoxtr/EE4308/Lab_1/build/ee4308_turtle': AMENT_PREFIX_PATH=/home/lennoxtr/EE4308/Lab_1/install/ee4308_core:${AMENT_PREFIX_PATH} CMAKE_PREFIX_PATH=/home/lennoxtr/EE4308/Lab_1/install/ee4308_core:/opt/ros/humble /usr/bin/cmake /home/lennoxtr/EE4308/Lab_1/src/ee4308_turtle -DCMAKE_INSTALL_PREFIX=/home/lennoxtr/EE4308/Lab_1/install/ee4308_turtle
[0.038s] -- Found ament_cmake: 1.3.11 (/opt/ros/humble/share/ament_cmake/cmake)
[0.157s] -- Override CMake install command with custom implementation using symlinks instead of copying resources
[0.165s] -- Found rclcpp: 16.0.11 (/opt/ros/humble/share/rclcpp/cmake)
[0.191s] -- Found rosidl_generator_c: 3.1.6 (/opt/ros/humble/share/rosidl_generator_c/cmake)
[0.192s] -- Found rosidl_adapter: 3.1.6 (/opt/ros/humble/share/rosidl_adapter/cmake)
[0.198s] -- Found rosidl_generator_cpp: 3.1.6 (/opt/ros/humble/share/rosidl_generator_cpp/cmake)
[0.207s] -- Using all available rosidl_typesupport_c: rosidl_typesupport_fastrtps_c;rosidl_typesupport_introspection_c
[0.218s] -- Using all available rosidl_typesupport_cpp: rosidl_typesupport_fastrtps_cpp;rosidl_typesupport_introspection_cpp
[0.250s] -- Found rmw_implementation_cmake: 6.1.2 (/opt/ros/humble/share/rmw_implementation_cmake/cmake)
[0.250s] -- Found rmw_fastrtps_cpp: 6.2.7 (/opt/ros/humble/share/rmw_fastrtps_cpp/cmake)
[0.344s] -- Using RMW implementation 'rmw_fastrtps_cpp' as default
[0.395s] -- Found rclcpp_lifecycle: 16.0.11 (/opt/ros/humble/share/rclcpp_lifecycle/cmake)
[0.413s] -- Found sensor_msgs: 4.2.4 (/opt/ros/humble/share/sensor_msgs/cmake)
[0.436s] -- Found nav_msgs: 4.2.4 (/opt/ros/humble/share/nav_msgs/cmake)
[0.452s] -- Found tf2: 0.25.11 (/opt/ros/humble/share/tf2/cmake)
[0.456s] -- Found tf2_ros: 0.25.11 (/opt/ros/humble/share/tf2_ros/cmake)
[0.528s] -- Found nav2_common: 1.1.17 (/opt/ros/humble/share/nav2_common/cmake)
[0.528s] -- Found nav2_core: 1.1.17 (/opt/ros/humble/share/nav2_core/cmake)
[0.590s] -- Ensuring Eigen3 include directory is part of orocos-kdl CMake target
[0.690s] -- Found ee4308_core: 0.0.0 (/home/lennoxtr/EE4308/Lab_1/install/ee4308_core/share/ee4308_core/cmake)
[0.938s] -- Configuring done
[1.026s] -- Generating done
[1.037s] -- Build files have been written to: /home/lennoxtr/EE4308/Lab_1/build/ee4308_turtle
[1.050s] Invoked command in '/home/lennoxtr/EE4308/Lab_1/build/ee4308_turtle' returned '0': AMENT_PREFIX_PATH=/home/lennoxtr/EE4308/Lab_1/install/ee4308_core:${AMENT_PREFIX_PATH} CMAKE_PREFIX_PATH=/home/lennoxtr/EE4308/Lab_1/install/ee4308_core:/opt/ros/humble /usr/bin/cmake /home/lennoxtr/EE4308/Lab_1/src/ee4308_turtle -DCMAKE_INSTALL_PREFIX=/home/lennoxtr/EE4308/Lab_1/install/ee4308_turtle
[1.050s] Invoking command in '/home/lennoxtr/EE4308/Lab_1/build/ee4308_turtle': AMENT_PREFIX_PATH=/home/lennoxtr/EE4308/Lab_1/install/ee4308_core:${AMENT_PREFIX_PATH} CMAKE_PREFIX_PATH=/home/lennoxtr/EE4308/Lab_1/install/ee4308_core:/opt/ros/humble /usr/bin/cmake --build /home/lennoxtr/EE4308/Lab_1/build/ee4308_turtle -- -j6 -l6
[1.090s] [35m[1mConsolidate compiler generated dependencies of target ee4308_turtle_planner[0m
[1.090s] [35m[1mConsolidate compiler generated dependencies of target ee4308_turtle_controller[0m
[1.106s] [ 50%] Built target ee4308_turtle_controller
[1.106s] [100%] Built target ee4308_turtle_planner
[1.116s] Invoked command in '/home/lennoxtr/EE4308/Lab_1/build/ee4308_turtle' returned '0': AMENT_PREFIX_PATH=/home/lennoxtr/EE4308/Lab_1/install/ee4308_core:${AMENT_PREFIX_PATH} CMAKE_PREFIX_PATH=/home/lennoxtr/EE4308/Lab_1/install/ee4308_core:/opt/ros/humble /usr/bin/cmake --build /home/lennoxtr/EE4308/Lab_1/build/ee4308_turtle -- -j6 -l6
[1.118s] Invoking command in '/home/lennoxtr/EE4308/Lab_1/build/ee4308_turtle': AMENT_PREFIX_PATH=/home/lennoxtr/EE4308/Lab_1/install/ee4308_core:${AMENT_PREFIX_PATH} CMAKE_PREFIX_PATH=/home/lennoxtr/EE4308/Lab_1/install/ee4308_core:/opt/ros/humble /usr/bin/cmake --install /home/lennoxtr/EE4308/Lab_1/build/ee4308_turtle
[1.126s] -- Install configuration: "Release"
[1.126s] -- Execute custom install script
[1.126s] -- Up-to-date symlink: /home/lennoxtr/EE4308/Lab_1/install/ee4308_turtle/lib/libee4308_turtle_controller.so
[1.126s] -- Up-to-date symlink: /home/lennoxtr/EE4308/Lab_1/install/ee4308_turtle/share/ee4308_turtle//ee4308_turtle_controller.xml
[1.126s] -- Up-to-date symlink: /home/lennoxtr/EE4308/Lab_1/install/ee4308_turtle/lib/libee4308_turtle_planner.so
[1.126s] -- Up-to-date symlink: /home/lennoxtr/EE4308/Lab_1/install/ee4308_turtle/share/ee4308_turtle//ee4308_turtle_planner.xml
[1.126s] -- Up-to-date symlink: /home/lennoxtr/EE4308/Lab_1/install/ee4308_turtle/include//ee4308_turtle/controller.hpp
[1.127s] -- Up-to-date symlink: /home/lennoxtr/EE4308/Lab_1/install/ee4308_turtle/include//ee4308_turtle/planner.hpp
[1.127s] -- Up-to-date symlink: /home/lennoxtr/EE4308/Lab_1/install/ee4308_turtle/share/ament_index/resource_index/package_run_dependencies/ee4308_turtle
[1.127s] -- Up-to-date symlink: /home/lennoxtr/EE4308/Lab_1/install/ee4308_turtle/share/ament_index/resource_index/parent_prefix_path/ee4308_turtle
[1.127s] -- Up-to-date symlink: /home/lennoxtr/EE4308/Lab_1/install/ee4308_turtle/share/ee4308_turtle/environment/ament_prefix_path.sh
[1.127s] -- Up-to-date symlink: /home/lennoxtr/EE4308/Lab_1/install/ee4308_turtle/share/ee4308_turtle/environment/ament_prefix_path.dsv
[1.127s] -- Up-to-date symlink: /home/lennoxtr/EE4308/Lab_1/install/ee4308_turtle/share/ee4308_turtle/environment/path.sh
[1.128s] -- Up-to-date symlink: /home/lennoxtr/EE4308/Lab_1/install/ee4308_turtle/share/ee4308_turtle/environment/path.dsv
[1.128s] -- Up-to-date symlink: /home/lennoxtr/EE4308/Lab_1/install/ee4308_turtle/share/ee4308_turtle/local_setup.bash
[1.128s] -- Up-to-date symlink: /home/lennoxtr/EE4308/Lab_1/install/ee4308_turtle/share/ee4308_turtle/local_setup.sh
[1.128s] -- Up-to-date symlink: /home/lennoxtr/EE4308/Lab_1/install/ee4308_turtle/share/ee4308_turtle/local_setup.zsh
[1.128s] -- Up-to-date symlink: /home/lennoxtr/EE4308/Lab_1/install/ee4308_turtle/share/ee4308_turtle/local_setup.dsv
[1.128s] -- Symlinking: /home/lennoxtr/EE4308/Lab_1/install/ee4308_turtle/share/ee4308_turtle/package.dsv
[1.138s] -- Up-to-date symlink: /home/lennoxtr/EE4308/Lab_1/install/ee4308_turtle/share/ament_index/resource_index/packages/ee4308_turtle
[1.138s] -- Up-to-date symlink: /home/lennoxtr/EE4308/Lab_1/install/ee4308_turtle/share/ament_index/resource_index/nav2_core__pluginlib__plugin/ee4308_turtle
[1.138s] -- Up-to-date symlink: /home/lennoxtr/EE4308/Lab_1/install/ee4308_turtle/share/ee4308_turtle/cmake/ament_cmake_export_include_directories-extras.cmake
[1.138s] -- Up-to-date symlink: /home/lennoxtr/EE4308/Lab_1/install/ee4308_turtle/share/ee4308_turtle/cmake/ament_cmake_export_dependencies-extras.cmake
[1.139s] -- Up-to-date symlink: /home/lennoxtr/EE4308/Lab_1/install/ee4308_turtle/share/ee4308_turtle/cmake/ee4308_turtleConfig.cmake
[1.139s] -- Up-to-date symlink: /home/lennoxtr/EE4308/Lab_1/install/ee4308_turtle/share/ee4308_turtle/cmake/ee4308_turtleConfig-version.cmake
[1.139s] -- Up-to-date symlink: /home/lennoxtr/EE4308/Lab_1/install/ee4308_turtle/share/ee4308_turtle/package.xml
[1.147s] Invoked command in '/home/lennoxtr/EE4308/Lab_1/build/ee4308_turtle' returned '0': AMENT_PREFIX_PATH=/home/lennoxtr/EE4308/Lab_1/install/ee4308_core:${AMENT_PREFIX_PATH} CMAKE_PREFIX_PATH=/home/lennoxtr/EE4308/Lab_1/install/ee4308_core:/opt/ros/humble /usr/bin/cmake --install /home/lennoxtr/EE4308/Lab_1/build/ee4308_turtle
