[0.022s] Invoking command in '/home/lennoxtr/EE4308/Lab_1/build/ee4308_core': CMAKE_PREFIX_PATH=/opt/ros/humble /usr/bin/cmake --build /home/lennoxtr/EE4308/Lab_1/build/ee4308_core -- -j6 -l6
[0.064s] Invoked command in '/home/lennoxtr/EE4308/Lab_1/build/ee4308_core' returned '0': CMAKE_PREFIX_PATH=/opt/ros/humble /usr/bin/cmake --build /home/lennoxtr/EE4308/Lab_1/build/ee4308_core -- -j6 -l6
[0.083s] Invoking command in '/home/lennoxtr/EE4308/Lab_1/build/ee4308_core': CMAKE_PREFIX_PATH=/opt/ros/humble /usr/bin/cmake --install /home/lennoxtr/EE4308/Lab_1/build/ee4308_core
[0.094s] -- Install configuration: ""
[0.094s] -- Execute custom install script
[0.094s] -- Up-to-date symlink: /home/lennoxtr/EE4308/Lab_1/install/ee4308_core/include/ee4308_core//core.hpp
[0.094s] -- Up-to-date symlink: /home/lennoxtr/EE4308/Lab_1/install/ee4308_core/include/ee4308_core//raytracer.hpp
[0.094s] -- Up-to-date symlink: /home/lennoxtr/EE4308/Lab_1/install/ee4308_core/share/ament_index/resource_index/package_run_dependencies/ee4308_core
[0.094s] -- Up-to-date symlink: /home/lennoxtr/EE4308/Lab_1/install/ee4308_core/share/ament_index/resource_index/parent_prefix_path/ee4308_core
[0.094s] -- Up-to-date symlink: /home/lennoxtr/EE4308/Lab_1/install/ee4308_core/share/ee4308_core/environment/ament_prefix_path.sh
[0.094s] -- Up-to-date symlink: /home/lennoxtr/EE4308/Lab_1/install/ee4308_core/share/ee4308_core/environment/ament_prefix_path.dsv
[0.095s] -- Up-to-date symlink: /home/lennoxtr/EE4308/Lab_1/install/ee4308_core/share/ee4308_core/environment/path.sh
[0.095s] -- Up-to-date symlink: /home/lennoxtr/EE4308/Lab_1/install/ee4308_core/share/ee4308_core/environment/path.dsv
[0.095s] -- Up-to-date symlink: /home/lennoxtr/EE4308/Lab_1/install/ee4308_core/share/ee4308_core/local_setup.bash
[0.095s] -- Up-to-date symlink: /home/lennoxtr/EE4308/Lab_1/install/ee4308_core/share/ee4308_core/local_setup.sh
[0.095s] -- Up-to-date symlink: /home/lennoxtr/EE4308/Lab_1/install/ee4308_core/share/ee4308_core/local_setup.zsh
[0.095s] -- Up-to-date symlink: /home/lennoxtr/EE4308/Lab_1/install/ee4308_core/share/ee4308_core/local_setup.dsv
[0.095s] -- Symlinking: /home/lennoxtr/EE4308/Lab_1/install/ee4308_core/share/ee4308_core/package.dsv
[0.101s] -- Up-to-date symlink: /home/lennoxtr/EE4308/Lab_1/install/ee4308_core/share/ament_index/resource_index/packages/ee4308_core
[0.101s] -- Up-to-date symlink: /home/lennoxtr/EE4308/Lab_1/install/ee4308_core/share/ee4308_core/cmake/ament_cmake_export_include_directories-extras.cmake
[0.101s] -- Up-to-date symlink: /home/lennoxtr/EE4308/Lab_1/install/ee4308_core/share/ee4308_core/cmake/ee4308_coreConfig.cmake
[0.101s] -- Up-to-date symlink: /home/lennoxtr/EE4308/Lab_1/install/ee4308_core/share/ee4308_core/cmake/ee4308_coreConfig-version.cmake
[0.101s] -- Up-to-date symlink: /home/lennoxtr/EE4308/Lab_1/install/ee4308_core/share/ee4308_core/package.xml
[0.108s] Invoked command in '/home/lennoxtr/EE4308/Lab_1/build/ee4308_core' returned '0': CMAKE_PREFIX_PATH=/opt/ros/humble /usr/bin/cmake --install /home/lennoxtr/EE4308/Lab_1/build/ee4308_core
