[01m[K/home/lennoxtr/EE4308/Lab_1/src/ee4308_turtle/src/controller.cpp:[m[K In member function ‘[01m[Kvirtual geometry_msgs::msg::TwistStamped ee4308::turtle::Controller::computeVelocityCommands(const PoseStamped&, const Twist&, nav2_core::GoalChecker*)[m[K’:
[01m[K/home/lennoxtr/EE4308/Lab_1/src/ee4308_turtle/src/controller.cpp:80:35:[m[K [01;31m[Kerror: [m[Kno match for ‘[01m[Koperator>>[m[K’ (operand types are ‘[01m[Kstd::basic_ostream<char>::__ostream_type[m[K’ {aka ‘[01m[Kstd::basic_ostream<char>[m[K’} and ‘[01m[K<unresolved overloaded function type>[m[K’)
   80 |             [01;31m[Kstd::cout << distance >> std::endl[m[K;
      |             [01;31m[K~~~~~~~~~~~~~~~~~~~~~~^~~~~~~~~~~~[m[K
In file included from [01m[K/usr/include/c++/11/string:56[m[K,
                 from [01m[K/home/lennoxtr/EE4308/Lab_1/src/ee4308_turtle/include/ee4308_turtle/controller.hpp:2[m[K,
                 from [01m[K/home/lennoxtr/EE4308/Lab_1/src/ee4308_turtle/src/controller.cpp:1[m[K:
[01m[K/usr/include/c++/11/bits/basic_string.tcc:1485:5:[m[K [01;36m[Knote: [m[Kcandidate: ‘[01m[Ktemplate<class _CharT, class _Traits, class _Alloc> std::basic_istream<_CharT, _Traits>& std::operator>>(std::basic_istream<_CharT, _Traits>&, std::__cxx11::basic_string<_CharT, _Traits, _Allocator>&)[m[K’
 1485 |     [01;36m[Koperator[m[K>>(basic_istream<_CharT, _Traits>& __in,
      |     [01;36m[K^~~~~~~~[m[K
[01m[K/usr/include/c++/11/bits/basic_string.tcc:1485:5:[m[K [01;36m[Knote: [m[K  template argument deduction/substitution failed:
[01m[K/home/lennoxtr/EE4308/Lab_1/src/ee4308_turtle/src/controller.cpp:80:43:[m[K [01;36m[Knote: [m[K  ‘[01m[Kstd::basic_ostream<char>::__ostream_type[m[K’ {aka ‘[01m[Kstd::basic_ostream<char>[m[K’} is not derived from ‘[01m[Kstd::basic_istream<_CharT, _Traits>[m[K’
   80 |             std::cout << distance >> std::[01;36m[Kendl[m[K;
      |                                           [01;36m[K^~~~[m[K
In file included from [01m[K/usr/include/c++/11/istream:1016[m[K,
                 from [01m[K/usr/include/c++/11/iostream:40[m[K,
                 from [01m[K/opt/ros/humble/include/rclcpp/rclcpp/executor.hpp:22[m[K,
                 from [01m[K/opt/ros/humble/include/rclcpp/rclcpp/executors/multi_threaded_executor.hpp:25[m[K,
                 from [01m[K/opt/ros/humble/include/rclcpp/rclcpp/executors.hpp:21[m[K,
                 from [01m[K/opt/ros/humble/include/rclcpp/rclcpp/rclcpp.hpp:155[m[K,
                 from [01m[K/home/lennoxtr/EE4308/Lab_1/src/ee4308_turtle/include/ee4308_turtle/controller.hpp:6[m[K,
                 from [01m[K/home/lennoxtr/EE4308/Lab_1/src/ee4308_turtle/src/controller.cpp:1[m[K:
[01m[K/usr/include/c++/11/bits/istream.tcc:958:5:[m[K [01;36m[Knote: [m[Kcandidate: ‘[01m[Ktemplate<class _CharT, class _Traits> std::basic_istream<_CharT, _Traits>& std::operator>>(std::basic_istream<_CharT, _Traits>&, _CharT&)[m[K’
  958 |     [01;36m[Koperator[m[K>>(basic_istream<_CharT, _Traits>& __in, _CharT& __c)
      |     [01;36m[K^~~~~~~~[m[K
[01m[K/usr/include/c++/11/bits/istream.tcc:958:5:[m[K [01;36m[Knote: [m[K  template argument deduction/substitution failed:
[01m[K/home/lennoxtr/EE4308/Lab_1/src/ee4308_turtle/src/controller.cpp:80:43:[m[K [01;36m[Knote: [m[K  ‘[01m[Kstd::basic_ostream<char>::__ostream_type[m[K’ {aka ‘[01m[Kstd::basic_ostream<char>[m[K’} is not derived from ‘[01m[Kstd::basic_istream<_CharT, _Traits>[m[K’
   80 |             std::cout << distance >> std::[01;36m[Kendl[m[K;
      |                                           [01;36m[K^~~~[m[K
In file included from [01m[K/usr/include/c++/11/iostream:40[m[K,
                 from [01m[K/opt/ros/humble/include/rclcpp/rclcpp/executor.hpp:22[m[K,
                 from [01m[K/opt/ros/humble/include/rclcpp/rclcpp/executors/multi_threaded_executor.hpp:25[m[K,
                 from [01m[K/opt/ros/humble/include/rclcpp/rclcpp/executors.hpp:21[m[K,
                 from [01m[K/opt/ros/humble/include/rclcpp/rclcpp/rclcpp.hpp:155[m[K,
                 from [01m[K/home/lennoxtr/EE4308/Lab_1/src/ee4308_turtle/include/ee4308_turtle/controller.hpp:6[m[K,
                 from [01m[K/home/lennoxtr/EE4308/Lab_1/src/ee4308_turtle/src/controller.cpp:1[m[K:
[01m[K/usr/include/c++/11/istream:756:5:[m[K [01;36m[Knote: [m[Kcandidate: ‘[01m[Ktemplate<class _Traits> std::basic_istream<char, _Traits>& std::operator>>(std::basic_istream<char, _Traits>&, unsigned char&)[m[K’
  756 |     [01;36m[Koperator[m[K>>(basic_istream<char, _Traits>& __in, unsigned char& __c)
      |     [01;36m[K^~~~~~~~[m[K
[01m[K/usr/include/c++/11/istream:756:5:[m[K [01;36m[Knote: [m[K  template argument deduction/substitution failed:
[01m[K/home/lennoxtr/EE4308/Lab_1/src/ee4308_turtle/src/controller.cpp:80:43:[m[K [01;36m[Knote: [m[K  ‘[01m[Kstd::basic_ostream<char>::__ostream_type[m[K’ {aka ‘[01m[Kstd::basic_ostream<char>[m[K’} is not derived from ‘[01m[Kstd::basic_istream<char, _Traits>[m[K’
   80 |             std::cout << distance >> std::[01;36m[Kendl[m[K;
      |                                           [01;36m[K^~~~[m[K
In file included from [01m[K/usr/include/c++/11/iostream:40[m[K,
                 from [01m[K/opt/ros/humble/include/rclcpp/rclcpp/executor.hpp:22[m[K,
                 from [01m[K/opt/ros/humble/include/rclcpp/rclcpp/executors/multi_threaded_executor.hpp:25[m[K,
                 from [01m[K/opt/ros/humble/include/rclcpp/rclcpp/executors.hpp:21[m[K,
                 from [01m[K/opt/ros/humble/include/rclcpp/rclcpp/rclcpp.hpp:155[m[K,
                 from [01m[K/home/lennoxtr/EE4308/Lab_1/src/ee4308_turtle/include/ee4308_turtle/controller.hpp:6[m[K,
                 from [01m[K/home/lennoxtr/EE4308/Lab_1/src/ee4308_turtle/src/controller.cpp:1[m[K:
[01m[K/usr/include/c++/11/istream:761:5:[m[K [01;36m[Knote: [m[Kcandidate: ‘[01m[Ktemplate<class _Traits> std::basic_istream<char, _Traits>& std::operator>>(std::basic_istream<char, _Traits>&, signed char&)[m[K’
  761 |     [01;36m[Koperator[m[K>>(basic_istream<char, _Traits>& __in, signed char& __c)
      |     [01;36m[K^~~~~~~~[m[K
[01m[K/usr/include/c++/11/istream:761:5:[m[K [01;36m[Knote: [m[K  template argument deduction/substitution failed:
[01m[K/home/lennoxtr/EE4308/Lab_1/src/ee4308_turtle/src/controller.cpp:80:43:[m[K [01;36m[Knote: [m[K  ‘[01m[Kstd::basic_ostream<char>::__ostream_type[m[K’ {aka ‘[01m[Kstd::basic_ostream<char>[m[K’} is not derived from ‘[01m[Kstd::basic_istream<char, _Traits>[m[K’
   80 |             std::cout << distance >> std::[01;36m[Kendl[m[K;
      |                                           [01;36m[K^~~~[m[K
In file included from [01m[K/usr/include/c++/11/iostream:40[m[K,
                 from [01m[K/opt/ros/humble/include/rclcpp/rclcpp/executor.hpp:22[m[K,
                 from [01m[K/opt/ros/humble/include/rclcpp/rclcpp/executors/multi_threaded_executor.hpp:25[m[K,
                 from [01m[K/opt/ros/humble/include/rclcpp/rclcpp/executors.hpp:21[m[K,
                 from [01m[K/opt/ros/humble/include/rclcpp/rclcpp/rclcpp.hpp:155[m[K,
                 from [01m[K/home/lennoxtr/EE4308/Lab_1/src/ee4308_turtle/include/ee4308_turtle/controller.hpp:6[m[K,
                 from [01m[K/home/lennoxtr/EE4308/Lab_1/src/ee4308_turtle/src/controller.cpp:1[m[K:
[01m[K/usr/include/c++/11/istream:803:5:[m[K [01;36m[Knote: [m[Kcandidate: ‘[01m[Ktemplate<class _CharT, class _Traits> std::basic_istream<_CharT, _Traits>& std::operator>>(std::basic_istream<_CharT, _Traits>&, _CharT*)[m[K’
  803 |     [01;36m[Koperator[m[K>>(basic_istream<_CharT, _Traits>& __in, _CharT* __s)
      |     [01;36m[K^~~~~~~~[m[K
[01m[K/usr/include/c++/11/istream:803:5:[m[K [01;36m[Knote: [m[K  template argument deduction/substitution failed:
[01m[K/home/lennoxtr/EE4308/Lab_1/src/ee4308_turtle/src/controller.cpp:80:43:[m[K [01;36m[Knote: [m[K  ‘[01m[Kstd::basic_ostream<char>::__ostream_type[m[K’ {aka ‘[01m[Kstd::basic_ostream<char>[m[K’} is not derived from ‘[01m[Kstd::basic_istream<_CharT, _Traits>[m[K’
   80 |             std::cout << distance >> std::[01;36m[Kendl[m[K;
      |                                           [01;36m[K^~~~[m[K
In file included from [01m[K/usr/include/c++/11/iostream:40[m[K,
                 from [01m[K/opt/ros/humble/include/rclcpp/rclcpp/executor.hpp:22[m[K,
                 from [01m[K/opt/ros/humble/include/rclcpp/rclcpp/executors/multi_threaded_executor.hpp:25[m[K,
                 from [01m[K/opt/ros/humble/include/rclcpp/rclcpp/executors.hpp:21[m[K,
                 from [01m[K/opt/ros/humble/include/rclcpp/rclcpp/rclcpp.hpp:155[m[K,
                 from [01m[K/home/lennoxtr/EE4308/Lab_1/src/ee4308_turtle/include/ee4308_turtle/controller.hpp:6[m[K,
                 from [01m[K/home/lennoxtr/EE4308/Lab_1/src/ee4308_turtle/src/controller.cpp:1[m[K:
[01m[K/usr/include/c++/11/istream:846:5:[m[K [01;36m[Knote: [m[Kcandidate: ‘[01m[Ktemplate<class _Traits> std::basic_istream<char, _Traits>& std::operator>>(std::basic_istream<char, _Traits>&, unsigned char*)[m[K’
  846 |     [01;36m[Koperator[m[K>>(basic_istream<char, _Traits>& __in, unsigned char* __s)
      |     [01;36m[K^~~~~~~~[m[K
[01m[K/usr/include/c++/11/istream:846:5:[m[K [01;36m[Knote: [m[K  template argument deduction/substitution failed:
[01m[K/home/lennoxtr/EE4308/Lab_1/src/ee4308_turtle/src/controller.cpp:80:43:[m[K [01;36m[Knote: [m[K  ‘[01m[Kstd::basic_ostream<char>::__ostream_type[m[K’ {aka ‘[01m[Kstd::basic_ostream<char>[m[K’} is not derived from ‘[01m[Kstd::basic_istream<char, _Traits>[m[K’
   80 |             std::cout << distance >> std::[01;36m[Kendl[m[K;
      |                                           [01;36m[K^~~~[m[K
In file included from [01m[K/usr/include/c++/11/iostream:40[m[K,
                 from [01m[K/opt/ros/humble/include/rclcpp/rclcpp/executor.hpp:22[m[K,
                 from [01m[K/opt/ros/humble/include/rclcpp/rclcpp/executors/multi_threaded_executor.hpp:25[m[K,
                 from [01m[K/opt/ros/humble/include/rclcpp/rclcpp/executors.hpp:21[m[K,
                 from [01m[K/opt/ros/humble/include/rclcpp/rclcpp/rclcpp.hpp:155[m[K,
                 from [01m[K/home/lennoxtr/EE4308/Lab_1/src/ee4308_turtle/include/ee4308_turtle/controller.hpp:6[m[K,
                 from [01m[K/home/lennoxtr/EE4308/Lab_1/src/ee4308_turtle/src/controller.cpp:1[m[K:
[01m[K/usr/include/c++/11/istream:852:5:[m[K [01;36m[Knote: [m[Kcandidate: ‘[01m[Ktemplate<class _Traits> std::basic_istream<char, _Traits>& std::operator>>(std::basic_istream<char, _Traits>&, signed char*)[m[K’
  852 |     [01;36m[Koperator[m[K>>(basic_istream<char, _Traits>& __in, signed char* __s)
      |     [01;36m[K^~~~~~~~[m[K
[01m[K/usr/include/c++/11/istream:852:5:[m[K [01;36m[Knote: [m[K  template argument deduction/substitution failed:
[01m[K/home/lennoxtr/EE4308/Lab_1/src/ee4308_turtle/src/controller.cpp:80:43:[m[K [01;36m[Knote: [m[K  ‘[01m[Kstd::basic_ostream<char>::__ostream_type[m[K’ {aka ‘[01m[Kstd::basic_ostream<char>[m[K’} is not derived from ‘[01m[Kstd::basic_istream<char, _Traits>[m[K’
   80 |             std::cout << distance >> std::[01;36m[Kendl[m[K;
      |                                           [01;36m[K^~~~[m[K
In file included from [01m[K/usr/include/c++/11/iostream:40[m[K,
                 from [01m[K/opt/ros/humble/include/rclcpp/rclcpp/executor.hpp:22[m[K,
                 from [01m[K/opt/ros/humble/include/rclcpp/rclcpp/executors/multi_threaded_executor.hpp:25[m[K,
                 from [01m[K/opt/ros/humble/include/rclcpp/rclcpp/executors.hpp:21[m[K,
                 from [01m[K/opt/ros/humble/include/rclcpp/rclcpp/rclcpp.hpp:155[m[K,
                 from [01m[K/home/lennoxtr/EE4308/Lab_1/src/ee4308_turtle/include/ee4308_turtle/controller.hpp:6[m[K,
                 from [01m[K/home/lennoxtr/EE4308/Lab_1/src/ee4308_turtle/src/controller.cpp:1[m[K:
[01m[K/usr/include/c++/11/istream:1006:5:[m[K [01;36m[Knote: [m[Kcandidate: ‘[01m[Ktemplate<class _Istream, class _Tp> _Istream&& std::operator>>(_Istream&&, _Tp&&)[m[K’
 1006 |     [01;36m[Koperator[m[K>>(_Istream&& __is, _Tp&& __x)
      |     [01;36m[K^~~~~~~~[m[K
[01m[K/usr/include/c++/11/istream:1006:5:[m[K [01;36m[Knote: [m[K  template argument deduction/substitution failed:
[01m[K/home/lennoxtr/EE4308/Lab_1/src/ee4308_turtle/src/controller.cpp:80:43:[m[K [01;36m[Knote: [m[K  couldn’t deduce template parameter ‘[01m[K_Tp[m[K’
   80 |             std::cout << distance >> std::[01;36m[Kendl[m[K;
      |                                           [01;36m[K^~~~[m[K
In file included from [01m[K/opt/ros/humble/include/rosidl_runtime_cpp/rosidl_runtime_cpp/traits.hpp:19[m[K,
                 from [01m[K/opt/ros/humble/include/builtin_interfaces/builtin_interfaces/msg/detail/duration__traits.hpp:15[m[K,
                 from [01m[K/opt/ros/humble/include/builtin_interfaces/builtin_interfaces/msg/duration.hpp:9[m[K,
                 from [01m[K/opt/ros/humble/include/rclcpp/rclcpp/duration.hpp:20[m[K,
                 from [01m[K/opt/ros/humble/include/rclcpp/rclcpp/qos.hpp:20[m[K,
                 from [01m[K/opt/ros/humble/include/rclcpp/rclcpp/node_interfaces/node_graph_interface.hpp:32[m[K,
                 from [01m[K/opt/ros/humble/include/rclcpp/rclcpp/client.hpp:42[m[K,
                 from [01m[K/opt/ros/humble/include/rclcpp/rclcpp/callback_group.hpp:24[m[K,
                 from [01m[K/opt/ros/humble/include/rclcpp/rclcpp/any_executable.hpp:20[m[K,
                 from [01m[K/opt/ros/humble/include/rclcpp/rclcpp/memory_strategy.hpp:25[m[K,
                 from [01m[K/opt/ros/humble/include/rclcpp/rclcpp/memory_strategies.hpp:18[m[K,
                 from [01m[K/opt/ros/humble/include/rclcpp/rclcpp/executor_options.hpp:20[m[K,
                 from [01m[K/opt/ros/humble/include/rclcpp/rclcpp/executor.hpp:37[m[K,
                 from [01m[K/opt/ros/humble/include/rclcpp/rclcpp/executors/multi_threaded_executor.hpp:25[m[K,
                 from [01m[K/opt/ros/humble/include/rclcpp/rclcpp/executors.hpp:21[m[K,
                 from [01m[K/opt/ros/humble/include/rclcpp/rclcpp/rclcpp.hpp:155[m[K,
                 from [01m[K/home/lennoxtr/EE4308/Lab_1/src/ee4308_turtle/include/ee4308_turtle/controller.hpp:6[m[K,
                 from [01m[K/home/lennoxtr/EE4308/Lab_1/src/ee4308_turtle/src/controller.cpp:1[m[K:
[01m[K/usr/include/c++/11/iomanip:71:5:[m[K [01;36m[Knote: [m[Kcandidate: ‘[01m[Ktemplate<class _CharT, class _Traits> std::basic_istream<_CharT, _Traits>& std::operator>>(std::basic_istream<_CharT, _Traits>&, std::_Resetiosflags)[m[K’
   71 |     [01;36m[Koperator[m[K>>(basic_istream<_CharT, _Traits>& __is, _Resetiosflags __f)
      |     [01;36m[K^~~~~~~~[m[K
[01m[K/usr/include/c++/11/iomanip:71:5:[m[K [01;36m[Knote: [m[K  template argument deduction/substitution failed:
[01m[K/home/lennoxtr/EE4308/Lab_1/src/ee4308_turtle/src/controller.cpp:80:43:[m[K [01;36m[Knote: [m[K  ‘[01m[Kstd::basic_ostream<char>::__ostream_type[m[K’ {aka ‘[01m[Kstd::basic_ostream<char>[m[K’} is not derived from ‘[01m[Kstd::basic_istream<_CharT, _Traits>[m[K’
   80 |             std::cout << distance >> std::[01;36m[Kendl[m[K;
      |                                           [01;36m[K^~~~[m[K
In file included from [01m[K/opt/ros/humble/include/rosidl_runtime_cpp/rosidl_runtime_cpp/traits.hpp:19[m[K,
                 from [01m[K/opt/ros/humble/include/builtin_interfaces/builtin_interfaces/msg/detail/duration__traits.hpp:15[m[K,
                 from [01m[K/opt/ros/humble/include/builtin_interfaces/builtin_interfaces/msg/duration.hpp:9[m[K,
                 from [01m[K/opt/ros/humble/include/rclcpp/rclcpp/duration.hpp:20[m[K,
                 from [01m[K/opt/ros/humble/include/rclcpp/rclcpp/qos.hpp:20[m[K,
                 from [01m[K/opt/ros/humble/include/rclcpp/rclcpp/node_interfaces/node_graph_interface.hpp:32[m[K,
                 from [01m[K/opt/ros/humble/include/rclcpp/rclcpp/client.hpp:42[m[K,
                 from [01m[K/opt/ros/humble/include/rclcpp/rclcpp/callback_group.hpp:24[m[K,
                 from [01m[K/opt/ros/humble/include/rclcpp/rclcpp/any_executable.hpp:20[m[K,
                 from [01m[K/opt/ros/humble/include/rclcpp/rclcpp/memory_strategy.hpp:25[m[K,
                 from [01m[K/opt/ros/humble/include/rclcpp/rclcpp/memory_strategies.hpp:18[m[K,
                 from [01m[K/opt/ros/humble/include/rclcpp/rclcpp/executor_options.hpp:20[m[K,
                 from [01m[K/opt/ros/humble/include/rclcpp/rclcpp/executor.hpp:37[m[K,
                 from [01m[K/opt/ros/humble/include/rclcpp/rclcpp/executors/multi_threaded_executor.hpp:25[m[K,
                 from [01m[K/opt/ros/humble/include/rclcpp/rclcpp/executors.hpp:21[m[K,
                 from [01m[K/opt/ros/humble/include/rclcpp/rclcpp/rclcpp.hpp:155[m[K,
                 from [01m[K/home/lennoxtr/EE4308/Lab_1/src/ee4308_turtle/include/ee4308_turtle/controller.hpp:6[m[K,
                 from [01m[K/home/lennoxtr/EE4308/Lab_1/src/ee4308_turtle/src/controller.cpp:1[m[K:
[01m[K/usr/include/c++/11/iomanip:101:5:[m[K [01;36m[Knote: [m[Kcandidate: ‘[01m[Ktemplate<class _CharT, class _Traits> std::basic_istream<_CharT, _Traits>& std::operator>>(std::basic_istream<_CharT, _Traits>&, std::_Setiosflags)[m[K’
  101 |     [01;36m[Koperator[m[K>>(basic_istream<_CharT, _Traits>& __is, _Setiosflags __f)
      |     [01;36m[K^~~~~~~~[m[K
[01m[K/usr/include/c++/11/iomanip:101:5:[m[K [01;36m[Knote: [m[K  template argument deduction/substitution failed:
[01m[K/home/lennoxtr/EE4308/Lab_1/src/ee4308_turtle/src/controller.cpp:80:43:[m[K [01;36m[Knote: [m[K  ‘[01m[Kstd::basic_ostream<char>::__ostream_type[m[K’ {aka ‘[01m[Kstd::basic_ostream<char>[m[K’} is not derived from ‘[01m[Kstd::basic_istream<_CharT, _Traits>[m[K’
   80 |             std::cout << distance >> std::[01;36m[Kendl[m[K;
      |                                           [01;36m[K^~~~[m[K
In file included from [01m[K/opt/ros/humble/include/rosidl_runtime_cpp/rosidl_runtime_cpp/traits.hpp:19[m[K,
                 from [01m[K/opt/ros/humble/include/builtin_interfaces/builtin_interfaces/msg/detail/duration__traits.hpp:15[m[K,
                 from [01m[K/opt/ros/humble/include/builtin_interfaces/builtin_interfaces/msg/duration.hpp:9[m[K,
                 from [01m[K/opt/ros/humble/include/rclcpp/rclcpp/duration.hpp:20[m[K,
                 from [01m[K/opt/ros/humble/include/rclcpp/rclcpp/qos.hpp:20[m[K,
                 from [01m[K/opt/ros/humble/include/rclcpp/rclcpp/node_interfaces/node_graph_interface.hpp:32[m[K,
                 from [01m[K/opt/ros/humble/include/rclcpp/rclcpp/client.hpp:42[m[K,
                 from [01m[K/opt/ros/humble/include/rclcpp/rclcpp/callback_group.hpp:24[m[K,
                 from [01m[K/opt/ros/humble/include/rclcpp/rclcpp/any_executable.hpp:20[m[K,
                 from [01m[K/opt/ros/humble/include/rclcpp/rclcpp/memory_strategy.hpp:25[m[K,
                 from [01m[K/opt/ros/humble/include/rclcpp/rclcpp/memory_strategies.hpp:18[m[K,
                 from [01m[K/opt/ros/humble/include/rclcpp/rclcpp/executor_options.hpp:20[m[K,
                 from [01m[K/opt/ros/humble/include/rclcpp/rclcpp/executor.hpp:37[m[K,
                 from [01m[K/opt/ros/humble/include/rclcpp/rclcpp/executors/multi_threaded_executor.hpp:25[m[K,
                 from [01m[K/opt/ros/humble/include/rclcpp/rclcpp/executors.hpp:21[m[K,
                 from [01m[K/opt/ros/humble/include/rclcpp/rclcpp/rclcpp.hpp:155[m[K,
                 from [01m[K/home/lennoxtr/EE4308/Lab_1/src/ee4308_turtle/include/ee4308_turtle/controller.hpp:6[m[K,
                 from [01m[K/home/lennoxtr/EE4308/Lab_1/src/ee4308_turtle/src/controller.cpp:1[m[K:
[01m[K/usr/include/c++/11/iomanip:132:5:[m[K [01;36m[Knote: [m[Kcandidate: ‘[01m[Ktemplate<class _CharT, class _Traits> std::basic_istream<_CharT, _Traits>& std::operator>>(std::basic_istream<_CharT, _Traits>&, std::_Setbase)[m[K’
  132 |     [01;36m[Koperator[m[K>>(basic_istream<_CharT, _Traits>& __is, _Setbase __f)
      |     [01;36m[K^~~~~~~~[m[K
[01m[K/usr/include/c++/11/iomanip:132:5:[m[K [01;36m[Knote: [m[K  template argument deduction/substitution failed:
[01m[K/home/lennoxtr/EE4308/Lab_1/src/ee4308_turtle/src/controller.cpp:80:43:[m[K [01;36m[Knote: [m[K  ‘[01m[Kstd::basic_ostream<char>::__ostream_type[m[K’ {aka ‘[01m[Kstd::basic_ostream<char>[m[K’} is not derived from ‘[01m[Kstd::basic_istream<_CharT, _Traits>[m[K’
   80 |             std::cout << distance >> std::[01;36m[Kendl[m[K;
      |                                           [01;36m[K^~~~[m[K
In file included from [01m[K/opt/ros/humble/include/rosidl_runtime_cpp/rosidl_runtime_cpp/traits.hpp:19[m[K,
                 from [01m[K/opt/ros/humble/include/builtin_interfaces/builtin_interfaces/msg/detail/duration__traits.hpp:15[m[K,
                 from [01m[K/opt/ros/humble/include/builtin_interfaces/builtin_interfaces/msg/duration.hpp:9[m[K,
                 from [01m[K/opt/ros/humble/include/rclcpp/rclcpp/duration.hpp:20[m[K,
                 from [01m[K/opt/ros/humble/include/rclcpp/rclcpp/qos.hpp:20[m[K,
                 from [01m[K/opt/ros/humble/include/rclcpp/rclcpp/node_interfaces/node_graph_interface.hpp:32[m[K,
                 from [01m[K/opt/ros/humble/include/rclcpp/rclcpp/client.hpp:42[m[K,
                 from [01m[K/opt/ros/humble/include/rclcpp/rclcpp/callback_group.hpp:24[m[K,
                 from [01m[K/opt/ros/humble/include/rclcpp/rclcpp/any_executable.hpp:20[m[K,
                 from [01m[K/opt/ros/humble/include/rclcpp/rclcpp/memory_strategy.hpp:25[m[K,
                 from [01m[K/opt/ros/humble/include/rclcpp/rclcpp/memory_strategies.hpp:18[m[K,
                 from [01m[K/opt/ros/humble/include/rclcpp/rclcpp/executor_options.hpp:20[m[K,
                 from [01m[K/opt/ros/humble/include/rclcpp/rclcpp/executor.hpp:37[m[K,
                 from [01m[K/opt/ros/humble/include/rclcpp/rclcpp/executors/multi_threaded_executor.hpp:25[m[K,
                 from [01m[K/opt/ros/humble/include/rclcpp/rclcpp/executors.hpp:21[m[K,
                 from [01m[K/opt/ros/humble/include/rclcpp/rclcpp/rclcpp.hpp:155[m[K,
                 from [01m[K/home/lennoxtr/EE4308/Lab_1/src/ee4308_turtle/include/ee4308_turtle/controller.hpp:6[m[K,
                 from [01m[K/home/lennoxtr/EE4308/Lab_1/src/ee4308_turtle/src/controller.cpp:1[m[K:
[01m[K/usr/include/c++/11/iomanip:170:5:[m[K [01;36m[Knote: [m[Kcandidate: ‘[01m[Ktemplate<class _CharT, class _Traits> std::basic_istream<_CharT, _Traits>& std::operator>>(std::basic_istream<_CharT, _Traits>&, std::_Setfill<_CharT>)[m[K’
  170 |     [01;36m[Koperator[m[K>>(basic_istream<_CharT, _Traits>& __is, _Setfill<_CharT> __f)
      |     [01;36m[K^~~~~~~~[m[K
[01m[K/usr/include/c++/11/iomanip:170:5:[m[K [01;36m[Knote: [m[K  template argument deduction/substitution failed:
[01m[K/home/lennoxtr/EE4308/Lab_1/src/ee4308_turtle/src/controller.cpp:80:43:[m[K [01;36m[Knote: [m[K  ‘[01m[Kstd::basic_ostream<char>::__ostream_type[m[K’ {aka ‘[01m[Kstd::basic_ostream<char>[m[K’} is not derived from ‘[01m[Kstd::basic_istream<_CharT, _Traits>[m[K’
   80 |             std::cout << distance >> std::[01;36m[Kendl[m[K;
      |                                           [01;36m[K^~~~[m[K
In file included from [01m[K/opt/ros/humble/include/rosidl_runtime_cpp/rosidl_runtime_cpp/traits.hpp:19[m[K,
                 from [01m[K/opt/ros/humble/include/builtin_interfaces/builtin_interfaces/msg/detail/duration__traits.hpp:15[m[K,
                 from [01m[K/opt/ros/humble/include/builtin_interfaces/builtin_interfaces/msg/duration.hpp:9[m[K,
                 from [01m[K/opt/ros/humble/include/rclcpp/rclcpp/duration.hpp:20[m[K,
                 from [01m[K/opt/ros/humble/include/rclcpp/rclcpp/qos.hpp:20[m[K,
                 from [01m[K/opt/ros/humble/include/rclcpp/rclcpp/node_interfaces/node_graph_interface.hpp:32[m[K,
                 from [01m[K/opt/ros/humble/include/rclcpp/rclcpp/client.hpp:42[m[K,
                 from [01m[K/opt/ros/humble/include/rclcpp/rclcpp/callback_group.hpp:24[m[K,
                 from [01m[K/opt/ros/humble/include/rclcpp/rclcpp/any_executable.hpp:20[m[K,
                 from [01m[K/opt/ros/humble/include/rclcpp/rclcpp/memory_strategy.hpp:25[m[K,
                 from [01m[K/opt/ros/humble/include/rclcpp/rclcpp/memory_strategies.hpp:18[m[K,
                 from [01m[K/opt/ros/humble/include/rclcpp/rclcpp/executor_options.hpp:20[m[K,
                 from [01m[K/opt/ros/humble/include/rclcpp/rclcpp/executor.hpp:37[m[K,
                 from [01m[K/opt/ros/humble/include/rclcpp/rclcpp/executors/multi_threaded_executor.hpp:25[m[K,
                 from [01m[K/opt/ros/humble/include/rclcpp/rclcpp/executors.hpp:21[m[K,
                 from [01m[K/opt/ros/humble/include/rclcpp/rclcpp/rclcpp.hpp:155[m[K,
                 from [01m[K/home/lennoxtr/EE4308/Lab_1/src/ee4308_turtle/include/ee4308_turtle/controller.hpp:6[m[K,
                 from [01m[K/home/lennoxtr/EE4308/Lab_1/src/ee4308_turtle/src/controller.cpp:1[m[K:
[01m[K/usr/include/c++/11/iomanip:200:5:[m[K [01;36m[Knote: [m[Kcandidate: ‘[01m[Ktemplate<class _CharT, class _Traits> std::basic_istream<_CharT, _Traits>& std::operator>>(std::basic_istream<_CharT, _Traits>&, std::_Setprecision)[m[K’
  200 |     [01;36m[Koperator[m[K>>(basic_istream<_CharT, _Traits>& __is, _Setprecision __f)
      |     [01;36m[K^~~~~~~~[m[K
[01m[K/usr/include/c++/11/iomanip:200:5:[m[K [01;36m[Knote: [m[K  template argument deduction/substitution failed:
[01m[K/home/lennoxtr/EE4308/Lab_1/src/ee4308_turtle/src/controller.cpp:80:43:[m[K [01;36m[Knote: [m[K  ‘[01m[Kstd::basic_ostream<char>::__ostream_type[m[K’ {aka ‘[01m[Kstd::basic_ostream<char>[m[K’} is not derived from ‘[01m[Kstd::basic_istream<_CharT, _Traits>[m[K’
   80 |             std::cout << distance >> std::[01;36m[Kendl[m[K;
      |                                           [01;36m[K^~~~[m[K
In file included from [01m[K/opt/ros/humble/include/rosidl_runtime_cpp/rosidl_runtime_cpp/traits.hpp:19[m[K,
                 from [01m[K/opt/ros/humble/include/builtin_interfaces/builtin_interfaces/msg/detail/duration__traits.hpp:15[m[K,
                 from [01m[K/opt/ros/humble/include/builtin_interfaces/builtin_interfaces/msg/duration.hpp:9[m[K,
                 from [01m[K/opt/ros/humble/include/rclcpp/rclcpp/duration.hpp:20[m[K,
                 from [01m[K/opt/ros/humble/include/rclcpp/rclcpp/qos.hpp:20[m[K,
                 from [01m[K/opt/ros/humble/include/rclcpp/rclcpp/node_interfaces/node_graph_interface.hpp:32[m[K,
                 from [01m[K/opt/ros/humble/include/rclcpp/rclcpp/client.hpp:42[m[K,
                 from [01m[K/opt/ros/humble/include/rclcpp/rclcpp/callback_group.hpp:24[m[K,
                 from [01m[K/opt/ros/humble/include/rclcpp/rclcpp/any_executable.hpp:20[m[K,
                 from [01m[K/opt/ros/humble/include/rclcpp/rclcpp/memory_strategy.hpp:25[m[K,
                 from [01m[K/opt/ros/humble/include/rclcpp/rclcpp/memory_strategies.hpp:18[m[K,
                 from [01m[K/opt/ros/humble/include/rclcpp/rclcpp/executor_options.hpp:20[m[K,
                 from [01m[K/opt/ros/humble/include/rclcpp/rclcpp/executor.hpp:37[m[K,
                 from [01m[K/opt/ros/humble/include/rclcpp/rclcpp/executors/multi_threaded_executor.hpp:25[m[K,
                 from [01m[K/opt/ros/humble/include/rclcpp/rclcpp/executors.hpp:21[m[K,
                 from [01m[K/opt/ros/humble/include/rclcpp/rclcpp/rclcpp.hpp:155[m[K,
                 from [01m[K/home/lennoxtr/EE4308/Lab_1/src/ee4308_turtle/include/ee4308_turtle/controller.hpp:6[m[K,
                 from [01m[K/home/lennoxtr/EE4308/Lab_1/src/ee4308_turtle/src/controller.cpp:1[m[K:
[01m[K/usr/include/c++/11/iomanip:230:5:[m[K [01;36m[Knote: [m[Kcandidate: ‘[01m[Ktemplate<class _CharT, class _Traits> std::basic_istream<_CharT, _Traits>& std::operator>>(std::basic_istream<_CharT, _Traits>&, std::_Setw)[m[K’
  230 |     [01;36m[Koperator[m[K>>(basic_istream<_CharT, _Traits>& __is, _Setw __f)
      |     [01;36m[K^~~~~~~~[m[K
[01m[K/usr/include/c++/11/iomanip:230:5:[m[K [01;36m[Knote: [m[K  template argument deduction/substitution failed:
[01m[K/home/lennoxtr/EE4308/Lab_1/src/ee4308_turtle/src/controller.cpp:80:43:[m[K [01;36m[Knote: [m[K  ‘[01m[Kstd::basic_ostream<char>::__ostream_type[m[K’ {aka ‘[01m[Kstd::basic_ostream<char>[m[K’} is not derived from ‘[01m[Kstd::basic_istream<_CharT, _Traits>[m[K’
   80 |             std::cout << distance >> std::[01;36m[Kendl[m[K;
      |                                           [01;36m[K^~~~[m[K
In file included from [01m[K/opt/ros/humble/include/rosidl_runtime_cpp/rosidl_runtime_cpp/traits.hpp:19[m[K,
                 from [01m[K/opt/ros/humble/include/builtin_interfaces/builtin_interfaces/msg/detail/duration__traits.hpp:15[m[K,
                 from [01m[K/opt/ros/humble/include/builtin_interfaces/builtin_interfaces/msg/duration.hpp:9[m[K,
                 from [01m[K/opt/ros/humble/include/rclcpp/rclcpp/duration.hpp:20[m[K,
                 from [01m[K/opt/ros/humble/include/rclcpp/rclcpp/qos.hpp:20[m[K,
                 from [01m[K/opt/ros/humble/include/rclcpp/rclcpp/node_interfaces/node_graph_interface.hpp:32[m[K,
                 from [01m[K/opt/ros/humble/include/rclcpp/rclcpp/client.hpp:42[m[K,
                 from [01m[K/opt/ros/humble/include/rclcpp/rclcpp/callback_group.hpp:24[m[K,
                 from [01m[K/opt/ros/humble/include/rclcpp/rclcpp/any_executable.hpp:20[m[K,
                 from [01m[K/opt/ros/humble/include/rclcpp/rclcpp/memory_strategy.hpp:25[m[K,
                 from [01m[K/opt/ros/humble/include/rclcpp/rclcpp/memory_strategies.hpp:18[m[K,
                 from [01m[K/opt/ros/humble/include/rclcpp/rclcpp/executor_options.hpp:20[m[K,
                 from [01m[K/opt/ros/humble/include/rclcpp/rclcpp/executor.hpp:37[m[K,
                 from [01m[K/opt/ros/humble/include/rclcpp/rclcpp/executors/multi_threaded_executor.hpp:25[m[K,
                 from [01m[K/opt/ros/humble/include/rclcpp/rclcpp/executors.hpp:21[m[K,
                 from [01m[K/opt/ros/humble/include/rclcpp/rclcpp/rclcpp.hpp:155[m[K,
                 from [01m[K/home/lennoxtr/EE4308/Lab_1/src/ee4308_turtle/include/ee4308_turtle/controller.hpp:6[m[K,
                 from [01m[K/home/lennoxtr/EE4308/Lab_1/src/ee4308_turtle/src/controller.cpp:1[m[K:
[01m[K/usr/include/c++/11/iomanip:264:5:[m[K [01;36m[Knote: [m[Kcandidate: ‘[01m[Ktemplate<class _CharT, class _Traits, class _MoneyT> std::basic_istream<_CharT, _Traits>& std::operator>>(std::basic_istream<_CharT, _Traits>&, std::_Get_money<_MoneyT>)[m[K’
  264 |     [01;36m[Koperator[m[K>>(basic_istream<_CharT, _Traits>& __is, _Get_money<_MoneyT> __f)
      |     [01;36m[K^~~~~~~~[m[K
[01m[K/usr/include/c++/11/iomanip:264:5:[m[K [01;36m[Knote: [m[K  template argument deduction/substitution failed:
[01m[K/home/lennoxtr/EE4308/Lab_1/src/ee4308_turtle/src/controller.cpp:80:43:[m[K [01;36m[Knote: [m[K  ‘[01m[Kstd::basic_ostream<char>::__ostream_type[m[K’ {aka ‘[01m[Kstd::basic_ostream<char>[m[K’} is not derived from ‘[01m[Kstd::basic_istream<_CharT, _Traits>[m[K’
   80 |             std::cout << distance >> std::[01;36m[Kendl[m[K;
      |                                           [01;36m[K^~~~[m[K
In file included from [01m[K/opt/ros/humble/include/rosidl_runtime_cpp/rosidl_runtime_cpp/traits.hpp:19[m[K,
                 from [01m[K/opt/ros/humble/include/builtin_interfaces/builtin_interfaces/msg/detail/duration__traits.hpp:15[m[K,
                 from [01m[K/opt/ros/humble/include/builtin_interfaces/builtin_interfaces/msg/duration.hpp:9[m[K,
                 from [01m[K/opt/ros/humble/include/rclcpp/rclcpp/duration.hpp:20[m[K,
                 from [01m[K/opt/ros/humble/include/rclcpp/rclcpp/qos.hpp:20[m[K,
                 from [01m[K/opt/ros/humble/include/rclcpp/rclcpp/node_interfaces/node_graph_interface.hpp:32[m[K,
                 from [01m[K/opt/ros/humble/include/rclcpp/rclcpp/client.hpp:42[m[K,
                 from [01m[K/opt/ros/humble/include/rclcpp/rclcpp/callback_group.hpp:24[m[K,
                 from [01m[K/opt/ros/humble/include/rclcpp/rclcpp/any_executable.hpp:20[m[K,
                 from [01m[K/opt/ros/humble/include/rclcpp/rclcpp/memory_strategy.hpp:25[m[K,
                 from [01m[K/opt/ros/humble/include/rclcpp/rclcpp/memory_strategies.hpp:18[m[K,
                 from [01m[K/opt/ros/humble/include/rclcpp/rclcpp/executor_options.hpp:20[m[K,
                 from [01m[K/opt/ros/humble/include/rclcpp/rclcpp/executor.hpp:37[m[K,
                 from [01m[K/opt/ros/humble/include/rclcpp/rclcpp/executors/multi_threaded_executor.hpp:25[m[K,
                 from [01m[K/opt/ros/humble/include/rclcpp/rclcpp/executors.hpp:21[m[K,
                 from [01m[K/opt/ros/humble/include/rclcpp/rclcpp/rclcpp.hpp:155[m[K,
                 from [01m[K/home/lennoxtr/EE4308/Lab_1/src/ee4308_turtle/include/ee4308_turtle/controller.hpp:6[m[K,
                 from [01m[K/home/lennoxtr/EE4308/Lab_1/src/ee4308_turtle/src/controller.cpp:1[m[K:
[01m[K/usr/include/c++/11/iomanip:418:5:[m[K [01;36m[Knote: [m[Kcandidate: ‘[01m[Ktemplate<class _CharT, class _Traits> std::basic_istream<_CharT, _Traits>& std::operator>>(std::basic_istream<_CharT, _Traits>&, std::_Get_time<_CharT>)[m[K’
  418 |     [01;36m[Koperator[m[K>>(basic_istream<_CharT, _Traits>& __is, _Get_time<_CharT> __f)
      |     [01;36m[K^~~~~~~~[m[K
[01m[K/usr/include/c++/11/iomanip:418:5:[m[K [01;36m[Knote: [m[K  template argument deduction/substitution failed:
[01m[K/home/lennoxtr/EE4308/Lab_1/src/ee4308_turtle/src/controller.cpp:80:43:[m[K [01;36m[Knote: [m[K  ‘[01m[Kstd::basic_ostream<char>::__ostream_type[m[K’ {aka ‘[01m[Kstd::basic_ostream<char>[m[K’} is not derived from ‘[01m[Kstd::basic_istream<_CharT, _Traits>[m[K’
   80 |             std::cout << distance >> std::[01;36m[Kendl[m[K;
      |                                           [01;36m[K^~~~[m[K
In file included from [01m[K/opt/ros/humble/include/class_loader/class_loader/multi_library_class_loader.hpp:35[m[K,
                 from [01m[K/opt/ros/humble/include/pluginlib/pluginlib/class_loader.hpp:38[m[K,
                 from [01m[K/home/lennoxtr/EE4308/Lab_1/src/ee4308_turtle/include/ee4308_turtle/controller.hpp:7[m[K,
                 from [01m[K/home/lennoxtr/EE4308/Lab_1/src/ee4308_turtle/src/controller.cpp:1[m[K:
[01m[K/usr/include/c++/11/cstddef:132:5:[m[K [01;36m[Knote: [m[Kcandidate: ‘[01m[Ktemplate<class _IntegerType> constexpr std::__byte_op_t<_IntegerType> std::operator>>(std::byte, _IntegerType)[m[K’
  132 |     [01;36m[Koperator[m[K>>(byte __b, _IntegerType __shift) noexcept
      |     [01;36m[K^~~~~~~~[m[K
[01m[K/usr/include/c++/11/cstddef:132:5:[m[K [01;36m[Knote: [m[K  template argument deduction/substitution failed:
[01m[K/home/lennoxtr/EE4308/Lab_1/src/ee4308_turtle/src/controller.cpp:80:43:[m[K [01;36m[Knote: [m[K  couldn’t deduce template parameter ‘[01m[K_IntegerType[m[K’
   80 |             std::cout << distance >> std::[01;36m[Kendl[m[K;
      |                                           [01;36m[K^~~~[m[K
In file included from [01m[K/usr/include/c++/11/regex:39[m[K,
                 from [01m[K/opt/ros/humble/include/pluginlib/pluginlib/impl/split.hpp:33[m[K,
                 from [01m[K/opt/ros/humble/include/pluginlib/pluginlib/class_loader_imp.hpp:60[m[K,
                 from [01m[K/opt/ros/humble/include/pluginlib/pluginlib/class_loader.hpp:334[m[K,
                 from [01m[K/home/lennoxtr/EE4308/Lab_1/src/ee4308_turtle/include/ee4308_turtle/controller.hpp:7[m[K,
                 from [01m[K/home/lennoxtr/EE4308/Lab_1/src/ee4308_turtle/src/controller.cpp:1[m[K:
[01m[K/usr/include/c++/11/bitset:1472:5:[m[K [01;36m[Knote: [m[Kcandidate: ‘[01m[Ktemplate<class _CharT, class _Traits, long unsigned int _Nb> std::basic_istream<_CharT, _Traits>& std::operator>>(std::basic_istream<_CharT, _Traits>&, std::bitset<_Nb>&)[m[K’
 1472 |     [01;36m[Koperator[m[K>>(std::basic_istream<_CharT, _Traits>& __is, bitset<_Nb>& __x)
      |     [01;36m[K^~~~~~~~[m[K
[01m[K/usr/include/c++/11/bitset:1472:5:[m[K [01;36m[Knote: [m[K  template argument deduction/substitution failed:
[01m[K/home/lennoxtr/EE4308/Lab_1/src/ee4308_turtle/src/controller.cpp:80:43:[m[K [01;36m[Knote: [m[K  ‘[01m[Kstd::basic_ostream<char>::__ostream_type[m[K’ {aka ‘[01m[Kstd::basic_ostream<char>[m[K’} is not derived from ‘[01m[Kstd::basic_istream<_CharT, _Traits>[m[K’
   80 |             std::cout << distance >> std::[01;36m[Kendl[m[K;
      |                                           [01;36m[K^~~~[m[K
gmake[2]: *** [CMakeFiles/ee4308_turtle_controller.dir/build.make:76: CMakeFiles/ee4308_turtle_controller.dir/src/controller.cpp.o] Error 1
gmake[1]: *** [CMakeFiles/Makefile2:139: CMakeFiles/ee4308_turtle_controller.dir/all] Error 2
gmake: *** [Makefile:146: all] Error 2
