[0.029s] Invoking command in '/home/lennoxtr/EE4308/Lab_1/build/turtlebot3_description': CMAKE_PREFIX_PATH=/opt/ros/humble /usr/bin/cmake /home/lennoxtr/EE4308/Lab_1/src/turtlebot3_description -DAMENT_CMAKE_SYMLINK_INSTALL=1 -DCMAKE_INSTALL_PREFIX=/home/lennoxtr/EE4308/Lab_1/install/turtlebot3_description
[0.148s] -- The C compiler identification is GNU 11.4.0
[0.283s] -- The CXX compiler identification is GNU 11.4.0
[0.294s] -- Detecting C compiler ABI info
[0.383s] -- Detecting C compiler ABI info - done
[0.394s] -- Check for working C compiler: /usr/bin/cc - skipped
[0.394s] -- Detecting C compile features
[0.395s] -- Detecting C compile features - done
[0.397s] -- Detecting CXX compiler ABI info
[0.495s] -- Detecting CXX compiler ABI info - done
[0.503s] -- Check for working CXX compiler: /usr/bin/c++ - skipped
[0.504s] -- Detecting CXX compile features
[0.504s] -- Detecting CXX compile features - done
[0.506s] -- Found ament_cmake: 1.3.11 (/opt/ros/humble/share/ament_cmake/cmake)
[0.669s] -- Found Python3: /usr/bin/python3 (found version "3.10.12") found components: Interpreter 
[0.859s] -- Override CMake install command with custom implementation using symlinks instead of copying resources
[0.885s] -- Found urdf: 2.6.1 (/opt/ros/humble/share/urdf/cmake)
[1.025s] -- Configuring done
[1.029s] -- Generating done
[1.039s] -- Build files have been written to: /home/lennoxtr/EE4308/Lab_1/build/turtlebot3_description
[1.052s] Invoked command in '/home/lennoxtr/EE4308/Lab_1/build/turtlebot3_description' returned '0': CMAKE_PREFIX_PATH=/opt/ros/humble /usr/bin/cmake /home/lennoxtr/EE4308/Lab_1/src/turtlebot3_description -DAMENT_CMAKE_SYMLINK_INSTALL=1 -DCMAKE_INSTALL_PREFIX=/home/lennoxtr/EE4308/Lab_1/install/turtlebot3_description
[1.052s] Invoking command in '/home/lennoxtr/EE4308/Lab_1/build/turtlebot3_description': CMAKE_PREFIX_PATH=/opt/ros/humble /usr/bin/cmake --build /home/lennoxtr/EE4308/Lab_1/build/turtlebot3_description -- -j6 -l6
[1.215s] Invoked command in '/home/lennoxtr/EE4308/Lab_1/build/turtlebot3_description' returned '0': CMAKE_PREFIX_PATH=/opt/ros/humble /usr/bin/cmake --build /home/lennoxtr/EE4308/Lab_1/build/turtlebot3_description -- -j6 -l6
[1.220s] Invoking command in '/home/lennoxtr/EE4308/Lab_1/build/turtlebot3_description': CMAKE_PREFIX_PATH=/opt/ros/humble /usr/bin/cmake --install /home/lennoxtr/EE4308/Lab_1/build/turtlebot3_description
[1.229s] -- Install configuration: ""
[1.229s] -- Execute custom install script
[1.230s] -- Symlinking: /home/lennoxtr/EE4308/Lab_1/install/turtlebot3_description/share/turtlebot3_description/meshes/bases/burger_base.stl
[1.238s] -- Symlinking: /home/lennoxtr/EE4308/Lab_1/install/turtlebot3_description/share/turtlebot3_description/meshes/bases/waffle_base.stl
[1.255s] -- Symlinking: /home/lennoxtr/EE4308/Lab_1/install/turtlebot3_description/share/turtlebot3_description/meshes/bases/waffle_pi_base.stl
[1.262s] -- Symlinking: /home/lennoxtr/EE4308/Lab_1/install/turtlebot3_description/share/turtlebot3_description/meshes/sensors/astra.dae
[1.274s] -- Symlinking: /home/lennoxtr/EE4308/Lab_1/install/turtlebot3_description/share/turtlebot3_description/meshes/sensors/astra.jpg
[1.280s] -- Symlinking: /home/lennoxtr/EE4308/Lab_1/install/turtlebot3_description/share/turtlebot3_description/meshes/sensors/lds.stl
[1.290s] -- Symlinking: /home/lennoxtr/EE4308/Lab_1/install/turtlebot3_description/share/turtlebot3_description/meshes/sensors/r200.dae
[1.299s] -- Symlinking: /home/lennoxtr/EE4308/Lab_1/install/turtlebot3_description/share/turtlebot3_description/meshes/sensors/r200.jpg
[1.307s] -- Symlinking: /home/lennoxtr/EE4308/Lab_1/install/turtlebot3_description/share/turtlebot3_description/meshes/wheels/left_tire.stl
[1.316s] -- Symlinking: /home/lennoxtr/EE4308/Lab_1/install/turtlebot3_description/share/turtlebot3_description/meshes/wheels/right_tire.stl
[1.329s] -- Symlinking: /home/lennoxtr/EE4308/Lab_1/install/turtlebot3_description/share/turtlebot3_description/rviz/model.rviz
[1.340s] -- Symlinking: /home/lennoxtr/EE4308/Lab_1/install/turtlebot3_description/share/turtlebot3_description/urdf/common_properties.urdf
[1.349s] -- Symlinking: /home/lennoxtr/EE4308/Lab_1/install/turtlebot3_description/share/turtlebot3_description/urdf/turtlebot3_burger.urdf
[1.360s] -- Symlinking: /home/lennoxtr/EE4308/Lab_1/install/turtlebot3_description/share/turtlebot3_description/urdf/turtlebot3_waffle.urdf
[1.367s] -- Symlinking: /home/lennoxtr/EE4308/Lab_1/install/turtlebot3_description/share/turtlebot3_description/urdf/turtlebot3_waffle_pi.urdf
[1.376s] -- Symlinking: /home/lennoxtr/EE4308/Lab_1/install/turtlebot3_description/share/ament_index/resource_index/package_run_dependencies/turtlebot3_description
[1.385s] -- Symlinking: /home/lennoxtr/EE4308/Lab_1/install/turtlebot3_description/share/ament_index/resource_index/parent_prefix_path/turtlebot3_description
[1.394s] -- Symlinking: /home/lennoxtr/EE4308/Lab_1/install/turtlebot3_description/share/turtlebot3_description/environment/ament_prefix_path.sh
[1.402s] -- Symlinking: /home/lennoxtr/EE4308/Lab_1/install/turtlebot3_description/share/turtlebot3_description/environment/ament_prefix_path.dsv
[1.412s] -- Symlinking: /home/lennoxtr/EE4308/Lab_1/install/turtlebot3_description/share/turtlebot3_description/environment/path.sh
[1.420s] -- Symlinking: /home/lennoxtr/EE4308/Lab_1/install/turtlebot3_description/share/turtlebot3_description/environment/path.dsv
[1.433s] -- Symlinking: /home/lennoxtr/EE4308/Lab_1/install/turtlebot3_description/share/turtlebot3_description/local_setup.bash
[1.447s] -- Symlinking: /home/lennoxtr/EE4308/Lab_1/install/turtlebot3_description/share/turtlebot3_description/local_setup.sh
[1.455s] -- Symlinking: /home/lennoxtr/EE4308/Lab_1/install/turtlebot3_description/share/turtlebot3_description/local_setup.zsh
[1.462s] -- Symlinking: /home/lennoxtr/EE4308/Lab_1/install/turtlebot3_description/share/turtlebot3_description/local_setup.dsv
[1.473s] -- Symlinking: /home/lennoxtr/EE4308/Lab_1/install/turtlebot3_description/share/turtlebot3_description/package.dsv
[1.480s] -- Symlinking: /home/lennoxtr/EE4308/Lab_1/install/turtlebot3_description/share/ament_index/resource_index/packages/turtlebot3_description
[1.488s] -- Symlinking: /home/lennoxtr/EE4308/Lab_1/install/turtlebot3_description/share/turtlebot3_description/cmake/turtlebot3_descriptionConfig.cmake
[1.496s] -- Symlinking: /home/lennoxtr/EE4308/Lab_1/install/turtlebot3_description/share/turtlebot3_description/cmake/turtlebot3_descriptionConfig-version.cmake
[1.504s] -- Symlinking: /home/lennoxtr/EE4308/Lab_1/install/turtlebot3_description/share/turtlebot3_description/package.xml
[1.514s] Invoked command in '/home/lennoxtr/EE4308/Lab_1/build/turtlebot3_description' returned '0': CMAKE_PREFIX_PATH=/opt/ros/humble /usr/bin/cmake --install /home/lennoxtr/EE4308/Lab_1/build/turtlebot3_description
