[0.096s] DEBUG:colcon:Command line arguments: ['/usr/bin/colcon', 'build']
[0.096s] DEBUG:colcon:Parsed command line arguments: Namespace(log_base=None, log_level=None, verb_name='build', build_base='build', install_base='install', merge_install=False, symlink_install=False, test_result_base=None, continue_on_error=False, executor='parallel', parallel_workers=6, event_handlers=None, ignore_user_meta=False, metas=['./colcon.meta'], base_paths=['.'], packages_ignore=None, packages_ignore_regex=None, paths=None, packages_up_to=None, packages_up_to_regex=None, packages_above=None, packages_above_and_dependencies=None, packages_above_depth=None, packages_select_by_dep=None, packages_skip_by_dep=None, packages_skip_up_to=None, packages_select_build_failed=False, packages_skip_build_finished=False, packages_select_test_failures=False, packages_skip_test_passed=False, packages_select=None, packages_skip=None, packages_select_regex=None, packages_skip_regex=None, packages_start=None, packages_end=None, allow_overriding=[], cmake_args=None, cmake_target=None, cmake_target_skip_unavailable=False, cmake_clean_cache=False, cmake_clean_first=False, cmake_force_configure=False, ament_cmake_args=None, catkin_cmake_args=None, catkin_skip_building_tests=False, mixin_files=None, mixin=None, verb_parser=<colcon_mixin.mixin.mixin_argument.MixinArgumentDecorator object at 0x7cff06265c60>, verb_extension=<colcon_core.verb.build.BuildVerb object at 0x7cff062657b0>, main=<bound method BuildVerb.main of <colcon_core.verb.build.BuildVerb object at 0x7cff062657b0>>, mixin_verb=('build',))
[0.250s] Level 1:colcon.colcon_core.package_discovery:discover_packages(colcon_meta) check parameters
[0.250s] Level 1:colcon.colcon_core.package_discovery:discover_packages(recursive) check parameters
[0.250s] Level 1:colcon.colcon_core.package_discovery:discover_packages(ignore) check parameters
[0.250s] Level 1:colcon.colcon_core.package_discovery:discover_packages(path) check parameters
[0.250s] Level 1:colcon.colcon_core.package_discovery:discover_packages(colcon_meta) discover
[0.250s] Level 1:colcon.colcon_core.package_discovery:discover_packages(recursive) discover
[0.251s] INFO:colcon.colcon_core.package_discovery:Crawling recursively for packages in '/home/lennoxtr/EE4308/Lab_1'
[0.251s] Level 1:colcon.colcon_core.package_identification:_identify(.) by extensions ['ignore', 'ignore_ament_install']
[0.251s] Level 1:colcon.colcon_core.package_identification:_identify(.) by extension 'ignore'
[0.251s] Level 1:colcon.colcon_core.package_identification:_identify(.) by extension 'ignore_ament_install'
[0.251s] Level 1:colcon.colcon_core.package_identification:_identify(.) by extensions ['colcon_pkg']
[0.251s] Level 1:colcon.colcon_core.package_identification:_identify(.) by extension 'colcon_pkg'
[0.251s] Level 1:colcon.colcon_core.package_identification:_identify(.) by extensions ['colcon_meta']
[0.251s] Level 1:colcon.colcon_core.package_identification:_identify(.) by extension 'colcon_meta'
[0.251s] Level 1:colcon.colcon_core.package_identification:_identify(.) by extensions ['ros']
[0.251s] Level 1:colcon.colcon_core.package_identification:_identify(.) by extension 'ros'
[0.261s] Level 1:colcon.colcon_core.package_identification:_identify(.) by extensions ['cmake', 'python']
[0.261s] Level 1:colcon.colcon_core.package_identification:_identify(.) by extension 'cmake'
[0.261s] Level 1:colcon.colcon_core.package_identification:_identify(.) by extension 'python'
[0.261s] Level 1:colcon.colcon_core.package_identification:_identify(.) by extensions ['python_setup_py']
[0.261s] Level 1:colcon.colcon_core.package_identification:_identify(.) by extension 'python_setup_py'
[0.261s] Level 1:colcon.colcon_core.package_identification:_identify(build) by extensions ['ignore', 'ignore_ament_install']
[0.261s] Level 1:colcon.colcon_core.package_identification:_identify(build) by extension 'ignore'
[0.261s] Level 1:colcon.colcon_core.package_identification:_identify(build) ignored
[0.261s] Level 1:colcon.colcon_core.package_identification:_identify(docs) by extensions ['ignore', 'ignore_ament_install']
[0.261s] Level 1:colcon.colcon_core.package_identification:_identify(docs) by extension 'ignore'
[0.261s] Level 1:colcon.colcon_core.package_identification:_identify(docs) by extension 'ignore_ament_install'
[0.261s] Level 1:colcon.colcon_core.package_identification:_identify(docs) by extensions ['colcon_pkg']
[0.262s] Level 1:colcon.colcon_core.package_identification:_identify(docs) by extension 'colcon_pkg'
[0.262s] Level 1:colcon.colcon_core.package_identification:_identify(docs) by extensions ['colcon_meta']
[0.262s] Level 1:colcon.colcon_core.package_identification:_identify(docs) by extension 'colcon_meta'
[0.262s] Level 1:colcon.colcon_core.package_identification:_identify(docs) by extensions ['ros']
[0.262s] Level 1:colcon.colcon_core.package_identification:_identify(docs) by extension 'ros'
[0.262s] Level 1:colcon.colcon_core.package_identification:_identify(docs) by extensions ['cmake', 'python']
[0.262s] Level 1:colcon.colcon_core.package_identification:_identify(docs) by extension 'cmake'
[0.262s] Level 1:colcon.colcon_core.package_identification:_identify(docs) by extension 'python'
[0.262s] Level 1:colcon.colcon_core.package_identification:_identify(docs) by extensions ['python_setup_py']
[0.262s] Level 1:colcon.colcon_core.package_identification:_identify(docs) by extension 'python_setup_py'
[0.262s] Level 1:colcon.colcon_core.package_identification:_identify(docs/img) by extensions ['ignore', 'ignore_ament_install']
[0.262s] Level 1:colcon.colcon_core.package_identification:_identify(docs/img) by extension 'ignore'
[0.262s] Level 1:colcon.colcon_core.package_identification:_identify(docs/img) by extension 'ignore_ament_install'
[0.262s] Level 1:colcon.colcon_core.package_identification:_identify(docs/img) by extensions ['colcon_pkg']
[0.262s] Level 1:colcon.colcon_core.package_identification:_identify(docs/img) by extension 'colcon_pkg'
[0.262s] Level 1:colcon.colcon_core.package_identification:_identify(docs/img) by extensions ['colcon_meta']
[0.262s] Level 1:colcon.colcon_core.package_identification:_identify(docs/img) by extension 'colcon_meta'
[0.262s] Level 1:colcon.colcon_core.package_identification:_identify(docs/img) by extensions ['ros']
[0.262s] Level 1:colcon.colcon_core.package_identification:_identify(docs/img) by extension 'ros'
[0.262s] Level 1:colcon.colcon_core.package_identification:_identify(docs/img) by extensions ['cmake', 'python']
[0.262s] Level 1:colcon.colcon_core.package_identification:_identify(docs/img) by extension 'cmake'
[0.262s] Level 1:colcon.colcon_core.package_identification:_identify(docs/img) by extension 'python'
[0.262s] Level 1:colcon.colcon_core.package_identification:_identify(docs/img) by extensions ['python_setup_py']
[0.262s] Level 1:colcon.colcon_core.package_identification:_identify(docs/img) by extension 'python_setup_py'
[0.262s] Level 1:colcon.colcon_core.package_identification:_identify(install) by extensions ['ignore', 'ignore_ament_install']
[0.263s] Level 1:colcon.colcon_core.package_identification:_identify(install) by extension 'ignore'
[0.263s] Level 1:colcon.colcon_core.package_identification:_identify(install) ignored
[0.263s] Level 1:colcon.colcon_core.package_identification:_identify(log) by extensions ['ignore', 'ignore_ament_install']
[0.263s] Level 1:colcon.colcon_core.package_identification:_identify(log) by extension 'ignore'
[0.263s] Level 1:colcon.colcon_core.package_identification:_identify(log) ignored
[0.263s] Level 1:colcon.colcon_core.package_identification:_identify(src) by extensions ['ignore', 'ignore_ament_install']
[0.263s] Level 1:colcon.colcon_core.package_identification:_identify(src) by extension 'ignore'
[0.263s] Level 1:colcon.colcon_core.package_identification:_identify(src) by extension 'ignore_ament_install'
[0.263s] Level 1:colcon.colcon_core.package_identification:_identify(src) by extensions ['colcon_pkg']
[0.263s] Level 1:colcon.colcon_core.package_identification:_identify(src) by extension 'colcon_pkg'
[0.263s] Level 1:colcon.colcon_core.package_identification:_identify(src) by extensions ['colcon_meta']
[0.263s] Level 1:colcon.colcon_core.package_identification:_identify(src) by extension 'colcon_meta'
[0.263s] Level 1:colcon.colcon_core.package_identification:_identify(src) by extensions ['ros']
[0.263s] Level 1:colcon.colcon_core.package_identification:_identify(src) by extension 'ros'
[0.263s] Level 1:colcon.colcon_core.package_identification:_identify(src) by extensions ['cmake', 'python']
[0.263s] Level 1:colcon.colcon_core.package_identification:_identify(src) by extension 'cmake'
[0.263s] Level 1:colcon.colcon_core.package_identification:_identify(src) by extension 'python'
[0.263s] Level 1:colcon.colcon_core.package_identification:_identify(src) by extensions ['python_setup_py']
[0.263s] Level 1:colcon.colcon_core.package_identification:_identify(src) by extension 'python_setup_py'
[0.263s] Level 1:colcon.colcon_core.package_identification:_identify(src/ee4308_bringup) by extensions ['ignore', 'ignore_ament_install']
[0.264s] Level 1:colcon.colcon_core.package_identification:_identify(src/ee4308_bringup) by extension 'ignore'
[0.264s] Level 1:colcon.colcon_core.package_identification:_identify(src/ee4308_bringup) by extension 'ignore_ament_install'
[0.264s] Level 1:colcon.colcon_core.package_identification:_identify(src/ee4308_bringup) by extensions ['colcon_pkg']
[0.264s] Level 1:colcon.colcon_core.package_identification:_identify(src/ee4308_bringup) by extension 'colcon_pkg'
[0.264s] Level 1:colcon.colcon_core.package_identification:_identify(src/ee4308_bringup) by extensions ['colcon_meta']
[0.264s] Level 1:colcon.colcon_core.package_identification:_identify(src/ee4308_bringup) by extension 'colcon_meta'
[0.264s] Level 1:colcon.colcon_core.package_identification:_identify(src/ee4308_bringup) by extensions ['ros']
[0.264s] Level 1:colcon.colcon_core.package_identification:_identify(src/ee4308_bringup) by extension 'ros'
[0.266s] DEBUG:colcon.colcon_core.package_identification:Package 'src/ee4308_bringup' with type 'ros.ament_cmake' and name 'ee4308_bringup'
[0.266s] Level 1:colcon.colcon_core.package_identification:_identify(src/ee4308_core) by extensions ['ignore', 'ignore_ament_install']
[0.266s] Level 1:colcon.colcon_core.package_identification:_identify(src/ee4308_core) by extension 'ignore'
[0.266s] Level 1:colcon.colcon_core.package_identification:_identify(src/ee4308_core) by extension 'ignore_ament_install'
[0.266s] Level 1:colcon.colcon_core.package_identification:_identify(src/ee4308_core) by extensions ['colcon_pkg']
[0.266s] Level 1:colcon.colcon_core.package_identification:_identify(src/ee4308_core) by extension 'colcon_pkg'
[0.266s] Level 1:colcon.colcon_core.package_identification:_identify(src/ee4308_core) by extensions ['colcon_meta']
[0.266s] Level 1:colcon.colcon_core.package_identification:_identify(src/ee4308_core) by extension 'colcon_meta'
[0.266s] Level 1:colcon.colcon_core.package_identification:_identify(src/ee4308_core) by extensions ['ros']
[0.266s] Level 1:colcon.colcon_core.package_identification:_identify(src/ee4308_core) by extension 'ros'
[0.267s] DEBUG:colcon.colcon_core.package_identification:Package 'src/ee4308_core' with type 'ros.ament_cmake' and name 'ee4308_core'
[0.267s] Level 1:colcon.colcon_core.package_identification:_identify(src/ee4308_turtle) by extensions ['ignore', 'ignore_ament_install']
[0.267s] Level 1:colcon.colcon_core.package_identification:_identify(src/ee4308_turtle) by extension 'ignore'
[0.267s] Level 1:colcon.colcon_core.package_identification:_identify(src/ee4308_turtle) by extension 'ignore_ament_install'
[0.267s] Level 1:colcon.colcon_core.package_identification:_identify(src/ee4308_turtle) by extensions ['colcon_pkg']
[0.267s] Level 1:colcon.colcon_core.package_identification:_identify(src/ee4308_turtle) by extension 'colcon_pkg'
[0.267s] Level 1:colcon.colcon_core.package_identification:_identify(src/ee4308_turtle) by extensions ['colcon_meta']
[0.267s] Level 1:colcon.colcon_core.package_identification:_identify(src/ee4308_turtle) by extension 'colcon_meta'
[0.267s] Level 1:colcon.colcon_core.package_identification:_identify(src/ee4308_turtle) by extensions ['ros']
[0.267s] Level 1:colcon.colcon_core.package_identification:_identify(src/ee4308_turtle) by extension 'ros'
[0.268s] DEBUG:colcon.colcon_core.package_identification:Package 'src/ee4308_turtle' with type 'ros.ament_cmake' and name 'ee4308_turtle'
[0.269s] Level 1:colcon.colcon_core.package_identification:_identify(src/turtlebot3_cartographer) by extensions ['ignore', 'ignore_ament_install']
[0.269s] Level 1:colcon.colcon_core.package_identification:_identify(src/turtlebot3_cartographer) by extension 'ignore'
[0.269s] Level 1:colcon.colcon_core.package_identification:_identify(src/turtlebot3_cartographer) by extension 'ignore_ament_install'
[0.269s] Level 1:colcon.colcon_core.package_identification:_identify(src/turtlebot3_cartographer) by extensions ['colcon_pkg']
[0.269s] Level 1:colcon.colcon_core.package_identification:_identify(src/turtlebot3_cartographer) by extension 'colcon_pkg'
[0.269s] Level 1:colcon.colcon_core.package_identification:_identify(src/turtlebot3_cartographer) by extensions ['colcon_meta']
[0.269s] Level 1:colcon.colcon_core.package_identification:_identify(src/turtlebot3_cartographer) by extension 'colcon_meta'
[0.269s] Level 1:colcon.colcon_core.package_identification:_identify(src/turtlebot3_cartographer) by extensions ['ros']
[0.269s] Level 1:colcon.colcon_core.package_identification:_identify(src/turtlebot3_cartographer) by extension 'ros'
[0.269s] DEBUG:colcon.colcon_core.package_identification:Package 'src/turtlebot3_cartographer' with type 'ros.ament_cmake' and name 'turtlebot3_cartographer'
[0.269s] Level 1:colcon.colcon_core.package_identification:_identify(src/turtlebot3_gazebo) by extensions ['ignore', 'ignore_ament_install']
[0.270s] Level 1:colcon.colcon_core.package_identification:_identify(src/turtlebot3_gazebo) by extension 'ignore'
[0.270s] Level 1:colcon.colcon_core.package_identification:_identify(src/turtlebot3_gazebo) by extension 'ignore_ament_install'
[0.270s] Level 1:colcon.colcon_core.package_identification:_identify(src/turtlebot3_gazebo) by extensions ['colcon_pkg']
[0.270s] Level 1:colcon.colcon_core.package_identification:_identify(src/turtlebot3_gazebo) by extension 'colcon_pkg'
[0.270s] Level 1:colcon.colcon_core.package_identification:_identify(src/turtlebot3_gazebo) by extensions ['colcon_meta']
[0.270s] Level 1:colcon.colcon_core.package_identification:_identify(src/turtlebot3_gazebo) by extension 'colcon_meta'
[0.270s] Level 1:colcon.colcon_core.package_identification:_identify(src/turtlebot3_gazebo) by extensions ['ros']
[0.270s] Level 1:colcon.colcon_core.package_identification:_identify(src/turtlebot3_gazebo) by extension 'ros'
[0.271s] DEBUG:colcon.colcon_core.package_identification:Package 'src/turtlebot3_gazebo' with type 'ros.ament_cmake' and name 'turtlebot3_gazebo'
[0.271s] Level 1:colcon.colcon_core.package_identification:_identify(src/turtlebot3_simulations) by extensions ['ignore', 'ignore_ament_install']
[0.271s] Level 1:colcon.colcon_core.package_identification:_identify(src/turtlebot3_simulations) by extension 'ignore'
[0.271s] Level 1:colcon.colcon_core.package_identification:_identify(src/turtlebot3_simulations) by extension 'ignore_ament_install'
[0.271s] Level 1:colcon.colcon_core.package_identification:_identify(src/turtlebot3_simulations) by extensions ['colcon_pkg']
[0.271s] Level 1:colcon.colcon_core.package_identification:_identify(src/turtlebot3_simulations) by extension 'colcon_pkg'
[0.271s] Level 1:colcon.colcon_core.package_identification:_identify(src/turtlebot3_simulations) by extensions ['colcon_meta']
[0.271s] Level 1:colcon.colcon_core.package_identification:_identify(src/turtlebot3_simulations) by extension 'colcon_meta'
[0.271s] Level 1:colcon.colcon_core.package_identification:_identify(src/turtlebot3_simulations) by extensions ['ros']
[0.271s] Level 1:colcon.colcon_core.package_identification:_identify(src/turtlebot3_simulations) by extension 'ros'
[0.272s] DEBUG:colcon.colcon_core.package_identification:Package 'src/turtlebot3_simulations' with type 'ros.ament_cmake' and name 'turtlebot3_simulations'
[0.272s] Level 1:colcon.colcon_core.package_discovery:discover_packages(recursive) using defaults
[0.272s] Level 1:colcon.colcon_core.package_discovery:discover_packages(ignore) discover
[0.272s] Level 1:colcon.colcon_core.package_discovery:discover_packages(ignore) using defaults
[0.272s] Level 1:colcon.colcon_core.package_discovery:discover_packages(path) discover
[0.272s] Level 1:colcon.colcon_core.package_discovery:discover_packages(path) using defaults
[0.297s] Level 1:colcon.colcon_core.package_discovery:discover_packages(prefix_path) check parameters
[0.297s] Level 1:colcon.colcon_core.package_discovery:discover_packages(prefix_path) discover
[0.299s] DEBUG:colcon.colcon_installed_package_information.package_discovery:Found 433 installed packages in /opt/ros/humble
[0.301s] Level 1:colcon.colcon_core.package_discovery:discover_packages(prefix_path) using defaults
[0.345s] Level 5:colcon.colcon_core.verb:set package 'ee4308_bringup' build argument 'cmake_args' from command line to 'None'
[0.345s] Level 5:colcon.colcon_core.verb:set package 'ee4308_bringup' build argument 'cmake_target' from command line to 'None'
[0.345s] Level 5:colcon.colcon_core.verb:set package 'ee4308_bringup' build argument 'cmake_target_skip_unavailable' from command line to 'False'
[0.345s] Level 5:colcon.colcon_core.verb:set package 'ee4308_bringup' build argument 'cmake_clean_cache' from command line to 'False'
[0.345s] Level 5:colcon.colcon_core.verb:set package 'ee4308_bringup' build argument 'cmake_clean_first' from command line to 'False'
[0.345s] Level 5:colcon.colcon_core.verb:set package 'ee4308_bringup' build argument 'cmake_force_configure' from command line to 'False'
[0.345s] Level 5:colcon.colcon_core.verb:set package 'ee4308_bringup' build argument 'ament_cmake_args' from command line to 'None'
[0.345s] Level 5:colcon.colcon_core.verb:set package 'ee4308_bringup' build argument 'catkin_cmake_args' from command line to 'None'
[0.345s] Level 5:colcon.colcon_core.verb:set package 'ee4308_bringup' build argument 'catkin_skip_building_tests' from command line to 'False'
[0.345s] DEBUG:colcon.colcon_core.verb:Building package 'ee4308_bringup' with the following arguments: {'ament_cmake_args': None, 'build_base': '/home/lennoxtr/EE4308/Lab_1/build/ee4308_bringup', 'catkin_cmake_args': None, 'catkin_skip_building_tests': False, 'cmake_args': None, 'cmake_clean_cache': False, 'cmake_clean_first': False, 'cmake_force_configure': False, 'cmake_target': None, 'cmake_target_skip_unavailable': False, 'install_base': '/home/lennoxtr/EE4308/Lab_1/install/ee4308_bringup', 'merge_install': False, 'path': '/home/lennoxtr/EE4308/Lab_1/src/ee4308_bringup', 'symlink_install': False, 'test_result_base': None}
[0.346s] Level 5:colcon.colcon_core.verb:set package 'ee4308_core' build argument 'cmake_args' from command line to 'None'
[0.346s] Level 5:colcon.colcon_core.verb:set package 'ee4308_core' build argument 'cmake_target' from command line to 'None'
[0.346s] Level 5:colcon.colcon_core.verb:set package 'ee4308_core' build argument 'cmake_target_skip_unavailable' from command line to 'False'
[0.346s] Level 5:colcon.colcon_core.verb:set package 'ee4308_core' build argument 'cmake_clean_cache' from command line to 'False'
[0.346s] Level 5:colcon.colcon_core.verb:set package 'ee4308_core' build argument 'cmake_clean_first' from command line to 'False'
[0.346s] Level 5:colcon.colcon_core.verb:set package 'ee4308_core' build argument 'cmake_force_configure' from command line to 'False'
[0.346s] Level 5:colcon.colcon_core.verb:set package 'ee4308_core' build argument 'ament_cmake_args' from command line to 'None'
[0.346s] Level 5:colcon.colcon_core.verb:set package 'ee4308_core' build argument 'catkin_cmake_args' from command line to 'None'
[0.346s] Level 5:colcon.colcon_core.verb:set package 'ee4308_core' build argument 'catkin_skip_building_tests' from command line to 'False'
[0.346s] DEBUG:colcon.colcon_core.verb:Building package 'ee4308_core' with the following arguments: {'ament_cmake_args': None, 'build_base': '/home/lennoxtr/EE4308/Lab_1/build/ee4308_core', 'catkin_cmake_args': None, 'catkin_skip_building_tests': False, 'cmake_args': None, 'cmake_clean_cache': False, 'cmake_clean_first': False, 'cmake_force_configure': False, 'cmake_target': None, 'cmake_target_skip_unavailable': False, 'install_base': '/home/lennoxtr/EE4308/Lab_1/install/ee4308_core', 'merge_install': False, 'path': '/home/lennoxtr/EE4308/Lab_1/src/ee4308_core', 'symlink_install': False, 'test_result_base': None}
[0.346s] Level 5:colcon.colcon_core.verb:set package 'turtlebot3_cartographer' build argument 'cmake_args' from command line to 'None'
[0.346s] Level 5:colcon.colcon_core.verb:set package 'turtlebot3_cartographer' build argument 'cmake_target' from command line to 'None'
[0.346s] Level 5:colcon.colcon_core.verb:set package 'turtlebot3_cartographer' build argument 'cmake_target_skip_unavailable' from command line to 'False'
[0.346s] Level 5:colcon.colcon_core.verb:set package 'turtlebot3_cartographer' build argument 'cmake_clean_cache' from command line to 'False'
[0.346s] Level 5:colcon.colcon_core.verb:set package 'turtlebot3_cartographer' build argument 'cmake_clean_first' from command line to 'False'
[0.346s] Level 5:colcon.colcon_core.verb:set package 'turtlebot3_cartographer' build argument 'cmake_force_configure' from command line to 'False'
[0.346s] Level 5:colcon.colcon_core.verb:set package 'turtlebot3_cartographer' build argument 'ament_cmake_args' from command line to 'None'
[0.346s] Level 5:colcon.colcon_core.verb:set package 'turtlebot3_cartographer' build argument 'catkin_cmake_args' from command line to 'None'
[0.346s] Level 5:colcon.colcon_core.verb:set package 'turtlebot3_cartographer' build argument 'catkin_skip_building_tests' from command line to 'False'
[0.346s] DEBUG:colcon.colcon_core.verb:Building package 'turtlebot3_cartographer' with the following arguments: {'ament_cmake_args': None, 'build_base': '/home/lennoxtr/EE4308/Lab_1/build/turtlebot3_cartographer', 'catkin_cmake_args': None, 'catkin_skip_building_tests': False, 'cmake_args': None, 'cmake_clean_cache': False, 'cmake_clean_first': False, 'cmake_force_configure': False, 'cmake_target': None, 'cmake_target_skip_unavailable': False, 'install_base': '/home/lennoxtr/EE4308/Lab_1/install/turtlebot3_cartographer', 'merge_install': False, 'path': '/home/lennoxtr/EE4308/Lab_1/src/turtlebot3_cartographer', 'symlink_install': False, 'test_result_base': None}
[0.347s] Level 5:colcon.colcon_core.verb:set package 'turtlebot3_gazebo' build argument 'cmake_args' from command line to 'None'
[0.347s] Level 5:colcon.colcon_core.verb:set package 'turtlebot3_gazebo' build argument 'cmake_target' from command line to 'None'
[0.347s] Level 5:colcon.colcon_core.verb:set package 'turtlebot3_gazebo' build argument 'cmake_target_skip_unavailable' from command line to 'False'
[0.347s] Level 5:colcon.colcon_core.verb:set package 'turtlebot3_gazebo' build argument 'cmake_clean_cache' from command line to 'False'
[0.347s] Level 5:colcon.colcon_core.verb:set package 'turtlebot3_gazebo' build argument 'cmake_clean_first' from command line to 'False'
[0.347s] Level 5:colcon.colcon_core.verb:set package 'turtlebot3_gazebo' build argument 'cmake_force_configure' from command line to 'False'
[0.347s] Level 5:colcon.colcon_core.verb:set package 'turtlebot3_gazebo' build argument 'ament_cmake_args' from command line to 'None'
[0.347s] Level 5:colcon.colcon_core.verb:set package 'turtlebot3_gazebo' build argument 'catkin_cmake_args' from command line to 'None'
[0.347s] Level 5:colcon.colcon_core.verb:set package 'turtlebot3_gazebo' build argument 'catkin_skip_building_tests' from command line to 'False'
[0.347s] DEBUG:colcon.colcon_core.verb:Building package 'turtlebot3_gazebo' with the following arguments: {'ament_cmake_args': None, 'build_base': '/home/lennoxtr/EE4308/Lab_1/build/turtlebot3_gazebo', 'catkin_cmake_args': None, 'catkin_skip_building_tests': False, 'cmake_args': None, 'cmake_clean_cache': False, 'cmake_clean_first': False, 'cmake_force_configure': False, 'cmake_target': None, 'cmake_target_skip_unavailable': False, 'install_base': '/home/lennoxtr/EE4308/Lab_1/install/turtlebot3_gazebo', 'merge_install': False, 'path': '/home/lennoxtr/EE4308/Lab_1/src/turtlebot3_gazebo', 'symlink_install': False, 'test_result_base': None}
[0.347s] Level 5:colcon.colcon_core.verb:set package 'ee4308_turtle' build argument 'cmake_args' from command line to 'None'
[0.347s] Level 5:colcon.colcon_core.verb:set package 'ee4308_turtle' build argument 'cmake_target' from command line to 'None'
[0.347s] Level 5:colcon.colcon_core.verb:set package 'ee4308_turtle' build argument 'cmake_target_skip_unavailable' from command line to 'False'
[0.347s] Level 5:colcon.colcon_core.verb:set package 'ee4308_turtle' build argument 'cmake_clean_cache' from command line to 'False'
[0.347s] Level 5:colcon.colcon_core.verb:set package 'ee4308_turtle' build argument 'cmake_clean_first' from command line to 'False'
[0.347s] Level 5:colcon.colcon_core.verb:set package 'ee4308_turtle' build argument 'cmake_force_configure' from command line to 'False'
[0.347s] Level 5:colcon.colcon_core.verb:set package 'ee4308_turtle' build argument 'ament_cmake_args' from command line to 'None'
[0.347s] Level 5:colcon.colcon_core.verb:set package 'ee4308_turtle' build argument 'catkin_cmake_args' from command line to 'None'
[0.347s] Level 5:colcon.colcon_core.verb:set package 'ee4308_turtle' build argument 'catkin_skip_building_tests' from command line to 'False'
[0.347s] DEBUG:colcon.colcon_core.verb:Building package 'ee4308_turtle' with the following arguments: {'ament_cmake_args': None, 'build_base': '/home/lennoxtr/EE4308/Lab_1/build/ee4308_turtle', 'catkin_cmake_args': None, 'catkin_skip_building_tests': False, 'cmake_args': None, 'cmake_clean_cache': False, 'cmake_clean_first': False, 'cmake_force_configure': False, 'cmake_target': None, 'cmake_target_skip_unavailable': False, 'install_base': '/home/lennoxtr/EE4308/Lab_1/install/ee4308_turtle', 'merge_install': False, 'path': '/home/lennoxtr/EE4308/Lab_1/src/ee4308_turtle', 'symlink_install': False, 'test_result_base': None}
[0.348s] Level 5:colcon.colcon_core.verb:set package 'turtlebot3_simulations' build argument 'cmake_args' from command line to 'None'
[0.348s] Level 5:colcon.colcon_core.verb:set package 'turtlebot3_simulations' build argument 'cmake_target' from command line to 'None'
[0.348s] Level 5:colcon.colcon_core.verb:set package 'turtlebot3_simulations' build argument 'cmake_target_skip_unavailable' from command line to 'False'
[0.348s] Level 5:colcon.colcon_core.verb:set package 'turtlebot3_simulations' build argument 'cmake_clean_cache' from command line to 'False'
[0.348s] Level 5:colcon.colcon_core.verb:set package 'turtlebot3_simulations' build argument 'cmake_clean_first' from command line to 'False'
[0.348s] Level 5:colcon.colcon_core.verb:set package 'turtlebot3_simulations' build argument 'cmake_force_configure' from command line to 'False'
[0.348s] Level 5:colcon.colcon_core.verb:set package 'turtlebot3_simulations' build argument 'ament_cmake_args' from command line to 'None'
[0.348s] Level 5:colcon.colcon_core.verb:set package 'turtlebot3_simulations' build argument 'catkin_cmake_args' from command line to 'None'
[0.348s] Level 5:colcon.colcon_core.verb:set package 'turtlebot3_simulations' build argument 'catkin_skip_building_tests' from command line to 'False'
[0.348s] DEBUG:colcon.colcon_core.verb:Building package 'turtlebot3_simulations' with the following arguments: {'ament_cmake_args': None, 'build_base': '/home/lennoxtr/EE4308/Lab_1/build/turtlebot3_simulations', 'catkin_cmake_args': None, 'catkin_skip_building_tests': False, 'cmake_args': None, 'cmake_clean_cache': False, 'cmake_clean_first': False, 'cmake_force_configure': False, 'cmake_target': None, 'cmake_target_skip_unavailable': False, 'install_base': '/home/lennoxtr/EE4308/Lab_1/install/turtlebot3_simulations', 'merge_install': False, 'path': '/home/lennoxtr/EE4308/Lab_1/src/turtlebot3_simulations', 'symlink_install': False, 'test_result_base': None}
[0.348s] INFO:colcon.colcon_core.executor:Executing jobs using 'parallel' executor
[0.349s] DEBUG:colcon.colcon_parallel_executor.executor.parallel:run_until_complete
[0.349s] INFO:colcon.colcon_ros.task.ament_cmake.build:Building ROS package in '/home/lennoxtr/EE4308/Lab_1/src/ee4308_core' with build type 'ament_cmake'
[0.349s] INFO:colcon.colcon_cmake.task.cmake.build:Building CMake package in '/home/lennoxtr/EE4308/Lab_1/src/ee4308_core'
[0.351s] INFO:colcon.colcon_core.plugin_system:Skipping extension 'colcon_core.shell.bat': Not used on non-Windows systems
[0.352s] INFO:colcon.colcon_core.shell:Skip shell extension 'powershell' for command environment: Not usable outside of PowerShell
[0.352s] DEBUG:colcon.colcon_core.shell:Skip shell extension 'dsv' for command environment
[0.355s] INFO:colcon.colcon_ros.task.ament_cmake.build:Building ROS package in '/home/lennoxtr/EE4308/Lab_1/src/turtlebot3_gazebo' with build type 'ament_cmake'
[0.355s] INFO:colcon.colcon_cmake.task.cmake.build:Building CMake package in '/home/lennoxtr/EE4308/Lab_1/src/turtlebot3_gazebo'
[0.355s] INFO:colcon.colcon_core.shell:Skip shell extension 'powershell' for command environment: Not usable outside of PowerShell
[0.355s] DEBUG:colcon.colcon_core.shell:Skip shell extension 'dsv' for command environment
[0.358s] INFO:colcon.colcon_ros.task.ament_cmake.build:Building ROS package in '/home/lennoxtr/EE4308/Lab_1/src/ee4308_bringup' with build type 'ament_cmake'
[0.358s] INFO:colcon.colcon_cmake.task.cmake.build:Building CMake package in '/home/lennoxtr/EE4308/Lab_1/src/ee4308_bringup'
[0.358s] INFO:colcon.colcon_core.shell:Skip shell extension 'powershell' for command environment: Not usable outside of PowerShell
[0.358s] DEBUG:colcon.colcon_core.shell:Skip shell extension 'dsv' for command environment
[0.361s] INFO:colcon.colcon_ros.task.ament_cmake.build:Building ROS package in '/home/lennoxtr/EE4308/Lab_1/src/turtlebot3_cartographer' with build type 'ament_cmake'
[0.362s] INFO:colcon.colcon_cmake.task.cmake.build:Building CMake package in '/home/lennoxtr/EE4308/Lab_1/src/turtlebot3_cartographer'
[0.362s] INFO:colcon.colcon_core.shell:Skip shell extension 'powershell' for command environment: Not usable outside of PowerShell
[0.362s] DEBUG:colcon.colcon_core.shell:Skip shell extension 'dsv' for command environment
[0.371s] DEBUG:colcon.colcon_core.event_handler.log_command:Invoking command in '/home/lennoxtr/EE4308/Lab_1/build/ee4308_core': CMAKE_PREFIX_PATH=/opt/ros/humble /usr/bin/cmake --build /home/lennoxtr/EE4308/Lab_1/build/ee4308_core -- -j6 -l6
[0.376s] DEBUG:colcon.colcon_core.event_handler.log_command:Invoking command in '/home/lennoxtr/EE4308/Lab_1/build/turtlebot3_gazebo': CMAKE_PREFIX_PATH=/opt/ros/humble /usr/bin/cmake --build /home/lennoxtr/EE4308/Lab_1/build/turtlebot3_gazebo -- -j6 -l6
[0.383s] DEBUG:colcon.colcon_core.event_handler.log_command:Invoking command in '/home/lennoxtr/EE4308/Lab_1/build/ee4308_bringup': CMAKE_PREFIX_PATH=/opt/ros/humble /usr/bin/cmake --build /home/lennoxtr/EE4308/Lab_1/build/ee4308_bringup -- -j6 -l6
[0.386s] DEBUG:colcon.colcon_core.event_handler.log_command:Invoking command in '/home/lennoxtr/EE4308/Lab_1/build/turtlebot3_cartographer': CMAKE_PREFIX_PATH=/opt/ros/humble /usr/bin/cmake --build /home/lennoxtr/EE4308/Lab_1/build/turtlebot3_cartographer -- -j6 -l6
[0.428s] DEBUG:colcon.colcon_core.event_handler.log_command:Invoked command in '/home/lennoxtr/EE4308/Lab_1/build/ee4308_core' returned '0': CMAKE_PREFIX_PATH=/opt/ros/humble /usr/bin/cmake --build /home/lennoxtr/EE4308/Lab_1/build/ee4308_core -- -j6 -l6
[0.434s] DEBUG:colcon.colcon_core.event_handler.log_command:Invoking command in '/home/lennoxtr/EE4308/Lab_1/build/ee4308_core': CMAKE_PREFIX_PATH=/opt/ros/humble /usr/bin/cmake --install /home/lennoxtr/EE4308/Lab_1/build/ee4308_core
[0.437s] DEBUG:colcon.colcon_core.event_handler.log_command:Invoked command in '/home/lennoxtr/EE4308/Lab_1/build/ee4308_bringup' returned '0': CMAKE_PREFIX_PATH=/opt/ros/humble /usr/bin/cmake --build /home/lennoxtr/EE4308/Lab_1/build/ee4308_bringup -- -j6 -l6
[0.438s] DEBUG:colcon.colcon_core.event_handler.log_command:Invoking command in '/home/lennoxtr/EE4308/Lab_1/build/ee4308_bringup': CMAKE_PREFIX_PATH=/opt/ros/humble /usr/bin/cmake --install /home/lennoxtr/EE4308/Lab_1/build/ee4308_bringup
[0.452s] DEBUG:colcon.colcon_core.event_handler.log_command:Invoked command in '/home/lennoxtr/EE4308/Lab_1/build/turtlebot3_cartographer' returned '0': CMAKE_PREFIX_PATH=/opt/ros/humble /usr/bin/cmake --build /home/lennoxtr/EE4308/Lab_1/build/turtlebot3_cartographer -- -j6 -l6
[0.453s] DEBUG:colcon.colcon_core.event_handler.log_command:Invoking command in '/home/lennoxtr/EE4308/Lab_1/build/turtlebot3_cartographer': CMAKE_PREFIX_PATH=/opt/ros/humble /usr/bin/cmake --install /home/lennoxtr/EE4308/Lab_1/build/turtlebot3_cartographer
[0.456s] Level 1:colcon.colcon_core.environment:create_environment_scripts_only(ee4308_core)
[0.457s] DEBUG:colcon.colcon_core.event_handler.log_command:Invoked command in '/home/lennoxtr/EE4308/Lab_1/build/ee4308_core' returned '0': CMAKE_PREFIX_PATH=/opt/ros/humble /usr/bin/cmake --install /home/lennoxtr/EE4308/Lab_1/build/ee4308_core
[0.476s] Level 1:colcon.colcon_core.environment:checking '/home/lennoxtr/EE4308/Lab_1/install/ee4308_core' for CMake module files
[0.476s] Level 1:colcon.colcon_core.environment:checking '/home/lennoxtr/EE4308/Lab_1/install/ee4308_core' for CMake config files
[0.476s] Level 1:colcon.colcon_core.shell:create_environment_hook('ee4308_core', 'cmake_prefix_path')
[0.477s] INFO:colcon.colcon_core.shell:Creating environment hook '/home/lennoxtr/EE4308/Lab_1/install/ee4308_core/share/ee4308_core/hook/cmake_prefix_path.ps1'
[0.477s] INFO:colcon.colcon_core.shell:Creating environment descriptor '/home/lennoxtr/EE4308/Lab_1/install/ee4308_core/share/ee4308_core/hook/cmake_prefix_path.dsv'
[0.478s] INFO:colcon.colcon_core.shell:Creating environment hook '/home/lennoxtr/EE4308/Lab_1/install/ee4308_core/share/ee4308_core/hook/cmake_prefix_path.sh'
[0.479s] Level 1:colcon.colcon_core.environment:checking '/home/lennoxtr/EE4308/Lab_1/install/ee4308_core/bin'
[0.479s] Level 1:colcon.colcon_core.environment:checking '/home/lennoxtr/EE4308/Lab_1/install/ee4308_core/lib/pkgconfig/ee4308_core.pc'
[0.480s] Level 1:colcon.colcon_core.environment:checking '/home/lennoxtr/EE4308/Lab_1/install/ee4308_core/lib/python3.10/site-packages'
[0.480s] Level 1:colcon.colcon_core.environment:checking '/home/lennoxtr/EE4308/Lab_1/install/ee4308_core/bin'
[0.481s] INFO:colcon.colcon_core.shell:Creating package script '/home/lennoxtr/EE4308/Lab_1/install/ee4308_core/share/ee4308_core/package.ps1'
[0.481s] INFO:colcon.colcon_core.shell:Creating package descriptor '/home/lennoxtr/EE4308/Lab_1/install/ee4308_core/share/ee4308_core/package.dsv'
[0.482s] INFO:colcon.colcon_core.shell:Creating package script '/home/lennoxtr/EE4308/Lab_1/install/ee4308_core/share/ee4308_core/package.sh'
[0.483s] INFO:colcon.colcon_core.shell:Creating package script '/home/lennoxtr/EE4308/Lab_1/install/ee4308_core/share/ee4308_core/package.bash'
[0.484s] INFO:colcon.colcon_core.shell:Creating package script '/home/lennoxtr/EE4308/Lab_1/install/ee4308_core/share/ee4308_core/package.zsh'
[0.484s] Level 1:colcon.colcon_core.environment:create_file_with_runtime_dependencies(/home/lennoxtr/EE4308/Lab_1/install/ee4308_core/share/colcon-core/packages/ee4308_core)
[0.485s] Level 1:colcon.colcon_core.environment:create_environment_scripts_only(ee4308_core)
[0.485s] Level 1:colcon.colcon_core.environment:checking '/home/lennoxtr/EE4308/Lab_1/install/ee4308_core' for CMake module files
[0.485s] Level 1:colcon.colcon_core.environment:checking '/home/lennoxtr/EE4308/Lab_1/install/ee4308_core' for CMake config files
[0.485s] Level 1:colcon.colcon_core.shell:create_environment_hook('ee4308_core', 'cmake_prefix_path')
[0.486s] INFO:colcon.colcon_core.shell:Creating environment hook '/home/lennoxtr/EE4308/Lab_1/install/ee4308_core/share/ee4308_core/hook/cmake_prefix_path.ps1'
[0.486s] INFO:colcon.colcon_core.shell:Creating environment descriptor '/home/lennoxtr/EE4308/Lab_1/install/ee4308_core/share/ee4308_core/hook/cmake_prefix_path.dsv'
[0.486s] INFO:colcon.colcon_core.shell:Creating environment hook '/home/lennoxtr/EE4308/Lab_1/install/ee4308_core/share/ee4308_core/hook/cmake_prefix_path.sh'
[0.487s] Level 1:colcon.colcon_core.environment:checking '/home/lennoxtr/EE4308/Lab_1/install/ee4308_core/bin'
[0.487s] Level 1:colcon.colcon_core.environment:checking '/home/lennoxtr/EE4308/Lab_1/install/ee4308_core/lib/pkgconfig/ee4308_core.pc'
[0.487s] Level 1:colcon.colcon_core.environment:checking '/home/lennoxtr/EE4308/Lab_1/install/ee4308_core/lib/python3.10/site-packages'
[0.487s] Level 1:colcon.colcon_core.environment:checking '/home/lennoxtr/EE4308/Lab_1/install/ee4308_core/bin'
[0.488s] INFO:colcon.colcon_core.shell:Creating package script '/home/lennoxtr/EE4308/Lab_1/install/ee4308_core/share/ee4308_core/package.ps1'
[0.488s] INFO:colcon.colcon_core.shell:Creating package descriptor '/home/lennoxtr/EE4308/Lab_1/install/ee4308_core/share/ee4308_core/package.dsv'
[0.489s] INFO:colcon.colcon_core.shell:Creating package script '/home/lennoxtr/EE4308/Lab_1/install/ee4308_core/share/ee4308_core/package.sh'
[0.489s] INFO:colcon.colcon_core.shell:Creating package script '/home/lennoxtr/EE4308/Lab_1/install/ee4308_core/share/ee4308_core/package.bash'
[0.490s] INFO:colcon.colcon_core.shell:Creating package script '/home/lennoxtr/EE4308/Lab_1/install/ee4308_core/share/ee4308_core/package.zsh'
[0.490s] Level 1:colcon.colcon_core.environment:create_file_with_runtime_dependencies(/home/lennoxtr/EE4308/Lab_1/install/ee4308_core/share/colcon-core/packages/ee4308_core)
[0.491s] INFO:colcon.colcon_ros.task.ament_cmake.build:Building ROS package in '/home/lennoxtr/EE4308/Lab_1/src/ee4308_turtle' with build type 'ament_cmake'
[0.491s] INFO:colcon.colcon_cmake.task.cmake.build:Building CMake package in '/home/lennoxtr/EE4308/Lab_1/src/ee4308_turtle'
[0.491s] INFO:colcon.colcon_core.shell:Skip shell extension 'powershell' for command environment: Not usable outside of PowerShell
[0.491s] DEBUG:colcon.colcon_core.shell:Skip shell extension 'dsv' for command environment
[0.497s] Level 1:colcon.colcon_core.environment:create_environment_scripts_only(ee4308_bringup)
[0.497s] Level 1:colcon.colcon_core.environment:checking '/home/lennoxtr/EE4308/Lab_1/install/ee4308_bringup' for CMake module files
[0.498s] DEBUG:colcon.colcon_core.event_handler.log_command:Invoked command in '/home/lennoxtr/EE4308/Lab_1/build/ee4308_bringup' returned '0': CMAKE_PREFIX_PATH=/opt/ros/humble /usr/bin/cmake --install /home/lennoxtr/EE4308/Lab_1/build/ee4308_bringup
[0.498s] Level 1:colcon.colcon_core.environment:checking '/home/lennoxtr/EE4308/Lab_1/install/ee4308_bringup' for CMake config files
[0.498s] Level 1:colcon.colcon_core.shell:create_environment_hook('ee4308_bringup', 'cmake_prefix_path')
[0.499s] INFO:colcon.colcon_core.shell:Creating environment hook '/home/lennoxtr/EE4308/Lab_1/install/ee4308_bringup/share/ee4308_bringup/hook/cmake_prefix_path.ps1'
[0.499s] INFO:colcon.colcon_core.shell:Creating environment descriptor '/home/lennoxtr/EE4308/Lab_1/install/ee4308_bringup/share/ee4308_bringup/hook/cmake_prefix_path.dsv'
[0.499s] INFO:colcon.colcon_core.shell:Creating environment hook '/home/lennoxtr/EE4308/Lab_1/install/ee4308_bringup/share/ee4308_bringup/hook/cmake_prefix_path.sh'
[0.500s] Level 1:colcon.colcon_core.environment:checking '/home/lennoxtr/EE4308/Lab_1/install/ee4308_bringup/bin'
[0.500s] Level 1:colcon.colcon_core.environment:checking '/home/lennoxtr/EE4308/Lab_1/install/ee4308_bringup/lib/pkgconfig/ee4308_bringup.pc'
[0.500s] Level 1:colcon.colcon_core.environment:checking '/home/lennoxtr/EE4308/Lab_1/install/ee4308_bringup/lib/python3.10/site-packages'
[0.501s] Level 1:colcon.colcon_core.environment:checking '/home/lennoxtr/EE4308/Lab_1/install/ee4308_bringup/bin'
[0.501s] INFO:colcon.colcon_core.shell:Creating package script '/home/lennoxtr/EE4308/Lab_1/install/ee4308_bringup/share/ee4308_bringup/package.ps1'
[0.502s] INFO:colcon.colcon_core.shell:Creating package descriptor '/home/lennoxtr/EE4308/Lab_1/install/ee4308_bringup/share/ee4308_bringup/package.dsv'
[0.502s] INFO:colcon.colcon_core.shell:Creating package script '/home/lennoxtr/EE4308/Lab_1/install/ee4308_bringup/share/ee4308_bringup/package.sh'
[0.502s] INFO:colcon.colcon_core.shell:Creating package script '/home/lennoxtr/EE4308/Lab_1/install/ee4308_bringup/share/ee4308_bringup/package.bash'
[0.503s] INFO:colcon.colcon_core.shell:Creating package script '/home/lennoxtr/EE4308/Lab_1/install/ee4308_bringup/share/ee4308_bringup/package.zsh'
[0.503s] Level 1:colcon.colcon_core.environment:create_file_with_runtime_dependencies(/home/lennoxtr/EE4308/Lab_1/install/ee4308_bringup/share/colcon-core/packages/ee4308_bringup)
[0.504s] Level 1:colcon.colcon_core.environment:create_environment_scripts_only(ee4308_bringup)
[0.504s] Level 1:colcon.colcon_core.environment:checking '/home/lennoxtr/EE4308/Lab_1/install/ee4308_bringup' for CMake module files
[0.504s] Level 1:colcon.colcon_core.environment:checking '/home/lennoxtr/EE4308/Lab_1/install/ee4308_bringup' for CMake config files
[0.505s] Level 1:colcon.colcon_core.shell:create_environment_hook('ee4308_bringup', 'cmake_prefix_path')
[0.505s] INFO:colcon.colcon_core.shell:Creating environment hook '/home/lennoxtr/EE4308/Lab_1/install/ee4308_bringup/share/ee4308_bringup/hook/cmake_prefix_path.ps1'
[0.505s] INFO:colcon.colcon_core.shell:Creating environment descriptor '/home/lennoxtr/EE4308/Lab_1/install/ee4308_bringup/share/ee4308_bringup/hook/cmake_prefix_path.dsv'
[0.506s] INFO:colcon.colcon_core.shell:Creating environment hook '/home/lennoxtr/EE4308/Lab_1/install/ee4308_bringup/share/ee4308_bringup/hook/cmake_prefix_path.sh'
[0.506s] Level 1:colcon.colcon_core.environment:checking '/home/lennoxtr/EE4308/Lab_1/install/ee4308_bringup/bin'
[0.506s] Level 1:colcon.colcon_core.environment:checking '/home/lennoxtr/EE4308/Lab_1/install/ee4308_bringup/lib/pkgconfig/ee4308_bringup.pc'
[0.507s] Level 1:colcon.colcon_core.environment:checking '/home/lennoxtr/EE4308/Lab_1/install/ee4308_bringup/lib/python3.10/site-packages'
[0.507s] Level 1:colcon.colcon_core.environment:checking '/home/lennoxtr/EE4308/Lab_1/install/ee4308_bringup/bin'
[0.507s] INFO:colcon.colcon_core.shell:Creating package script '/home/lennoxtr/EE4308/Lab_1/install/ee4308_bringup/share/ee4308_bringup/package.ps1'
[0.507s] INFO:colcon.colcon_core.shell:Creating package descriptor '/home/lennoxtr/EE4308/Lab_1/install/ee4308_bringup/share/ee4308_bringup/package.dsv'
[0.508s] INFO:colcon.colcon_core.shell:Creating package script '/home/lennoxtr/EE4308/Lab_1/install/ee4308_bringup/share/ee4308_bringup/package.sh'
[0.508s] INFO:colcon.colcon_core.shell:Creating package script '/home/lennoxtr/EE4308/Lab_1/install/ee4308_bringup/share/ee4308_bringup/package.bash'
[0.509s] INFO:colcon.colcon_core.shell:Creating package script '/home/lennoxtr/EE4308/Lab_1/install/ee4308_bringup/share/ee4308_bringup/package.zsh'
[0.509s] Level 1:colcon.colcon_core.environment:create_file_with_runtime_dependencies(/home/lennoxtr/EE4308/Lab_1/install/ee4308_bringup/share/colcon-core/packages/ee4308_bringup)
[0.510s] Level 1:colcon.colcon_core.environment:create_environment_scripts_only(turtlebot3_cartographer)
[0.510s] Level 1:colcon.colcon_core.environment:checking '/home/lennoxtr/EE4308/Lab_1/install/turtlebot3_cartographer' for CMake module files
[0.511s] DEBUG:colcon.colcon_core.event_handler.log_command:Invoked command in '/home/lennoxtr/EE4308/Lab_1/build/turtlebot3_cartographer' returned '0': CMAKE_PREFIX_PATH=/opt/ros/humble /usr/bin/cmake --install /home/lennoxtr/EE4308/Lab_1/build/turtlebot3_cartographer
[0.511s] Level 1:colcon.colcon_core.environment:checking '/home/lennoxtr/EE4308/Lab_1/install/turtlebot3_cartographer' for CMake config files
[0.512s] Level 1:colcon.colcon_core.shell:create_environment_hook('turtlebot3_cartographer', 'cmake_prefix_path')
[0.512s] INFO:colcon.colcon_core.shell:Creating environment hook '/home/lennoxtr/EE4308/Lab_1/install/turtlebot3_cartographer/share/turtlebot3_cartographer/hook/cmake_prefix_path.ps1'
[0.512s] INFO:colcon.colcon_core.shell:Creating environment descriptor '/home/lennoxtr/EE4308/Lab_1/install/turtlebot3_cartographer/share/turtlebot3_cartographer/hook/cmake_prefix_path.dsv'
[0.513s] INFO:colcon.colcon_core.shell:Creating environment hook '/home/lennoxtr/EE4308/Lab_1/install/turtlebot3_cartographer/share/turtlebot3_cartographer/hook/cmake_prefix_path.sh'
[0.513s] Level 1:colcon.colcon_core.environment:checking '/home/lennoxtr/EE4308/Lab_1/install/turtlebot3_cartographer/bin'
[0.513s] Level 1:colcon.colcon_core.environment:checking '/home/lennoxtr/EE4308/Lab_1/install/turtlebot3_cartographer/lib/pkgconfig/turtlebot3_cartographer.pc'
[0.513s] Level 1:colcon.colcon_core.environment:checking '/home/lennoxtr/EE4308/Lab_1/install/turtlebot3_cartographer/lib/python3.10/site-packages'
[0.514s] Level 1:colcon.colcon_core.environment:checking '/home/lennoxtr/EE4308/Lab_1/install/turtlebot3_cartographer/bin'
[0.514s] INFO:colcon.colcon_core.shell:Creating package script '/home/lennoxtr/EE4308/Lab_1/install/turtlebot3_cartographer/share/turtlebot3_cartographer/package.ps1'
[0.514s] INFO:colcon.colcon_core.shell:Creating package descriptor '/home/lennoxtr/EE4308/Lab_1/install/turtlebot3_cartographer/share/turtlebot3_cartographer/package.dsv'
[0.515s] INFO:colcon.colcon_core.shell:Creating package script '/home/lennoxtr/EE4308/Lab_1/install/turtlebot3_cartographer/share/turtlebot3_cartographer/package.sh'
[0.515s] INFO:colcon.colcon_core.shell:Creating package script '/home/lennoxtr/EE4308/Lab_1/install/turtlebot3_cartographer/share/turtlebot3_cartographer/package.bash'
[0.516s] INFO:colcon.colcon_core.shell:Creating package script '/home/lennoxtr/EE4308/Lab_1/install/turtlebot3_cartographer/share/turtlebot3_cartographer/package.zsh'
[0.516s] Level 1:colcon.colcon_core.environment:create_file_with_runtime_dependencies(/home/lennoxtr/EE4308/Lab_1/install/turtlebot3_cartographer/share/colcon-core/packages/turtlebot3_cartographer)
[0.517s] Level 1:colcon.colcon_core.environment:create_environment_scripts_only(turtlebot3_cartographer)
[0.517s] Level 1:colcon.colcon_core.environment:checking '/home/lennoxtr/EE4308/Lab_1/install/turtlebot3_cartographer' for CMake module files
[0.517s] Level 1:colcon.colcon_core.environment:checking '/home/lennoxtr/EE4308/Lab_1/install/turtlebot3_cartographer' for CMake config files
[0.517s] Level 1:colcon.colcon_core.shell:create_environment_hook('turtlebot3_cartographer', 'cmake_prefix_path')
[0.518s] INFO:colcon.colcon_core.shell:Creating environment hook '/home/lennoxtr/EE4308/Lab_1/install/turtlebot3_cartographer/share/turtlebot3_cartographer/hook/cmake_prefix_path.ps1'
[0.518s] INFO:colcon.colcon_core.shell:Creating environment descriptor '/home/lennoxtr/EE4308/Lab_1/install/turtlebot3_cartographer/share/turtlebot3_cartographer/hook/cmake_prefix_path.dsv'
[0.518s] INFO:colcon.colcon_core.shell:Creating environment hook '/home/lennoxtr/EE4308/Lab_1/install/turtlebot3_cartographer/share/turtlebot3_cartographer/hook/cmake_prefix_path.sh'
[0.519s] Level 1:colcon.colcon_core.environment:checking '/home/lennoxtr/EE4308/Lab_1/install/turtlebot3_cartographer/bin'
[0.519s] Level 1:colcon.colcon_core.environment:checking '/home/lennoxtr/EE4308/Lab_1/install/turtlebot3_cartographer/lib/pkgconfig/turtlebot3_cartographer.pc'
[0.519s] Level 1:colcon.colcon_core.environment:checking '/home/lennoxtr/EE4308/Lab_1/install/turtlebot3_cartographer/lib/python3.10/site-packages'
[0.519s] Level 1:colcon.colcon_core.environment:checking '/home/lennoxtr/EE4308/Lab_1/install/turtlebot3_cartographer/bin'
[0.519s] INFO:colcon.colcon_core.shell:Creating package script '/home/lennoxtr/EE4308/Lab_1/install/turtlebot3_cartographer/share/turtlebot3_cartographer/package.ps1'
[0.520s] INFO:colcon.colcon_core.shell:Creating package descriptor '/home/lennoxtr/EE4308/Lab_1/install/turtlebot3_cartographer/share/turtlebot3_cartographer/package.dsv'
[0.521s] INFO:colcon.colcon_core.shell:Creating package script '/home/lennoxtr/EE4308/Lab_1/install/turtlebot3_cartographer/share/turtlebot3_cartographer/package.sh'
[0.521s] INFO:colcon.colcon_core.shell:Creating package script '/home/lennoxtr/EE4308/Lab_1/install/turtlebot3_cartographer/share/turtlebot3_cartographer/package.bash'
[0.521s] INFO:colcon.colcon_core.shell:Creating package script '/home/lennoxtr/EE4308/Lab_1/install/turtlebot3_cartographer/share/turtlebot3_cartographer/package.zsh'
[0.522s] Level 1:colcon.colcon_core.environment:create_file_with_runtime_dependencies(/home/lennoxtr/EE4308/Lab_1/install/turtlebot3_cartographer/share/colcon-core/packages/turtlebot3_cartographer)
[0.527s] DEBUG:colcon.colcon_core.event_handler.log_command:Invoking command in '/home/lennoxtr/EE4308/Lab_1/build/ee4308_turtle': AMENT_PREFIX_PATH=/home/lennoxtr/EE4308/Lab_1/install/ee4308_core:${AMENT_PREFIX_PATH} CMAKE_PREFIX_PATH=/home/lennoxtr/EE4308/Lab_1/install/ee4308_core:/opt/ros/humble /usr/bin/cmake --build /home/lennoxtr/EE4308/Lab_1/build/ee4308_turtle -- -j6 -l6
[0.527s] DEBUG:colcon.colcon_core.event_handler.log_command:Invoked command in '/home/lennoxtr/EE4308/Lab_1/build/turtlebot3_gazebo' returned '0': CMAKE_PREFIX_PATH=/opt/ros/humble /usr/bin/cmake --build /home/lennoxtr/EE4308/Lab_1/build/turtlebot3_gazebo -- -j6 -l6
[0.527s] DEBUG:colcon.colcon_core.event_handler.log_command:Invoking command in '/home/lennoxtr/EE4308/Lab_1/build/turtlebot3_gazebo': CMAKE_PREFIX_PATH=/opt/ros/humble /usr/bin/cmake --install /home/lennoxtr/EE4308/Lab_1/build/turtlebot3_gazebo
[0.555s] Level 1:colcon.colcon_core.environment:create_environment_scripts_only(turtlebot3_gazebo)
[0.556s] Level 1:colcon.colcon_core.environment:checking '/home/lennoxtr/EE4308/Lab_1/install/turtlebot3_gazebo' for CMake module files
[0.556s] Level 1:colcon.colcon_core.environment:checking '/home/lennoxtr/EE4308/Lab_1/install/turtlebot3_gazebo' for CMake config files
[0.558s] Level 1:colcon.colcon_core.shell:create_environment_hook('turtlebot3_gazebo', 'cmake_prefix_path')
[0.558s] INFO:colcon.colcon_core.shell:Creating environment hook '/home/lennoxtr/EE4308/Lab_1/install/turtlebot3_gazebo/share/turtlebot3_gazebo/hook/cmake_prefix_path.ps1'
[0.559s] DEBUG:colcon.colcon_core.event_handler.log_command:Invoked command in '/home/lennoxtr/EE4308/Lab_1/build/turtlebot3_gazebo' returned '0': CMAKE_PREFIX_PATH=/opt/ros/humble /usr/bin/cmake --install /home/lennoxtr/EE4308/Lab_1/build/turtlebot3_gazebo
[0.560s] INFO:colcon.colcon_core.shell:Creating environment descriptor '/home/lennoxtr/EE4308/Lab_1/install/turtlebot3_gazebo/share/turtlebot3_gazebo/hook/cmake_prefix_path.dsv'
[0.561s] INFO:colcon.colcon_core.shell:Creating environment hook '/home/lennoxtr/EE4308/Lab_1/install/turtlebot3_gazebo/share/turtlebot3_gazebo/hook/cmake_prefix_path.sh'
[0.562s] Level 1:colcon.colcon_core.environment:checking '/home/lennoxtr/EE4308/Lab_1/install/turtlebot3_gazebo/lib'
[0.562s] Level 1:colcon.colcon_core.environment:checking '/home/lennoxtr/EE4308/Lab_1/install/turtlebot3_gazebo/bin'
[0.562s] Level 1:colcon.colcon_core.environment:checking '/home/lennoxtr/EE4308/Lab_1/install/turtlebot3_gazebo/lib/pkgconfig/turtlebot3_gazebo.pc'
[0.562s] Level 1:colcon.colcon_core.environment:checking '/home/lennoxtr/EE4308/Lab_1/install/turtlebot3_gazebo/lib/python3.10/site-packages'
[0.563s] Level 1:colcon.colcon_core.environment:checking '/home/lennoxtr/EE4308/Lab_1/install/turtlebot3_gazebo/bin'
[0.563s] INFO:colcon.colcon_core.shell:Creating package script '/home/lennoxtr/EE4308/Lab_1/install/turtlebot3_gazebo/share/turtlebot3_gazebo/package.ps1'
[0.564s] INFO:colcon.colcon_core.shell:Creating package descriptor '/home/lennoxtr/EE4308/Lab_1/install/turtlebot3_gazebo/share/turtlebot3_gazebo/package.dsv'
[0.564s] INFO:colcon.colcon_core.shell:Creating package script '/home/lennoxtr/EE4308/Lab_1/install/turtlebot3_gazebo/share/turtlebot3_gazebo/package.sh'
[0.565s] INFO:colcon.colcon_core.shell:Creating package script '/home/lennoxtr/EE4308/Lab_1/install/turtlebot3_gazebo/share/turtlebot3_gazebo/package.bash'
[0.565s] INFO:colcon.colcon_core.shell:Creating package script '/home/lennoxtr/EE4308/Lab_1/install/turtlebot3_gazebo/share/turtlebot3_gazebo/package.zsh'
[0.566s] Level 1:colcon.colcon_core.environment:create_file_with_runtime_dependencies(/home/lennoxtr/EE4308/Lab_1/install/turtlebot3_gazebo/share/colcon-core/packages/turtlebot3_gazebo)
[0.566s] Level 1:colcon.colcon_core.environment:create_environment_scripts_only(turtlebot3_gazebo)
[0.567s] Level 1:colcon.colcon_core.environment:checking '/home/lennoxtr/EE4308/Lab_1/install/turtlebot3_gazebo' for CMake module files
[0.567s] Level 1:colcon.colcon_core.environment:checking '/home/lennoxtr/EE4308/Lab_1/install/turtlebot3_gazebo' for CMake config files
[0.568s] Level 1:colcon.colcon_core.shell:create_environment_hook('turtlebot3_gazebo', 'cmake_prefix_path')
[0.569s] INFO:colcon.colcon_core.shell:Creating environment hook '/home/lennoxtr/EE4308/Lab_1/install/turtlebot3_gazebo/share/turtlebot3_gazebo/hook/cmake_prefix_path.ps1'
[0.569s] INFO:colcon.colcon_core.shell:Creating environment descriptor '/home/lennoxtr/EE4308/Lab_1/install/turtlebot3_gazebo/share/turtlebot3_gazebo/hook/cmake_prefix_path.dsv'
[0.569s] INFO:colcon.colcon_core.shell:Creating environment hook '/home/lennoxtr/EE4308/Lab_1/install/turtlebot3_gazebo/share/turtlebot3_gazebo/hook/cmake_prefix_path.sh'
[0.570s] Level 1:colcon.colcon_core.environment:checking '/home/lennoxtr/EE4308/Lab_1/install/turtlebot3_gazebo/lib'
[0.570s] Level 1:colcon.colcon_core.environment:checking '/home/lennoxtr/EE4308/Lab_1/install/turtlebot3_gazebo/bin'
[0.570s] Level 1:colcon.colcon_core.environment:checking '/home/lennoxtr/EE4308/Lab_1/install/turtlebot3_gazebo/lib/pkgconfig/turtlebot3_gazebo.pc'
[0.571s] Level 1:colcon.colcon_core.environment:checking '/home/lennoxtr/EE4308/Lab_1/install/turtlebot3_gazebo/lib/python3.10/site-packages'
[0.571s] Level 1:colcon.colcon_core.environment:checking '/home/lennoxtr/EE4308/Lab_1/install/turtlebot3_gazebo/bin'
[0.571s] INFO:colcon.colcon_core.shell:Creating package script '/home/lennoxtr/EE4308/Lab_1/install/turtlebot3_gazebo/share/turtlebot3_gazebo/package.ps1'
[0.572s] INFO:colcon.colcon_core.shell:Creating package descriptor '/home/lennoxtr/EE4308/Lab_1/install/turtlebot3_gazebo/share/turtlebot3_gazebo/package.dsv'
[0.573s] INFO:colcon.colcon_core.shell:Creating package script '/home/lennoxtr/EE4308/Lab_1/install/turtlebot3_gazebo/share/turtlebot3_gazebo/package.sh'
[0.573s] INFO:colcon.colcon_core.shell:Creating package script '/home/lennoxtr/EE4308/Lab_1/install/turtlebot3_gazebo/share/turtlebot3_gazebo/package.bash'
[0.574s] INFO:colcon.colcon_core.shell:Creating package script '/home/lennoxtr/EE4308/Lab_1/install/turtlebot3_gazebo/share/turtlebot3_gazebo/package.zsh'
[0.575s] Level 1:colcon.colcon_core.environment:create_file_with_runtime_dependencies(/home/lennoxtr/EE4308/Lab_1/install/turtlebot3_gazebo/share/colcon-core/packages/turtlebot3_gazebo)
[0.575s] INFO:colcon.colcon_ros.task.ament_cmake.build:Building ROS package in '/home/lennoxtr/EE4308/Lab_1/src/turtlebot3_simulations' with build type 'ament_cmake'
[0.575s] INFO:colcon.colcon_cmake.task.cmake.build:Building CMake package in '/home/lennoxtr/EE4308/Lab_1/src/turtlebot3_simulations'
[0.576s] INFO:colcon.colcon_core.shell:Skip shell extension 'powershell' for command environment: Not usable outside of PowerShell
[0.576s] DEBUG:colcon.colcon_core.shell:Skip shell extension 'dsv' for command environment
[0.586s] DEBUG:colcon.colcon_core.event_handler.log_command:Invoking command in '/home/lennoxtr/EE4308/Lab_1/build/turtlebot3_simulations': AMENT_PREFIX_PATH=/home/lennoxtr/EE4308/Lab_1/install/turtlebot3_gazebo:${AMENT_PREFIX_PATH} CMAKE_PREFIX_PATH=/home/lennoxtr/EE4308/Lab_1/install/turtlebot3_gazebo:/opt/ros/humble /usr/bin/cmake --build /home/lennoxtr/EE4308/Lab_1/build/turtlebot3_simulations -- -j6 -l6
[0.623s] DEBUG:colcon.colcon_core.event_handler.log_command:Invoked command in '/home/lennoxtr/EE4308/Lab_1/build/turtlebot3_simulations' returned '0': AMENT_PREFIX_PATH=/home/lennoxtr/EE4308/Lab_1/install/turtlebot3_gazebo:${AMENT_PREFIX_PATH} CMAKE_PREFIX_PATH=/home/lennoxtr/EE4308/Lab_1/install/turtlebot3_gazebo:/opt/ros/humble /usr/bin/cmake --build /home/lennoxtr/EE4308/Lab_1/build/turtlebot3_simulations -- -j6 -l6
[0.625s] DEBUG:colcon.colcon_core.event_handler.log_command:Invoking command in '/home/lennoxtr/EE4308/Lab_1/build/turtlebot3_simulations': AMENT_PREFIX_PATH=/home/lennoxtr/EE4308/Lab_1/install/turtlebot3_gazebo:${AMENT_PREFIX_PATH} CMAKE_PREFIX_PATH=/home/lennoxtr/EE4308/Lab_1/install/turtlebot3_gazebo:/opt/ros/humble /usr/bin/cmake --install /home/lennoxtr/EE4308/Lab_1/build/turtlebot3_simulations
[0.643s] Level 1:colcon.colcon_core.environment:create_environment_scripts_only(turtlebot3_simulations)
[0.643s] DEBUG:colcon.colcon_core.event_handler.log_command:Invoked command in '/home/lennoxtr/EE4308/Lab_1/build/turtlebot3_simulations' returned '0': AMENT_PREFIX_PATH=/home/lennoxtr/EE4308/Lab_1/install/turtlebot3_gazebo:${AMENT_PREFIX_PATH} CMAKE_PREFIX_PATH=/home/lennoxtr/EE4308/Lab_1/install/turtlebot3_gazebo:/opt/ros/humble /usr/bin/cmake --install /home/lennoxtr/EE4308/Lab_1/build/turtlebot3_simulations
[0.643s] Level 1:colcon.colcon_core.environment:checking '/home/lennoxtr/EE4308/Lab_1/install/turtlebot3_simulations' for CMake module files
[0.644s] Level 1:colcon.colcon_core.environment:checking '/home/lennoxtr/EE4308/Lab_1/install/turtlebot3_simulations' for CMake config files
[0.644s] Level 1:colcon.colcon_core.shell:create_environment_hook('turtlebot3_simulations', 'cmake_prefix_path')
[0.644s] INFO:colcon.colcon_core.shell:Creating environment hook '/home/lennoxtr/EE4308/Lab_1/install/turtlebot3_simulations/share/turtlebot3_simulations/hook/cmake_prefix_path.ps1'
[0.645s] INFO:colcon.colcon_core.shell:Creating environment descriptor '/home/lennoxtr/EE4308/Lab_1/install/turtlebot3_simulations/share/turtlebot3_simulations/hook/cmake_prefix_path.dsv'
[0.645s] INFO:colcon.colcon_core.shell:Creating environment hook '/home/lennoxtr/EE4308/Lab_1/install/turtlebot3_simulations/share/turtlebot3_simulations/hook/cmake_prefix_path.sh'
[0.646s] Level 1:colcon.colcon_core.environment:checking '/home/lennoxtr/EE4308/Lab_1/install/turtlebot3_simulations/bin'
[0.646s] Level 1:colcon.colcon_core.environment:checking '/home/lennoxtr/EE4308/Lab_1/install/turtlebot3_simulations/lib/pkgconfig/turtlebot3_simulations.pc'
[0.646s] Level 1:colcon.colcon_core.environment:checking '/home/lennoxtr/EE4308/Lab_1/install/turtlebot3_simulations/lib/python3.10/site-packages'
[0.646s] Level 1:colcon.colcon_core.environment:checking '/home/lennoxtr/EE4308/Lab_1/install/turtlebot3_simulations/bin'
[0.646s] INFO:colcon.colcon_core.shell:Creating package script '/home/lennoxtr/EE4308/Lab_1/install/turtlebot3_simulations/share/turtlebot3_simulations/package.ps1'
[0.647s] INFO:colcon.colcon_core.shell:Creating package descriptor '/home/lennoxtr/EE4308/Lab_1/install/turtlebot3_simulations/share/turtlebot3_simulations/package.dsv'
[0.647s] INFO:colcon.colcon_core.shell:Creating package script '/home/lennoxtr/EE4308/Lab_1/install/turtlebot3_simulations/share/turtlebot3_simulations/package.sh'
[0.648s] INFO:colcon.colcon_core.shell:Creating package script '/home/lennoxtr/EE4308/Lab_1/install/turtlebot3_simulations/share/turtlebot3_simulations/package.bash'
[0.648s] INFO:colcon.colcon_core.shell:Creating package script '/home/lennoxtr/EE4308/Lab_1/install/turtlebot3_simulations/share/turtlebot3_simulations/package.zsh'
[0.648s] Level 1:colcon.colcon_core.environment:create_file_with_runtime_dependencies(/home/lennoxtr/EE4308/Lab_1/install/turtlebot3_simulations/share/colcon-core/packages/turtlebot3_simulations)
[0.649s] Level 1:colcon.colcon_core.environment:create_environment_scripts_only(turtlebot3_simulations)
[0.649s] Level 1:colcon.colcon_core.environment:checking '/home/lennoxtr/EE4308/Lab_1/install/turtlebot3_simulations' for CMake module files
[0.649s] Level 1:colcon.colcon_core.environment:checking '/home/lennoxtr/EE4308/Lab_1/install/turtlebot3_simulations' for CMake config files
[0.649s] Level 1:colcon.colcon_core.shell:create_environment_hook('turtlebot3_simulations', 'cmake_prefix_path')
[0.650s] INFO:colcon.colcon_core.shell:Creating environment hook '/home/lennoxtr/EE4308/Lab_1/install/turtlebot3_simulations/share/turtlebot3_simulations/hook/cmake_prefix_path.ps1'
[0.650s] INFO:colcon.colcon_core.shell:Creating environment descriptor '/home/lennoxtr/EE4308/Lab_1/install/turtlebot3_simulations/share/turtlebot3_simulations/hook/cmake_prefix_path.dsv'
[0.650s] INFO:colcon.colcon_core.shell:Creating environment hook '/home/lennoxtr/EE4308/Lab_1/install/turtlebot3_simulations/share/turtlebot3_simulations/hook/cmake_prefix_path.sh'
[0.651s] Level 1:colcon.colcon_core.environment:checking '/home/lennoxtr/EE4308/Lab_1/install/turtlebot3_simulations/bin'
[0.651s] Level 1:colcon.colcon_core.environment:checking '/home/lennoxtr/EE4308/Lab_1/install/turtlebot3_simulations/lib/pkgconfig/turtlebot3_simulations.pc'
[0.651s] Level 1:colcon.colcon_core.environment:checking '/home/lennoxtr/EE4308/Lab_1/install/turtlebot3_simulations/lib/python3.10/site-packages'
[0.651s] Level 1:colcon.colcon_core.environment:checking '/home/lennoxtr/EE4308/Lab_1/install/turtlebot3_simulations/bin'
[0.652s] INFO:colcon.colcon_core.shell:Creating package script '/home/lennoxtr/EE4308/Lab_1/install/turtlebot3_simulations/share/turtlebot3_simulations/package.ps1'
[0.652s] INFO:colcon.colcon_core.shell:Creating package descriptor '/home/lennoxtr/EE4308/Lab_1/install/turtlebot3_simulations/share/turtlebot3_simulations/package.dsv'
[0.652s] INFO:colcon.colcon_core.shell:Creating package script '/home/lennoxtr/EE4308/Lab_1/install/turtlebot3_simulations/share/turtlebot3_simulations/package.sh'
[0.653s] INFO:colcon.colcon_core.shell:Creating package script '/home/lennoxtr/EE4308/Lab_1/install/turtlebot3_simulations/share/turtlebot3_simulations/package.bash'
[0.654s] INFO:colcon.colcon_core.shell:Creating package script '/home/lennoxtr/EE4308/Lab_1/install/turtlebot3_simulations/share/turtlebot3_simulations/package.zsh'
[0.654s] Level 1:colcon.colcon_core.environment:create_file_with_runtime_dependencies(/home/lennoxtr/EE4308/Lab_1/install/turtlebot3_simulations/share/colcon-core/packages/turtlebot3_simulations)
[4.676s] DEBUG:colcon.colcon_core.event_handler.log_command:Invoked command in '/home/lennoxtr/EE4308/Lab_1/build/ee4308_turtle' returned '2': AMENT_PREFIX_PATH=/home/lennoxtr/EE4308/Lab_1/install/ee4308_core:${AMENT_PREFIX_PATH} CMAKE_PREFIX_PATH=/home/lennoxtr/EE4308/Lab_1/install/ee4308_core:/opt/ros/humble /usr/bin/cmake --build /home/lennoxtr/EE4308/Lab_1/build/ee4308_turtle -- -j6 -l6
[4.677s] Level 1:colcon.colcon_core.environment:create_environment_scripts_only(ee4308_turtle)
[4.677s] Level 1:colcon.colcon_core.environment:checking '/home/lennoxtr/EE4308/Lab_1/install/ee4308_turtle' for CMake module files
[4.678s] Level 1:colcon.colcon_core.environment:checking '/home/lennoxtr/EE4308/Lab_1/install/ee4308_turtle' for CMake config files
[4.678s] Level 1:colcon.colcon_core.shell:create_environment_hook('ee4308_turtle', 'cmake_prefix_path')
[4.679s] INFO:colcon.colcon_core.shell:Creating environment hook '/home/lennoxtr/EE4308/Lab_1/install/ee4308_turtle/share/ee4308_turtle/hook/cmake_prefix_path.ps1'
[4.679s] INFO:colcon.colcon_core.shell:Creating environment descriptor '/home/lennoxtr/EE4308/Lab_1/install/ee4308_turtle/share/ee4308_turtle/hook/cmake_prefix_path.dsv'
[4.679s] INFO:colcon.colcon_core.shell:Creating environment hook '/home/lennoxtr/EE4308/Lab_1/install/ee4308_turtle/share/ee4308_turtle/hook/cmake_prefix_path.sh'
[4.681s] Level 1:colcon.colcon_core.environment:checking '/home/lennoxtr/EE4308/Lab_1/install/ee4308_turtle/lib'
[4.681s] Level 1:colcon.colcon_core.shell:create_environment_hook('ee4308_turtle', 'ld_library_path_lib')
[4.681s] INFO:colcon.colcon_core.shell:Creating environment hook '/home/lennoxtr/EE4308/Lab_1/install/ee4308_turtle/share/ee4308_turtle/hook/ld_library_path_lib.ps1'
[4.681s] INFO:colcon.colcon_core.shell:Creating environment descriptor '/home/lennoxtr/EE4308/Lab_1/install/ee4308_turtle/share/ee4308_turtle/hook/ld_library_path_lib.dsv'
[4.682s] INFO:colcon.colcon_core.shell:Creating environment hook '/home/lennoxtr/EE4308/Lab_1/install/ee4308_turtle/share/ee4308_turtle/hook/ld_library_path_lib.sh'
[4.682s] Level 1:colcon.colcon_core.environment:checking '/home/lennoxtr/EE4308/Lab_1/install/ee4308_turtle/bin'
[4.682s] Level 1:colcon.colcon_core.environment:checking '/home/lennoxtr/EE4308/Lab_1/install/ee4308_turtle/lib/pkgconfig/ee4308_turtle.pc'
[4.683s] Level 1:colcon.colcon_core.environment:checking '/home/lennoxtr/EE4308/Lab_1/install/ee4308_turtle/lib/python3.10/site-packages'
[4.683s] Level 1:colcon.colcon_core.environment:checking '/home/lennoxtr/EE4308/Lab_1/install/ee4308_turtle/bin'
[4.683s] INFO:colcon.colcon_core.shell:Creating package script '/home/lennoxtr/EE4308/Lab_1/install/ee4308_turtle/share/ee4308_turtle/package.ps1'
[4.684s] INFO:colcon.colcon_core.shell:Creating package descriptor '/home/lennoxtr/EE4308/Lab_1/install/ee4308_turtle/share/ee4308_turtle/package.dsv'
[4.684s] INFO:colcon.colcon_core.shell:Creating package script '/home/lennoxtr/EE4308/Lab_1/install/ee4308_turtle/share/ee4308_turtle/package.sh'
[4.685s] INFO:colcon.colcon_core.shell:Creating package script '/home/lennoxtr/EE4308/Lab_1/install/ee4308_turtle/share/ee4308_turtle/package.bash'
[4.685s] INFO:colcon.colcon_core.shell:Creating package script '/home/lennoxtr/EE4308/Lab_1/install/ee4308_turtle/share/ee4308_turtle/package.zsh'
[4.686s] Level 1:colcon.colcon_core.environment:create_file_with_runtime_dependencies(/home/lennoxtr/EE4308/Lab_1/install/ee4308_turtle/share/colcon-core/packages/ee4308_turtle)
[4.696s] DEBUG:colcon.colcon_parallel_executor.executor.parallel:closing loop
[4.696s] DEBUG:colcon.colcon_parallel_executor.executor.parallel:loop closed
[4.696s] DEBUG:colcon.colcon_parallel_executor.executor.parallel:run_until_complete finished with '2'
[4.696s] DEBUG:colcon.colcon_core.event_reactor:joining thread
[4.701s] INFO:colcon.colcon_core.plugin_system:Skipping extension 'colcon_notification.desktop_notification.terminal_notifier': Not used on non-Darwin systems
[4.701s] INFO:colcon.colcon_core.plugin_system:Skipping extension 'colcon_notification.desktop_notification.win32': Not used on non-Windows systems
[4.701s] INFO:colcon.colcon_notification.desktop_notification:Sending desktop notification using 'notify2'
[4.712s] DEBUG:colcon.colcon_core.event_reactor:joined thread
[4.712s] INFO:colcon.colcon_core.shell:Creating prefix script '/home/lennoxtr/EE4308/Lab_1/install/local_setup.ps1'
[4.714s] INFO:colcon.colcon_core.shell:Creating prefix util module '/home/lennoxtr/EE4308/Lab_1/install/_local_setup_util_ps1.py'
[4.715s] INFO:colcon.colcon_core.shell:Creating prefix chain script '/home/lennoxtr/EE4308/Lab_1/install/setup.ps1'
[4.716s] INFO:colcon.colcon_core.shell:Creating prefix script '/home/lennoxtr/EE4308/Lab_1/install/local_setup.sh'
[4.717s] INFO:colcon.colcon_core.shell:Creating prefix util module '/home/lennoxtr/EE4308/Lab_1/install/_local_setup_util_sh.py'
[4.717s] INFO:colcon.colcon_core.shell:Creating prefix chain script '/home/lennoxtr/EE4308/Lab_1/install/setup.sh'
[4.718s] INFO:colcon.colcon_core.shell:Creating prefix script '/home/lennoxtr/EE4308/Lab_1/install/local_setup.bash'
[4.719s] INFO:colcon.colcon_core.shell:Creating prefix chain script '/home/lennoxtr/EE4308/Lab_1/install/setup.bash'
[4.720s] INFO:colcon.colcon_core.shell:Creating prefix script '/home/lennoxtr/EE4308/Lab_1/install/local_setup.zsh'
[4.721s] INFO:colcon.colcon_core.shell:Creating prefix chain script '/home/lennoxtr/EE4308/Lab_1/install/setup.zsh'
