[0.026s] Invoking command in '/home/lennoxtr/EE4308/Lab_1/build/ee4308_turtle': AMENT_PREFIX_PATH=/home/lennoxtr/EE4308/Lab_1/install/ee4308_core:${AMENT_PREFIX_PATH} CMAKE_PREFIX_PATH=/home/lennoxtr/EE4308/Lab_1/install/ee4308_core:/opt/ros/humble /usr/bin/cmake --build /home/lennoxtr/EE4308/Lab_1/build/ee4308_turtle -- -j6 -l6
[0.095s] [35m[1mConsolidate compiler generated dependencies of target ee4308_turtle_controller[0m
[0.123s] [ 25%] [32mBuilding CXX object CMakeFiles/ee4308_turtle_controller.dir/src/controller.cpp.o[0m
[0.125s] [ 75%] Built target ee4308_turtle_planner
[7.140s] [100%] [32m[1mLinking CXX shared library libee4308_turtle_controller.so[0m
[7.535s] [100%] Built target ee4308_turtle_controller
[7.544s] Invoked command in '/home/lennoxtr/EE4308/Lab_1/build/ee4308_turtle' returned '0': AMENT_PREFIX_PATH=/home/lennoxtr/EE4308/Lab_1/install/ee4308_core:${AMENT_PREFIX_PATH} CMAKE_PREFIX_PATH=/home/lennoxtr/EE4308/Lab_1/install/ee4308_core:/opt/ros/humble /usr/bin/cmake --build /home/lennoxtr/EE4308/Lab_1/build/ee4308_turtle -- -j6 -l6
[7.548s] Invoking command in '/home/lennoxtr/EE4308/Lab_1/build/ee4308_turtle': AMENT_PREFIX_PATH=/home/lennoxtr/EE4308/Lab_1/install/ee4308_core:${AMENT_PREFIX_PATH} CMAKE_PREFIX_PATH=/home/lennoxtr/EE4308/Lab_1/install/ee4308_core:/opt/ros/humble /usr/bin/cmake --install /home/lennoxtr/EE4308/Lab_1/build/ee4308_turtle
[7.554s] -- Install configuration: "Release"
[7.555s] -- Execute custom install script
[7.556s] -- Up-to-date symlink: /home/lennoxtr/EE4308/Lab_1/install/ee4308_turtle/lib/libee4308_turtle_controller.so
[7.557s] -- Up-to-date symlink: /home/lennoxtr/EE4308/Lab_1/install/ee4308_turtle/share/ee4308_turtle//ee4308_turtle_controller.xml
[7.557s] -- Up-to-date symlink: /home/lennoxtr/EE4308/Lab_1/install/ee4308_turtle/lib/libee4308_turtle_planner.so
[7.558s] -- Up-to-date symlink: /home/lennoxtr/EE4308/Lab_1/install/ee4308_turtle/share/ee4308_turtle//ee4308_turtle_planner.xml
[7.558s] -- Up-to-date symlink: /home/lennoxtr/EE4308/Lab_1/install/ee4308_turtle/include//ee4308_turtle/controller.hpp
[7.559s] -- Up-to-date symlink: /home/lennoxtr/EE4308/Lab_1/install/ee4308_turtle/include//ee4308_turtle/planner.hpp
[7.560s] -- Up-to-date symlink: /home/lennoxtr/EE4308/Lab_1/install/ee4308_turtle/share/ament_index/resource_index/package_run_dependencies/ee4308_turtle
[7.560s] -- Up-to-date symlink: /home/lennoxtr/EE4308/Lab_1/install/ee4308_turtle/share/ament_index/resource_index/parent_prefix_path/ee4308_turtle
[7.561s] -- Up-to-date symlink: /home/lennoxtr/EE4308/Lab_1/install/ee4308_turtle/share/ee4308_turtle/environment/ament_prefix_path.sh
[7.561s] -- Up-to-date symlink: /home/lennoxtr/EE4308/Lab_1/install/ee4308_turtle/share/ee4308_turtle/environment/ament_prefix_path.dsv
[7.561s] -- Up-to-date symlink: /home/lennoxtr/EE4308/Lab_1/install/ee4308_turtle/share/ee4308_turtle/environment/path.sh
[7.561s] -- Up-to-date symlink: /home/lennoxtr/EE4308/Lab_1/install/ee4308_turtle/share/ee4308_turtle/environment/path.dsv
[7.562s] -- Up-to-date symlink: /home/lennoxtr/EE4308/Lab_1/install/ee4308_turtle/share/ee4308_turtle/local_setup.bash
[7.562s] -- Up-to-date symlink: /home/lennoxtr/EE4308/Lab_1/install/ee4308_turtle/share/ee4308_turtle/local_setup.sh
[7.562s] -- Up-to-date symlink: /home/lennoxtr/EE4308/Lab_1/install/ee4308_turtle/share/ee4308_turtle/local_setup.zsh
[7.563s] -- Up-to-date symlink: /home/lennoxtr/EE4308/Lab_1/install/ee4308_turtle/share/ee4308_turtle/local_setup.dsv
[7.563s] -- Symlinking: /home/lennoxtr/EE4308/Lab_1/install/ee4308_turtle/share/ee4308_turtle/package.dsv
[7.570s] -- Up-to-date symlink: /home/lennoxtr/EE4308/Lab_1/install/ee4308_turtle/share/ament_index/resource_index/packages/ee4308_turtle
[7.571s] -- Up-to-date symlink: /home/lennoxtr/EE4308/Lab_1/install/ee4308_turtle/share/ament_index/resource_index/nav2_core__pluginlib__plugin/ee4308_turtle
[7.571s] -- Up-to-date symlink: /home/lennoxtr/EE4308/Lab_1/install/ee4308_turtle/share/ee4308_turtle/cmake/ament_cmake_export_include_directories-extras.cmake
[7.572s] -- Up-to-date symlink: /home/lennoxtr/EE4308/Lab_1/install/ee4308_turtle/share/ee4308_turtle/cmake/ament_cmake_export_dependencies-extras.cmake
[7.572s] -- Up-to-date symlink: /home/lennoxtr/EE4308/Lab_1/install/ee4308_turtle/share/ee4308_turtle/cmake/ee4308_turtleConfig.cmake
[7.572s] -- Up-to-date symlink: /home/lennoxtr/EE4308/Lab_1/install/ee4308_turtle/share/ee4308_turtle/cmake/ee4308_turtleConfig-version.cmake
[7.573s] -- Up-to-date symlink: /home/lennoxtr/EE4308/Lab_1/install/ee4308_turtle/share/ee4308_turtle/package.xml
[7.574s] Invoked command in '/home/lennoxtr/EE4308/Lab_1/build/ee4308_turtle' returned '0': AMENT_PREFIX_PATH=/home/lennoxtr/EE4308/Lab_1/install/ee4308_core:${AMENT_PREFIX_PATH} CMAKE_PREFIX_PATH=/home/lennoxtr/EE4308/Lab_1/install/ee4308_core:/opt/ros/humble /usr/bin/cmake --install /home/lennoxtr/EE4308/Lab_1/build/ee4308_turtle
