[0.026s] Invoking command in '/home/lennoxtr/EE4308/Lab_1/build/turtlebot3_gazebo': CMAKE_PREFIX_PATH=/opt/ros/humble /usr/bin/cmake /home/lennoxtr/EE4308/Lab_1/src/turtlebot3_gazebo -DCMAKE_INSTALL_PREFIX=/home/lennoxtr/EE4308/Lab_1/install/turtlebot3_gazebo
[0.043s] -- Found ament_cmake: 1.3.11 (/opt/ros/humble/share/ament_cmake/cmake)
[0.167s] -- Override CMake install command with custom implementation using symlinks instead of copying resources
[0.181s] [33mCMake Warning (dev) at /usr/share/cmake-3.22/Modules/FindPackageHandleStandardArgs.cmake:438 (message):
[0.181s]   The package name passed to `find_package_handle_standard_args` (PkgConfig)
[0.181s]   does not match the name of the calling package (gazebo).  This can lead to
[0.181s]   problems in calling code that expects `find_package` result variables
[0.182s]   (e.g., `_FOUND`) to follow a certain pattern.
[0.182s] Call Stack (most recent call first):
[0.182s]   /usr/share/cmake-3.22/Modules/FindPkgConfig.cmake:99 (find_package_handle_standard_args)
[0.182s]   /usr/lib/x86_64-linux-gnu/cmake/gazebo/gazebo-config.cmake:72 (include)
[0.182s]   CMakeLists.txt:23 (find_package)
[0.182s] This warning is for project developers.  Use -Wno-dev to suppress it.
[0.182s] [0m
[0.206s] -- Found DART: /usr/include (Required is at least version "6.6") found components: dart 
[0.237s] -- Found Protobuf: /usr/lib/x86_64-linux-gnu/libprotobuf.so (found version "3.12.4") 
[0.238s] -- Looking for ignition-math6 -- found version 6.15.1
[0.244s] -- Searching for dependencies of ignition-math6
[0.245s] -- Looking for OGRE...
[0.251s] -- Found Ogre Ghadamon (1.9.0)
[0.253s] -- Found OGRE: optimized;/usr/lib/x86_64-linux-gnu/libOgreMain.so;debug;/usr/lib/x86_64-linux-gnu/libOgreMain.so
[0.263s] -- Looking for OGRE_Paging...
[0.263s] -- Found OGRE_Paging: optimized;/usr/lib/x86_64-linux-gnu/libOgrePaging.so;debug;/usr/lib/x86_64-linux-gnu/libOgrePaging.so
[0.263s] -- Looking for OGRE_Terrain...
[0.263s] -- Found OGRE_Terrain: optimized;/usr/lib/x86_64-linux-gnu/libOgreTerrain.so;debug;/usr/lib/x86_64-linux-gnu/libOgreTerrain.so
[0.263s] -- Looking for OGRE_Property...
[0.263s] -- Found OGRE_Property: optimized;/usr/lib/x86_64-linux-gnu/libOgreProperty.so;debug;/usr/lib/x86_64-linux-gnu/libOgreProperty.so
[0.264s] -- Looking for OGRE_RTShaderSystem...
[0.264s] -- Found OGRE_RTShaderSystem: optimized;/usr/lib/x86_64-linux-gnu/libOgreRTShaderSystem.so;debug;/usr/lib/x86_64-linux-gnu/libOgreRTShaderSystem.so
[0.264s] -- Looking for OGRE_Volume...
[0.264s] -- Found OGRE_Volume: optimized;/usr/lib/x86_64-linux-gnu/libOgreVolume.so;debug;/usr/lib/x86_64-linux-gnu/libOgreVolume.so
[0.264s] -- Looking for OGRE_Overlay...
[0.264s] -- Found OGRE_Overlay: optimized;/usr/lib/x86_64-linux-gnu/libOgreOverlay.so;debug;/usr/lib/x86_64-linux-gnu/libOgreOverlay.so
[0.372s] -- Looking for ignition-math6 -- found version 6.15.1
[0.372s] -- Looking for ignition-transport8 -- found version 8.2.1
[0.375s] -- Searching for dependencies of ignition-transport8
[0.389s] -- Found Protobuf: /usr/lib/x86_64-linux-gnu/libprotobuf.so (found suitable version "3.12.4", minimum required is "3") 
[0.401s] -- Config-file not installed for ZeroMQ -- checking for pkg-config
[0.407s] -- Checking for module 'libzmq >= 4'
[0.420s] --   Found libzmq , version 4.3.4
[0.456s] -- Checking for module 'uuid'
[0.467s] --   Found uuid, version 2.37.2
[0.494s] -- Looking for ignition-msgs5 -- found version 5.8.1
[0.494s] -- Searching for dependencies of ignition-msgs5
[0.512s] -- Looking for ignition-math6 -- found version 6.15.1
[0.520s] -- Checking for module 'tinyxml2'
[0.533s] --   Found tinyxml2, version 9.0.0
[0.560s] -- Looking for ignition-msgs5 -- found version 5.8.1
[0.561s] -- Looking for ignition-common3 -- found version 3.14.0
[0.561s] -- Searching for dependencies of ignition-common3
[0.561s] -- Looking for dlfcn.h - found
[0.561s] -- Looking for libdl - found
[0.571s] -- Searching for <ignition-common3> component [graphics]
[0.571s] -- Looking for ignition-common3-graphics -- found version 3.14.0
[0.572s] -- Searching for dependencies of ignition-common3-graphics
[0.572s] -- Looking for ignition-math6 -- found version 6.15.1
[0.573s] -- Looking for ignition-fuel_tools4 -- found version 4.4.0
[0.574s] -- Searching for dependencies of ignition-fuel_tools4
[0.610s] -- Checking for module 'jsoncpp'
[0.620s] --   Found jsoncpp, version 1.9.5
[0.652s] -- Checking for module 'libzip'
[0.663s] --   Found libzip, version 1.7.3
[0.694s] -- Looking for ignition-common3 -- found version 3.14.0
[0.695s] -- Looking for ignition-math6 -- found version 6.15.1
[0.695s] -- Looking for ignition-msgs5 -- found version 5.8.1
[0.697s] -- Found gazebo_ros_pkgs: 3.7.0 (/opt/ros/humble/share/gazebo_ros_pkgs/cmake)
[0.697s] -- Found geometry_msgs: 4.2.4 (/opt/ros/humble/share/geometry_msgs/cmake)
[0.714s] -- Found rosidl_generator_c: 3.1.6 (/opt/ros/humble/share/rosidl_generator_c/cmake)
[0.716s] -- Found rosidl_adapter: 3.1.6 (/opt/ros/humble/share/rosidl_adapter/cmake)
[0.725s] -- Found rosidl_generator_cpp: 3.1.6 (/opt/ros/humble/share/rosidl_generator_cpp/cmake)
[0.736s] -- Using all available rosidl_typesupport_c: rosidl_typesupport_fastrtps_c;rosidl_typesupport_introspection_c
[0.748s] -- Using all available rosidl_typesupport_cpp: rosidl_typesupport_fastrtps_cpp;rosidl_typesupport_introspection_cpp
[0.783s] -- Found nav_msgs: 4.2.4 (/opt/ros/humble/share/nav_msgs/cmake)
[0.798s] -- Found rclcpp: 16.0.11 (/opt/ros/humble/share/rclcpp/cmake)
[0.822s] -- Found rmw_implementation_cmake: 6.1.2 (/opt/ros/humble/share/rmw_implementation_cmake/cmake)
[0.823s] -- Found rmw_fastrtps_cpp: 6.2.7 (/opt/ros/humble/share/rmw_fastrtps_cpp/cmake)
[0.914s] -- Using RMW implementation 'rmw_fastrtps_cpp' as default
[0.949s] -- Found sensor_msgs: 4.2.4 (/opt/ros/humble/share/sensor_msgs/cmake)
[0.964s] -- Found tf2: 0.25.11 (/opt/ros/humble/share/tf2/cmake)
[1.033s] -- Configuring done
[1.064s] -- Generating done
[1.070s] -- Build files have been written to: /home/lennoxtr/EE4308/Lab_1/build/turtlebot3_gazebo
[1.082s] Invoked command in '/home/lennoxtr/EE4308/Lab_1/build/turtlebot3_gazebo' returned '0': CMAKE_PREFIX_PATH=/opt/ros/humble /usr/bin/cmake /home/lennoxtr/EE4308/Lab_1/src/turtlebot3_gazebo -DCMAKE_INSTALL_PREFIX=/home/lennoxtr/EE4308/Lab_1/install/turtlebot3_gazebo
[1.084s] Invoking command in '/home/lennoxtr/EE4308/Lab_1/build/turtlebot3_gazebo': CMAKE_PREFIX_PATH=/opt/ros/humble /usr/bin/cmake --build /home/lennoxtr/EE4308/Lab_1/build/turtlebot3_gazebo -- -j6 -l6
[1.127s] [35m[1mConsolidate compiler generated dependencies of target obstacles[0m
[1.127s] [35m[1mConsolidate compiler generated dependencies of target turtlebot3_drive[0m
[1.128s] [35m[1mConsolidate compiler generated dependencies of target obstacle1[0m
[1.131s] [35m[1mConsolidate compiler generated dependencies of target obstacle2[0m
[1.142s] [ 25%] Built target turtlebot3_drive
[1.159s] [ 50%] Built target obstacles
[1.163s] [100%] Built target obstacle1
[1.163s] [100%] Built target obstacle2
[1.185s] Invoked command in '/home/lennoxtr/EE4308/Lab_1/build/turtlebot3_gazebo' returned '0': CMAKE_PREFIX_PATH=/opt/ros/humble /usr/bin/cmake --build /home/lennoxtr/EE4308/Lab_1/build/turtlebot3_gazebo -- -j6 -l6
[1.185s] Invoking command in '/home/lennoxtr/EE4308/Lab_1/build/turtlebot3_gazebo': CMAKE_PREFIX_PATH=/opt/ros/humble /usr/bin/cmake --install /home/lennoxtr/EE4308/Lab_1/build/turtlebot3_gazebo
[1.191s] -- Install configuration: ""
[1.192s] -- Execute custom install script
[1.192s] -- Up-to-date symlink: /home/lennoxtr/EE4308/Lab_1/install/turtlebot3_gazebo/lib/turtlebot3_gazebo/turtlebot3_drive
[1.192s] -- Up-to-date symlink: /home/lennoxtr/EE4308/Lab_1/install/turtlebot3_gazebo/share/turtlebot3_gazebo//launch/empty_world.launch.py
[1.193s] -- Up-to-date symlink: /home/lennoxtr/EE4308/Lab_1/install/turtlebot3_gazebo/share/turtlebot3_gazebo//launch/robot_state_publisher.launch.py
[1.193s] -- Up-to-date symlink: /home/lennoxtr/EE4308/Lab_1/install/turtlebot3_gazebo/share/turtlebot3_gazebo//launch/spawn_turtlebot3.launch.py
[1.193s] -- Up-to-date symlink: /home/lennoxtr/EE4308/Lab_1/install/turtlebot3_gazebo/share/turtlebot3_gazebo//launch/turtlebot3_dqn_stage1.launch.py
[1.193s] -- Up-to-date symlink: /home/lennoxtr/EE4308/Lab_1/install/turtlebot3_gazebo/share/turtlebot3_gazebo//launch/turtlebot3_dqn_stage2.launch.py
[1.195s] -- Up-to-date symlink: /home/lennoxtr/EE4308/Lab_1/install/turtlebot3_gazebo/share/turtlebot3_gazebo//launch/turtlebot3_dqn_stage3.launch.py
[1.195s] -- Up-to-date symlink: /home/lennoxtr/EE4308/Lab_1/install/turtlebot3_gazebo/share/turtlebot3_gazebo//launch/turtlebot3_dqn_stage4.launch.py
[1.195s] -- Up-to-date symlink: /home/lennoxtr/EE4308/Lab_1/install/turtlebot3_gazebo/share/turtlebot3_gazebo//launch/turtlebot3_house.launch.py
[1.196s] -- Up-to-date symlink: /home/lennoxtr/EE4308/Lab_1/install/turtlebot3_gazebo/share/turtlebot3_gazebo//launch/turtlebot3_world.launch.py
[1.196s] -- Up-to-date symlink: /home/lennoxtr/EE4308/Lab_1/install/turtlebot3_gazebo/share/turtlebot3_gazebo//models/turtlebot3_burger/model-1_4.sdf
[1.196s] -- Up-to-date symlink: /home/lennoxtr/EE4308/Lab_1/install/turtlebot3_gazebo/share/turtlebot3_gazebo//models/turtlebot3_burger/model.config
[1.196s] -- Up-to-date symlink: /home/lennoxtr/EE4308/Lab_1/install/turtlebot3_gazebo/share/turtlebot3_gazebo//models/turtlebot3_burger/model.sdf
[1.196s] -- Up-to-date symlink: /home/lennoxtr/EE4308/Lab_1/install/turtlebot3_gazebo/share/turtlebot3_gazebo//models/turtlebot3_common/meshes/burger_base.dae
[1.196s] -- Up-to-date symlink: /home/lennoxtr/EE4308/Lab_1/install/turtlebot3_gazebo/share/turtlebot3_gazebo//models/turtlebot3_common/meshes/lds.dae
[1.196s] -- Up-to-date symlink: /home/lennoxtr/EE4308/Lab_1/install/turtlebot3_gazebo/share/turtlebot3_gazebo//models/turtlebot3_common/meshes/r200.dae
[1.196s] -- Up-to-date symlink: /home/lennoxtr/EE4308/Lab_1/install/turtlebot3_gazebo/share/turtlebot3_gazebo//models/turtlebot3_common/meshes/tire.dae
[1.196s] -- Up-to-date symlink: /home/lennoxtr/EE4308/Lab_1/install/turtlebot3_gazebo/share/turtlebot3_gazebo//models/turtlebot3_common/meshes/waffle_base.dae
[1.196s] -- Up-to-date symlink: /home/lennoxtr/EE4308/Lab_1/install/turtlebot3_gazebo/share/turtlebot3_gazebo//models/turtlebot3_common/meshes/waffle_pi_base.dae
[1.196s] -- Up-to-date symlink: /home/lennoxtr/EE4308/Lab_1/install/turtlebot3_gazebo/share/turtlebot3_gazebo//models/turtlebot3_common/model.config
[1.196s] -- Up-to-date symlink: /home/lennoxtr/EE4308/Lab_1/install/turtlebot3_gazebo/share/turtlebot3_gazebo//models/turtlebot3_dqn_world/goal_box/model.config
[1.197s] -- Up-to-date symlink: /home/lennoxtr/EE4308/Lab_1/install/turtlebot3_gazebo/share/turtlebot3_gazebo//models/turtlebot3_dqn_world/goal_box/model.sdf
[1.197s] -- Up-to-date symlink: /home/lennoxtr/EE4308/Lab_1/install/turtlebot3_gazebo/share/turtlebot3_gazebo//models/turtlebot3_dqn_world/inner_walls/model.config
[1.197s] -- Up-to-date symlink: /home/lennoxtr/EE4308/Lab_1/install/turtlebot3_gazebo/share/turtlebot3_gazebo//models/turtlebot3_dqn_world/inner_walls/model.sdf
[1.197s] -- Up-to-date symlink: /home/lennoxtr/EE4308/Lab_1/install/turtlebot3_gazebo/share/turtlebot3_gazebo//models/turtlebot3_dqn_world/model.config
[1.197s] -- Up-to-date symlink: /home/lennoxtr/EE4308/Lab_1/install/turtlebot3_gazebo/share/turtlebot3_gazebo//models/turtlebot3_dqn_world/model.sdf
[1.197s] -- Up-to-date symlink: /home/lennoxtr/EE4308/Lab_1/install/turtlebot3_gazebo/share/turtlebot3_gazebo//models/turtlebot3_dqn_world/obstacle1/model.config
[1.197s] -- Up-to-date symlink: /home/lennoxtr/EE4308/Lab_1/install/turtlebot3_gazebo/share/turtlebot3_gazebo//models/turtlebot3_dqn_world/obstacle1/model.sdf
[1.197s] -- Up-to-date symlink: /home/lennoxtr/EE4308/Lab_1/install/turtlebot3_gazebo/share/turtlebot3_gazebo//models/turtlebot3_dqn_world/obstacle2/model.config
[1.198s] -- Up-to-date symlink: /home/lennoxtr/EE4308/Lab_1/install/turtlebot3_gazebo/share/turtlebot3_gazebo//models/turtlebot3_dqn_world/obstacle2/model.sdf
[1.198s] -- Up-to-date symlink: /home/lennoxtr/EE4308/Lab_1/install/turtlebot3_gazebo/share/turtlebot3_gazebo//models/turtlebot3_dqn_world/obstacle_plugin/CMakeLists.txt
[1.198s] -- Up-to-date symlink: /home/lennoxtr/EE4308/Lab_1/install/turtlebot3_gazebo/share/turtlebot3_gazebo//models/turtlebot3_dqn_world/obstacle_plugin/obstacle1.cc
[1.198s] -- Up-to-date symlink: /home/lennoxtr/EE4308/Lab_1/install/turtlebot3_gazebo/share/turtlebot3_gazebo//models/turtlebot3_dqn_world/obstacle_plugin/obstacle2.cc
[1.198s] -- Up-to-date symlink: /home/lennoxtr/EE4308/Lab_1/install/turtlebot3_gazebo/share/turtlebot3_gazebo//models/turtlebot3_dqn_world/obstacle_plugin/obstacles.cc
[1.198s] -- Up-to-date symlink: /home/lennoxtr/EE4308/Lab_1/install/turtlebot3_gazebo/share/turtlebot3_gazebo//models/turtlebot3_dqn_world/obstacles/model.config
[1.200s] -- Up-to-date symlink: /home/lennoxtr/EE4308/Lab_1/install/turtlebot3_gazebo/share/turtlebot3_gazebo//models/turtlebot3_dqn_world/obstacles/model.sdf
[1.200s] -- Up-to-date symlink: /home/lennoxtr/EE4308/Lab_1/install/turtlebot3_gazebo/share/turtlebot3_gazebo//models/turtlebot3_house/model.config
[1.201s] -- Up-to-date symlink: /home/lennoxtr/EE4308/Lab_1/install/turtlebot3_gazebo/share/turtlebot3_gazebo//models/turtlebot3_house/model.sdf
[1.201s] -- Up-to-date symlink: /home/lennoxtr/EE4308/Lab_1/install/turtlebot3_gazebo/share/turtlebot3_gazebo//models/turtlebot3_waffle/model-1_4.sdf
[1.201s] -- Up-to-date symlink: /home/lennoxtr/EE4308/Lab_1/install/turtlebot3_gazebo/share/turtlebot3_gazebo//models/turtlebot3_waffle/model.config
[1.201s] -- Up-to-date symlink: /home/lennoxtr/EE4308/Lab_1/install/turtlebot3_gazebo/share/turtlebot3_gazebo//models/turtlebot3_waffle/model.sdf
[1.201s] -- Up-to-date symlink: /home/lennoxtr/EE4308/Lab_1/install/turtlebot3_gazebo/share/turtlebot3_gazebo//models/turtlebot3_waffle_pi/model-1_4_.sdf
[1.201s] -- Up-to-date symlink: /home/lennoxtr/EE4308/Lab_1/install/turtlebot3_gazebo/share/turtlebot3_gazebo//models/turtlebot3_waffle_pi/model.config
[1.201s] -- Up-to-date symlink: /home/lennoxtr/EE4308/Lab_1/install/turtlebot3_gazebo/share/turtlebot3_gazebo//models/turtlebot3_waffle_pi/model.sdf
[1.201s] -- Up-to-date symlink: /home/lennoxtr/EE4308/Lab_1/install/turtlebot3_gazebo/share/turtlebot3_gazebo//models/turtlebot3_world/meshes/hexagon.dae
[1.201s] -- Up-to-date symlink: /home/lennoxtr/EE4308/Lab_1/install/turtlebot3_gazebo/share/turtlebot3_gazebo//models/turtlebot3_world/meshes/wall.dae
[1.201s] -- Up-to-date symlink: /home/lennoxtr/EE4308/Lab_1/install/turtlebot3_gazebo/share/turtlebot3_gazebo//models/turtlebot3_world/model-1_4.sdf
[1.201s] -- Up-to-date symlink: /home/lennoxtr/EE4308/Lab_1/install/turtlebot3_gazebo/share/turtlebot3_gazebo//models/turtlebot3_world/model.config
[1.201s] -- Up-to-date symlink: /home/lennoxtr/EE4308/Lab_1/install/turtlebot3_gazebo/share/turtlebot3_gazebo//models/turtlebot3_world/model.sdf
[1.202s] -- Up-to-date symlink: /home/lennoxtr/EE4308/Lab_1/install/turtlebot3_gazebo/share/turtlebot3_gazebo//rviz/tb3_gazebo.rviz
[1.202s] -- Up-to-date symlink: /home/lennoxtr/EE4308/Lab_1/install/turtlebot3_gazebo/share/turtlebot3_gazebo//urdf/common_properties.urdf
[1.202s] -- Up-to-date symlink: /home/lennoxtr/EE4308/Lab_1/install/turtlebot3_gazebo/share/turtlebot3_gazebo//urdf/turtlebot3_burger.urdf
[1.202s] -- Up-to-date symlink: /home/lennoxtr/EE4308/Lab_1/install/turtlebot3_gazebo/share/turtlebot3_gazebo//urdf/turtlebot3_waffle.urdf
[1.202s] -- Up-to-date symlink: /home/lennoxtr/EE4308/Lab_1/install/turtlebot3_gazebo/share/turtlebot3_gazebo//urdf/turtlebot3_waffle_pi.urdf
[1.202s] -- Up-to-date symlink: /home/lennoxtr/EE4308/Lab_1/install/turtlebot3_gazebo/share/turtlebot3_gazebo//worlds/empty_world.world
[1.202s] -- Up-to-date symlink: /home/lennoxtr/EE4308/Lab_1/install/turtlebot3_gazebo/share/turtlebot3_gazebo//worlds/turtlebot3_dqn_stage1.world
[1.202s] -- Up-to-date symlink: /home/lennoxtr/EE4308/Lab_1/install/turtlebot3_gazebo/share/turtlebot3_gazebo//worlds/turtlebot3_dqn_stage2.world
[1.202s] -- Up-to-date symlink: /home/lennoxtr/EE4308/Lab_1/install/turtlebot3_gazebo/share/turtlebot3_gazebo//worlds/turtlebot3_dqn_stage3.world
[1.202s] -- Up-to-date symlink: /home/lennoxtr/EE4308/Lab_1/install/turtlebot3_gazebo/share/turtlebot3_gazebo//worlds/turtlebot3_dqn_stage4.world
[1.206s] -- Up-to-date symlink: /home/lennoxtr/EE4308/Lab_1/install/turtlebot3_gazebo/share/turtlebot3_gazebo//worlds/turtlebot3_house.world
[1.206s] -- Up-to-date symlink: /home/lennoxtr/EE4308/Lab_1/install/turtlebot3_gazebo/share/turtlebot3_gazebo//worlds/turtlebot3_world.world
[1.206s] -- Up-to-date symlink: /home/lennoxtr/EE4308/Lab_1/install/turtlebot3_gazebo/include//turtlebot3_gazebo/turtlebot3_drive.hpp
[1.206s] -- Up-to-date symlink: /home/lennoxtr/EE4308/Lab_1/install/turtlebot3_gazebo/share/ament_index/resource_index/package_run_dependencies/turtlebot3_gazebo
[1.206s] -- Up-to-date symlink: /home/lennoxtr/EE4308/Lab_1/install/turtlebot3_gazebo/share/ament_index/resource_index/parent_prefix_path/turtlebot3_gazebo
[1.207s] -- Up-to-date symlink: /home/lennoxtr/EE4308/Lab_1/install/turtlebot3_gazebo/share/turtlebot3_gazebo/environment/ament_prefix_path.sh
[1.207s] -- Up-to-date symlink: /home/lennoxtr/EE4308/Lab_1/install/turtlebot3_gazebo/share/turtlebot3_gazebo/environment/ament_prefix_path.dsv
[1.207s] -- Up-to-date symlink: /home/lennoxtr/EE4308/Lab_1/install/turtlebot3_gazebo/share/turtlebot3_gazebo/environment/path.sh
[1.207s] -- Up-to-date symlink: /home/lennoxtr/EE4308/Lab_1/install/turtlebot3_gazebo/share/turtlebot3_gazebo/environment/path.dsv
[1.207s] -- Up-to-date symlink: /home/lennoxtr/EE4308/Lab_1/install/turtlebot3_gazebo/share/turtlebot3_gazebo/local_setup.bash
[1.207s] -- Up-to-date symlink: /home/lennoxtr/EE4308/Lab_1/install/turtlebot3_gazebo/share/turtlebot3_gazebo/local_setup.sh
[1.207s] -- Up-to-date symlink: /home/lennoxtr/EE4308/Lab_1/install/turtlebot3_gazebo/share/turtlebot3_gazebo/local_setup.zsh
[1.207s] -- Up-to-date symlink: /home/lennoxtr/EE4308/Lab_1/install/turtlebot3_gazebo/share/turtlebot3_gazebo/local_setup.dsv
[1.207s] -- Symlinking: /home/lennoxtr/EE4308/Lab_1/install/turtlebot3_gazebo/share/turtlebot3_gazebo/package.dsv
[1.213s] -- Up-to-date symlink: /home/lennoxtr/EE4308/Lab_1/install/turtlebot3_gazebo/share/ament_index/resource_index/packages/turtlebot3_gazebo
[1.213s] -- Up-to-date symlink: /home/lennoxtr/EE4308/Lab_1/install/turtlebot3_gazebo/share/turtlebot3_gazebo/cmake/ament_cmake_export_include_directories-extras.cmake
[1.213s] -- Up-to-date symlink: /home/lennoxtr/EE4308/Lab_1/install/turtlebot3_gazebo/share/turtlebot3_gazebo/cmake/ament_cmake_export_dependencies-extras.cmake
[1.213s] -- Up-to-date symlink: /home/lennoxtr/EE4308/Lab_1/install/turtlebot3_gazebo/share/turtlebot3_gazebo/cmake/turtlebot3_gazeboConfig.cmake
[1.213s] -- Up-to-date symlink: /home/lennoxtr/EE4308/Lab_1/install/turtlebot3_gazebo/share/turtlebot3_gazebo/cmake/turtlebot3_gazeboConfig-version.cmake
[1.214s] -- Up-to-date symlink: /home/lennoxtr/EE4308/Lab_1/install/turtlebot3_gazebo/share/turtlebot3_gazebo/package.xml
[1.216s] Invoked command in '/home/lennoxtr/EE4308/Lab_1/build/turtlebot3_gazebo' returned '0': CMAKE_PREFIX_PATH=/opt/ros/humble /usr/bin/cmake --install /home/lennoxtr/EE4308/Lab_1/build/turtlebot3_gazebo
