[0.027s] Invoking command in '/home/lennoxtr/EE4308/Lab_1/build/ee4308_core': CMAKE_PREFIX_PATH=/opt/ros/humble /usr/bin/cmake /home/lennoxtr/EE4308/Lab_1/src/ee4308_core -DCMAKE_INSTALL_PREFIX=/home/lennoxtr/EE4308/Lab_1/install/ee4308_core
[0.046s] -- Found ament_cmake: 1.3.11 (/opt/ros/humble/share/ament_cmake/cmake)
[0.167s] -- Override CMake install command with custom implementation using symlinks instead of copying resources
[0.245s] -- Configuring done
[0.250s] -- Generating done
[0.251s] -- Build files have been written to: /home/lennoxtr/EE4308/Lab_1/build/ee4308_core
[0.260s] Invoked command in '/home/lennoxtr/EE4308/Lab_1/build/ee4308_core' returned '0': CMAKE_PREFIX_PATH=/opt/ros/humble /usr/bin/cmake /home/lennoxtr/EE4308/Lab_1/src/ee4308_core -DCMAKE_INSTALL_PREFIX=/home/lennoxtr/EE4308/Lab_1/install/ee4308_core
[0.261s] Invoking command in '/home/lennoxtr/EE4308/Lab_1/build/ee4308_core': CMAKE_PREFIX_PATH=/opt/ros/humble /usr/bin/cmake --build /home/lennoxtr/EE4308/Lab_1/build/ee4308_core -- -j6 -l6
[0.300s] Invoked command in '/home/lennoxtr/EE4308/Lab_1/build/ee4308_core' returned '0': CMAKE_PREFIX_PATH=/opt/ros/humble /usr/bin/cmake --build /home/lennoxtr/EE4308/Lab_1/build/ee4308_core -- -j6 -l6
[0.308s] Invoking command in '/home/lennoxtr/EE4308/Lab_1/build/ee4308_core': CMAKE_PREFIX_PATH=/opt/ros/humble /usr/bin/cmake --install /home/lennoxtr/EE4308/Lab_1/build/ee4308_core
[0.316s] -- Install configuration: ""
[0.316s] -- Execute custom install script
[0.317s] -- Up-to-date symlink: /home/lennoxtr/EE4308/Lab_1/install/ee4308_core/include/ee4308_core//core.hpp
[0.317s] -- Up-to-date symlink: /home/lennoxtr/EE4308/Lab_1/install/ee4308_core/include/ee4308_core//raytracer.hpp
[0.317s] -- Up-to-date symlink: /home/lennoxtr/EE4308/Lab_1/install/ee4308_core/share/ament_index/resource_index/package_run_dependencies/ee4308_core
[0.317s] -- Up-to-date symlink: /home/lennoxtr/EE4308/Lab_1/install/ee4308_core/share/ament_index/resource_index/parent_prefix_path/ee4308_core
[0.318s] -- Up-to-date symlink: /home/lennoxtr/EE4308/Lab_1/install/ee4308_core/share/ee4308_core/environment/ament_prefix_path.sh
[0.320s] -- Up-to-date symlink: /home/lennoxtr/EE4308/Lab_1/install/ee4308_core/share/ee4308_core/environment/ament_prefix_path.dsv
[0.320s] -- Up-to-date symlink: /home/lennoxtr/EE4308/Lab_1/install/ee4308_core/share/ee4308_core/environment/path.sh
[0.320s] -- Up-to-date symlink: /home/lennoxtr/EE4308/Lab_1/install/ee4308_core/share/ee4308_core/environment/path.dsv
[0.320s] -- Up-to-date symlink: /home/lennoxtr/EE4308/Lab_1/install/ee4308_core/share/ee4308_core/local_setup.bash
[0.320s] -- Up-to-date symlink: /home/lennoxtr/EE4308/Lab_1/install/ee4308_core/share/ee4308_core/local_setup.sh
[0.320s] -- Up-to-date symlink: /home/lennoxtr/EE4308/Lab_1/install/ee4308_core/share/ee4308_core/local_setup.zsh
[0.320s] -- Up-to-date symlink: /home/lennoxtr/EE4308/Lab_1/install/ee4308_core/share/ee4308_core/local_setup.dsv
[0.320s] -- Symlinking: /home/lennoxtr/EE4308/Lab_1/install/ee4308_core/share/ee4308_core/package.dsv
[0.329s] -- Up-to-date symlink: /home/lennoxtr/EE4308/Lab_1/install/ee4308_core/share/ament_index/resource_index/packages/ee4308_core
[0.329s] -- Up-to-date symlink: /home/lennoxtr/EE4308/Lab_1/install/ee4308_core/share/ee4308_core/cmake/ament_cmake_export_include_directories-extras.cmake
[0.329s] -- Up-to-date symlink: /home/lennoxtr/EE4308/Lab_1/install/ee4308_core/share/ee4308_core/cmake/ee4308_coreConfig.cmake
[0.330s] -- Up-to-date symlink: /home/lennoxtr/EE4308/Lab_1/install/ee4308_core/share/ee4308_core/cmake/ee4308_coreConfig-version.cmake
[0.330s] -- Up-to-date symlink: /home/lennoxtr/EE4308/Lab_1/install/ee4308_core/share/ee4308_core/package.xml
[0.360s] Invoked command in '/home/lennoxtr/EE4308/Lab_1/build/ee4308_core' returned '0': CMAKE_PREFIX_PATH=/opt/ros/humble /usr/bin/cmake --install /home/lennoxtr/EE4308/Lab_1/build/ee4308_core
