[0.090s] DEBUG:colcon:Command line arguments: ['/usr/bin/colcon', 'build']
[0.090s] DEBUG:colcon:Parsed command line arguments: Namespace(log_base=None, log_level=None, verb_name='build', build_base='build', install_base='install', merge_install=False, symlink_install=False, test_result_base=None, continue_on_error=False, executor='parallel', parallel_workers=6, event_handlers=None, ignore_user_meta=False, metas=['./colcon.meta'], base_paths=['.'], packages_ignore=None, packages_ignore_regex=None, paths=None, packages_up_to=None, packages_up_to_regex=None, packages_above=None, packages_above_and_dependencies=None, packages_above_depth=None, packages_select_by_dep=None, packages_skip_by_dep=None, packages_skip_up_to=None, packages_select_build_failed=False, packages_skip_build_finished=False, packages_select_test_failures=False, packages_skip_test_passed=False, packages_select=None, packages_skip=None, packages_select_regex=None, packages_skip_regex=None, packages_start=None, packages_end=None, allow_overriding=[], cmake_args=None, cmake_target=None, cmake_target_skip_unavailable=False, cmake_clean_cache=False, cmake_clean_first=False, cmake_force_configure=False, ament_cmake_args=None, catkin_cmake_args=None, catkin_skip_building_tests=False, mixin_files=None, mixin=None, verb_parser=<colcon_mixin.mixin.mixin_argument.MixinArgumentDecorator object at 0x73549dd69c60>, verb_extension=<colcon_core.verb.build.BuildVerb object at 0x73549dd697b0>, main=<bound method BuildVerb.main of <colcon_core.verb.build.BuildVerb object at 0x73549dd697b0>>, mixin_verb=('build',))
[0.236s] Level 1:colcon.colcon_core.package_discovery:discover_packages(colcon_meta) check parameters
[0.236s] Level 1:colcon.colcon_core.package_discovery:discover_packages(recursive) check parameters
[0.236s] Level 1:colcon.colcon_core.package_discovery:discover_packages(ignore) check parameters
[0.236s] Level 1:colcon.colcon_core.package_discovery:discover_packages(path) check parameters
[0.236s] Level 1:colcon.colcon_core.package_discovery:discover_packages(colcon_meta) discover
[0.236s] Level 1:colcon.colcon_core.package_discovery:discover_packages(recursive) discover
[0.236s] INFO:colcon.colcon_core.package_discovery:Crawling recursively for packages in '/home/lennoxtr/EE4308/Lab_1'
[0.236s] Level 1:colcon.colcon_core.package_identification:_identify(.) by extensions ['ignore', 'ignore_ament_install']
[0.236s] Level 1:colcon.colcon_core.package_identification:_identify(.) by extension 'ignore'
[0.236s] Level 1:colcon.colcon_core.package_identification:_identify(.) by extension 'ignore_ament_install'
[0.236s] Level 1:colcon.colcon_core.package_identification:_identify(.) by extensions ['colcon_pkg']
[0.236s] Level 1:colcon.colcon_core.package_identification:_identify(.) by extension 'colcon_pkg'
[0.236s] Level 1:colcon.colcon_core.package_identification:_identify(.) by extensions ['colcon_meta']
[0.236s] Level 1:colcon.colcon_core.package_identification:_identify(.) by extension 'colcon_meta'
[0.236s] Level 1:colcon.colcon_core.package_identification:_identify(.) by extensions ['ros']
[0.236s] Level 1:colcon.colcon_core.package_identification:_identify(.) by extension 'ros'
[0.245s] Level 1:colcon.colcon_core.package_identification:_identify(.) by extensions ['cmake', 'python']
[0.245s] Level 1:colcon.colcon_core.package_identification:_identify(.) by extension 'cmake'
[0.245s] Level 1:colcon.colcon_core.package_identification:_identify(.) by extension 'python'
[0.246s] Level 1:colcon.colcon_core.package_identification:_identify(.) by extensions ['python_setup_py']
[0.246s] Level 1:colcon.colcon_core.package_identification:_identify(.) by extension 'python_setup_py'
[0.246s] Level 1:colcon.colcon_core.package_identification:_identify(build) by extensions ['ignore', 'ignore_ament_install']
[0.246s] Level 1:colcon.colcon_core.package_identification:_identify(build) by extension 'ignore'
[0.246s] Level 1:colcon.colcon_core.package_identification:_identify(build) ignored
[0.246s] Level 1:colcon.colcon_core.package_identification:_identify(docs) by extensions ['ignore', 'ignore_ament_install']
[0.246s] Level 1:colcon.colcon_core.package_identification:_identify(docs) by extension 'ignore'
[0.246s] Level 1:colcon.colcon_core.package_identification:_identify(docs) by extension 'ignore_ament_install'
[0.246s] Level 1:colcon.colcon_core.package_identification:_identify(docs) by extensions ['colcon_pkg']
[0.246s] Level 1:colcon.colcon_core.package_identification:_identify(docs) by extension 'colcon_pkg'
[0.246s] Level 1:colcon.colcon_core.package_identification:_identify(docs) by extensions ['colcon_meta']
[0.246s] Level 1:colcon.colcon_core.package_identification:_identify(docs) by extension 'colcon_meta'
[0.246s] Level 1:colcon.colcon_core.package_identification:_identify(docs) by extensions ['ros']
[0.246s] Level 1:colcon.colcon_core.package_identification:_identify(docs) by extension 'ros'
[0.246s] Level 1:colcon.colcon_core.package_identification:_identify(docs) by extensions ['cmake', 'python']
[0.246s] Level 1:colcon.colcon_core.package_identification:_identify(docs) by extension 'cmake'
[0.246s] Level 1:colcon.colcon_core.package_identification:_identify(docs) by extension 'python'
[0.246s] Level 1:colcon.colcon_core.package_identification:_identify(docs) by extensions ['python_setup_py']
[0.246s] Level 1:colcon.colcon_core.package_identification:_identify(docs) by extension 'python_setup_py'
[0.246s] Level 1:colcon.colcon_core.package_identification:_identify(docs/img) by extensions ['ignore', 'ignore_ament_install']
[0.247s] Level 1:colcon.colcon_core.package_identification:_identify(docs/img) by extension 'ignore'
[0.247s] Level 1:colcon.colcon_core.package_identification:_identify(docs/img) by extension 'ignore_ament_install'
[0.247s] Level 1:colcon.colcon_core.package_identification:_identify(docs/img) by extensions ['colcon_pkg']
[0.247s] Level 1:colcon.colcon_core.package_identification:_identify(docs/img) by extension 'colcon_pkg'
[0.247s] Level 1:colcon.colcon_core.package_identification:_identify(docs/img) by extensions ['colcon_meta']
[0.247s] Level 1:colcon.colcon_core.package_identification:_identify(docs/img) by extension 'colcon_meta'
[0.247s] Level 1:colcon.colcon_core.package_identification:_identify(docs/img) by extensions ['ros']
[0.247s] Level 1:colcon.colcon_core.package_identification:_identify(docs/img) by extension 'ros'
[0.247s] Level 1:colcon.colcon_core.package_identification:_identify(docs/img) by extensions ['cmake', 'python']
[0.247s] Level 1:colcon.colcon_core.package_identification:_identify(docs/img) by extension 'cmake'
[0.247s] Level 1:colcon.colcon_core.package_identification:_identify(docs/img) by extension 'python'
[0.247s] Level 1:colcon.colcon_core.package_identification:_identify(docs/img) by extensions ['python_setup_py']
[0.247s] Level 1:colcon.colcon_core.package_identification:_identify(docs/img) by extension 'python_setup_py'
[0.247s] Level 1:colcon.colcon_core.package_identification:_identify(install) by extensions ['ignore', 'ignore_ament_install']
[0.247s] Level 1:colcon.colcon_core.package_identification:_identify(install) by extension 'ignore'
[0.247s] Level 1:colcon.colcon_core.package_identification:_identify(install) ignored
[0.247s] Level 1:colcon.colcon_core.package_identification:_identify(log) by extensions ['ignore', 'ignore_ament_install']
[0.247s] Level 1:colcon.colcon_core.package_identification:_identify(log) by extension 'ignore'
[0.247s] Level 1:colcon.colcon_core.package_identification:_identify(log) ignored
[0.247s] Level 1:colcon.colcon_core.package_identification:_identify(src) by extensions ['ignore', 'ignore_ament_install']
[0.247s] Level 1:colcon.colcon_core.package_identification:_identify(src) by extension 'ignore'
[0.247s] Level 1:colcon.colcon_core.package_identification:_identify(src) by extension 'ignore_ament_install'
[0.248s] Level 1:colcon.colcon_core.package_identification:_identify(src) by extensions ['colcon_pkg']
[0.248s] Level 1:colcon.colcon_core.package_identification:_identify(src) by extension 'colcon_pkg'
[0.248s] Level 1:colcon.colcon_core.package_identification:_identify(src) by extensions ['colcon_meta']
[0.248s] Level 1:colcon.colcon_core.package_identification:_identify(src) by extension 'colcon_meta'
[0.248s] Level 1:colcon.colcon_core.package_identification:_identify(src) by extensions ['ros']
[0.248s] Level 1:colcon.colcon_core.package_identification:_identify(src) by extension 'ros'
[0.248s] Level 1:colcon.colcon_core.package_identification:_identify(src) by extensions ['cmake', 'python']
[0.248s] Level 1:colcon.colcon_core.package_identification:_identify(src) by extension 'cmake'
[0.248s] Level 1:colcon.colcon_core.package_identification:_identify(src) by extension 'python'
[0.248s] Level 1:colcon.colcon_core.package_identification:_identify(src) by extensions ['python_setup_py']
[0.248s] Level 1:colcon.colcon_core.package_identification:_identify(src) by extension 'python_setup_py'
[0.248s] Level 1:colcon.colcon_core.package_identification:_identify(src/ee4308_bringup) by extensions ['ignore', 'ignore_ament_install']
[0.248s] Level 1:colcon.colcon_core.package_identification:_identify(src/ee4308_bringup) by extension 'ignore'
[0.248s] Level 1:colcon.colcon_core.package_identification:_identify(src/ee4308_bringup) by extension 'ignore_ament_install'
[0.248s] Level 1:colcon.colcon_core.package_identification:_identify(src/ee4308_bringup) by extensions ['colcon_pkg']
[0.248s] Level 1:colcon.colcon_core.package_identification:_identify(src/ee4308_bringup) by extension 'colcon_pkg'
[0.248s] Level 1:colcon.colcon_core.package_identification:_identify(src/ee4308_bringup) by extensions ['colcon_meta']
[0.248s] Level 1:colcon.colcon_core.package_identification:_identify(src/ee4308_bringup) by extension 'colcon_meta'
[0.248s] Level 1:colcon.colcon_core.package_identification:_identify(src/ee4308_bringup) by extensions ['ros']
[0.248s] Level 1:colcon.colcon_core.package_identification:_identify(src/ee4308_bringup) by extension 'ros'
[0.250s] DEBUG:colcon.colcon_core.package_identification:Package 'src/ee4308_bringup' with type 'ros.ament_cmake' and name 'ee4308_bringup'
[0.250s] Level 1:colcon.colcon_core.package_identification:_identify(src/ee4308_core) by extensions ['ignore', 'ignore_ament_install']
[0.250s] Level 1:colcon.colcon_core.package_identification:_identify(src/ee4308_core) by extension 'ignore'
[0.250s] Level 1:colcon.colcon_core.package_identification:_identify(src/ee4308_core) by extension 'ignore_ament_install'
[0.250s] Level 1:colcon.colcon_core.package_identification:_identify(src/ee4308_core) by extensions ['colcon_pkg']
[0.250s] Level 1:colcon.colcon_core.package_identification:_identify(src/ee4308_core) by extension 'colcon_pkg'
[0.250s] Level 1:colcon.colcon_core.package_identification:_identify(src/ee4308_core) by extensions ['colcon_meta']
[0.250s] Level 1:colcon.colcon_core.package_identification:_identify(src/ee4308_core) by extension 'colcon_meta'
[0.251s] Level 1:colcon.colcon_core.package_identification:_identify(src/ee4308_core) by extensions ['ros']
[0.251s] Level 1:colcon.colcon_core.package_identification:_identify(src/ee4308_core) by extension 'ros'
[0.251s] DEBUG:colcon.colcon_core.package_identification:Package 'src/ee4308_core' with type 'ros.ament_cmake' and name 'ee4308_core'
[0.251s] Level 1:colcon.colcon_core.package_identification:_identify(src/ee4308_turtle) by extensions ['ignore', 'ignore_ament_install']
[0.251s] Level 1:colcon.colcon_core.package_identification:_identify(src/ee4308_turtle) by extension 'ignore'
[0.251s] Level 1:colcon.colcon_core.package_identification:_identify(src/ee4308_turtle) by extension 'ignore_ament_install'
[0.251s] Level 1:colcon.colcon_core.package_identification:_identify(src/ee4308_turtle) by extensions ['colcon_pkg']
[0.251s] Level 1:colcon.colcon_core.package_identification:_identify(src/ee4308_turtle) by extension 'colcon_pkg'
[0.251s] Level 1:colcon.colcon_core.package_identification:_identify(src/ee4308_turtle) by extensions ['colcon_meta']
[0.251s] Level 1:colcon.colcon_core.package_identification:_identify(src/ee4308_turtle) by extension 'colcon_meta'
[0.251s] Level 1:colcon.colcon_core.package_identification:_identify(src/ee4308_turtle) by extensions ['ros']
[0.251s] Level 1:colcon.colcon_core.package_identification:_identify(src/ee4308_turtle) by extension 'ros'
[0.253s] DEBUG:colcon.colcon_core.package_identification:Package 'src/ee4308_turtle' with type 'ros.ament_cmake' and name 'ee4308_turtle'
[0.253s] Level 1:colcon.colcon_core.package_identification:_identify(src/turtlebot3_cartographer) by extensions ['ignore', 'ignore_ament_install']
[0.253s] Level 1:colcon.colcon_core.package_identification:_identify(src/turtlebot3_cartographer) by extension 'ignore'
[0.253s] Level 1:colcon.colcon_core.package_identification:_identify(src/turtlebot3_cartographer) by extension 'ignore_ament_install'
[0.253s] Level 1:colcon.colcon_core.package_identification:_identify(src/turtlebot3_cartographer) by extensions ['colcon_pkg']
[0.253s] Level 1:colcon.colcon_core.package_identification:_identify(src/turtlebot3_cartographer) by extension 'colcon_pkg'
[0.253s] Level 1:colcon.colcon_core.package_identification:_identify(src/turtlebot3_cartographer) by extensions ['colcon_meta']
[0.253s] Level 1:colcon.colcon_core.package_identification:_identify(src/turtlebot3_cartographer) by extension 'colcon_meta'
[0.253s] Level 1:colcon.colcon_core.package_identification:_identify(src/turtlebot3_cartographer) by extensions ['ros']
[0.253s] Level 1:colcon.colcon_core.package_identification:_identify(src/turtlebot3_cartographer) by extension 'ros'
[0.253s] DEBUG:colcon.colcon_core.package_identification:Package 'src/turtlebot3_cartographer' with type 'ros.ament_cmake' and name 'turtlebot3_cartographer'
[0.254s] Level 1:colcon.colcon_core.package_identification:_identify(src/turtlebot3_gazebo) by extensions ['ignore', 'ignore_ament_install']
[0.254s] Level 1:colcon.colcon_core.package_identification:_identify(src/turtlebot3_gazebo) by extension 'ignore'
[0.254s] Level 1:colcon.colcon_core.package_identification:_identify(src/turtlebot3_gazebo) by extension 'ignore_ament_install'
[0.254s] Level 1:colcon.colcon_core.package_identification:_identify(src/turtlebot3_gazebo) by extensions ['colcon_pkg']
[0.254s] Level 1:colcon.colcon_core.package_identification:_identify(src/turtlebot3_gazebo) by extension 'colcon_pkg'
[0.254s] Level 1:colcon.colcon_core.package_identification:_identify(src/turtlebot3_gazebo) by extensions ['colcon_meta']
[0.254s] Level 1:colcon.colcon_core.package_identification:_identify(src/turtlebot3_gazebo) by extension 'colcon_meta'
[0.254s] Level 1:colcon.colcon_core.package_identification:_identify(src/turtlebot3_gazebo) by extensions ['ros']
[0.254s] Level 1:colcon.colcon_core.package_identification:_identify(src/turtlebot3_gazebo) by extension 'ros'
[0.255s] DEBUG:colcon.colcon_core.package_identification:Package 'src/turtlebot3_gazebo' with type 'ros.ament_cmake' and name 'turtlebot3_gazebo'
[0.255s] Level 1:colcon.colcon_core.package_identification:_identify(src/turtlebot3_simulations) by extensions ['ignore', 'ignore_ament_install']
[0.255s] Level 1:colcon.colcon_core.package_identification:_identify(src/turtlebot3_simulations) by extension 'ignore'
[0.255s] Level 1:colcon.colcon_core.package_identification:_identify(src/turtlebot3_simulations) by extension 'ignore_ament_install'
[0.255s] Level 1:colcon.colcon_core.package_identification:_identify(src/turtlebot3_simulations) by extensions ['colcon_pkg']
[0.255s] Level 1:colcon.colcon_core.package_identification:_identify(src/turtlebot3_simulations) by extension 'colcon_pkg'
[0.255s] Level 1:colcon.colcon_core.package_identification:_identify(src/turtlebot3_simulations) by extensions ['colcon_meta']
[0.255s] Level 1:colcon.colcon_core.package_identification:_identify(src/turtlebot3_simulations) by extension 'colcon_meta'
[0.255s] Level 1:colcon.colcon_core.package_identification:_identify(src/turtlebot3_simulations) by extensions ['ros']
[0.255s] Level 1:colcon.colcon_core.package_identification:_identify(src/turtlebot3_simulations) by extension 'ros'
[0.256s] DEBUG:colcon.colcon_core.package_identification:Package 'src/turtlebot3_simulations' with type 'ros.ament_cmake' and name 'turtlebot3_simulations'
[0.256s] Level 1:colcon.colcon_core.package_discovery:discover_packages(recursive) using defaults
[0.256s] Level 1:colcon.colcon_core.package_discovery:discover_packages(ignore) discover
[0.256s] Level 1:colcon.colcon_core.package_discovery:discover_packages(ignore) using defaults
[0.256s] Level 1:colcon.colcon_core.package_discovery:discover_packages(path) discover
[0.256s] Level 1:colcon.colcon_core.package_discovery:discover_packages(path) using defaults
[0.280s] Level 1:colcon.colcon_core.package_discovery:discover_packages(prefix_path) check parameters
[0.280s] Level 1:colcon.colcon_core.package_discovery:discover_packages(prefix_path) discover
[0.282s] DEBUG:colcon.colcon_installed_package_information.package_discovery:Found 433 installed packages in /opt/ros/humble
[0.284s] Level 1:colcon.colcon_core.package_discovery:discover_packages(prefix_path) using defaults
[0.330s] Level 5:colcon.colcon_core.verb:set package 'ee4308_bringup' build argument 'cmake_args' from command line to 'None'
[0.330s] Level 5:colcon.colcon_core.verb:set package 'ee4308_bringup' build argument 'cmake_target' from command line to 'None'
[0.330s] Level 5:colcon.colcon_core.verb:set package 'ee4308_bringup' build argument 'cmake_target_skip_unavailable' from command line to 'False'
[0.330s] Level 5:colcon.colcon_core.verb:set package 'ee4308_bringup' build argument 'cmake_clean_cache' from command line to 'False'
[0.330s] Level 5:colcon.colcon_core.verb:set package 'ee4308_bringup' build argument 'cmake_clean_first' from command line to 'False'
[0.330s] Level 5:colcon.colcon_core.verb:set package 'ee4308_bringup' build argument 'cmake_force_configure' from command line to 'False'
[0.330s] Level 5:colcon.colcon_core.verb:set package 'ee4308_bringup' build argument 'ament_cmake_args' from command line to 'None'
[0.330s] Level 5:colcon.colcon_core.verb:set package 'ee4308_bringup' build argument 'catkin_cmake_args' from command line to 'None'
[0.330s] Level 5:colcon.colcon_core.verb:set package 'ee4308_bringup' build argument 'catkin_skip_building_tests' from command line to 'False'
[0.330s] DEBUG:colcon.colcon_core.verb:Building package 'ee4308_bringup' with the following arguments: {'ament_cmake_args': None, 'build_base': '/home/lennoxtr/EE4308/Lab_1/build/ee4308_bringup', 'catkin_cmake_args': None, 'catkin_skip_building_tests': False, 'cmake_args': None, 'cmake_clean_cache': False, 'cmake_clean_first': False, 'cmake_force_configure': False, 'cmake_target': None, 'cmake_target_skip_unavailable': False, 'install_base': '/home/lennoxtr/EE4308/Lab_1/install/ee4308_bringup', 'merge_install': False, 'path': '/home/lennoxtr/EE4308/Lab_1/src/ee4308_bringup', 'symlink_install': False, 'test_result_base': None}
[0.330s] Level 5:colcon.colcon_core.verb:set package 'ee4308_core' build argument 'cmake_args' from command line to 'None'
[0.330s] Level 5:colcon.colcon_core.verb:set package 'ee4308_core' build argument 'cmake_target' from command line to 'None'
[0.330s] Level 5:colcon.colcon_core.verb:set package 'ee4308_core' build argument 'cmake_target_skip_unavailable' from command line to 'False'
[0.330s] Level 5:colcon.colcon_core.verb:set package 'ee4308_core' build argument 'cmake_clean_cache' from command line to 'False'
[0.330s] Level 5:colcon.colcon_core.verb:set package 'ee4308_core' build argument 'cmake_clean_first' from command line to 'False'
[0.330s] Level 5:colcon.colcon_core.verb:set package 'ee4308_core' build argument 'cmake_force_configure' from command line to 'False'
[0.330s] Level 5:colcon.colcon_core.verb:set package 'ee4308_core' build argument 'ament_cmake_args' from command line to 'None'
[0.330s] Level 5:colcon.colcon_core.verb:set package 'ee4308_core' build argument 'catkin_cmake_args' from command line to 'None'
[0.330s] Level 5:colcon.colcon_core.verb:set package 'ee4308_core' build argument 'catkin_skip_building_tests' from command line to 'False'
[0.330s] DEBUG:colcon.colcon_core.verb:Building package 'ee4308_core' with the following arguments: {'ament_cmake_args': None, 'build_base': '/home/lennoxtr/EE4308/Lab_1/build/ee4308_core', 'catkin_cmake_args': None, 'catkin_skip_building_tests': False, 'cmake_args': None, 'cmake_clean_cache': False, 'cmake_clean_first': False, 'cmake_force_configure': False, 'cmake_target': None, 'cmake_target_skip_unavailable': False, 'install_base': '/home/lennoxtr/EE4308/Lab_1/install/ee4308_core', 'merge_install': False, 'path': '/home/lennoxtr/EE4308/Lab_1/src/ee4308_core', 'symlink_install': False, 'test_result_base': None}
[0.331s] Level 5:colcon.colcon_core.verb:set package 'turtlebot3_cartographer' build argument 'cmake_args' from command line to 'None'
[0.331s] Level 5:colcon.colcon_core.verb:set package 'turtlebot3_cartographer' build argument 'cmake_target' from command line to 'None'
[0.331s] Level 5:colcon.colcon_core.verb:set package 'turtlebot3_cartographer' build argument 'cmake_target_skip_unavailable' from command line to 'False'
[0.331s] Level 5:colcon.colcon_core.verb:set package 'turtlebot3_cartographer' build argument 'cmake_clean_cache' from command line to 'False'
[0.331s] Level 5:colcon.colcon_core.verb:set package 'turtlebot3_cartographer' build argument 'cmake_clean_first' from command line to 'False'
[0.331s] Level 5:colcon.colcon_core.verb:set package 'turtlebot3_cartographer' build argument 'cmake_force_configure' from command line to 'False'
[0.331s] Level 5:colcon.colcon_core.verb:set package 'turtlebot3_cartographer' build argument 'ament_cmake_args' from command line to 'None'
[0.331s] Level 5:colcon.colcon_core.verb:set package 'turtlebot3_cartographer' build argument 'catkin_cmake_args' from command line to 'None'
[0.331s] Level 5:colcon.colcon_core.verb:set package 'turtlebot3_cartographer' build argument 'catkin_skip_building_tests' from command line to 'False'
[0.331s] DEBUG:colcon.colcon_core.verb:Building package 'turtlebot3_cartographer' with the following arguments: {'ament_cmake_args': None, 'build_base': '/home/lennoxtr/EE4308/Lab_1/build/turtlebot3_cartographer', 'catkin_cmake_args': None, 'catkin_skip_building_tests': False, 'cmake_args': None, 'cmake_clean_cache': False, 'cmake_clean_first': False, 'cmake_force_configure': False, 'cmake_target': None, 'cmake_target_skip_unavailable': False, 'install_base': '/home/lennoxtr/EE4308/Lab_1/install/turtlebot3_cartographer', 'merge_install': False, 'path': '/home/lennoxtr/EE4308/Lab_1/src/turtlebot3_cartographer', 'symlink_install': False, 'test_result_base': None}
[0.331s] Level 5:colcon.colcon_core.verb:set package 'turtlebot3_gazebo' build argument 'cmake_args' from command line to 'None'
[0.331s] Level 5:colcon.colcon_core.verb:set package 'turtlebot3_gazebo' build argument 'cmake_target' from command line to 'None'
[0.331s] Level 5:colcon.colcon_core.verb:set package 'turtlebot3_gazebo' build argument 'cmake_target_skip_unavailable' from command line to 'False'
[0.331s] Level 5:colcon.colcon_core.verb:set package 'turtlebot3_gazebo' build argument 'cmake_clean_cache' from command line to 'False'
[0.331s] Level 5:colcon.colcon_core.verb:set package 'turtlebot3_gazebo' build argument 'cmake_clean_first' from command line to 'False'
[0.331s] Level 5:colcon.colcon_core.verb:set package 'turtlebot3_gazebo' build argument 'cmake_force_configure' from command line to 'False'
[0.331s] Level 5:colcon.colcon_core.verb:set package 'turtlebot3_gazebo' build argument 'ament_cmake_args' from command line to 'None'
[0.331s] Level 5:colcon.colcon_core.verb:set package 'turtlebot3_gazebo' build argument 'catkin_cmake_args' from command line to 'None'
[0.331s] Level 5:colcon.colcon_core.verb:set package 'turtlebot3_gazebo' build argument 'catkin_skip_building_tests' from command line to 'False'
[0.331s] DEBUG:colcon.colcon_core.verb:Building package 'turtlebot3_gazebo' with the following arguments: {'ament_cmake_args': None, 'build_base': '/home/lennoxtr/EE4308/Lab_1/build/turtlebot3_gazebo', 'catkin_cmake_args': None, 'catkin_skip_building_tests': False, 'cmake_args': None, 'cmake_clean_cache': False, 'cmake_clean_first': False, 'cmake_force_configure': False, 'cmake_target': None, 'cmake_target_skip_unavailable': False, 'install_base': '/home/lennoxtr/EE4308/Lab_1/install/turtlebot3_gazebo', 'merge_install': False, 'path': '/home/lennoxtr/EE4308/Lab_1/src/turtlebot3_gazebo', 'symlink_install': False, 'test_result_base': None}
[0.332s] Level 5:colcon.colcon_core.verb:set package 'ee4308_turtle' build argument 'cmake_args' from command line to 'None'
[0.332s] Level 5:colcon.colcon_core.verb:set package 'ee4308_turtle' build argument 'cmake_target' from command line to 'None'
[0.332s] Level 5:colcon.colcon_core.verb:set package 'ee4308_turtle' build argument 'cmake_target_skip_unavailable' from command line to 'False'
[0.332s] Level 5:colcon.colcon_core.verb:set package 'ee4308_turtle' build argument 'cmake_clean_cache' from command line to 'False'
[0.332s] Level 5:colcon.colcon_core.verb:set package 'ee4308_turtle' build argument 'cmake_clean_first' from command line to 'False'
[0.332s] Level 5:colcon.colcon_core.verb:set package 'ee4308_turtle' build argument 'cmake_force_configure' from command line to 'False'
[0.332s] Level 5:colcon.colcon_core.verb:set package 'ee4308_turtle' build argument 'ament_cmake_args' from command line to 'None'
[0.332s] Level 5:colcon.colcon_core.verb:set package 'ee4308_turtle' build argument 'catkin_cmake_args' from command line to 'None'
[0.332s] Level 5:colcon.colcon_core.verb:set package 'ee4308_turtle' build argument 'catkin_skip_building_tests' from command line to 'False'
[0.332s] DEBUG:colcon.colcon_core.verb:Building package 'ee4308_turtle' with the following arguments: {'ament_cmake_args': None, 'build_base': '/home/lennoxtr/EE4308/Lab_1/build/ee4308_turtle', 'catkin_cmake_args': None, 'catkin_skip_building_tests': False, 'cmake_args': None, 'cmake_clean_cache': False, 'cmake_clean_first': False, 'cmake_force_configure': False, 'cmake_target': None, 'cmake_target_skip_unavailable': False, 'install_base': '/home/lennoxtr/EE4308/Lab_1/install/ee4308_turtle', 'merge_install': False, 'path': '/home/lennoxtr/EE4308/Lab_1/src/ee4308_turtle', 'symlink_install': False, 'test_result_base': None}
[0.332s] Level 5:colcon.colcon_core.verb:set package 'turtlebot3_simulations' build argument 'cmake_args' from command line to 'None'
[0.332s] Level 5:colcon.colcon_core.verb:set package 'turtlebot3_simulations' build argument 'cmake_target' from command line to 'None'
[0.332s] Level 5:colcon.colcon_core.verb:set package 'turtlebot3_simulations' build argument 'cmake_target_skip_unavailable' from command line to 'False'
[0.332s] Level 5:colcon.colcon_core.verb:set package 'turtlebot3_simulations' build argument 'cmake_clean_cache' from command line to 'False'
[0.332s] Level 5:colcon.colcon_core.verb:set package 'turtlebot3_simulations' build argument 'cmake_clean_first' from command line to 'False'
[0.332s] Level 5:colcon.colcon_core.verb:set package 'turtlebot3_simulations' build argument 'cmake_force_configure' from command line to 'False'
[0.332s] Level 5:colcon.colcon_core.verb:set package 'turtlebot3_simulations' build argument 'ament_cmake_args' from command line to 'None'
[0.332s] Level 5:colcon.colcon_core.verb:set package 'turtlebot3_simulations' build argument 'catkin_cmake_args' from command line to 'None'
[0.332s] Level 5:colcon.colcon_core.verb:set package 'turtlebot3_simulations' build argument 'catkin_skip_building_tests' from command line to 'False'
[0.332s] DEBUG:colcon.colcon_core.verb:Building package 'turtlebot3_simulations' with the following arguments: {'ament_cmake_args': None, 'build_base': '/home/lennoxtr/EE4308/Lab_1/build/turtlebot3_simulations', 'catkin_cmake_args': None, 'catkin_skip_building_tests': False, 'cmake_args': None, 'cmake_clean_cache': False, 'cmake_clean_first': False, 'cmake_force_configure': False, 'cmake_target': None, 'cmake_target_skip_unavailable': False, 'install_base': '/home/lennoxtr/EE4308/Lab_1/install/turtlebot3_simulations', 'merge_install': False, 'path': '/home/lennoxtr/EE4308/Lab_1/src/turtlebot3_simulations', 'symlink_install': False, 'test_result_base': None}
[0.332s] INFO:colcon.colcon_core.executor:Executing jobs using 'parallel' executor
[0.333s] DEBUG:colcon.colcon_parallel_executor.executor.parallel:run_until_complete
[0.334s] INFO:colcon.colcon_ros.task.ament_cmake.build:Building ROS package in '/home/lennoxtr/EE4308/Lab_1/src/ee4308_core' with build type 'ament_cmake'
[0.334s] INFO:colcon.colcon_cmake.task.cmake.build:Building CMake package in '/home/lennoxtr/EE4308/Lab_1/src/ee4308_core'
[0.336s] INFO:colcon.colcon_core.plugin_system:Skipping extension 'colcon_core.shell.bat': Not used on non-Windows systems
[0.336s] INFO:colcon.colcon_core.shell:Skip shell extension 'powershell' for command environment: Not usable outside of PowerShell
[0.336s] DEBUG:colcon.colcon_core.shell:Skip shell extension 'dsv' for command environment
[0.339s] INFO:colcon.colcon_ros.task.ament_cmake.build:Building ROS package in '/home/lennoxtr/EE4308/Lab_1/src/turtlebot3_gazebo' with build type 'ament_cmake'
[0.339s] INFO:colcon.colcon_cmake.task.cmake.build:Building CMake package in '/home/lennoxtr/EE4308/Lab_1/src/turtlebot3_gazebo'
[0.340s] INFO:colcon.colcon_core.shell:Skip shell extension 'powershell' for command environment: Not usable outside of PowerShell
[0.340s] DEBUG:colcon.colcon_core.shell:Skip shell extension 'dsv' for command environment
[0.343s] INFO:colcon.colcon_ros.task.ament_cmake.build:Building ROS package in '/home/lennoxtr/EE4308/Lab_1/src/ee4308_bringup' with build type 'ament_cmake'
[0.343s] INFO:colcon.colcon_cmake.task.cmake.build:Building CMake package in '/home/lennoxtr/EE4308/Lab_1/src/ee4308_bringup'
[0.343s] INFO:colcon.colcon_core.shell:Skip shell extension 'powershell' for command environment: Not usable outside of PowerShell
[0.343s] DEBUG:colcon.colcon_core.shell:Skip shell extension 'dsv' for command environment
[0.346s] INFO:colcon.colcon_ros.task.ament_cmake.build:Building ROS package in '/home/lennoxtr/EE4308/Lab_1/src/turtlebot3_cartographer' with build type 'ament_cmake'
[0.346s] INFO:colcon.colcon_cmake.task.cmake.build:Building CMake package in '/home/lennoxtr/EE4308/Lab_1/src/turtlebot3_cartographer'
[0.346s] INFO:colcon.colcon_core.shell:Skip shell extension 'powershell' for command environment: Not usable outside of PowerShell
[0.347s] DEBUG:colcon.colcon_core.shell:Skip shell extension 'dsv' for command environment
[0.359s] DEBUG:colcon.colcon_core.event_handler.log_command:Invoking command in '/home/lennoxtr/EE4308/Lab_1/build/ee4308_core': CMAKE_PREFIX_PATH=/opt/ros/humble /usr/bin/cmake --build /home/lennoxtr/EE4308/Lab_1/build/ee4308_core -- -j6 -l6
[0.362s] DEBUG:colcon.colcon_core.event_handler.log_command:Invoking command in '/home/lennoxtr/EE4308/Lab_1/build/turtlebot3_gazebo': CMAKE_PREFIX_PATH=/opt/ros/humble /usr/bin/cmake --build /home/lennoxtr/EE4308/Lab_1/build/turtlebot3_gazebo -- -j6 -l6
[0.370s] DEBUG:colcon.colcon_core.event_handler.log_command:Invoking command in '/home/lennoxtr/EE4308/Lab_1/build/ee4308_bringup': CMAKE_PREFIX_PATH=/opt/ros/humble /usr/bin/cmake --build /home/lennoxtr/EE4308/Lab_1/build/ee4308_bringup -- -j6 -l6
[0.376s] DEBUG:colcon.colcon_core.event_handler.log_command:Invoking command in '/home/lennoxtr/EE4308/Lab_1/build/turtlebot3_cartographer': CMAKE_PREFIX_PATH=/opt/ros/humble /usr/bin/cmake --build /home/lennoxtr/EE4308/Lab_1/build/turtlebot3_cartographer -- -j6 -l6
[0.403s] DEBUG:colcon.colcon_core.event_handler.log_command:Invoked command in '/home/lennoxtr/EE4308/Lab_1/build/ee4308_core' returned '0': CMAKE_PREFIX_PATH=/opt/ros/humble /usr/bin/cmake --build /home/lennoxtr/EE4308/Lab_1/build/ee4308_core -- -j6 -l6
[0.412s] DEBUG:colcon.colcon_core.event_handler.log_command:Invoking command in '/home/lennoxtr/EE4308/Lab_1/build/ee4308_core': CMAKE_PREFIX_PATH=/opt/ros/humble /usr/bin/cmake --install /home/lennoxtr/EE4308/Lab_1/build/ee4308_core
[0.414s] DEBUG:colcon.colcon_core.event_handler.log_command:Invoked command in '/home/lennoxtr/EE4308/Lab_1/build/ee4308_bringup' returned '0': CMAKE_PREFIX_PATH=/opt/ros/humble /usr/bin/cmake --build /home/lennoxtr/EE4308/Lab_1/build/ee4308_bringup -- -j6 -l6
[0.422s] DEBUG:colcon.colcon_core.event_handler.log_command:Invoking command in '/home/lennoxtr/EE4308/Lab_1/build/ee4308_bringup': CMAKE_PREFIX_PATH=/opt/ros/humble /usr/bin/cmake --install /home/lennoxtr/EE4308/Lab_1/build/ee4308_bringup
[0.432s] DEBUG:colcon.colcon_core.event_handler.log_command:Invoked command in '/home/lennoxtr/EE4308/Lab_1/build/turtlebot3_cartographer' returned '0': CMAKE_PREFIX_PATH=/opt/ros/humble /usr/bin/cmake --build /home/lennoxtr/EE4308/Lab_1/build/turtlebot3_cartographer -- -j6 -l6
[0.432s] DEBUG:colcon.colcon_core.event_handler.log_command:Invoking command in '/home/lennoxtr/EE4308/Lab_1/build/turtlebot3_cartographer': CMAKE_PREFIX_PATH=/opt/ros/humble /usr/bin/cmake --install /home/lennoxtr/EE4308/Lab_1/build/turtlebot3_cartographer
[0.440s] Level 1:colcon.colcon_core.environment:create_environment_scripts_only(ee4308_core)
[0.441s] DEBUG:colcon.colcon_core.event_handler.log_command:Invoked command in '/home/lennoxtr/EE4308/Lab_1/build/ee4308_core' returned '0': CMAKE_PREFIX_PATH=/opt/ros/humble /usr/bin/cmake --install /home/lennoxtr/EE4308/Lab_1/build/ee4308_core
[0.445s] Level 1:colcon.colcon_core.environment:checking '/home/lennoxtr/EE4308/Lab_1/install/ee4308_core' for CMake module files
[0.445s] Level 1:colcon.colcon_core.environment:checking '/home/lennoxtr/EE4308/Lab_1/install/ee4308_core' for CMake config files
[0.446s] Level 1:colcon.colcon_core.shell:create_environment_hook('ee4308_core', 'cmake_prefix_path')
[0.446s] INFO:colcon.colcon_core.shell:Creating environment hook '/home/lennoxtr/EE4308/Lab_1/install/ee4308_core/share/ee4308_core/hook/cmake_prefix_path.ps1'
[0.447s] INFO:colcon.colcon_core.shell:Creating environment descriptor '/home/lennoxtr/EE4308/Lab_1/install/ee4308_core/share/ee4308_core/hook/cmake_prefix_path.dsv'
[0.447s] INFO:colcon.colcon_core.shell:Creating environment hook '/home/lennoxtr/EE4308/Lab_1/install/ee4308_core/share/ee4308_core/hook/cmake_prefix_path.sh'
[0.448s] Level 1:colcon.colcon_core.environment:checking '/home/lennoxtr/EE4308/Lab_1/install/ee4308_core/bin'
[0.448s] Level 1:colcon.colcon_core.environment:checking '/home/lennoxtr/EE4308/Lab_1/install/ee4308_core/lib/pkgconfig/ee4308_core.pc'
[0.448s] Level 1:colcon.colcon_core.environment:checking '/home/lennoxtr/EE4308/Lab_1/install/ee4308_core/lib/python3.10/site-packages'
[0.449s] Level 1:colcon.colcon_core.environment:checking '/home/lennoxtr/EE4308/Lab_1/install/ee4308_core/bin'
[0.449s] INFO:colcon.colcon_core.shell:Creating package script '/home/lennoxtr/EE4308/Lab_1/install/ee4308_core/share/ee4308_core/package.ps1'
[0.449s] INFO:colcon.colcon_core.shell:Creating package descriptor '/home/lennoxtr/EE4308/Lab_1/install/ee4308_core/share/ee4308_core/package.dsv'
[0.450s] INFO:colcon.colcon_core.shell:Creating package script '/home/lennoxtr/EE4308/Lab_1/install/ee4308_core/share/ee4308_core/package.sh'
[0.451s] INFO:colcon.colcon_core.shell:Creating package script '/home/lennoxtr/EE4308/Lab_1/install/ee4308_core/share/ee4308_core/package.bash'
[0.452s] INFO:colcon.colcon_core.shell:Creating package script '/home/lennoxtr/EE4308/Lab_1/install/ee4308_core/share/ee4308_core/package.zsh'
[0.454s] Level 1:colcon.colcon_core.environment:create_file_with_runtime_dependencies(/home/lennoxtr/EE4308/Lab_1/install/ee4308_core/share/colcon-core/packages/ee4308_core)
[0.455s] Level 1:colcon.colcon_core.environment:create_environment_scripts_only(ee4308_core)
[0.455s] Level 1:colcon.colcon_core.environment:checking '/home/lennoxtr/EE4308/Lab_1/install/ee4308_core' for CMake module files
[0.455s] Level 1:colcon.colcon_core.environment:checking '/home/lennoxtr/EE4308/Lab_1/install/ee4308_core' for CMake config files
[0.456s] Level 1:colcon.colcon_core.shell:create_environment_hook('ee4308_core', 'cmake_prefix_path')
[0.456s] INFO:colcon.colcon_core.shell:Creating environment hook '/home/lennoxtr/EE4308/Lab_1/install/ee4308_core/share/ee4308_core/hook/cmake_prefix_path.ps1'
[0.456s] INFO:colcon.colcon_core.shell:Creating environment descriptor '/home/lennoxtr/EE4308/Lab_1/install/ee4308_core/share/ee4308_core/hook/cmake_prefix_path.dsv'
[0.457s] INFO:colcon.colcon_core.shell:Creating environment hook '/home/lennoxtr/EE4308/Lab_1/install/ee4308_core/share/ee4308_core/hook/cmake_prefix_path.sh'
[0.458s] Level 1:colcon.colcon_core.environment:checking '/home/lennoxtr/EE4308/Lab_1/install/ee4308_core/bin'
[0.458s] Level 1:colcon.colcon_core.environment:checking '/home/lennoxtr/EE4308/Lab_1/install/ee4308_core/lib/pkgconfig/ee4308_core.pc'
[0.458s] Level 1:colcon.colcon_core.environment:checking '/home/lennoxtr/EE4308/Lab_1/install/ee4308_core/lib/python3.10/site-packages'
[0.458s] Level 1:colcon.colcon_core.environment:checking '/home/lennoxtr/EE4308/Lab_1/install/ee4308_core/bin'
[0.458s] INFO:colcon.colcon_core.shell:Creating package script '/home/lennoxtr/EE4308/Lab_1/install/ee4308_core/share/ee4308_core/package.ps1'
[0.459s] INFO:colcon.colcon_core.shell:Creating package descriptor '/home/lennoxtr/EE4308/Lab_1/install/ee4308_core/share/ee4308_core/package.dsv'
[0.459s] INFO:colcon.colcon_core.shell:Creating package script '/home/lennoxtr/EE4308/Lab_1/install/ee4308_core/share/ee4308_core/package.sh'
[0.460s] INFO:colcon.colcon_core.shell:Creating package script '/home/lennoxtr/EE4308/Lab_1/install/ee4308_core/share/ee4308_core/package.bash'
[0.460s] INFO:colcon.colcon_core.shell:Creating package script '/home/lennoxtr/EE4308/Lab_1/install/ee4308_core/share/ee4308_core/package.zsh'
[0.461s] Level 1:colcon.colcon_core.environment:create_file_with_runtime_dependencies(/home/lennoxtr/EE4308/Lab_1/install/ee4308_core/share/colcon-core/packages/ee4308_core)
[0.462s] INFO:colcon.colcon_ros.task.ament_cmake.build:Building ROS package in '/home/lennoxtr/EE4308/Lab_1/src/ee4308_turtle' with build type 'ament_cmake'
[0.462s] INFO:colcon.colcon_cmake.task.cmake.build:Building CMake package in '/home/lennoxtr/EE4308/Lab_1/src/ee4308_turtle'
[0.462s] INFO:colcon.colcon_core.shell:Skip shell extension 'powershell' for command environment: Not usable outside of PowerShell
[0.462s] DEBUG:colcon.colcon_core.shell:Skip shell extension 'dsv' for command environment
[0.466s] DEBUG:colcon.colcon_core.event_handler.log_command:Invoked command in '/home/lennoxtr/EE4308/Lab_1/build/turtlebot3_gazebo' returned '0': CMAKE_PREFIX_PATH=/opt/ros/humble /usr/bin/cmake --build /home/lennoxtr/EE4308/Lab_1/build/turtlebot3_gazebo -- -j6 -l6
[0.468s] DEBUG:colcon.colcon_core.event_handler.log_command:Invoking command in '/home/lennoxtr/EE4308/Lab_1/build/turtlebot3_gazebo': CMAKE_PREFIX_PATH=/opt/ros/humble /usr/bin/cmake --install /home/lennoxtr/EE4308/Lab_1/build/turtlebot3_gazebo
[0.468s] Level 1:colcon.colcon_core.environment:create_environment_scripts_only(turtlebot3_cartographer)
[0.468s] Level 1:colcon.colcon_core.environment:checking '/home/lennoxtr/EE4308/Lab_1/install/turtlebot3_cartographer' for CMake module files
[0.469s] DEBUG:colcon.colcon_core.event_handler.log_command:Invoked command in '/home/lennoxtr/EE4308/Lab_1/build/turtlebot3_cartographer' returned '0': CMAKE_PREFIX_PATH=/opt/ros/humble /usr/bin/cmake --install /home/lennoxtr/EE4308/Lab_1/build/turtlebot3_cartographer
[0.469s] Level 1:colcon.colcon_core.environment:checking '/home/lennoxtr/EE4308/Lab_1/install/turtlebot3_cartographer' for CMake config files
[0.469s] Level 1:colcon.colcon_core.shell:create_environment_hook('turtlebot3_cartographer', 'cmake_prefix_path')
[0.470s] INFO:colcon.colcon_core.shell:Creating environment hook '/home/lennoxtr/EE4308/Lab_1/install/turtlebot3_cartographer/share/turtlebot3_cartographer/hook/cmake_prefix_path.ps1'
[0.470s] INFO:colcon.colcon_core.shell:Creating environment descriptor '/home/lennoxtr/EE4308/Lab_1/install/turtlebot3_cartographer/share/turtlebot3_cartographer/hook/cmake_prefix_path.dsv'
[0.470s] INFO:colcon.colcon_core.shell:Creating environment hook '/home/lennoxtr/EE4308/Lab_1/install/turtlebot3_cartographer/share/turtlebot3_cartographer/hook/cmake_prefix_path.sh'
[0.471s] Level 1:colcon.colcon_core.environment:checking '/home/lennoxtr/EE4308/Lab_1/install/turtlebot3_cartographer/bin'
[0.471s] Level 1:colcon.colcon_core.environment:checking '/home/lennoxtr/EE4308/Lab_1/install/turtlebot3_cartographer/lib/pkgconfig/turtlebot3_cartographer.pc'
[0.471s] Level 1:colcon.colcon_core.environment:checking '/home/lennoxtr/EE4308/Lab_1/install/turtlebot3_cartographer/lib/python3.10/site-packages'
[0.471s] Level 1:colcon.colcon_core.environment:checking '/home/lennoxtr/EE4308/Lab_1/install/turtlebot3_cartographer/bin'
[0.472s] INFO:colcon.colcon_core.shell:Creating package script '/home/lennoxtr/EE4308/Lab_1/install/turtlebot3_cartographer/share/turtlebot3_cartographer/package.ps1'
[0.472s] INFO:colcon.colcon_core.shell:Creating package descriptor '/home/lennoxtr/EE4308/Lab_1/install/turtlebot3_cartographer/share/turtlebot3_cartographer/package.dsv'
[0.472s] INFO:colcon.colcon_core.shell:Creating package script '/home/lennoxtr/EE4308/Lab_1/install/turtlebot3_cartographer/share/turtlebot3_cartographer/package.sh'
[0.473s] INFO:colcon.colcon_core.shell:Creating package script '/home/lennoxtr/EE4308/Lab_1/install/turtlebot3_cartographer/share/turtlebot3_cartographer/package.bash'
[0.473s] INFO:colcon.colcon_core.shell:Creating package script '/home/lennoxtr/EE4308/Lab_1/install/turtlebot3_cartographer/share/turtlebot3_cartographer/package.zsh'
[0.473s] Level 1:colcon.colcon_core.environment:create_file_with_runtime_dependencies(/home/lennoxtr/EE4308/Lab_1/install/turtlebot3_cartographer/share/colcon-core/packages/turtlebot3_cartographer)
[0.474s] Level 1:colcon.colcon_core.environment:create_environment_scripts_only(turtlebot3_cartographer)
[0.474s] Level 1:colcon.colcon_core.environment:checking '/home/lennoxtr/EE4308/Lab_1/install/turtlebot3_cartographer' for CMake module files
[0.474s] Level 1:colcon.colcon_core.environment:checking '/home/lennoxtr/EE4308/Lab_1/install/turtlebot3_cartographer' for CMake config files
[0.475s] Level 1:colcon.colcon_core.shell:create_environment_hook('turtlebot3_cartographer', 'cmake_prefix_path')
[0.475s] INFO:colcon.colcon_core.shell:Creating environment hook '/home/lennoxtr/EE4308/Lab_1/install/turtlebot3_cartographer/share/turtlebot3_cartographer/hook/cmake_prefix_path.ps1'
[0.475s] INFO:colcon.colcon_core.shell:Creating environment descriptor '/home/lennoxtr/EE4308/Lab_1/install/turtlebot3_cartographer/share/turtlebot3_cartographer/hook/cmake_prefix_path.dsv'
[0.476s] INFO:colcon.colcon_core.shell:Creating environment hook '/home/lennoxtr/EE4308/Lab_1/install/turtlebot3_cartographer/share/turtlebot3_cartographer/hook/cmake_prefix_path.sh'
[0.476s] Level 1:colcon.colcon_core.environment:checking '/home/lennoxtr/EE4308/Lab_1/install/turtlebot3_cartographer/bin'
[0.476s] Level 1:colcon.colcon_core.environment:checking '/home/lennoxtr/EE4308/Lab_1/install/turtlebot3_cartographer/lib/pkgconfig/turtlebot3_cartographer.pc'
[0.476s] Level 1:colcon.colcon_core.environment:checking '/home/lennoxtr/EE4308/Lab_1/install/turtlebot3_cartographer/lib/python3.10/site-packages'
[0.477s] Level 1:colcon.colcon_core.environment:checking '/home/lennoxtr/EE4308/Lab_1/install/turtlebot3_cartographer/bin'
[0.477s] INFO:colcon.colcon_core.shell:Creating package script '/home/lennoxtr/EE4308/Lab_1/install/turtlebot3_cartographer/share/turtlebot3_cartographer/package.ps1'
[0.477s] INFO:colcon.colcon_core.shell:Creating package descriptor '/home/lennoxtr/EE4308/Lab_1/install/turtlebot3_cartographer/share/turtlebot3_cartographer/package.dsv'
[0.478s] INFO:colcon.colcon_core.shell:Creating package script '/home/lennoxtr/EE4308/Lab_1/install/turtlebot3_cartographer/share/turtlebot3_cartographer/package.sh'
[0.478s] INFO:colcon.colcon_core.shell:Creating package script '/home/lennoxtr/EE4308/Lab_1/install/turtlebot3_cartographer/share/turtlebot3_cartographer/package.bash'
[0.479s] INFO:colcon.colcon_core.shell:Creating package script '/home/lennoxtr/EE4308/Lab_1/install/turtlebot3_cartographer/share/turtlebot3_cartographer/package.zsh'
[0.479s] Level 1:colcon.colcon_core.environment:create_file_with_runtime_dependencies(/home/lennoxtr/EE4308/Lab_1/install/turtlebot3_cartographer/share/colcon-core/packages/turtlebot3_cartographer)
[0.479s] Level 1:colcon.colcon_core.environment:create_environment_scripts_only(ee4308_bringup)
[0.479s] Level 1:colcon.colcon_core.environment:checking '/home/lennoxtr/EE4308/Lab_1/install/ee4308_bringup' for CMake module files
[0.481s] DEBUG:colcon.colcon_core.event_handler.log_command:Invoked command in '/home/lennoxtr/EE4308/Lab_1/build/ee4308_bringup' returned '0': CMAKE_PREFIX_PATH=/opt/ros/humble /usr/bin/cmake --install /home/lennoxtr/EE4308/Lab_1/build/ee4308_bringup
[0.481s] Level 1:colcon.colcon_core.environment:checking '/home/lennoxtr/EE4308/Lab_1/install/ee4308_bringup' for CMake config files
[0.481s] Level 1:colcon.colcon_core.shell:create_environment_hook('ee4308_bringup', 'cmake_prefix_path')
[0.482s] INFO:colcon.colcon_core.shell:Creating environment hook '/home/lennoxtr/EE4308/Lab_1/install/ee4308_bringup/share/ee4308_bringup/hook/cmake_prefix_path.ps1'
[0.482s] INFO:colcon.colcon_core.shell:Creating environment descriptor '/home/lennoxtr/EE4308/Lab_1/install/ee4308_bringup/share/ee4308_bringup/hook/cmake_prefix_path.dsv'
[0.482s] INFO:colcon.colcon_core.shell:Creating environment hook '/home/lennoxtr/EE4308/Lab_1/install/ee4308_bringup/share/ee4308_bringup/hook/cmake_prefix_path.sh'
[0.483s] Level 1:colcon.colcon_core.environment:checking '/home/lennoxtr/EE4308/Lab_1/install/ee4308_bringup/bin'
[0.483s] Level 1:colcon.colcon_core.environment:checking '/home/lennoxtr/EE4308/Lab_1/install/ee4308_bringup/lib/pkgconfig/ee4308_bringup.pc'
[0.483s] Level 1:colcon.colcon_core.environment:checking '/home/lennoxtr/EE4308/Lab_1/install/ee4308_bringup/lib/python3.10/site-packages'
[0.483s] Level 1:colcon.colcon_core.environment:checking '/home/lennoxtr/EE4308/Lab_1/install/ee4308_bringup/bin'
[0.483s] INFO:colcon.colcon_core.shell:Creating package script '/home/lennoxtr/EE4308/Lab_1/install/ee4308_bringup/share/ee4308_bringup/package.ps1'
[0.484s] INFO:colcon.colcon_core.shell:Creating package descriptor '/home/lennoxtr/EE4308/Lab_1/install/ee4308_bringup/share/ee4308_bringup/package.dsv'
[0.484s] INFO:colcon.colcon_core.shell:Creating package script '/home/lennoxtr/EE4308/Lab_1/install/ee4308_bringup/share/ee4308_bringup/package.sh'
[0.484s] INFO:colcon.colcon_core.shell:Creating package script '/home/lennoxtr/EE4308/Lab_1/install/ee4308_bringup/share/ee4308_bringup/package.bash'
[0.485s] INFO:colcon.colcon_core.shell:Creating package script '/home/lennoxtr/EE4308/Lab_1/install/ee4308_bringup/share/ee4308_bringup/package.zsh'
[0.485s] Level 1:colcon.colcon_core.environment:create_file_with_runtime_dependencies(/home/lennoxtr/EE4308/Lab_1/install/ee4308_bringup/share/colcon-core/packages/ee4308_bringup)
[0.486s] Level 1:colcon.colcon_core.environment:create_environment_scripts_only(ee4308_bringup)
[0.486s] Level 1:colcon.colcon_core.environment:checking '/home/lennoxtr/EE4308/Lab_1/install/ee4308_bringup' for CMake module files
[0.486s] Level 1:colcon.colcon_core.environment:checking '/home/lennoxtr/EE4308/Lab_1/install/ee4308_bringup' for CMake config files
[0.487s] Level 1:colcon.colcon_core.shell:create_environment_hook('ee4308_bringup', 'cmake_prefix_path')
[0.487s] INFO:colcon.colcon_core.shell:Creating environment hook '/home/lennoxtr/EE4308/Lab_1/install/ee4308_bringup/share/ee4308_bringup/hook/cmake_prefix_path.ps1'
[0.487s] INFO:colcon.colcon_core.shell:Creating environment descriptor '/home/lennoxtr/EE4308/Lab_1/install/ee4308_bringup/share/ee4308_bringup/hook/cmake_prefix_path.dsv'
[0.488s] INFO:colcon.colcon_core.shell:Creating environment hook '/home/lennoxtr/EE4308/Lab_1/install/ee4308_bringup/share/ee4308_bringup/hook/cmake_prefix_path.sh'
[0.488s] Level 1:colcon.colcon_core.environment:checking '/home/lennoxtr/EE4308/Lab_1/install/ee4308_bringup/bin'
[0.488s] Level 1:colcon.colcon_core.environment:checking '/home/lennoxtr/EE4308/Lab_1/install/ee4308_bringup/lib/pkgconfig/ee4308_bringup.pc'
[0.488s] Level 1:colcon.colcon_core.environment:checking '/home/lennoxtr/EE4308/Lab_1/install/ee4308_bringup/lib/python3.10/site-packages'
[0.489s] Level 1:colcon.colcon_core.environment:checking '/home/lennoxtr/EE4308/Lab_1/install/ee4308_bringup/bin'
[0.489s] INFO:colcon.colcon_core.shell:Creating package script '/home/lennoxtr/EE4308/Lab_1/install/ee4308_bringup/share/ee4308_bringup/package.ps1'
[0.489s] INFO:colcon.colcon_core.shell:Creating package descriptor '/home/lennoxtr/EE4308/Lab_1/install/ee4308_bringup/share/ee4308_bringup/package.dsv'
[0.490s] INFO:colcon.colcon_core.shell:Creating package script '/home/lennoxtr/EE4308/Lab_1/install/ee4308_bringup/share/ee4308_bringup/package.sh'
[0.490s] INFO:colcon.colcon_core.shell:Creating package script '/home/lennoxtr/EE4308/Lab_1/install/ee4308_bringup/share/ee4308_bringup/package.bash'
[0.491s] INFO:colcon.colcon_core.shell:Creating package script '/home/lennoxtr/EE4308/Lab_1/install/ee4308_bringup/share/ee4308_bringup/package.zsh'
[0.491s] Level 1:colcon.colcon_core.environment:create_file_with_runtime_dependencies(/home/lennoxtr/EE4308/Lab_1/install/ee4308_bringup/share/colcon-core/packages/ee4308_bringup)
[0.506s] Level 1:colcon.colcon_core.environment:create_environment_scripts_only(turtlebot3_gazebo)
[0.506s] Level 1:colcon.colcon_core.environment:checking '/home/lennoxtr/EE4308/Lab_1/install/turtlebot3_gazebo' for CMake module files
[0.507s] DEBUG:colcon.colcon_core.event_handler.log_command:Invoking command in '/home/lennoxtr/EE4308/Lab_1/build/ee4308_turtle': AMENT_PREFIX_PATH=/home/lennoxtr/EE4308/Lab_1/install/ee4308_core:${AMENT_PREFIX_PATH} CMAKE_PREFIX_PATH=/home/lennoxtr/EE4308/Lab_1/install/ee4308_core:/opt/ros/humble /usr/bin/cmake --build /home/lennoxtr/EE4308/Lab_1/build/ee4308_turtle -- -j6 -l6
[0.507s] DEBUG:colcon.colcon_core.event_handler.log_command:Invoked command in '/home/lennoxtr/EE4308/Lab_1/build/turtlebot3_gazebo' returned '0': CMAKE_PREFIX_PATH=/opt/ros/humble /usr/bin/cmake --install /home/lennoxtr/EE4308/Lab_1/build/turtlebot3_gazebo
[0.508s] Level 1:colcon.colcon_core.environment:checking '/home/lennoxtr/EE4308/Lab_1/install/turtlebot3_gazebo' for CMake config files
[0.509s] Level 1:colcon.colcon_core.shell:create_environment_hook('turtlebot3_gazebo', 'cmake_prefix_path')
[0.509s] INFO:colcon.colcon_core.shell:Creating environment hook '/home/lennoxtr/EE4308/Lab_1/install/turtlebot3_gazebo/share/turtlebot3_gazebo/hook/cmake_prefix_path.ps1'
[0.509s] INFO:colcon.colcon_core.shell:Creating environment descriptor '/home/lennoxtr/EE4308/Lab_1/install/turtlebot3_gazebo/share/turtlebot3_gazebo/hook/cmake_prefix_path.dsv'
[0.510s] INFO:colcon.colcon_core.shell:Creating environment hook '/home/lennoxtr/EE4308/Lab_1/install/turtlebot3_gazebo/share/turtlebot3_gazebo/hook/cmake_prefix_path.sh'
[0.510s] Level 1:colcon.colcon_core.environment:checking '/home/lennoxtr/EE4308/Lab_1/install/turtlebot3_gazebo/lib'
[0.510s] Level 1:colcon.colcon_core.environment:checking '/home/lennoxtr/EE4308/Lab_1/install/turtlebot3_gazebo/bin'
[0.510s] Level 1:colcon.colcon_core.environment:checking '/home/lennoxtr/EE4308/Lab_1/install/turtlebot3_gazebo/lib/pkgconfig/turtlebot3_gazebo.pc'
[0.511s] Level 1:colcon.colcon_core.environment:checking '/home/lennoxtr/EE4308/Lab_1/install/turtlebot3_gazebo/lib/python3.10/site-packages'
[0.511s] Level 1:colcon.colcon_core.environment:checking '/home/lennoxtr/EE4308/Lab_1/install/turtlebot3_gazebo/bin'
[0.511s] INFO:colcon.colcon_core.shell:Creating package script '/home/lennoxtr/EE4308/Lab_1/install/turtlebot3_gazebo/share/turtlebot3_gazebo/package.ps1'
[0.511s] INFO:colcon.colcon_core.shell:Creating package descriptor '/home/lennoxtr/EE4308/Lab_1/install/turtlebot3_gazebo/share/turtlebot3_gazebo/package.dsv'
[0.512s] INFO:colcon.colcon_core.shell:Creating package script '/home/lennoxtr/EE4308/Lab_1/install/turtlebot3_gazebo/share/turtlebot3_gazebo/package.sh'
[0.512s] INFO:colcon.colcon_core.shell:Creating package script '/home/lennoxtr/EE4308/Lab_1/install/turtlebot3_gazebo/share/turtlebot3_gazebo/package.bash'
[0.512s] INFO:colcon.colcon_core.shell:Creating package script '/home/lennoxtr/EE4308/Lab_1/install/turtlebot3_gazebo/share/turtlebot3_gazebo/package.zsh'
[0.513s] Level 1:colcon.colcon_core.environment:create_file_with_runtime_dependencies(/home/lennoxtr/EE4308/Lab_1/install/turtlebot3_gazebo/share/colcon-core/packages/turtlebot3_gazebo)
[0.513s] Level 1:colcon.colcon_core.environment:create_environment_scripts_only(turtlebot3_gazebo)
[0.514s] Level 1:colcon.colcon_core.environment:checking '/home/lennoxtr/EE4308/Lab_1/install/turtlebot3_gazebo' for CMake module files
[0.514s] Level 1:colcon.colcon_core.environment:checking '/home/lennoxtr/EE4308/Lab_1/install/turtlebot3_gazebo' for CMake config files
[0.515s] Level 1:colcon.colcon_core.shell:create_environment_hook('turtlebot3_gazebo', 'cmake_prefix_path')
[0.515s] INFO:colcon.colcon_core.shell:Creating environment hook '/home/lennoxtr/EE4308/Lab_1/install/turtlebot3_gazebo/share/turtlebot3_gazebo/hook/cmake_prefix_path.ps1'
[0.515s] INFO:colcon.colcon_core.shell:Creating environment descriptor '/home/lennoxtr/EE4308/Lab_1/install/turtlebot3_gazebo/share/turtlebot3_gazebo/hook/cmake_prefix_path.dsv'
[0.516s] INFO:colcon.colcon_core.shell:Creating environment hook '/home/lennoxtr/EE4308/Lab_1/install/turtlebot3_gazebo/share/turtlebot3_gazebo/hook/cmake_prefix_path.sh'
[0.516s] Level 1:colcon.colcon_core.environment:checking '/home/lennoxtr/EE4308/Lab_1/install/turtlebot3_gazebo/lib'
[0.516s] Level 1:colcon.colcon_core.environment:checking '/home/lennoxtr/EE4308/Lab_1/install/turtlebot3_gazebo/bin'
[0.516s] Level 1:colcon.colcon_core.environment:checking '/home/lennoxtr/EE4308/Lab_1/install/turtlebot3_gazebo/lib/pkgconfig/turtlebot3_gazebo.pc'
[0.517s] Level 1:colcon.colcon_core.environment:checking '/home/lennoxtr/EE4308/Lab_1/install/turtlebot3_gazebo/lib/python3.10/site-packages'
[0.517s] Level 1:colcon.colcon_core.environment:checking '/home/lennoxtr/EE4308/Lab_1/install/turtlebot3_gazebo/bin'
[0.517s] INFO:colcon.colcon_core.shell:Creating package script '/home/lennoxtr/EE4308/Lab_1/install/turtlebot3_gazebo/share/turtlebot3_gazebo/package.ps1'
[0.517s] INFO:colcon.colcon_core.shell:Creating package descriptor '/home/lennoxtr/EE4308/Lab_1/install/turtlebot3_gazebo/share/turtlebot3_gazebo/package.dsv'
[0.518s] INFO:colcon.colcon_core.shell:Creating package script '/home/lennoxtr/EE4308/Lab_1/install/turtlebot3_gazebo/share/turtlebot3_gazebo/package.sh'
[0.518s] INFO:colcon.colcon_core.shell:Creating package script '/home/lennoxtr/EE4308/Lab_1/install/turtlebot3_gazebo/share/turtlebot3_gazebo/package.bash'
[0.519s] INFO:colcon.colcon_core.shell:Creating package script '/home/lennoxtr/EE4308/Lab_1/install/turtlebot3_gazebo/share/turtlebot3_gazebo/package.zsh'
[0.519s] Level 1:colcon.colcon_core.environment:create_file_with_runtime_dependencies(/home/lennoxtr/EE4308/Lab_1/install/turtlebot3_gazebo/share/colcon-core/packages/turtlebot3_gazebo)
[0.519s] INFO:colcon.colcon_ros.task.ament_cmake.build:Building ROS package in '/home/lennoxtr/EE4308/Lab_1/src/turtlebot3_simulations' with build type 'ament_cmake'
[0.519s] INFO:colcon.colcon_cmake.task.cmake.build:Building CMake package in '/home/lennoxtr/EE4308/Lab_1/src/turtlebot3_simulations'
[0.520s] INFO:colcon.colcon_core.shell:Skip shell extension 'powershell' for command environment: Not usable outside of PowerShell
[0.520s] DEBUG:colcon.colcon_core.shell:Skip shell extension 'dsv' for command environment
[0.534s] DEBUG:colcon.colcon_core.event_handler.log_command:Invoking command in '/home/lennoxtr/EE4308/Lab_1/build/turtlebot3_simulations': AMENT_PREFIX_PATH=/home/lennoxtr/EE4308/Lab_1/install/turtlebot3_gazebo:${AMENT_PREFIX_PATH} CMAKE_PREFIX_PATH=/home/lennoxtr/EE4308/Lab_1/install/turtlebot3_gazebo:/opt/ros/humble /usr/bin/cmake --build /home/lennoxtr/EE4308/Lab_1/build/turtlebot3_simulations -- -j6 -l6
[0.564s] DEBUG:colcon.colcon_core.event_handler.log_command:Invoked command in '/home/lennoxtr/EE4308/Lab_1/build/turtlebot3_simulations' returned '0': AMENT_PREFIX_PATH=/home/lennoxtr/EE4308/Lab_1/install/turtlebot3_gazebo:${AMENT_PREFIX_PATH} CMAKE_PREFIX_PATH=/home/lennoxtr/EE4308/Lab_1/install/turtlebot3_gazebo:/opt/ros/humble /usr/bin/cmake --build /home/lennoxtr/EE4308/Lab_1/build/turtlebot3_simulations -- -j6 -l6
[0.565s] DEBUG:colcon.colcon_core.event_handler.log_command:Invoking command in '/home/lennoxtr/EE4308/Lab_1/build/turtlebot3_simulations': AMENT_PREFIX_PATH=/home/lennoxtr/EE4308/Lab_1/install/turtlebot3_gazebo:${AMENT_PREFIX_PATH} CMAKE_PREFIX_PATH=/home/lennoxtr/EE4308/Lab_1/install/turtlebot3_gazebo:/opt/ros/humble /usr/bin/cmake --install /home/lennoxtr/EE4308/Lab_1/build/turtlebot3_simulations
[0.588s] Level 1:colcon.colcon_core.environment:create_environment_scripts_only(turtlebot3_simulations)
[0.588s] Level 1:colcon.colcon_core.environment:checking '/home/lennoxtr/EE4308/Lab_1/install/turtlebot3_simulations' for CMake module files
[0.588s] DEBUG:colcon.colcon_core.event_handler.log_command:Invoked command in '/home/lennoxtr/EE4308/Lab_1/build/turtlebot3_simulations' returned '0': AMENT_PREFIX_PATH=/home/lennoxtr/EE4308/Lab_1/install/turtlebot3_gazebo:${AMENT_PREFIX_PATH} CMAKE_PREFIX_PATH=/home/lennoxtr/EE4308/Lab_1/install/turtlebot3_gazebo:/opt/ros/humble /usr/bin/cmake --install /home/lennoxtr/EE4308/Lab_1/build/turtlebot3_simulations
[0.589s] Level 1:colcon.colcon_core.environment:checking '/home/lennoxtr/EE4308/Lab_1/install/turtlebot3_simulations' for CMake config files
[0.589s] Level 1:colcon.colcon_core.shell:create_environment_hook('turtlebot3_simulations', 'cmake_prefix_path')
[0.589s] INFO:colcon.colcon_core.shell:Creating environment hook '/home/lennoxtr/EE4308/Lab_1/install/turtlebot3_simulations/share/turtlebot3_simulations/hook/cmake_prefix_path.ps1'
[0.589s] INFO:colcon.colcon_core.shell:Creating environment descriptor '/home/lennoxtr/EE4308/Lab_1/install/turtlebot3_simulations/share/turtlebot3_simulations/hook/cmake_prefix_path.dsv'
[0.590s] INFO:colcon.colcon_core.shell:Creating environment hook '/home/lennoxtr/EE4308/Lab_1/install/turtlebot3_simulations/share/turtlebot3_simulations/hook/cmake_prefix_path.sh'
[0.591s] Level 1:colcon.colcon_core.environment:checking '/home/lennoxtr/EE4308/Lab_1/install/turtlebot3_simulations/bin'
[0.591s] Level 1:colcon.colcon_core.environment:checking '/home/lennoxtr/EE4308/Lab_1/install/turtlebot3_simulations/lib/pkgconfig/turtlebot3_simulations.pc'
[0.591s] Level 1:colcon.colcon_core.environment:checking '/home/lennoxtr/EE4308/Lab_1/install/turtlebot3_simulations/lib/python3.10/site-packages'
[0.591s] Level 1:colcon.colcon_core.environment:checking '/home/lennoxtr/EE4308/Lab_1/install/turtlebot3_simulations/bin'
[0.591s] INFO:colcon.colcon_core.shell:Creating package script '/home/lennoxtr/EE4308/Lab_1/install/turtlebot3_simulations/share/turtlebot3_simulations/package.ps1'
[0.592s] INFO:colcon.colcon_core.shell:Creating package descriptor '/home/lennoxtr/EE4308/Lab_1/install/turtlebot3_simulations/share/turtlebot3_simulations/package.dsv'
[0.592s] INFO:colcon.colcon_core.shell:Creating package script '/home/lennoxtr/EE4308/Lab_1/install/turtlebot3_simulations/share/turtlebot3_simulations/package.sh'
[0.592s] INFO:colcon.colcon_core.shell:Creating package script '/home/lennoxtr/EE4308/Lab_1/install/turtlebot3_simulations/share/turtlebot3_simulations/package.bash'
[0.593s] INFO:colcon.colcon_core.shell:Creating package script '/home/lennoxtr/EE4308/Lab_1/install/turtlebot3_simulations/share/turtlebot3_simulations/package.zsh'
[0.594s] Level 1:colcon.colcon_core.environment:create_file_with_runtime_dependencies(/home/lennoxtr/EE4308/Lab_1/install/turtlebot3_simulations/share/colcon-core/packages/turtlebot3_simulations)
[0.594s] Level 1:colcon.colcon_core.environment:create_environment_scripts_only(turtlebot3_simulations)
[0.595s] Level 1:colcon.colcon_core.environment:checking '/home/lennoxtr/EE4308/Lab_1/install/turtlebot3_simulations' for CMake module files
[0.595s] Level 1:colcon.colcon_core.environment:checking '/home/lennoxtr/EE4308/Lab_1/install/turtlebot3_simulations' for CMake config files
[0.595s] Level 1:colcon.colcon_core.shell:create_environment_hook('turtlebot3_simulations', 'cmake_prefix_path')
[0.596s] INFO:colcon.colcon_core.shell:Creating environment hook '/home/lennoxtr/EE4308/Lab_1/install/turtlebot3_simulations/share/turtlebot3_simulations/hook/cmake_prefix_path.ps1'
[0.596s] INFO:colcon.colcon_core.shell:Creating environment descriptor '/home/lennoxtr/EE4308/Lab_1/install/turtlebot3_simulations/share/turtlebot3_simulations/hook/cmake_prefix_path.dsv'
[0.596s] INFO:colcon.colcon_core.shell:Creating environment hook '/home/lennoxtr/EE4308/Lab_1/install/turtlebot3_simulations/share/turtlebot3_simulations/hook/cmake_prefix_path.sh'
[0.597s] Level 1:colcon.colcon_core.environment:checking '/home/lennoxtr/EE4308/Lab_1/install/turtlebot3_simulations/bin'
[0.597s] Level 1:colcon.colcon_core.environment:checking '/home/lennoxtr/EE4308/Lab_1/install/turtlebot3_simulations/lib/pkgconfig/turtlebot3_simulations.pc'
[0.597s] Level 1:colcon.colcon_core.environment:checking '/home/lennoxtr/EE4308/Lab_1/install/turtlebot3_simulations/lib/python3.10/site-packages'
[0.597s] Level 1:colcon.colcon_core.environment:checking '/home/lennoxtr/EE4308/Lab_1/install/turtlebot3_simulations/bin'
[0.598s] INFO:colcon.colcon_core.shell:Creating package script '/home/lennoxtr/EE4308/Lab_1/install/turtlebot3_simulations/share/turtlebot3_simulations/package.ps1'
[0.598s] INFO:colcon.colcon_core.shell:Creating package descriptor '/home/lennoxtr/EE4308/Lab_1/install/turtlebot3_simulations/share/turtlebot3_simulations/package.dsv'
[0.599s] INFO:colcon.colcon_core.shell:Creating package script '/home/lennoxtr/EE4308/Lab_1/install/turtlebot3_simulations/share/turtlebot3_simulations/package.sh'
[0.599s] INFO:colcon.colcon_core.shell:Creating package script '/home/lennoxtr/EE4308/Lab_1/install/turtlebot3_simulations/share/turtlebot3_simulations/package.bash'
[0.600s] INFO:colcon.colcon_core.shell:Creating package script '/home/lennoxtr/EE4308/Lab_1/install/turtlebot3_simulations/share/turtlebot3_simulations/package.zsh'
[0.600s] Level 1:colcon.colcon_core.environment:create_file_with_runtime_dependencies(/home/lennoxtr/EE4308/Lab_1/install/turtlebot3_simulations/share/colcon-core/packages/turtlebot3_simulations)
[5.515s] DEBUG:colcon.colcon_core.event_handler.log_command:Invoked command in '/home/lennoxtr/EE4308/Lab_1/build/ee4308_turtle' returned '0': AMENT_PREFIX_PATH=/home/lennoxtr/EE4308/Lab_1/install/ee4308_core:${AMENT_PREFIX_PATH} CMAKE_PREFIX_PATH=/home/lennoxtr/EE4308/Lab_1/install/ee4308_core:/opt/ros/humble /usr/bin/cmake --build /home/lennoxtr/EE4308/Lab_1/build/ee4308_turtle -- -j6 -l6
[5.516s] DEBUG:colcon.colcon_core.event_handler.log_command:Invoking command in '/home/lennoxtr/EE4308/Lab_1/build/ee4308_turtle': AMENT_PREFIX_PATH=/home/lennoxtr/EE4308/Lab_1/install/ee4308_core:${AMENT_PREFIX_PATH} CMAKE_PREFIX_PATH=/home/lennoxtr/EE4308/Lab_1/install/ee4308_core:/opt/ros/humble /usr/bin/cmake --install /home/lennoxtr/EE4308/Lab_1/build/ee4308_turtle
[5.538s] Level 1:colcon.colcon_core.environment:create_environment_scripts_only(ee4308_turtle)
[5.538s] Level 1:colcon.colcon_core.environment:checking '/home/lennoxtr/EE4308/Lab_1/install/ee4308_turtle' for CMake module files
[5.539s] DEBUG:colcon.colcon_core.event_handler.log_command:Invoked command in '/home/lennoxtr/EE4308/Lab_1/build/ee4308_turtle' returned '0': AMENT_PREFIX_PATH=/home/lennoxtr/EE4308/Lab_1/install/ee4308_core:${AMENT_PREFIX_PATH} CMAKE_PREFIX_PATH=/home/lennoxtr/EE4308/Lab_1/install/ee4308_core:/opt/ros/humble /usr/bin/cmake --install /home/lennoxtr/EE4308/Lab_1/build/ee4308_turtle
[5.539s] Level 1:colcon.colcon_core.environment:checking '/home/lennoxtr/EE4308/Lab_1/install/ee4308_turtle' for CMake config files
[5.539s] Level 1:colcon.colcon_core.shell:create_environment_hook('ee4308_turtle', 'cmake_prefix_path')
[5.539s] INFO:colcon.colcon_core.shell:Creating environment hook '/home/lennoxtr/EE4308/Lab_1/install/ee4308_turtle/share/ee4308_turtle/hook/cmake_prefix_path.ps1'
[5.540s] INFO:colcon.colcon_core.shell:Creating environment descriptor '/home/lennoxtr/EE4308/Lab_1/install/ee4308_turtle/share/ee4308_turtle/hook/cmake_prefix_path.dsv'
[5.540s] INFO:colcon.colcon_core.shell:Creating environment hook '/home/lennoxtr/EE4308/Lab_1/install/ee4308_turtle/share/ee4308_turtle/hook/cmake_prefix_path.sh'
[5.541s] Level 1:colcon.colcon_core.environment:checking '/home/lennoxtr/EE4308/Lab_1/install/ee4308_turtle/lib'
[5.541s] Level 1:colcon.colcon_core.shell:create_environment_hook('ee4308_turtle', 'ld_library_path_lib')
[5.541s] INFO:colcon.colcon_core.shell:Creating environment hook '/home/lennoxtr/EE4308/Lab_1/install/ee4308_turtle/share/ee4308_turtle/hook/ld_library_path_lib.ps1'
[5.542s] INFO:colcon.colcon_core.shell:Creating environment descriptor '/home/lennoxtr/EE4308/Lab_1/install/ee4308_turtle/share/ee4308_turtle/hook/ld_library_path_lib.dsv'
[5.542s] INFO:colcon.colcon_core.shell:Creating environment hook '/home/lennoxtr/EE4308/Lab_1/install/ee4308_turtle/share/ee4308_turtle/hook/ld_library_path_lib.sh'
[5.543s] Level 1:colcon.colcon_core.environment:checking '/home/lennoxtr/EE4308/Lab_1/install/ee4308_turtle/bin'
[5.543s] Level 1:colcon.colcon_core.environment:checking '/home/lennoxtr/EE4308/Lab_1/install/ee4308_turtle/lib/pkgconfig/ee4308_turtle.pc'
[5.543s] Level 1:colcon.colcon_core.environment:checking '/home/lennoxtr/EE4308/Lab_1/install/ee4308_turtle/lib/python3.10/site-packages'
[5.543s] Level 1:colcon.colcon_core.environment:checking '/home/lennoxtr/EE4308/Lab_1/install/ee4308_turtle/bin'
[5.543s] INFO:colcon.colcon_core.shell:Creating package script '/home/lennoxtr/EE4308/Lab_1/install/ee4308_turtle/share/ee4308_turtle/package.ps1'
[5.544s] INFO:colcon.colcon_core.shell:Creating package descriptor '/home/lennoxtr/EE4308/Lab_1/install/ee4308_turtle/share/ee4308_turtle/package.dsv'
[5.545s] INFO:colcon.colcon_core.shell:Creating package script '/home/lennoxtr/EE4308/Lab_1/install/ee4308_turtle/share/ee4308_turtle/package.sh'
[5.545s] INFO:colcon.colcon_core.shell:Creating package script '/home/lennoxtr/EE4308/Lab_1/install/ee4308_turtle/share/ee4308_turtle/package.bash'
[5.546s] INFO:colcon.colcon_core.shell:Creating package script '/home/lennoxtr/EE4308/Lab_1/install/ee4308_turtle/share/ee4308_turtle/package.zsh'
[5.546s] Level 1:colcon.colcon_core.environment:create_file_with_runtime_dependencies(/home/lennoxtr/EE4308/Lab_1/install/ee4308_turtle/share/colcon-core/packages/ee4308_turtle)
[5.547s] Level 1:colcon.colcon_core.environment:create_environment_scripts_only(ee4308_turtle)
[5.547s] Level 1:colcon.colcon_core.environment:checking '/home/lennoxtr/EE4308/Lab_1/install/ee4308_turtle' for CMake module files
[5.547s] Level 1:colcon.colcon_core.environment:checking '/home/lennoxtr/EE4308/Lab_1/install/ee4308_turtle' for CMake config files
[5.548s] Level 1:colcon.colcon_core.shell:create_environment_hook('ee4308_turtle', 'cmake_prefix_path')
[5.548s] INFO:colcon.colcon_core.shell:Creating environment hook '/home/lennoxtr/EE4308/Lab_1/install/ee4308_turtle/share/ee4308_turtle/hook/cmake_prefix_path.ps1'
[5.548s] INFO:colcon.colcon_core.shell:Creating environment descriptor '/home/lennoxtr/EE4308/Lab_1/install/ee4308_turtle/share/ee4308_turtle/hook/cmake_prefix_path.dsv'
[5.549s] INFO:colcon.colcon_core.shell:Creating environment hook '/home/lennoxtr/EE4308/Lab_1/install/ee4308_turtle/share/ee4308_turtle/hook/cmake_prefix_path.sh'
[5.549s] Level 1:colcon.colcon_core.environment:checking '/home/lennoxtr/EE4308/Lab_1/install/ee4308_turtle/lib'
[5.549s] Level 1:colcon.colcon_core.shell:create_environment_hook('ee4308_turtle', 'ld_library_path_lib')
[5.549s] INFO:colcon.colcon_core.shell:Creating environment hook '/home/lennoxtr/EE4308/Lab_1/install/ee4308_turtle/share/ee4308_turtle/hook/ld_library_path_lib.ps1'
[5.550s] INFO:colcon.colcon_core.shell:Creating environment descriptor '/home/lennoxtr/EE4308/Lab_1/install/ee4308_turtle/share/ee4308_turtle/hook/ld_library_path_lib.dsv'
[5.550s] INFO:colcon.colcon_core.shell:Creating environment hook '/home/lennoxtr/EE4308/Lab_1/install/ee4308_turtle/share/ee4308_turtle/hook/ld_library_path_lib.sh'
[5.551s] Level 1:colcon.colcon_core.environment:checking '/home/lennoxtr/EE4308/Lab_1/install/ee4308_turtle/bin'
[5.551s] Level 1:colcon.colcon_core.environment:checking '/home/lennoxtr/EE4308/Lab_1/install/ee4308_turtle/lib/pkgconfig/ee4308_turtle.pc'
[5.551s] Level 1:colcon.colcon_core.environment:checking '/home/lennoxtr/EE4308/Lab_1/install/ee4308_turtle/lib/python3.10/site-packages'
[5.551s] Level 1:colcon.colcon_core.environment:checking '/home/lennoxtr/EE4308/Lab_1/install/ee4308_turtle/bin'
[5.551s] INFO:colcon.colcon_core.shell:Creating package script '/home/lennoxtr/EE4308/Lab_1/install/ee4308_turtle/share/ee4308_turtle/package.ps1'
[5.552s] INFO:colcon.colcon_core.shell:Creating package descriptor '/home/lennoxtr/EE4308/Lab_1/install/ee4308_turtle/share/ee4308_turtle/package.dsv'
[5.552s] INFO:colcon.colcon_core.shell:Creating package script '/home/lennoxtr/EE4308/Lab_1/install/ee4308_turtle/share/ee4308_turtle/package.sh'
[5.553s] INFO:colcon.colcon_core.shell:Creating package script '/home/lennoxtr/EE4308/Lab_1/install/ee4308_turtle/share/ee4308_turtle/package.bash'
[5.553s] INFO:colcon.colcon_core.shell:Creating package script '/home/lennoxtr/EE4308/Lab_1/install/ee4308_turtle/share/ee4308_turtle/package.zsh'
[5.554s] Level 1:colcon.colcon_core.environment:create_file_with_runtime_dependencies(/home/lennoxtr/EE4308/Lab_1/install/ee4308_turtle/share/colcon-core/packages/ee4308_turtle)
[5.554s] DEBUG:colcon.colcon_parallel_executor.executor.parallel:closing loop
[5.554s] DEBUG:colcon.colcon_parallel_executor.executor.parallel:loop closed
[5.554s] DEBUG:colcon.colcon_parallel_executor.executor.parallel:run_until_complete finished with '0'
[5.555s] DEBUG:colcon.colcon_core.event_reactor:joining thread
[5.560s] INFO:colcon.colcon_core.plugin_system:Skipping extension 'colcon_notification.desktop_notification.terminal_notifier': Not used on non-Darwin systems
[5.560s] INFO:colcon.colcon_core.plugin_system:Skipping extension 'colcon_notification.desktop_notification.win32': Not used on non-Windows systems
[5.560s] INFO:colcon.colcon_notification.desktop_notification:Sending desktop notification using 'notify2'
[5.575s] DEBUG:colcon.colcon_core.event_reactor:joined thread
[5.575s] INFO:colcon.colcon_core.shell:Creating prefix script '/home/lennoxtr/EE4308/Lab_1/install/local_setup.ps1'
[5.576s] INFO:colcon.colcon_core.shell:Creating prefix util module '/home/lennoxtr/EE4308/Lab_1/install/_local_setup_util_ps1.py'
[5.577s] INFO:colcon.colcon_core.shell:Creating prefix chain script '/home/lennoxtr/EE4308/Lab_1/install/setup.ps1'
[5.578s] INFO:colcon.colcon_core.shell:Creating prefix script '/home/lennoxtr/EE4308/Lab_1/install/local_setup.sh'
[5.579s] INFO:colcon.colcon_core.shell:Creating prefix util module '/home/lennoxtr/EE4308/Lab_1/install/_local_setup_util_sh.py'
[5.579s] INFO:colcon.colcon_core.shell:Creating prefix chain script '/home/lennoxtr/EE4308/Lab_1/install/setup.sh'
[5.580s] INFO:colcon.colcon_core.shell:Creating prefix script '/home/lennoxtr/EE4308/Lab_1/install/local_setup.bash'
[5.581s] INFO:colcon.colcon_core.shell:Creating prefix chain script '/home/lennoxtr/EE4308/Lab_1/install/setup.bash'
[5.584s] INFO:colcon.colcon_core.shell:Creating prefix script '/home/lennoxtr/EE4308/Lab_1/install/local_setup.zsh'
[5.584s] INFO:colcon.colcon_core.shell:Creating prefix chain script '/home/lennoxtr/EE4308/Lab_1/install/setup.zsh'
