-- The C compiler identification is GNU 11.4.0
-- The CXX compiler identification is GNU 11.4.0
-- Detecting C compiler ABI info
-- Detecting C compiler ABI info - done
-- Check for working C compiler: /usr/bin/cc - skipped
-- Detecting C compile features
-- Detecting C compile features - done
-- Detecting CXX compiler ABI info
-- Detecting CXX compiler ABI info - done
-- Check for working CXX compiler: /usr/bin/c++ - skipped
-- Detecting CXX compile features
-- Detecting CXX compile features - done
-- Found ament_cmake: 1.3.11 (/opt/ros/humble/share/ament_cmake/cmake)
-- Found Python3: /usr/bin/python3 (found version "3.10.12") found components: Interpreter 
-- Override CMake install command with custom implementation using symlinks instead of copying resources
-- Found rclcpp: 16.0.11 (/opt/ros/humble/share/rclcpp/cmake)
-- Found rosidl_generator_c: 3.1.6 (/opt/ros/humble/share/rosidl_generator_c/cmake)
-- Found rosidl_adapter: 3.1.6 (/opt/ros/humble/share/rosidl_adapter/cmake)
-- Found rosidl_generator_cpp: 3.1.6 (/opt/ros/humble/share/rosidl_generator_cpp/cmake)
-- Using all available rosidl_typesupport_c: rosidl_typesupport_fastrtps_c;rosidl_typesupport_introspection_c
-- Using all available rosidl_typesupport_cpp: rosidl_typesupport_fastrtps_cpp;rosidl_typesupport_introspection_cpp
-- Found rmw_implementation_cmake: 6.1.2 (/opt/ros/humble/share/rmw_implementation_cmake/cmake)
-- Found rmw_fastrtps_cpp: 6.2.7 (/opt/ros/humble/share/rmw_fastrtps_cpp/cmake)
-- Found OpenSSL: /usr/lib/x86_64-linux-gnu/libcrypto.so (found version "3.0.2")  
-- Found FastRTPS: /opt/ros/humble/include  
-- Using RMW implementation 'rmw_fastrtps_cpp' as default
-- Looking for pthread.h
-- Looking for pthread.h - found
-- Performing Test CMAKE_HAVE_LIBC_PTHREAD
-- Performing Test CMAKE_HAVE_LIBC_PTHREAD - Success
-- Found Threads: TRUE  
-- Found rclcpp_lifecycle: 16.0.11 (/opt/ros/humble/share/rclcpp_lifecycle/cmake)
-- Found sensor_msgs: 4.2.4 (/opt/ros/humble/share/sensor_msgs/cmake)
-- Found nav_msgs: 4.2.4 (/opt/ros/humble/share/nav_msgs/cmake)
-- Found tf2: 0.25.11 (/opt/ros/humble/share/tf2/cmake)
-- Found tf2_ros: 0.25.11 (/opt/ros/humble/share/tf2_ros/cmake)
-- Found nav2_common: 1.1.17 (/opt/ros/humble/share/nav2_common/cmake)
-- Found nav2_core: 1.1.17 (/opt/ros/humble/share/nav2_core/cmake)
-- Found Eigen3: TRUE (found version "3.4.0") 
-- Ensuring Eigen3 include directory is part of orocos-kdl CMake target
-- Found ee4308_core: 0.0.0 (/home/lennoxtr/EE4308/Lab_1/install/ee4308_core/share/ee4308_core/cmake)
-- Setting build type to Release as none was specified.
-- Configuring done
-- Generating done
-- Build files have been written to: /home/lennoxtr/EE4308/Lab_1/build/ee4308_turtle
[ 25%] [32mBuilding CXX object CMakeFiles/ee4308_turtle_planner.dir/src/planner.cpp.o[0m
[ 50%] [32mBuilding CXX object CMakeFiles/ee4308_turtle_controller.dir/src/controller.cpp.o[0m
[ 75%] [32m[1mLinking CXX shared library libee4308_turtle_controller.so[0m
[100%] [32m[1mLinking CXX shared library libee4308_turtle_planner.so[0m
[100%] Built target ee4308_turtle_controller
[100%] Built target ee4308_turtle_planner
-- Install configuration: "Release"
-- Execute custom install script
-- Symlinking: /home/lennoxtr/EE4308/Lab_1/install/ee4308_turtle/lib/libee4308_turtle_controller.so
-- Symlinking: /home/lennoxtr/EE4308/Lab_1/install/ee4308_turtle/share/ee4308_turtle//ee4308_turtle_controller.xml
-- Symlinking: /home/lennoxtr/EE4308/Lab_1/install/ee4308_turtle/lib/libee4308_turtle_planner.so
-- Symlinking: /home/lennoxtr/EE4308/Lab_1/install/ee4308_turtle/share/ee4308_turtle//ee4308_turtle_planner.xml
-- Symlinking: /home/lennoxtr/EE4308/Lab_1/install/ee4308_turtle/include//ee4308_turtle/controller.hpp
-- Symlinking: /home/lennoxtr/EE4308/Lab_1/install/ee4308_turtle/include//ee4308_turtle/planner.hpp
-- Symlinking: /home/lennoxtr/EE4308/Lab_1/install/ee4308_turtle/share/ament_index/resource_index/package_run_dependencies/ee4308_turtle
-- Symlinking: /home/lennoxtr/EE4308/Lab_1/install/ee4308_turtle/share/ament_index/resource_index/parent_prefix_path/ee4308_turtle
-- Symlinking: /home/lennoxtr/EE4308/Lab_1/install/ee4308_turtle/share/ee4308_turtle/environment/ament_prefix_path.sh
-- Symlinking: /home/lennoxtr/EE4308/Lab_1/install/ee4308_turtle/share/ee4308_turtle/environment/ament_prefix_path.dsv
-- Symlinking: /home/lennoxtr/EE4308/Lab_1/install/ee4308_turtle/share/ee4308_turtle/environment/path.sh
-- Symlinking: /home/lennoxtr/EE4308/Lab_1/install/ee4308_turtle/share/ee4308_turtle/environment/path.dsv
-- Symlinking: /home/lennoxtr/EE4308/Lab_1/install/ee4308_turtle/share/ee4308_turtle/local_setup.bash
-- Symlinking: /home/lennoxtr/EE4308/Lab_1/install/ee4308_turtle/share/ee4308_turtle/local_setup.sh
-- Symlinking: /home/lennoxtr/EE4308/Lab_1/install/ee4308_turtle/share/ee4308_turtle/local_setup.zsh
-- Symlinking: /home/lennoxtr/EE4308/Lab_1/install/ee4308_turtle/share/ee4308_turtle/local_setup.dsv
-- Symlinking: /home/lennoxtr/EE4308/Lab_1/install/ee4308_turtle/share/ee4308_turtle/package.dsv
-- Symlinking: /home/lennoxtr/EE4308/Lab_1/install/ee4308_turtle/share/ament_index/resource_index/packages/ee4308_turtle
-- Symlinking: /home/lennoxtr/EE4308/Lab_1/install/ee4308_turtle/share/ament_index/resource_index/nav2_core__pluginlib__plugin/ee4308_turtle
-- Symlinking: /home/lennoxtr/EE4308/Lab_1/install/ee4308_turtle/share/ee4308_turtle/cmake/ament_cmake_export_include_directories-extras.cmake
-- Symlinking: /home/lennoxtr/EE4308/Lab_1/install/ee4308_turtle/share/ee4308_turtle/cmake/ament_cmake_export_dependencies-extras.cmake
-- Symlinking: /home/lennoxtr/EE4308/Lab_1/install/ee4308_turtle/share/ee4308_turtle/cmake/ee4308_turtleConfig.cmake
-- Symlinking: /home/lennoxtr/EE4308/Lab_1/install/ee4308_turtle/share/ee4308_turtle/cmake/ee4308_turtleConfig-version.cmake
-- Symlinking: /home/lennoxtr/EE4308/Lab_1/install/ee4308_turtle/share/ee4308_turtle/package.xml
