[0.100s] DEBUG:colcon:Command line arguments: ['/usr/bin/colcon', 'build']
[0.100s] DEBUG:colcon:Parsed command line arguments: Namespace(log_base=None, log_level=None, verb_name='build', build_base='build', install_base='install', merge_install=False, symlink_install=False, test_result_base=None, continue_on_error=False, executor='parallel', parallel_workers=6, event_handlers=None, ignore_user_meta=False, metas=['./colcon.meta'], base_paths=['.'], packages_ignore=None, packages_ignore_regex=None, paths=None, packages_up_to=None, packages_up_to_regex=None, packages_above=None, packages_above_and_dependencies=None, packages_above_depth=None, packages_select_by_dep=None, packages_skip_by_dep=None, packages_skip_up_to=None, packages_select_build_failed=False, packages_skip_build_finished=False, packages_select_test_failures=False, packages_skip_test_passed=False, packages_select=None, packages_skip=None, packages_select_regex=None, packages_skip_regex=None, packages_start=None, packages_end=None, allow_overriding=[], cmake_args=None, cmake_target=None, cmake_target_skip_unavailable=False, cmake_clean_cache=False, cmake_clean_first=False, cmake_force_configure=False, ament_cmake_args=None, catkin_cmake_args=None, catkin_skip_building_tests=False, mixin_files=None, mixin=None, verb_parser=<colcon_mixin.mixin.mixin_argument.MixinArgumentDecorator object at 0x780cfae05e70>, verb_extension=<colcon_core.verb.build.BuildVerb object at 0x780cfae059c0>, main=<bound method BuildVerb.main of <colcon_core.verb.build.BuildVerb object at 0x780cfae059c0>>, mixin_verb=('build',))
[0.273s] Level 1:colcon.colcon_core.package_discovery:discover_packages(colcon_meta) check parameters
[0.273s] Level 1:colcon.colcon_core.package_discovery:discover_packages(recursive) check parameters
[0.273s] Level 1:colcon.colcon_core.package_discovery:discover_packages(ignore) check parameters
[0.273s] Level 1:colcon.colcon_core.package_discovery:discover_packages(path) check parameters
[0.273s] Level 1:colcon.colcon_core.package_discovery:discover_packages(colcon_meta) discover
[0.273s] Level 1:colcon.colcon_core.package_discovery:discover_packages(recursive) discover
[0.273s] INFO:colcon.colcon_core.package_discovery:Crawling recursively for packages in '/home/lennoxtr/EE4308/Lab_1'
[0.274s] Level 1:colcon.colcon_core.package_identification:_identify(.) by extensions ['ignore', 'ignore_ament_install']
[0.274s] Level 1:colcon.colcon_core.package_identification:_identify(.) by extension 'ignore'
[0.274s] Level 1:colcon.colcon_core.package_identification:_identify(.) by extension 'ignore_ament_install'
[0.274s] Level 1:colcon.colcon_core.package_identification:_identify(.) by extensions ['colcon_pkg']
[0.274s] Level 1:colcon.colcon_core.package_identification:_identify(.) by extension 'colcon_pkg'
[0.274s] Level 1:colcon.colcon_core.package_identification:_identify(.) by extensions ['colcon_meta']
[0.274s] Level 1:colcon.colcon_core.package_identification:_identify(.) by extension 'colcon_meta'
[0.274s] Level 1:colcon.colcon_core.package_identification:_identify(.) by extensions ['ros']
[0.274s] Level 1:colcon.colcon_core.package_identification:_identify(.) by extension 'ros'
[0.284s] Level 1:colcon.colcon_core.package_identification:_identify(.) by extensions ['cmake', 'python']
[0.284s] Level 1:colcon.colcon_core.package_identification:_identify(.) by extension 'cmake'
[0.284s] Level 1:colcon.colcon_core.package_identification:_identify(.) by extension 'python'
[0.284s] Level 1:colcon.colcon_core.package_identification:_identify(.) by extensions ['python_setup_py']
[0.284s] Level 1:colcon.colcon_core.package_identification:_identify(.) by extension 'python_setup_py'
[0.284s] Level 1:colcon.colcon_core.package_identification:_identify(build) by extensions ['ignore', 'ignore_ament_install']
[0.284s] Level 1:colcon.colcon_core.package_identification:_identify(build) by extension 'ignore'
[0.284s] Level 1:colcon.colcon_core.package_identification:_identify(build) ignored
[0.284s] Level 1:colcon.colcon_core.package_identification:_identify(docs) by extensions ['ignore', 'ignore_ament_install']
[0.284s] Level 1:colcon.colcon_core.package_identification:_identify(docs) by extension 'ignore'
[0.284s] Level 1:colcon.colcon_core.package_identification:_identify(docs) by extension 'ignore_ament_install'
[0.284s] Level 1:colcon.colcon_core.package_identification:_identify(docs) by extensions ['colcon_pkg']
[0.284s] Level 1:colcon.colcon_core.package_identification:_identify(docs) by extension 'colcon_pkg'
[0.284s] Level 1:colcon.colcon_core.package_identification:_identify(docs) by extensions ['colcon_meta']
[0.284s] Level 1:colcon.colcon_core.package_identification:_identify(docs) by extension 'colcon_meta'
[0.284s] Level 1:colcon.colcon_core.package_identification:_identify(docs) by extensions ['ros']
[0.284s] Level 1:colcon.colcon_core.package_identification:_identify(docs) by extension 'ros'
[0.285s] Level 1:colcon.colcon_core.package_identification:_identify(docs) by extensions ['cmake', 'python']
[0.285s] Level 1:colcon.colcon_core.package_identification:_identify(docs) by extension 'cmake'
[0.285s] Level 1:colcon.colcon_core.package_identification:_identify(docs) by extension 'python'
[0.285s] Level 1:colcon.colcon_core.package_identification:_identify(docs) by extensions ['python_setup_py']
[0.285s] Level 1:colcon.colcon_core.package_identification:_identify(docs) by extension 'python_setup_py'
[0.285s] Level 1:colcon.colcon_core.package_identification:_identify(docs/img) by extensions ['ignore', 'ignore_ament_install']
[0.285s] Level 1:colcon.colcon_core.package_identification:_identify(docs/img) by extension 'ignore'
[0.285s] Level 1:colcon.colcon_core.package_identification:_identify(docs/img) by extension 'ignore_ament_install'
[0.285s] Level 1:colcon.colcon_core.package_identification:_identify(docs/img) by extensions ['colcon_pkg']
[0.285s] Level 1:colcon.colcon_core.package_identification:_identify(docs/img) by extension 'colcon_pkg'
[0.285s] Level 1:colcon.colcon_core.package_identification:_identify(docs/img) by extensions ['colcon_meta']
[0.285s] Level 1:colcon.colcon_core.package_identification:_identify(docs/img) by extension 'colcon_meta'
[0.285s] Level 1:colcon.colcon_core.package_identification:_identify(docs/img) by extensions ['ros']
[0.285s] Level 1:colcon.colcon_core.package_identification:_identify(docs/img) by extension 'ros'
[0.285s] Level 1:colcon.colcon_core.package_identification:_identify(docs/img) by extensions ['cmake', 'python']
[0.285s] Level 1:colcon.colcon_core.package_identification:_identify(docs/img) by extension 'cmake'
[0.285s] Level 1:colcon.colcon_core.package_identification:_identify(docs/img) by extension 'python'
[0.285s] Level 1:colcon.colcon_core.package_identification:_identify(docs/img) by extensions ['python_setup_py']
[0.285s] Level 1:colcon.colcon_core.package_identification:_identify(docs/img) by extension 'python_setup_py'
[0.285s] Level 1:colcon.colcon_core.package_identification:_identify(install) by extensions ['ignore', 'ignore_ament_install']
[0.285s] Level 1:colcon.colcon_core.package_identification:_identify(install) by extension 'ignore'
[0.285s] Level 1:colcon.colcon_core.package_identification:_identify(install) ignored
[0.286s] Level 1:colcon.colcon_core.package_identification:_identify(log) by extensions ['ignore', 'ignore_ament_install']
[0.286s] Level 1:colcon.colcon_core.package_identification:_identify(log) by extension 'ignore'
[0.286s] Level 1:colcon.colcon_core.package_identification:_identify(log) ignored
[0.286s] Level 1:colcon.colcon_core.package_identification:_identify(src) by extensions ['ignore', 'ignore_ament_install']
[0.286s] Level 1:colcon.colcon_core.package_identification:_identify(src) by extension 'ignore'
[0.286s] Level 1:colcon.colcon_core.package_identification:_identify(src) by extension 'ignore_ament_install'
[0.286s] Level 1:colcon.colcon_core.package_identification:_identify(src) by extensions ['colcon_pkg']
[0.286s] Level 1:colcon.colcon_core.package_identification:_identify(src) by extension 'colcon_pkg'
[0.286s] Level 1:colcon.colcon_core.package_identification:_identify(src) by extensions ['colcon_meta']
[0.286s] Level 1:colcon.colcon_core.package_identification:_identify(src) by extension 'colcon_meta'
[0.286s] Level 1:colcon.colcon_core.package_identification:_identify(src) by extensions ['ros']
[0.286s] Level 1:colcon.colcon_core.package_identification:_identify(src) by extension 'ros'
[0.286s] Level 1:colcon.colcon_core.package_identification:_identify(src) by extensions ['cmake', 'python']
[0.286s] Level 1:colcon.colcon_core.package_identification:_identify(src) by extension 'cmake'
[0.286s] Level 1:colcon.colcon_core.package_identification:_identify(src) by extension 'python'
[0.286s] Level 1:colcon.colcon_core.package_identification:_identify(src) by extensions ['python_setup_py']
[0.286s] Level 1:colcon.colcon_core.package_identification:_identify(src) by extension 'python_setup_py'
[0.286s] Level 1:colcon.colcon_core.package_identification:_identify(src/ee4308_bringup) by extensions ['ignore', 'ignore_ament_install']
[0.286s] Level 1:colcon.colcon_core.package_identification:_identify(src/ee4308_bringup) by extension 'ignore'
[0.286s] Level 1:colcon.colcon_core.package_identification:_identify(src/ee4308_bringup) by extension 'ignore_ament_install'
[0.286s] Level 1:colcon.colcon_core.package_identification:_identify(src/ee4308_bringup) by extensions ['colcon_pkg']
[0.286s] Level 1:colcon.colcon_core.package_identification:_identify(src/ee4308_bringup) by extension 'colcon_pkg'
[0.286s] Level 1:colcon.colcon_core.package_identification:_identify(src/ee4308_bringup) by extensions ['colcon_meta']
[0.287s] Level 1:colcon.colcon_core.package_identification:_identify(src/ee4308_bringup) by extension 'colcon_meta'
[0.287s] Level 1:colcon.colcon_core.package_identification:_identify(src/ee4308_bringup) by extensions ['ros']
[0.287s] Level 1:colcon.colcon_core.package_identification:_identify(src/ee4308_bringup) by extension 'ros'
[0.289s] DEBUG:colcon.colcon_core.package_identification:Package 'src/ee4308_bringup' with type 'ros.ament_cmake' and name 'ee4308_bringup'
[0.289s] Level 1:colcon.colcon_core.package_identification:_identify(src/ee4308_core) by extensions ['ignore', 'ignore_ament_install']
[0.289s] Level 1:colcon.colcon_core.package_identification:_identify(src/ee4308_core) by extension 'ignore'
[0.289s] Level 1:colcon.colcon_core.package_identification:_identify(src/ee4308_core) by extension 'ignore_ament_install'
[0.289s] Level 1:colcon.colcon_core.package_identification:_identify(src/ee4308_core) by extensions ['colcon_pkg']
[0.289s] Level 1:colcon.colcon_core.package_identification:_identify(src/ee4308_core) by extension 'colcon_pkg'
[0.289s] Level 1:colcon.colcon_core.package_identification:_identify(src/ee4308_core) by extensions ['colcon_meta']
[0.289s] Level 1:colcon.colcon_core.package_identification:_identify(src/ee4308_core) by extension 'colcon_meta'
[0.289s] Level 1:colcon.colcon_core.package_identification:_identify(src/ee4308_core) by extensions ['ros']
[0.289s] Level 1:colcon.colcon_core.package_identification:_identify(src/ee4308_core) by extension 'ros'
[0.290s] DEBUG:colcon.colcon_core.package_identification:Package 'src/ee4308_core' with type 'ros.ament_cmake' and name 'ee4308_core'
[0.290s] Level 1:colcon.colcon_core.package_identification:_identify(src/ee4308_turtle) by extensions ['ignore', 'ignore_ament_install']
[0.290s] Level 1:colcon.colcon_core.package_identification:_identify(src/ee4308_turtle) by extension 'ignore'
[0.290s] Level 1:colcon.colcon_core.package_identification:_identify(src/ee4308_turtle) by extension 'ignore_ament_install'
[0.290s] Level 1:colcon.colcon_core.package_identification:_identify(src/ee4308_turtle) by extensions ['colcon_pkg']
[0.290s] Level 1:colcon.colcon_core.package_identification:_identify(src/ee4308_turtle) by extension 'colcon_pkg'
[0.290s] Level 1:colcon.colcon_core.package_identification:_identify(src/ee4308_turtle) by extensions ['colcon_meta']
[0.290s] Level 1:colcon.colcon_core.package_identification:_identify(src/ee4308_turtle) by extension 'colcon_meta'
[0.290s] Level 1:colcon.colcon_core.package_identification:_identify(src/ee4308_turtle) by extensions ['ros']
[0.290s] Level 1:colcon.colcon_core.package_identification:_identify(src/ee4308_turtle) by extension 'ros'
[0.291s] DEBUG:colcon.colcon_core.package_identification:Package 'src/ee4308_turtle' with type 'ros.ament_cmake' and name 'ee4308_turtle'
[0.292s] Level 1:colcon.colcon_core.package_identification:_identify(src/turtlebot3_cartographer) by extensions ['ignore', 'ignore_ament_install']
[0.292s] Level 1:colcon.colcon_core.package_identification:_identify(src/turtlebot3_cartographer) by extension 'ignore'
[0.292s] Level 1:colcon.colcon_core.package_identification:_identify(src/turtlebot3_cartographer) by extension 'ignore_ament_install'
[0.292s] Level 1:colcon.colcon_core.package_identification:_identify(src/turtlebot3_cartographer) by extensions ['colcon_pkg']
[0.292s] Level 1:colcon.colcon_core.package_identification:_identify(src/turtlebot3_cartographer) by extension 'colcon_pkg'
[0.292s] Level 1:colcon.colcon_core.package_identification:_identify(src/turtlebot3_cartographer) by extensions ['colcon_meta']
[0.292s] Level 1:colcon.colcon_core.package_identification:_identify(src/turtlebot3_cartographer) by extension 'colcon_meta'
[0.292s] Level 1:colcon.colcon_core.package_identification:_identify(src/turtlebot3_cartographer) by extensions ['ros']
[0.292s] Level 1:colcon.colcon_core.package_identification:_identify(src/turtlebot3_cartographer) by extension 'ros'
[0.292s] DEBUG:colcon.colcon_core.package_identification:Package 'src/turtlebot3_cartographer' with type 'ros.ament_cmake' and name 'turtlebot3_cartographer'
[0.292s] Level 1:colcon.colcon_core.package_identification:_identify(src/turtlebot3_gazebo) by extensions ['ignore', 'ignore_ament_install']
[0.292s] Level 1:colcon.colcon_core.package_identification:_identify(src/turtlebot3_gazebo) by extension 'ignore'
[0.293s] Level 1:colcon.colcon_core.package_identification:_identify(src/turtlebot3_gazebo) by extension 'ignore_ament_install'
[0.293s] Level 1:colcon.colcon_core.package_identification:_identify(src/turtlebot3_gazebo) by extensions ['colcon_pkg']
[0.293s] Level 1:colcon.colcon_core.package_identification:_identify(src/turtlebot3_gazebo) by extension 'colcon_pkg'
[0.293s] Level 1:colcon.colcon_core.package_identification:_identify(src/turtlebot3_gazebo) by extensions ['colcon_meta']
[0.293s] Level 1:colcon.colcon_core.package_identification:_identify(src/turtlebot3_gazebo) by extension 'colcon_meta'
[0.293s] Level 1:colcon.colcon_core.package_identification:_identify(src/turtlebot3_gazebo) by extensions ['ros']
[0.293s] Level 1:colcon.colcon_core.package_identification:_identify(src/turtlebot3_gazebo) by extension 'ros'
[0.294s] DEBUG:colcon.colcon_core.package_identification:Package 'src/turtlebot3_gazebo' with type 'ros.ament_cmake' and name 'turtlebot3_gazebo'
[0.294s] Level 1:colcon.colcon_core.package_identification:_identify(src/turtlebot3_simulations) by extensions ['ignore', 'ignore_ament_install']
[0.294s] Level 1:colcon.colcon_core.package_identification:_identify(src/turtlebot3_simulations) by extension 'ignore'
[0.294s] Level 1:colcon.colcon_core.package_identification:_identify(src/turtlebot3_simulations) by extension 'ignore_ament_install'
[0.294s] Level 1:colcon.colcon_core.package_identification:_identify(src/turtlebot3_simulations) by extensions ['colcon_pkg']
[0.294s] Level 1:colcon.colcon_core.package_identification:_identify(src/turtlebot3_simulations) by extension 'colcon_pkg'
[0.294s] Level 1:colcon.colcon_core.package_identification:_identify(src/turtlebot3_simulations) by extensions ['colcon_meta']
[0.294s] Level 1:colcon.colcon_core.package_identification:_identify(src/turtlebot3_simulations) by extension 'colcon_meta'
[0.294s] Level 1:colcon.colcon_core.package_identification:_identify(src/turtlebot3_simulations) by extensions ['ros']
[0.294s] Level 1:colcon.colcon_core.package_identification:_identify(src/turtlebot3_simulations) by extension 'ros'
[0.294s] DEBUG:colcon.colcon_core.package_identification:Package 'src/turtlebot3_simulations' with type 'ros.ament_cmake' and name 'turtlebot3_simulations'
[0.294s] Level 1:colcon.colcon_core.package_discovery:discover_packages(recursive) using defaults
[0.295s] Level 1:colcon.colcon_core.package_discovery:discover_packages(ignore) discover
[0.295s] Level 1:colcon.colcon_core.package_discovery:discover_packages(ignore) using defaults
[0.295s] Level 1:colcon.colcon_core.package_discovery:discover_packages(path) discover
[0.295s] Level 1:colcon.colcon_core.package_discovery:discover_packages(path) using defaults
[0.322s] Level 1:colcon.colcon_core.package_discovery:discover_packages(prefix_path) check parameters
[0.322s] Level 1:colcon.colcon_core.package_discovery:discover_packages(prefix_path) discover
[0.324s] DEBUG:colcon.colcon_installed_package_information.package_discovery:Found 8 installed packages in /home/lennoxtr/EE4308/Lab_1/install
[0.325s] DEBUG:colcon.colcon_installed_package_information.package_discovery:Found 433 installed packages in /opt/ros/humble
[0.327s] Level 1:colcon.colcon_core.package_discovery:discover_packages(prefix_path) using defaults
[0.379s] Level 5:colcon.colcon_core.verb:set package 'ee4308_bringup' build argument 'cmake_args' from command line to 'None'
[0.379s] Level 5:colcon.colcon_core.verb:set package 'ee4308_bringup' build argument 'cmake_target' from command line to 'None'
[0.379s] Level 5:colcon.colcon_core.verb:set package 'ee4308_bringup' build argument 'cmake_target_skip_unavailable' from command line to 'False'
[0.379s] Level 5:colcon.colcon_core.verb:set package 'ee4308_bringup' build argument 'cmake_clean_cache' from command line to 'False'
[0.379s] Level 5:colcon.colcon_core.verb:set package 'ee4308_bringup' build argument 'cmake_clean_first' from command line to 'False'
[0.379s] Level 5:colcon.colcon_core.verb:set package 'ee4308_bringup' build argument 'cmake_force_configure' from command line to 'False'
[0.379s] Level 5:colcon.colcon_core.verb:set package 'ee4308_bringup' build argument 'ament_cmake_args' from command line to 'None'
[0.379s] Level 5:colcon.colcon_core.verb:set package 'ee4308_bringup' build argument 'catkin_cmake_args' from command line to 'None'
[0.379s] Level 5:colcon.colcon_core.verb:set package 'ee4308_bringup' build argument 'catkin_skip_building_tests' from command line to 'False'
[0.379s] DEBUG:colcon.colcon_core.verb:Building package 'ee4308_bringup' with the following arguments: {'ament_cmake_args': None, 'build_base': '/home/lennoxtr/EE4308/Lab_1/build/ee4308_bringup', 'catkin_cmake_args': None, 'catkin_skip_building_tests': False, 'cmake_args': None, 'cmake_clean_cache': False, 'cmake_clean_first': False, 'cmake_force_configure': False, 'cmake_target': None, 'cmake_target_skip_unavailable': False, 'install_base': '/home/lennoxtr/EE4308/Lab_1/install/ee4308_bringup', 'merge_install': False, 'path': '/home/lennoxtr/EE4308/Lab_1/src/ee4308_bringup', 'symlink_install': False, 'test_result_base': None}
[0.379s] Level 5:colcon.colcon_core.verb:set package 'ee4308_core' build argument 'cmake_args' from command line to 'None'
[0.379s] Level 5:colcon.colcon_core.verb:set package 'ee4308_core' build argument 'cmake_target' from command line to 'None'
[0.380s] Level 5:colcon.colcon_core.verb:set package 'ee4308_core' build argument 'cmake_target_skip_unavailable' from command line to 'False'
[0.380s] Level 5:colcon.colcon_core.verb:set package 'ee4308_core' build argument 'cmake_clean_cache' from command line to 'False'
[0.380s] Level 5:colcon.colcon_core.verb:set package 'ee4308_core' build argument 'cmake_clean_first' from command line to 'False'
[0.380s] Level 5:colcon.colcon_core.verb:set package 'ee4308_core' build argument 'cmake_force_configure' from command line to 'False'
[0.380s] Level 5:colcon.colcon_core.verb:set package 'ee4308_core' build argument 'ament_cmake_args' from command line to 'None'
[0.380s] Level 5:colcon.colcon_core.verb:set package 'ee4308_core' build argument 'catkin_cmake_args' from command line to 'None'
[0.380s] Level 5:colcon.colcon_core.verb:set package 'ee4308_core' build argument 'catkin_skip_building_tests' from command line to 'False'
[0.380s] DEBUG:colcon.colcon_core.verb:Building package 'ee4308_core' with the following arguments: {'ament_cmake_args': None, 'build_base': '/home/lennoxtr/EE4308/Lab_1/build/ee4308_core', 'catkin_cmake_args': None, 'catkin_skip_building_tests': False, 'cmake_args': None, 'cmake_clean_cache': False, 'cmake_clean_first': False, 'cmake_force_configure': False, 'cmake_target': None, 'cmake_target_skip_unavailable': False, 'install_base': '/home/lennoxtr/EE4308/Lab_1/install/ee4308_core', 'merge_install': False, 'path': '/home/lennoxtr/EE4308/Lab_1/src/ee4308_core', 'symlink_install': False, 'test_result_base': None}
[0.380s] Level 5:colcon.colcon_core.verb:set package 'turtlebot3_cartographer' build argument 'cmake_args' from command line to 'None'
[0.380s] Level 5:colcon.colcon_core.verb:set package 'turtlebot3_cartographer' build argument 'cmake_target' from command line to 'None'
[0.380s] Level 5:colcon.colcon_core.verb:set package 'turtlebot3_cartographer' build argument 'cmake_target_skip_unavailable' from command line to 'False'
[0.380s] Level 5:colcon.colcon_core.verb:set package 'turtlebot3_cartographer' build argument 'cmake_clean_cache' from command line to 'False'
[0.380s] Level 5:colcon.colcon_core.verb:set package 'turtlebot3_cartographer' build argument 'cmake_clean_first' from command line to 'False'
[0.380s] Level 5:colcon.colcon_core.verb:set package 'turtlebot3_cartographer' build argument 'cmake_force_configure' from command line to 'False'
[0.380s] Level 5:colcon.colcon_core.verb:set package 'turtlebot3_cartographer' build argument 'ament_cmake_args' from command line to 'None'
[0.380s] Level 5:colcon.colcon_core.verb:set package 'turtlebot3_cartographer' build argument 'catkin_cmake_args' from command line to 'None'
[0.380s] Level 5:colcon.colcon_core.verb:set package 'turtlebot3_cartographer' build argument 'catkin_skip_building_tests' from command line to 'False'
[0.380s] DEBUG:colcon.colcon_core.verb:Building package 'turtlebot3_cartographer' with the following arguments: {'ament_cmake_args': None, 'build_base': '/home/lennoxtr/EE4308/Lab_1/build/turtlebot3_cartographer', 'catkin_cmake_args': None, 'catkin_skip_building_tests': False, 'cmake_args': None, 'cmake_clean_cache': False, 'cmake_clean_first': False, 'cmake_force_configure': False, 'cmake_target': None, 'cmake_target_skip_unavailable': False, 'install_base': '/home/lennoxtr/EE4308/Lab_1/install/turtlebot3_cartographer', 'merge_install': False, 'path': '/home/lennoxtr/EE4308/Lab_1/src/turtlebot3_cartographer', 'symlink_install': False, 'test_result_base': None}
[0.381s] Level 5:colcon.colcon_core.verb:set package 'turtlebot3_gazebo' build argument 'cmake_args' from command line to 'None'
[0.381s] Level 5:colcon.colcon_core.verb:set package 'turtlebot3_gazebo' build argument 'cmake_target' from command line to 'None'
[0.381s] Level 5:colcon.colcon_core.verb:set package 'turtlebot3_gazebo' build argument 'cmake_target_skip_unavailable' from command line to 'False'
[0.381s] Level 5:colcon.colcon_core.verb:set package 'turtlebot3_gazebo' build argument 'cmake_clean_cache' from command line to 'False'
[0.381s] Level 5:colcon.colcon_core.verb:set package 'turtlebot3_gazebo' build argument 'cmake_clean_first' from command line to 'False'
[0.381s] Level 5:colcon.colcon_core.verb:set package 'turtlebot3_gazebo' build argument 'cmake_force_configure' from command line to 'False'
[0.381s] Level 5:colcon.colcon_core.verb:set package 'turtlebot3_gazebo' build argument 'ament_cmake_args' from command line to 'None'
[0.381s] Level 5:colcon.colcon_core.verb:set package 'turtlebot3_gazebo' build argument 'catkin_cmake_args' from command line to 'None'
[0.381s] Level 5:colcon.colcon_core.verb:set package 'turtlebot3_gazebo' build argument 'catkin_skip_building_tests' from command line to 'False'
[0.381s] DEBUG:colcon.colcon_core.verb:Building package 'turtlebot3_gazebo' with the following arguments: {'ament_cmake_args': None, 'build_base': '/home/lennoxtr/EE4308/Lab_1/build/turtlebot3_gazebo', 'catkin_cmake_args': None, 'catkin_skip_building_tests': False, 'cmake_args': None, 'cmake_clean_cache': False, 'cmake_clean_first': False, 'cmake_force_configure': False, 'cmake_target': None, 'cmake_target_skip_unavailable': False, 'install_base': '/home/lennoxtr/EE4308/Lab_1/install/turtlebot3_gazebo', 'merge_install': False, 'path': '/home/lennoxtr/EE4308/Lab_1/src/turtlebot3_gazebo', 'symlink_install': False, 'test_result_base': None}
[0.381s] Level 5:colcon.colcon_core.verb:set package 'ee4308_turtle' build argument 'cmake_args' from command line to 'None'
[0.381s] Level 5:colcon.colcon_core.verb:set package 'ee4308_turtle' build argument 'cmake_target' from command line to 'None'
[0.381s] Level 5:colcon.colcon_core.verb:set package 'ee4308_turtle' build argument 'cmake_target_skip_unavailable' from command line to 'False'
[0.381s] Level 5:colcon.colcon_core.verb:set package 'ee4308_turtle' build argument 'cmake_clean_cache' from command line to 'False'
[0.381s] Level 5:colcon.colcon_core.verb:set package 'ee4308_turtle' build argument 'cmake_clean_first' from command line to 'False'
[0.381s] Level 5:colcon.colcon_core.verb:set package 'ee4308_turtle' build argument 'cmake_force_configure' from command line to 'False'
[0.381s] Level 5:colcon.colcon_core.verb:set package 'ee4308_turtle' build argument 'ament_cmake_args' from command line to 'None'
[0.381s] Level 5:colcon.colcon_core.verb:set package 'ee4308_turtle' build argument 'catkin_cmake_args' from command line to 'None'
[0.381s] Level 5:colcon.colcon_core.verb:set package 'ee4308_turtle' build argument 'catkin_skip_building_tests' from command line to 'False'
[0.381s] DEBUG:colcon.colcon_core.verb:Building package 'ee4308_turtle' with the following arguments: {'ament_cmake_args': None, 'build_base': '/home/lennoxtr/EE4308/Lab_1/build/ee4308_turtle', 'catkin_cmake_args': None, 'catkin_skip_building_tests': False, 'cmake_args': None, 'cmake_clean_cache': False, 'cmake_clean_first': False, 'cmake_force_configure': False, 'cmake_target': None, 'cmake_target_skip_unavailable': False, 'install_base': '/home/lennoxtr/EE4308/Lab_1/install/ee4308_turtle', 'merge_install': False, 'path': '/home/lennoxtr/EE4308/Lab_1/src/ee4308_turtle', 'symlink_install': False, 'test_result_base': None}
[0.382s] Level 5:colcon.colcon_core.verb:set package 'turtlebot3_simulations' build argument 'cmake_args' from command line to 'None'
[0.382s] Level 5:colcon.colcon_core.verb:set package 'turtlebot3_simulations' build argument 'cmake_target' from command line to 'None'
[0.382s] Level 5:colcon.colcon_core.verb:set package 'turtlebot3_simulations' build argument 'cmake_target_skip_unavailable' from command line to 'False'
[0.382s] Level 5:colcon.colcon_core.verb:set package 'turtlebot3_simulations' build argument 'cmake_clean_cache' from command line to 'False'
[0.382s] Level 5:colcon.colcon_core.verb:set package 'turtlebot3_simulations' build argument 'cmake_clean_first' from command line to 'False'
[0.382s] Level 5:colcon.colcon_core.verb:set package 'turtlebot3_simulations' build argument 'cmake_force_configure' from command line to 'False'
[0.382s] Level 5:colcon.colcon_core.verb:set package 'turtlebot3_simulations' build argument 'ament_cmake_args' from command line to 'None'
[0.382s] Level 5:colcon.colcon_core.verb:set package 'turtlebot3_simulations' build argument 'catkin_cmake_args' from command line to 'None'
[0.382s] Level 5:colcon.colcon_core.verb:set package 'turtlebot3_simulations' build argument 'catkin_skip_building_tests' from command line to 'False'
[0.382s] DEBUG:colcon.colcon_core.verb:Building package 'turtlebot3_simulations' with the following arguments: {'ament_cmake_args': None, 'build_base': '/home/lennoxtr/EE4308/Lab_1/build/turtlebot3_simulations', 'catkin_cmake_args': None, 'catkin_skip_building_tests': False, 'cmake_args': None, 'cmake_clean_cache': False, 'cmake_clean_first': False, 'cmake_force_configure': False, 'cmake_target': None, 'cmake_target_skip_unavailable': False, 'install_base': '/home/lennoxtr/EE4308/Lab_1/install/turtlebot3_simulations', 'merge_install': False, 'path': '/home/lennoxtr/EE4308/Lab_1/src/turtlebot3_simulations', 'symlink_install': False, 'test_result_base': None}
[0.382s] INFO:colcon.colcon_core.executor:Executing jobs using 'parallel' executor
[0.383s] DEBUG:colcon.colcon_parallel_executor.executor.parallel:run_until_complete
[0.383s] INFO:colcon.colcon_ros.task.ament_cmake.build:Building ROS package in '/home/lennoxtr/EE4308/Lab_1/src/ee4308_core' with build type 'ament_cmake'
[0.383s] INFO:colcon.colcon_cmake.task.cmake.build:Building CMake package in '/home/lennoxtr/EE4308/Lab_1/src/ee4308_core'
[0.385s] INFO:colcon.colcon_core.plugin_system:Skipping extension 'colcon_core.shell.bat': Not used on non-Windows systems
[0.385s] INFO:colcon.colcon_core.shell:Skip shell extension 'powershell' for command environment: Not usable outside of PowerShell
[0.385s] DEBUG:colcon.colcon_core.shell:Skip shell extension 'dsv' for command environment
[0.389s] INFO:colcon.colcon_ros.task.ament_cmake.build:Building ROS package in '/home/lennoxtr/EE4308/Lab_1/src/turtlebot3_gazebo' with build type 'ament_cmake'
[0.389s] INFO:colcon.colcon_cmake.task.cmake.build:Building CMake package in '/home/lennoxtr/EE4308/Lab_1/src/turtlebot3_gazebo'
[0.389s] INFO:colcon.colcon_core.shell:Skip shell extension 'powershell' for command environment: Not usable outside of PowerShell
[0.389s] DEBUG:colcon.colcon_core.shell:Skip shell extension 'dsv' for command environment
[0.393s] INFO:colcon.colcon_ros.task.ament_cmake.build:Building ROS package in '/home/lennoxtr/EE4308/Lab_1/src/ee4308_bringup' with build type 'ament_cmake'
[0.393s] INFO:colcon.colcon_cmake.task.cmake.build:Building CMake package in '/home/lennoxtr/EE4308/Lab_1/src/ee4308_bringup'
[0.393s] INFO:colcon.colcon_core.shell:Skip shell extension 'powershell' for command environment: Not usable outside of PowerShell
[0.394s] DEBUG:colcon.colcon_core.shell:Skip shell extension 'dsv' for command environment
[0.402s] INFO:colcon.colcon_ros.task.ament_cmake.build:Building ROS package in '/home/lennoxtr/EE4308/Lab_1/src/turtlebot3_cartographer' with build type 'ament_cmake'
[0.402s] INFO:colcon.colcon_cmake.task.cmake.build:Building CMake package in '/home/lennoxtr/EE4308/Lab_1/src/turtlebot3_cartographer'
[0.402s] INFO:colcon.colcon_core.shell:Skip shell extension 'powershell' for command environment: Not usable outside of PowerShell
[0.402s] DEBUG:colcon.colcon_core.shell:Skip shell extension 'dsv' for command environment
[0.412s] DEBUG:colcon.colcon_core.event_handler.log_command:Invoking command in '/home/lennoxtr/EE4308/Lab_1/build/ee4308_core': CMAKE_PREFIX_PATH=${CMAKE_PREFIX_PATH}:/opt/ros/humble /usr/bin/cmake --build /home/lennoxtr/EE4308/Lab_1/build/ee4308_core -- -j6 -l6
[0.418s] DEBUG:colcon.colcon_core.event_handler.log_command:Invoking command in '/home/lennoxtr/EE4308/Lab_1/build/turtlebot3_gazebo': CMAKE_PREFIX_PATH=${CMAKE_PREFIX_PATH}:/opt/ros/humble /usr/bin/cmake --build /home/lennoxtr/EE4308/Lab_1/build/turtlebot3_gazebo -- -j6 -l6
[0.426s] DEBUG:colcon.colcon_core.event_handler.log_command:Invoking command in '/home/lennoxtr/EE4308/Lab_1/build/ee4308_bringup': CMAKE_PREFIX_PATH=${CMAKE_PREFIX_PATH}:/opt/ros/humble /usr/bin/cmake --build /home/lennoxtr/EE4308/Lab_1/build/ee4308_bringup -- -j6 -l6
[0.429s] DEBUG:colcon.colcon_core.event_handler.log_command:Invoking command in '/home/lennoxtr/EE4308/Lab_1/build/turtlebot3_cartographer': CMAKE_PREFIX_PATH=${CMAKE_PREFIX_PATH}:/opt/ros/humble /usr/bin/cmake --build /home/lennoxtr/EE4308/Lab_1/build/turtlebot3_cartographer -- -j6 -l6
[0.451s] DEBUG:colcon.colcon_core.event_handler.log_command:Invoked command in '/home/lennoxtr/EE4308/Lab_1/build/ee4308_core' returned '0': CMAKE_PREFIX_PATH=${CMAKE_PREFIX_PATH}:/opt/ros/humble /usr/bin/cmake --build /home/lennoxtr/EE4308/Lab_1/build/ee4308_core -- -j6 -l6
[0.477s] DEBUG:colcon.colcon_core.event_handler.log_command:Invoking command in '/home/lennoxtr/EE4308/Lab_1/build/ee4308_core': CMAKE_PREFIX_PATH=${CMAKE_PREFIX_PATH}:/opt/ros/humble /usr/bin/cmake --install /home/lennoxtr/EE4308/Lab_1/build/ee4308_core
[0.481s] DEBUG:colcon.colcon_core.event_handler.log_command:Invoked command in '/home/lennoxtr/EE4308/Lab_1/build/ee4308_bringup' returned '0': CMAKE_PREFIX_PATH=${CMAKE_PREFIX_PATH}:/opt/ros/humble /usr/bin/cmake --build /home/lennoxtr/EE4308/Lab_1/build/ee4308_bringup -- -j6 -l6
[0.484s] DEBUG:colcon.colcon_core.event_handler.log_command:Invoking command in '/home/lennoxtr/EE4308/Lab_1/build/ee4308_bringup': CMAKE_PREFIX_PATH=${CMAKE_PREFIX_PATH}:/opt/ros/humble /usr/bin/cmake --install /home/lennoxtr/EE4308/Lab_1/build/ee4308_bringup
[0.485s] DEBUG:colcon.colcon_core.event_handler.log_command:Invoked command in '/home/lennoxtr/EE4308/Lab_1/build/turtlebot3_cartographer' returned '0': CMAKE_PREFIX_PATH=${CMAKE_PREFIX_PATH}:/opt/ros/humble /usr/bin/cmake --build /home/lennoxtr/EE4308/Lab_1/build/turtlebot3_cartographer -- -j6 -l6
[0.487s] DEBUG:colcon.colcon_core.event_handler.log_command:Invoking command in '/home/lennoxtr/EE4308/Lab_1/build/turtlebot3_cartographer': CMAKE_PREFIX_PATH=${CMAKE_PREFIX_PATH}:/opt/ros/humble /usr/bin/cmake --install /home/lennoxtr/EE4308/Lab_1/build/turtlebot3_cartographer
[0.508s] Level 1:colcon.colcon_core.environment:create_environment_scripts_only(ee4308_core)
[0.508s] DEBUG:colcon.colcon_core.event_handler.log_command:Invoked command in '/home/lennoxtr/EE4308/Lab_1/build/ee4308_core' returned '0': CMAKE_PREFIX_PATH=${CMAKE_PREFIX_PATH}:/opt/ros/humble /usr/bin/cmake --install /home/lennoxtr/EE4308/Lab_1/build/ee4308_core
[0.510s] Level 1:colcon.colcon_core.environment:checking '/home/lennoxtr/EE4308/Lab_1/install/ee4308_core' for CMake module files
[0.511s] Level 1:colcon.colcon_core.environment:checking '/home/lennoxtr/EE4308/Lab_1/install/ee4308_core' for CMake config files
[0.513s] Level 1:colcon.colcon_core.shell:create_environment_hook('ee4308_core', 'cmake_prefix_path')
[0.514s] INFO:colcon.colcon_core.shell:Creating environment hook '/home/lennoxtr/EE4308/Lab_1/install/ee4308_core/share/ee4308_core/hook/cmake_prefix_path.ps1'
[0.518s] INFO:colcon.colcon_core.shell:Creating environment descriptor '/home/lennoxtr/EE4308/Lab_1/install/ee4308_core/share/ee4308_core/hook/cmake_prefix_path.dsv'
[0.519s] INFO:colcon.colcon_core.shell:Creating environment hook '/home/lennoxtr/EE4308/Lab_1/install/ee4308_core/share/ee4308_core/hook/cmake_prefix_path.sh'
[0.520s] Level 1:colcon.colcon_core.environment:checking '/home/lennoxtr/EE4308/Lab_1/install/ee4308_core/bin'
[0.520s] Level 1:colcon.colcon_core.environment:checking '/home/lennoxtr/EE4308/Lab_1/install/ee4308_core/lib/pkgconfig/ee4308_core.pc'
[0.520s] Level 1:colcon.colcon_core.environment:checking '/home/lennoxtr/EE4308/Lab_1/install/ee4308_core/lib/python3.10/site-packages'
[0.520s] Level 1:colcon.colcon_core.environment:checking '/home/lennoxtr/EE4308/Lab_1/install/ee4308_core/bin'
[0.521s] INFO:colcon.colcon_core.shell:Creating package script '/home/lennoxtr/EE4308/Lab_1/install/ee4308_core/share/ee4308_core/package.ps1'
[0.521s] INFO:colcon.colcon_core.shell:Creating package descriptor '/home/lennoxtr/EE4308/Lab_1/install/ee4308_core/share/ee4308_core/package.dsv'
[0.522s] INFO:colcon.colcon_core.shell:Creating package script '/home/lennoxtr/EE4308/Lab_1/install/ee4308_core/share/ee4308_core/package.sh'
[0.523s] INFO:colcon.colcon_core.shell:Creating package script '/home/lennoxtr/EE4308/Lab_1/install/ee4308_core/share/ee4308_core/package.bash'
[0.523s] INFO:colcon.colcon_core.shell:Creating package script '/home/lennoxtr/EE4308/Lab_1/install/ee4308_core/share/ee4308_core/package.zsh'
[0.524s] Level 1:colcon.colcon_core.environment:create_file_with_runtime_dependencies(/home/lennoxtr/EE4308/Lab_1/install/ee4308_core/share/colcon-core/packages/ee4308_core)
[0.525s] Level 1:colcon.colcon_core.environment:create_environment_scripts_only(ee4308_core)
[0.525s] Level 1:colcon.colcon_core.environment:checking '/home/lennoxtr/EE4308/Lab_1/install/ee4308_core' for CMake module files
[0.525s] Level 1:colcon.colcon_core.environment:checking '/home/lennoxtr/EE4308/Lab_1/install/ee4308_core' for CMake config files
[0.526s] Level 1:colcon.colcon_core.shell:create_environment_hook('ee4308_core', 'cmake_prefix_path')
[0.526s] INFO:colcon.colcon_core.shell:Creating environment hook '/home/lennoxtr/EE4308/Lab_1/install/ee4308_core/share/ee4308_core/hook/cmake_prefix_path.ps1'
[0.527s] INFO:colcon.colcon_core.shell:Creating environment descriptor '/home/lennoxtr/EE4308/Lab_1/install/ee4308_core/share/ee4308_core/hook/cmake_prefix_path.dsv'
[0.527s] INFO:colcon.colcon_core.shell:Creating environment hook '/home/lennoxtr/EE4308/Lab_1/install/ee4308_core/share/ee4308_core/hook/cmake_prefix_path.sh'
[0.528s] Level 1:colcon.colcon_core.environment:checking '/home/lennoxtr/EE4308/Lab_1/install/ee4308_core/bin'
[0.528s] Level 1:colcon.colcon_core.environment:checking '/home/lennoxtr/EE4308/Lab_1/install/ee4308_core/lib/pkgconfig/ee4308_core.pc'
[0.528s] Level 1:colcon.colcon_core.environment:checking '/home/lennoxtr/EE4308/Lab_1/install/ee4308_core/lib/python3.10/site-packages'
[0.528s] Level 1:colcon.colcon_core.environment:checking '/home/lennoxtr/EE4308/Lab_1/install/ee4308_core/bin'
[0.529s] INFO:colcon.colcon_core.shell:Creating package script '/home/lennoxtr/EE4308/Lab_1/install/ee4308_core/share/ee4308_core/package.ps1'
[0.529s] INFO:colcon.colcon_core.shell:Creating package descriptor '/home/lennoxtr/EE4308/Lab_1/install/ee4308_core/share/ee4308_core/package.dsv'
[0.530s] INFO:colcon.colcon_core.shell:Creating package script '/home/lennoxtr/EE4308/Lab_1/install/ee4308_core/share/ee4308_core/package.sh'
[0.530s] INFO:colcon.colcon_core.shell:Creating package script '/home/lennoxtr/EE4308/Lab_1/install/ee4308_core/share/ee4308_core/package.bash'
[0.531s] INFO:colcon.colcon_core.shell:Creating package script '/home/lennoxtr/EE4308/Lab_1/install/ee4308_core/share/ee4308_core/package.zsh'
[0.531s] Level 1:colcon.colcon_core.environment:create_file_with_runtime_dependencies(/home/lennoxtr/EE4308/Lab_1/install/ee4308_core/share/colcon-core/packages/ee4308_core)
[0.532s] INFO:colcon.colcon_ros.task.ament_cmake.build:Building ROS package in '/home/lennoxtr/EE4308/Lab_1/src/ee4308_turtle' with build type 'ament_cmake'
[0.532s] INFO:colcon.colcon_cmake.task.cmake.build:Building CMake package in '/home/lennoxtr/EE4308/Lab_1/src/ee4308_turtle'
[0.532s] INFO:colcon.colcon_core.shell:Skip shell extension 'powershell' for command environment: Not usable outside of PowerShell
[0.532s] DEBUG:colcon.colcon_core.shell:Skip shell extension 'dsv' for command environment
[0.540s] Level 1:colcon.colcon_core.environment:create_environment_scripts_only(turtlebot3_cartographer)
[0.541s] Level 1:colcon.colcon_core.environment:checking '/home/lennoxtr/EE4308/Lab_1/install/turtlebot3_cartographer' for CMake module files
[0.541s] DEBUG:colcon.colcon_core.event_handler.log_command:Invoked command in '/home/lennoxtr/EE4308/Lab_1/build/turtlebot3_cartographer' returned '0': CMAKE_PREFIX_PATH=${CMAKE_PREFIX_PATH}:/opt/ros/humble /usr/bin/cmake --install /home/lennoxtr/EE4308/Lab_1/build/turtlebot3_cartographer
[0.542s] Level 1:colcon.colcon_core.environment:checking '/home/lennoxtr/EE4308/Lab_1/install/turtlebot3_cartographer' for CMake config files
[0.542s] Level 1:colcon.colcon_core.shell:create_environment_hook('turtlebot3_cartographer', 'cmake_prefix_path')
[0.542s] INFO:colcon.colcon_core.shell:Creating environment hook '/home/lennoxtr/EE4308/Lab_1/install/turtlebot3_cartographer/share/turtlebot3_cartographer/hook/cmake_prefix_path.ps1'
[0.543s] INFO:colcon.colcon_core.shell:Creating environment descriptor '/home/lennoxtr/EE4308/Lab_1/install/turtlebot3_cartographer/share/turtlebot3_cartographer/hook/cmake_prefix_path.dsv'
[0.544s] INFO:colcon.colcon_core.shell:Creating environment hook '/home/lennoxtr/EE4308/Lab_1/install/turtlebot3_cartographer/share/turtlebot3_cartographer/hook/cmake_prefix_path.sh'
[0.544s] Level 1:colcon.colcon_core.environment:checking '/home/lennoxtr/EE4308/Lab_1/install/turtlebot3_cartographer/bin'
[0.544s] Level 1:colcon.colcon_core.environment:checking '/home/lennoxtr/EE4308/Lab_1/install/turtlebot3_cartographer/lib/pkgconfig/turtlebot3_cartographer.pc'
[0.545s] Level 1:colcon.colcon_core.environment:checking '/home/lennoxtr/EE4308/Lab_1/install/turtlebot3_cartographer/lib/python3.10/site-packages'
[0.546s] Level 1:colcon.colcon_core.environment:checking '/home/lennoxtr/EE4308/Lab_1/install/turtlebot3_cartographer/bin'
[0.546s] INFO:colcon.colcon_core.shell:Creating package script '/home/lennoxtr/EE4308/Lab_1/install/turtlebot3_cartographer/share/turtlebot3_cartographer/package.ps1'
[0.547s] INFO:colcon.colcon_core.shell:Creating package descriptor '/home/lennoxtr/EE4308/Lab_1/install/turtlebot3_cartographer/share/turtlebot3_cartographer/package.dsv'
[0.547s] INFO:colcon.colcon_core.shell:Creating package script '/home/lennoxtr/EE4308/Lab_1/install/turtlebot3_cartographer/share/turtlebot3_cartographer/package.sh'
[0.548s] INFO:colcon.colcon_core.shell:Creating package script '/home/lennoxtr/EE4308/Lab_1/install/turtlebot3_cartographer/share/turtlebot3_cartographer/package.bash'
[0.548s] INFO:colcon.colcon_core.shell:Creating package script '/home/lennoxtr/EE4308/Lab_1/install/turtlebot3_cartographer/share/turtlebot3_cartographer/package.zsh'
[0.548s] Level 1:colcon.colcon_core.environment:create_file_with_runtime_dependencies(/home/lennoxtr/EE4308/Lab_1/install/turtlebot3_cartographer/share/colcon-core/packages/turtlebot3_cartographer)
[0.549s] Level 1:colcon.colcon_core.environment:create_environment_scripts_only(turtlebot3_cartographer)
[0.549s] Level 1:colcon.colcon_core.environment:checking '/home/lennoxtr/EE4308/Lab_1/install/turtlebot3_cartographer' for CMake module files
[0.549s] Level 1:colcon.colcon_core.environment:checking '/home/lennoxtr/EE4308/Lab_1/install/turtlebot3_cartographer' for CMake config files
[0.550s] Level 1:colcon.colcon_core.shell:create_environment_hook('turtlebot3_cartographer', 'cmake_prefix_path')
[0.550s] INFO:colcon.colcon_core.shell:Creating environment hook '/home/lennoxtr/EE4308/Lab_1/install/turtlebot3_cartographer/share/turtlebot3_cartographer/hook/cmake_prefix_path.ps1'
[0.550s] INFO:colcon.colcon_core.shell:Creating environment descriptor '/home/lennoxtr/EE4308/Lab_1/install/turtlebot3_cartographer/share/turtlebot3_cartographer/hook/cmake_prefix_path.dsv'
[0.550s] INFO:colcon.colcon_core.shell:Creating environment hook '/home/lennoxtr/EE4308/Lab_1/install/turtlebot3_cartographer/share/turtlebot3_cartographer/hook/cmake_prefix_path.sh'
[0.551s] Level 1:colcon.colcon_core.environment:checking '/home/lennoxtr/EE4308/Lab_1/install/turtlebot3_cartographer/bin'
[0.551s] Level 1:colcon.colcon_core.environment:checking '/home/lennoxtr/EE4308/Lab_1/install/turtlebot3_cartographer/lib/pkgconfig/turtlebot3_cartographer.pc'
[0.551s] Level 1:colcon.colcon_core.environment:checking '/home/lennoxtr/EE4308/Lab_1/install/turtlebot3_cartographer/lib/python3.10/site-packages'
[0.551s] Level 1:colcon.colcon_core.environment:checking '/home/lennoxtr/EE4308/Lab_1/install/turtlebot3_cartographer/bin'
[0.552s] INFO:colcon.colcon_core.shell:Creating package script '/home/lennoxtr/EE4308/Lab_1/install/turtlebot3_cartographer/share/turtlebot3_cartographer/package.ps1'
[0.562s] INFO:colcon.colcon_core.shell:Creating package descriptor '/home/lennoxtr/EE4308/Lab_1/install/turtlebot3_cartographer/share/turtlebot3_cartographer/package.dsv'
[0.563s] INFO:colcon.colcon_core.shell:Creating package script '/home/lennoxtr/EE4308/Lab_1/install/turtlebot3_cartographer/share/turtlebot3_cartographer/package.sh'
[0.563s] INFO:colcon.colcon_core.shell:Creating package script '/home/lennoxtr/EE4308/Lab_1/install/turtlebot3_cartographer/share/turtlebot3_cartographer/package.bash'
[0.564s] INFO:colcon.colcon_core.shell:Creating package script '/home/lennoxtr/EE4308/Lab_1/install/turtlebot3_cartographer/share/turtlebot3_cartographer/package.zsh'
[0.564s] Level 1:colcon.colcon_core.environment:create_file_with_runtime_dependencies(/home/lennoxtr/EE4308/Lab_1/install/turtlebot3_cartographer/share/colcon-core/packages/turtlebot3_cartographer)
[0.566s] Level 1:colcon.colcon_core.environment:create_environment_scripts_only(ee4308_bringup)
[0.566s] Level 1:colcon.colcon_core.environment:checking '/home/lennoxtr/EE4308/Lab_1/install/ee4308_bringup' for CMake module files
[0.567s] DEBUG:colcon.colcon_core.event_handler.log_command:Invoked command in '/home/lennoxtr/EE4308/Lab_1/build/ee4308_bringup' returned '0': CMAKE_PREFIX_PATH=${CMAKE_PREFIX_PATH}:/opt/ros/humble /usr/bin/cmake --install /home/lennoxtr/EE4308/Lab_1/build/ee4308_bringup
[0.568s] Level 1:colcon.colcon_core.environment:checking '/home/lennoxtr/EE4308/Lab_1/install/ee4308_bringup' for CMake config files
[0.568s] Level 1:colcon.colcon_core.shell:create_environment_hook('ee4308_bringup', 'cmake_prefix_path')
[0.569s] INFO:colcon.colcon_core.shell:Creating environment hook '/home/lennoxtr/EE4308/Lab_1/install/ee4308_bringup/share/ee4308_bringup/hook/cmake_prefix_path.ps1'
[0.570s] INFO:colcon.colcon_core.shell:Creating environment descriptor '/home/lennoxtr/EE4308/Lab_1/install/ee4308_bringup/share/ee4308_bringup/hook/cmake_prefix_path.dsv'
[0.570s] INFO:colcon.colcon_core.shell:Creating environment hook '/home/lennoxtr/EE4308/Lab_1/install/ee4308_bringup/share/ee4308_bringup/hook/cmake_prefix_path.sh'
[0.571s] Level 1:colcon.colcon_core.environment:checking '/home/lennoxtr/EE4308/Lab_1/install/ee4308_bringup/bin'
[0.571s] Level 1:colcon.colcon_core.environment:checking '/home/lennoxtr/EE4308/Lab_1/install/ee4308_bringup/lib/pkgconfig/ee4308_bringup.pc'
[0.571s] Level 1:colcon.colcon_core.environment:checking '/home/lennoxtr/EE4308/Lab_1/install/ee4308_bringup/lib/python3.10/site-packages'
[0.571s] Level 1:colcon.colcon_core.environment:checking '/home/lennoxtr/EE4308/Lab_1/install/ee4308_bringup/bin'
[0.572s] INFO:colcon.colcon_core.shell:Creating package script '/home/lennoxtr/EE4308/Lab_1/install/ee4308_bringup/share/ee4308_bringup/package.ps1'
[0.572s] INFO:colcon.colcon_core.shell:Creating package descriptor '/home/lennoxtr/EE4308/Lab_1/install/ee4308_bringup/share/ee4308_bringup/package.dsv'
[0.572s] INFO:colcon.colcon_core.shell:Creating package script '/home/lennoxtr/EE4308/Lab_1/install/ee4308_bringup/share/ee4308_bringup/package.sh'
[0.573s] INFO:colcon.colcon_core.shell:Creating package script '/home/lennoxtr/EE4308/Lab_1/install/ee4308_bringup/share/ee4308_bringup/package.bash'
[0.573s] INFO:colcon.colcon_core.shell:Creating package script '/home/lennoxtr/EE4308/Lab_1/install/ee4308_bringup/share/ee4308_bringup/package.zsh'
[0.574s] Level 1:colcon.colcon_core.environment:create_file_with_runtime_dependencies(/home/lennoxtr/EE4308/Lab_1/install/ee4308_bringup/share/colcon-core/packages/ee4308_bringup)
[0.575s] Level 1:colcon.colcon_core.environment:create_environment_scripts_only(ee4308_bringup)
[0.575s] Level 1:colcon.colcon_core.environment:checking '/home/lennoxtr/EE4308/Lab_1/install/ee4308_bringup' for CMake module files
[0.576s] Level 1:colcon.colcon_core.environment:checking '/home/lennoxtr/EE4308/Lab_1/install/ee4308_bringup' for CMake config files
[0.576s] Level 1:colcon.colcon_core.shell:create_environment_hook('ee4308_bringup', 'cmake_prefix_path')
[0.576s] INFO:colcon.colcon_core.shell:Creating environment hook '/home/lennoxtr/EE4308/Lab_1/install/ee4308_bringup/share/ee4308_bringup/hook/cmake_prefix_path.ps1'
[0.577s] INFO:colcon.colcon_core.shell:Creating environment descriptor '/home/lennoxtr/EE4308/Lab_1/install/ee4308_bringup/share/ee4308_bringup/hook/cmake_prefix_path.dsv'
[0.577s] INFO:colcon.colcon_core.shell:Creating environment hook '/home/lennoxtr/EE4308/Lab_1/install/ee4308_bringup/share/ee4308_bringup/hook/cmake_prefix_path.sh'
[0.580s] Level 1:colcon.colcon_core.environment:checking '/home/lennoxtr/EE4308/Lab_1/install/ee4308_bringup/bin'
[0.580s] Level 1:colcon.colcon_core.environment:checking '/home/lennoxtr/EE4308/Lab_1/install/ee4308_bringup/lib/pkgconfig/ee4308_bringup.pc'
[0.581s] Level 1:colcon.colcon_core.environment:checking '/home/lennoxtr/EE4308/Lab_1/install/ee4308_bringup/lib/python3.10/site-packages'
[0.581s] Level 1:colcon.colcon_core.environment:checking '/home/lennoxtr/EE4308/Lab_1/install/ee4308_bringup/bin'
[0.581s] INFO:colcon.colcon_core.shell:Creating package script '/home/lennoxtr/EE4308/Lab_1/install/ee4308_bringup/share/ee4308_bringup/package.ps1'
[0.583s] INFO:colcon.colcon_core.shell:Creating package descriptor '/home/lennoxtr/EE4308/Lab_1/install/ee4308_bringup/share/ee4308_bringup/package.dsv'
[0.584s] INFO:colcon.colcon_core.shell:Creating package script '/home/lennoxtr/EE4308/Lab_1/install/ee4308_bringup/share/ee4308_bringup/package.sh'
[0.584s] INFO:colcon.colcon_core.shell:Creating package script '/home/lennoxtr/EE4308/Lab_1/install/ee4308_bringup/share/ee4308_bringup/package.bash'
[0.585s] INFO:colcon.colcon_core.shell:Creating package script '/home/lennoxtr/EE4308/Lab_1/install/ee4308_bringup/share/ee4308_bringup/package.zsh'
[0.585s] Level 1:colcon.colcon_core.environment:create_file_with_runtime_dependencies(/home/lennoxtr/EE4308/Lab_1/install/ee4308_bringup/share/colcon-core/packages/ee4308_bringup)
[0.590s] DEBUG:colcon.colcon_core.event_handler.log_command:Invoking command in '/home/lennoxtr/EE4308/Lab_1/build/ee4308_turtle': CMAKE_PREFIX_PATH=/home/lennoxtr/EE4308/Lab_1/install/ee4308_core:/home/lennoxtr/EE4308/Lab_1/install/turtlebot3_simulations:/home/lennoxtr/EE4308/Lab_1/install/turtlebot3_msgs:/home/lennoxtr/EE4308/Lab_1/install/turtlebot3_gazebo:/home/lennoxtr/EE4308/Lab_1/install/turtlebot3_description:/home/lennoxtr/EE4308/Lab_1/install/turtlebot3_cartographer:/home/lennoxtr/EE4308/Lab_1/install/ee4308_turtle:/home/lennoxtr/EE4308/Lab_1/install/ee4308_bringup:/opt/ros/humble /usr/bin/cmake --build /home/lennoxtr/EE4308/Lab_1/build/ee4308_turtle -- -j6 -l6
[0.603s] DEBUG:colcon.colcon_core.event_handler.log_command:Invoked command in '/home/lennoxtr/EE4308/Lab_1/build/turtlebot3_gazebo' returned '0': CMAKE_PREFIX_PATH=${CMAKE_PREFIX_PATH}:/opt/ros/humble /usr/bin/cmake --build /home/lennoxtr/EE4308/Lab_1/build/turtlebot3_gazebo -- -j6 -l6
[0.603s] DEBUG:colcon.colcon_core.event_handler.log_command:Invoking command in '/home/lennoxtr/EE4308/Lab_1/build/turtlebot3_gazebo': CMAKE_PREFIX_PATH=${CMAKE_PREFIX_PATH}:/opt/ros/humble /usr/bin/cmake --install /home/lennoxtr/EE4308/Lab_1/build/turtlebot3_gazebo
[0.634s] Level 1:colcon.colcon_core.environment:create_environment_scripts_only(turtlebot3_gazebo)
[0.634s] Level 1:colcon.colcon_core.environment:checking '/home/lennoxtr/EE4308/Lab_1/install/turtlebot3_gazebo' for CMake module files
[0.634s] Level 1:colcon.colcon_core.environment:checking '/home/lennoxtr/EE4308/Lab_1/install/turtlebot3_gazebo' for CMake config files
[0.635s] DEBUG:colcon.colcon_core.event_handler.log_command:Invoked command in '/home/lennoxtr/EE4308/Lab_1/build/turtlebot3_gazebo' returned '0': CMAKE_PREFIX_PATH=${CMAKE_PREFIX_PATH}:/opt/ros/humble /usr/bin/cmake --install /home/lennoxtr/EE4308/Lab_1/build/turtlebot3_gazebo
[0.636s] Level 1:colcon.colcon_core.shell:create_environment_hook('turtlebot3_gazebo', 'cmake_prefix_path')
[0.638s] INFO:colcon.colcon_core.shell:Creating environment hook '/home/lennoxtr/EE4308/Lab_1/install/turtlebot3_gazebo/share/turtlebot3_gazebo/hook/cmake_prefix_path.ps1'
[0.638s] INFO:colcon.colcon_core.shell:Creating environment descriptor '/home/lennoxtr/EE4308/Lab_1/install/turtlebot3_gazebo/share/turtlebot3_gazebo/hook/cmake_prefix_path.dsv'
[0.638s] INFO:colcon.colcon_core.shell:Creating environment hook '/home/lennoxtr/EE4308/Lab_1/install/turtlebot3_gazebo/share/turtlebot3_gazebo/hook/cmake_prefix_path.sh'
[0.639s] Level 1:colcon.colcon_core.environment:checking '/home/lennoxtr/EE4308/Lab_1/install/turtlebot3_gazebo/lib'
[0.639s] Level 1:colcon.colcon_core.environment:checking '/home/lennoxtr/EE4308/Lab_1/install/turtlebot3_gazebo/bin'
[0.640s] Level 1:colcon.colcon_core.environment:checking '/home/lennoxtr/EE4308/Lab_1/install/turtlebot3_gazebo/lib/pkgconfig/turtlebot3_gazebo.pc'
[0.640s] Level 1:colcon.colcon_core.environment:checking '/home/lennoxtr/EE4308/Lab_1/install/turtlebot3_gazebo/lib/python3.10/site-packages'
[0.640s] Level 1:colcon.colcon_core.environment:checking '/home/lennoxtr/EE4308/Lab_1/install/turtlebot3_gazebo/bin'
[0.640s] INFO:colcon.colcon_core.shell:Creating package script '/home/lennoxtr/EE4308/Lab_1/install/turtlebot3_gazebo/share/turtlebot3_gazebo/package.ps1'
[0.643s] INFO:colcon.colcon_core.shell:Creating package descriptor '/home/lennoxtr/EE4308/Lab_1/install/turtlebot3_gazebo/share/turtlebot3_gazebo/package.dsv'
[0.645s] INFO:colcon.colcon_core.shell:Creating package script '/home/lennoxtr/EE4308/Lab_1/install/turtlebot3_gazebo/share/turtlebot3_gazebo/package.sh'
[0.646s] INFO:colcon.colcon_core.shell:Creating package script '/home/lennoxtr/EE4308/Lab_1/install/turtlebot3_gazebo/share/turtlebot3_gazebo/package.bash'
[0.646s] INFO:colcon.colcon_core.shell:Creating package script '/home/lennoxtr/EE4308/Lab_1/install/turtlebot3_gazebo/share/turtlebot3_gazebo/package.zsh'
[0.647s] Level 1:colcon.colcon_core.environment:create_file_with_runtime_dependencies(/home/lennoxtr/EE4308/Lab_1/install/turtlebot3_gazebo/share/colcon-core/packages/turtlebot3_gazebo)
[0.647s] Level 1:colcon.colcon_core.environment:create_environment_scripts_only(turtlebot3_gazebo)
[0.648s] Level 1:colcon.colcon_core.environment:checking '/home/lennoxtr/EE4308/Lab_1/install/turtlebot3_gazebo' for CMake module files
[0.648s] Level 1:colcon.colcon_core.environment:checking '/home/lennoxtr/EE4308/Lab_1/install/turtlebot3_gazebo' for CMake config files
[0.649s] Level 1:colcon.colcon_core.shell:create_environment_hook('turtlebot3_gazebo', 'cmake_prefix_path')
[0.649s] INFO:colcon.colcon_core.shell:Creating environment hook '/home/lennoxtr/EE4308/Lab_1/install/turtlebot3_gazebo/share/turtlebot3_gazebo/hook/cmake_prefix_path.ps1'
[0.649s] INFO:colcon.colcon_core.shell:Creating environment descriptor '/home/lennoxtr/EE4308/Lab_1/install/turtlebot3_gazebo/share/turtlebot3_gazebo/hook/cmake_prefix_path.dsv'
[0.650s] INFO:colcon.colcon_core.shell:Creating environment hook '/home/lennoxtr/EE4308/Lab_1/install/turtlebot3_gazebo/share/turtlebot3_gazebo/hook/cmake_prefix_path.sh'
[0.650s] Level 1:colcon.colcon_core.environment:checking '/home/lennoxtr/EE4308/Lab_1/install/turtlebot3_gazebo/lib'
[0.650s] Level 1:colcon.colcon_core.environment:checking '/home/lennoxtr/EE4308/Lab_1/install/turtlebot3_gazebo/bin'
[0.650s] Level 1:colcon.colcon_core.environment:checking '/home/lennoxtr/EE4308/Lab_1/install/turtlebot3_gazebo/lib/pkgconfig/turtlebot3_gazebo.pc'
[0.650s] Level 1:colcon.colcon_core.environment:checking '/home/lennoxtr/EE4308/Lab_1/install/turtlebot3_gazebo/lib/python3.10/site-packages'
[0.651s] Level 1:colcon.colcon_core.environment:checking '/home/lennoxtr/EE4308/Lab_1/install/turtlebot3_gazebo/bin'
[0.651s] INFO:colcon.colcon_core.shell:Creating package script '/home/lennoxtr/EE4308/Lab_1/install/turtlebot3_gazebo/share/turtlebot3_gazebo/package.ps1'
[0.651s] INFO:colcon.colcon_core.shell:Creating package descriptor '/home/lennoxtr/EE4308/Lab_1/install/turtlebot3_gazebo/share/turtlebot3_gazebo/package.dsv'
[0.652s] INFO:colcon.colcon_core.shell:Creating package script '/home/lennoxtr/EE4308/Lab_1/install/turtlebot3_gazebo/share/turtlebot3_gazebo/package.sh'
[0.652s] INFO:colcon.colcon_core.shell:Creating package script '/home/lennoxtr/EE4308/Lab_1/install/turtlebot3_gazebo/share/turtlebot3_gazebo/package.bash'
[0.652s] INFO:colcon.colcon_core.shell:Creating package script '/home/lennoxtr/EE4308/Lab_1/install/turtlebot3_gazebo/share/turtlebot3_gazebo/package.zsh'
[0.653s] Level 1:colcon.colcon_core.environment:create_file_with_runtime_dependencies(/home/lennoxtr/EE4308/Lab_1/install/turtlebot3_gazebo/share/colcon-core/packages/turtlebot3_gazebo)
[0.653s] INFO:colcon.colcon_ros.task.ament_cmake.build:Building ROS package in '/home/lennoxtr/EE4308/Lab_1/src/turtlebot3_simulations' with build type 'ament_cmake'
[0.653s] INFO:colcon.colcon_cmake.task.cmake.build:Building CMake package in '/home/lennoxtr/EE4308/Lab_1/src/turtlebot3_simulations'
[0.654s] INFO:colcon.colcon_core.shell:Skip shell extension 'powershell' for command environment: Not usable outside of PowerShell
[0.654s] DEBUG:colcon.colcon_core.shell:Skip shell extension 'dsv' for command environment
[0.666s] DEBUG:colcon.colcon_core.event_handler.log_command:Invoking command in '/home/lennoxtr/EE4308/Lab_1/build/turtlebot3_simulations': CMAKE_PREFIX_PATH=/home/lennoxtr/EE4308/Lab_1/install/turtlebot3_gazebo:/home/lennoxtr/EE4308/Lab_1/install/turtlebot3_simulations:/home/lennoxtr/EE4308/Lab_1/install/turtlebot3_msgs:/home/lennoxtr/EE4308/Lab_1/install/turtlebot3_description:/home/lennoxtr/EE4308/Lab_1/install/turtlebot3_cartographer:/home/lennoxtr/EE4308/Lab_1/install/ee4308_turtle:/home/lennoxtr/EE4308/Lab_1/install/ee4308_core:/home/lennoxtr/EE4308/Lab_1/install/ee4308_bringup:/opt/ros/humble /usr/bin/cmake --build /home/lennoxtr/EE4308/Lab_1/build/turtlebot3_simulations -- -j6 -l6
[0.707s] DEBUG:colcon.colcon_core.event_handler.log_command:Invoked command in '/home/lennoxtr/EE4308/Lab_1/build/turtlebot3_simulations' returned '0': CMAKE_PREFIX_PATH=/home/lennoxtr/EE4308/Lab_1/install/turtlebot3_gazebo:/home/lennoxtr/EE4308/Lab_1/install/turtlebot3_simulations:/home/lennoxtr/EE4308/Lab_1/install/turtlebot3_msgs:/home/lennoxtr/EE4308/Lab_1/install/turtlebot3_description:/home/lennoxtr/EE4308/Lab_1/install/turtlebot3_cartographer:/home/lennoxtr/EE4308/Lab_1/install/ee4308_turtle:/home/lennoxtr/EE4308/Lab_1/install/ee4308_core:/home/lennoxtr/EE4308/Lab_1/install/ee4308_bringup:/opt/ros/humble /usr/bin/cmake --build /home/lennoxtr/EE4308/Lab_1/build/turtlebot3_simulations -- -j6 -l6
[0.709s] DEBUG:colcon.colcon_core.event_handler.log_command:Invoking command in '/home/lennoxtr/EE4308/Lab_1/build/turtlebot3_simulations': CMAKE_PREFIX_PATH=/home/lennoxtr/EE4308/Lab_1/install/turtlebot3_gazebo:/home/lennoxtr/EE4308/Lab_1/install/turtlebot3_simulations:/home/lennoxtr/EE4308/Lab_1/install/turtlebot3_msgs:/home/lennoxtr/EE4308/Lab_1/install/turtlebot3_description:/home/lennoxtr/EE4308/Lab_1/install/turtlebot3_cartographer:/home/lennoxtr/EE4308/Lab_1/install/ee4308_turtle:/home/lennoxtr/EE4308/Lab_1/install/ee4308_core:/home/lennoxtr/EE4308/Lab_1/install/ee4308_bringup:/opt/ros/humble /usr/bin/cmake --install /home/lennoxtr/EE4308/Lab_1/build/turtlebot3_simulations
[0.732s] Level 1:colcon.colcon_core.environment:create_environment_scripts_only(turtlebot3_simulations)
[0.732s] Level 1:colcon.colcon_core.environment:checking '/home/lennoxtr/EE4308/Lab_1/install/turtlebot3_simulations' for CMake module files
[0.733s] DEBUG:colcon.colcon_core.event_handler.log_command:Invoked command in '/home/lennoxtr/EE4308/Lab_1/build/turtlebot3_simulations' returned '0': CMAKE_PREFIX_PATH=/home/lennoxtr/EE4308/Lab_1/install/turtlebot3_gazebo:/home/lennoxtr/EE4308/Lab_1/install/turtlebot3_simulations:/home/lennoxtr/EE4308/Lab_1/install/turtlebot3_msgs:/home/lennoxtr/EE4308/Lab_1/install/turtlebot3_description:/home/lennoxtr/EE4308/Lab_1/install/turtlebot3_cartographer:/home/lennoxtr/EE4308/Lab_1/install/ee4308_turtle:/home/lennoxtr/EE4308/Lab_1/install/ee4308_core:/home/lennoxtr/EE4308/Lab_1/install/ee4308_bringup:/opt/ros/humble /usr/bin/cmake --install /home/lennoxtr/EE4308/Lab_1/build/turtlebot3_simulations
[0.733s] Level 1:colcon.colcon_core.environment:checking '/home/lennoxtr/EE4308/Lab_1/install/turtlebot3_simulations' for CMake config files
[0.734s] Level 1:colcon.colcon_core.shell:create_environment_hook('turtlebot3_simulations', 'cmake_prefix_path')
[0.734s] INFO:colcon.colcon_core.shell:Creating environment hook '/home/lennoxtr/EE4308/Lab_1/install/turtlebot3_simulations/share/turtlebot3_simulations/hook/cmake_prefix_path.ps1'
[0.740s] INFO:colcon.colcon_core.shell:Creating environment descriptor '/home/lennoxtr/EE4308/Lab_1/install/turtlebot3_simulations/share/turtlebot3_simulations/hook/cmake_prefix_path.dsv'
[0.740s] INFO:colcon.colcon_core.shell:Creating environment hook '/home/lennoxtr/EE4308/Lab_1/install/turtlebot3_simulations/share/turtlebot3_simulations/hook/cmake_prefix_path.sh'
[0.743s] Level 1:colcon.colcon_core.environment:checking '/home/lennoxtr/EE4308/Lab_1/install/turtlebot3_simulations/bin'
[0.743s] Level 1:colcon.colcon_core.environment:checking '/home/lennoxtr/EE4308/Lab_1/install/turtlebot3_simulations/lib/pkgconfig/turtlebot3_simulations.pc'
[0.744s] Level 1:colcon.colcon_core.environment:checking '/home/lennoxtr/EE4308/Lab_1/install/turtlebot3_simulations/lib/python3.10/site-packages'
[0.744s] Level 1:colcon.colcon_core.environment:checking '/home/lennoxtr/EE4308/Lab_1/install/turtlebot3_simulations/bin'
[0.744s] INFO:colcon.colcon_core.shell:Creating package script '/home/lennoxtr/EE4308/Lab_1/install/turtlebot3_simulations/share/turtlebot3_simulations/package.ps1'
[0.744s] INFO:colcon.colcon_core.shell:Creating package descriptor '/home/lennoxtr/EE4308/Lab_1/install/turtlebot3_simulations/share/turtlebot3_simulations/package.dsv'
[0.745s] INFO:colcon.colcon_core.shell:Creating package script '/home/lennoxtr/EE4308/Lab_1/install/turtlebot3_simulations/share/turtlebot3_simulations/package.sh'
[0.745s] INFO:colcon.colcon_core.shell:Creating package script '/home/lennoxtr/EE4308/Lab_1/install/turtlebot3_simulations/share/turtlebot3_simulations/package.bash'
[0.746s] INFO:colcon.colcon_core.shell:Creating package script '/home/lennoxtr/EE4308/Lab_1/install/turtlebot3_simulations/share/turtlebot3_simulations/package.zsh'
[0.746s] Level 1:colcon.colcon_core.environment:create_file_with_runtime_dependencies(/home/lennoxtr/EE4308/Lab_1/install/turtlebot3_simulations/share/colcon-core/packages/turtlebot3_simulations)
[0.747s] Level 1:colcon.colcon_core.environment:create_environment_scripts_only(turtlebot3_simulations)
[0.747s] Level 1:colcon.colcon_core.environment:checking '/home/lennoxtr/EE4308/Lab_1/install/turtlebot3_simulations' for CMake module files
[0.748s] Level 1:colcon.colcon_core.environment:checking '/home/lennoxtr/EE4308/Lab_1/install/turtlebot3_simulations' for CMake config files
[0.749s] Level 1:colcon.colcon_core.shell:create_environment_hook('turtlebot3_simulations', 'cmake_prefix_path')
[0.750s] INFO:colcon.colcon_core.shell:Creating environment hook '/home/lennoxtr/EE4308/Lab_1/install/turtlebot3_simulations/share/turtlebot3_simulations/hook/cmake_prefix_path.ps1'
[0.750s] INFO:colcon.colcon_core.shell:Creating environment descriptor '/home/lennoxtr/EE4308/Lab_1/install/turtlebot3_simulations/share/turtlebot3_simulations/hook/cmake_prefix_path.dsv'
[0.754s] INFO:colcon.colcon_core.shell:Creating environment hook '/home/lennoxtr/EE4308/Lab_1/install/turtlebot3_simulations/share/turtlebot3_simulations/hook/cmake_prefix_path.sh'
[0.754s] Level 1:colcon.colcon_core.environment:checking '/home/lennoxtr/EE4308/Lab_1/install/turtlebot3_simulations/bin'
[0.754s] Level 1:colcon.colcon_core.environment:checking '/home/lennoxtr/EE4308/Lab_1/install/turtlebot3_simulations/lib/pkgconfig/turtlebot3_simulations.pc'
[0.755s] Level 1:colcon.colcon_core.environment:checking '/home/lennoxtr/EE4308/Lab_1/install/turtlebot3_simulations/lib/python3.10/site-packages'
[0.755s] Level 1:colcon.colcon_core.environment:checking '/home/lennoxtr/EE4308/Lab_1/install/turtlebot3_simulations/bin'
[0.755s] INFO:colcon.colcon_core.shell:Creating package script '/home/lennoxtr/EE4308/Lab_1/install/turtlebot3_simulations/share/turtlebot3_simulations/package.ps1'
[0.755s] INFO:colcon.colcon_core.shell:Creating package descriptor '/home/lennoxtr/EE4308/Lab_1/install/turtlebot3_simulations/share/turtlebot3_simulations/package.dsv'
[0.756s] INFO:colcon.colcon_core.shell:Creating package script '/home/lennoxtr/EE4308/Lab_1/install/turtlebot3_simulations/share/turtlebot3_simulations/package.sh'
[0.756s] INFO:colcon.colcon_core.shell:Creating package script '/home/lennoxtr/EE4308/Lab_1/install/turtlebot3_simulations/share/turtlebot3_simulations/package.bash'
[0.757s] INFO:colcon.colcon_core.shell:Creating package script '/home/lennoxtr/EE4308/Lab_1/install/turtlebot3_simulations/share/turtlebot3_simulations/package.zsh'
[0.757s] Level 1:colcon.colcon_core.environment:create_file_with_runtime_dependencies(/home/lennoxtr/EE4308/Lab_1/install/turtlebot3_simulations/share/colcon-core/packages/turtlebot3_simulations)
[6.505s] DEBUG:colcon.colcon_core.event_handler.log_command:Invoked command in '/home/lennoxtr/EE4308/Lab_1/build/ee4308_turtle' returned '0': CMAKE_PREFIX_PATH=/home/lennoxtr/EE4308/Lab_1/install/ee4308_core:/home/lennoxtr/EE4308/Lab_1/install/turtlebot3_simulations:/home/lennoxtr/EE4308/Lab_1/install/turtlebot3_msgs:/home/lennoxtr/EE4308/Lab_1/install/turtlebot3_gazebo:/home/lennoxtr/EE4308/Lab_1/install/turtlebot3_description:/home/lennoxtr/EE4308/Lab_1/install/turtlebot3_cartographer:/home/lennoxtr/EE4308/Lab_1/install/ee4308_turtle:/home/lennoxtr/EE4308/Lab_1/install/ee4308_bringup:/opt/ros/humble /usr/bin/cmake --build /home/lennoxtr/EE4308/Lab_1/build/ee4308_turtle -- -j6 -l6
[6.507s] DEBUG:colcon.colcon_core.event_handler.log_command:Invoking command in '/home/lennoxtr/EE4308/Lab_1/build/ee4308_turtle': CMAKE_PREFIX_PATH=/home/lennoxtr/EE4308/Lab_1/install/ee4308_core:/home/lennoxtr/EE4308/Lab_1/install/turtlebot3_simulations:/home/lennoxtr/EE4308/Lab_1/install/turtlebot3_msgs:/home/lennoxtr/EE4308/Lab_1/install/turtlebot3_gazebo:/home/lennoxtr/EE4308/Lab_1/install/turtlebot3_description:/home/lennoxtr/EE4308/Lab_1/install/turtlebot3_cartographer:/home/lennoxtr/EE4308/Lab_1/install/ee4308_turtle:/home/lennoxtr/EE4308/Lab_1/install/ee4308_bringup:/opt/ros/humble /usr/bin/cmake --install /home/lennoxtr/EE4308/Lab_1/build/ee4308_turtle
[6.528s] Level 1:colcon.colcon_core.environment:create_environment_scripts_only(ee4308_turtle)
[6.528s] Level 1:colcon.colcon_core.environment:checking '/home/lennoxtr/EE4308/Lab_1/install/ee4308_turtle' for CMake module files
[6.529s] DEBUG:colcon.colcon_core.event_handler.log_command:Invoked command in '/home/lennoxtr/EE4308/Lab_1/build/ee4308_turtle' returned '0': CMAKE_PREFIX_PATH=/home/lennoxtr/EE4308/Lab_1/install/ee4308_core:/home/lennoxtr/EE4308/Lab_1/install/turtlebot3_simulations:/home/lennoxtr/EE4308/Lab_1/install/turtlebot3_msgs:/home/lennoxtr/EE4308/Lab_1/install/turtlebot3_gazebo:/home/lennoxtr/EE4308/Lab_1/install/turtlebot3_description:/home/lennoxtr/EE4308/Lab_1/install/turtlebot3_cartographer:/home/lennoxtr/EE4308/Lab_1/install/ee4308_turtle:/home/lennoxtr/EE4308/Lab_1/install/ee4308_bringup:/opt/ros/humble /usr/bin/cmake --install /home/lennoxtr/EE4308/Lab_1/build/ee4308_turtle
[6.529s] Level 1:colcon.colcon_core.environment:checking '/home/lennoxtr/EE4308/Lab_1/install/ee4308_turtle' for CMake config files
[6.530s] Level 1:colcon.colcon_core.shell:create_environment_hook('ee4308_turtle', 'cmake_prefix_path')
[6.530s] INFO:colcon.colcon_core.shell:Creating environment hook '/home/lennoxtr/EE4308/Lab_1/install/ee4308_turtle/share/ee4308_turtle/hook/cmake_prefix_path.ps1'
[6.530s] INFO:colcon.colcon_core.shell:Creating environment descriptor '/home/lennoxtr/EE4308/Lab_1/install/ee4308_turtle/share/ee4308_turtle/hook/cmake_prefix_path.dsv'
[6.531s] INFO:colcon.colcon_core.shell:Creating environment hook '/home/lennoxtr/EE4308/Lab_1/install/ee4308_turtle/share/ee4308_turtle/hook/cmake_prefix_path.sh'
[6.531s] Level 1:colcon.colcon_core.environment:checking '/home/lennoxtr/EE4308/Lab_1/install/ee4308_turtle/lib'
[6.531s] Level 1:colcon.colcon_core.shell:create_environment_hook('ee4308_turtle', 'ld_library_path_lib')
[6.532s] INFO:colcon.colcon_core.shell:Creating environment hook '/home/lennoxtr/EE4308/Lab_1/install/ee4308_turtle/share/ee4308_turtle/hook/ld_library_path_lib.ps1'
[6.532s] INFO:colcon.colcon_core.shell:Creating environment descriptor '/home/lennoxtr/EE4308/Lab_1/install/ee4308_turtle/share/ee4308_turtle/hook/ld_library_path_lib.dsv'
[6.532s] INFO:colcon.colcon_core.shell:Creating environment hook '/home/lennoxtr/EE4308/Lab_1/install/ee4308_turtle/share/ee4308_turtle/hook/ld_library_path_lib.sh'
[6.533s] Level 1:colcon.colcon_core.environment:checking '/home/lennoxtr/EE4308/Lab_1/install/ee4308_turtle/bin'
[6.533s] Level 1:colcon.colcon_core.environment:checking '/home/lennoxtr/EE4308/Lab_1/install/ee4308_turtle/lib/pkgconfig/ee4308_turtle.pc'
[6.533s] Level 1:colcon.colcon_core.environment:checking '/home/lennoxtr/EE4308/Lab_1/install/ee4308_turtle/lib/python3.10/site-packages'
[6.533s] Level 1:colcon.colcon_core.environment:checking '/home/lennoxtr/EE4308/Lab_1/install/ee4308_turtle/bin'
[6.534s] INFO:colcon.colcon_core.shell:Creating package script '/home/lennoxtr/EE4308/Lab_1/install/ee4308_turtle/share/ee4308_turtle/package.ps1'
[6.534s] INFO:colcon.colcon_core.shell:Creating package descriptor '/home/lennoxtr/EE4308/Lab_1/install/ee4308_turtle/share/ee4308_turtle/package.dsv'
[6.538s] INFO:colcon.colcon_core.shell:Creating package script '/home/lennoxtr/EE4308/Lab_1/install/ee4308_turtle/share/ee4308_turtle/package.sh'
[6.540s] INFO:colcon.colcon_core.shell:Creating package script '/home/lennoxtr/EE4308/Lab_1/install/ee4308_turtle/share/ee4308_turtle/package.bash'
[6.541s] INFO:colcon.colcon_core.shell:Creating package script '/home/lennoxtr/EE4308/Lab_1/install/ee4308_turtle/share/ee4308_turtle/package.zsh'
[6.543s] Level 1:colcon.colcon_core.environment:create_file_with_runtime_dependencies(/home/lennoxtr/EE4308/Lab_1/install/ee4308_turtle/share/colcon-core/packages/ee4308_turtle)
[6.543s] Level 1:colcon.colcon_core.environment:create_environment_scripts_only(ee4308_turtle)
[6.543s] Level 1:colcon.colcon_core.environment:checking '/home/lennoxtr/EE4308/Lab_1/install/ee4308_turtle' for CMake module files
[6.544s] Level 1:colcon.colcon_core.environment:checking '/home/lennoxtr/EE4308/Lab_1/install/ee4308_turtle' for CMake config files
[6.544s] Level 1:colcon.colcon_core.shell:create_environment_hook('ee4308_turtle', 'cmake_prefix_path')
[6.545s] INFO:colcon.colcon_core.shell:Creating environment hook '/home/lennoxtr/EE4308/Lab_1/install/ee4308_turtle/share/ee4308_turtle/hook/cmake_prefix_path.ps1'
[6.545s] INFO:colcon.colcon_core.shell:Creating environment descriptor '/home/lennoxtr/EE4308/Lab_1/install/ee4308_turtle/share/ee4308_turtle/hook/cmake_prefix_path.dsv'
[6.547s] INFO:colcon.colcon_core.shell:Creating environment hook '/home/lennoxtr/EE4308/Lab_1/install/ee4308_turtle/share/ee4308_turtle/hook/cmake_prefix_path.sh'
[6.547s] Level 1:colcon.colcon_core.environment:checking '/home/lennoxtr/EE4308/Lab_1/install/ee4308_turtle/lib'
[6.548s] Level 1:colcon.colcon_core.shell:create_environment_hook('ee4308_turtle', 'ld_library_path_lib')
[6.548s] INFO:colcon.colcon_core.shell:Creating environment hook '/home/lennoxtr/EE4308/Lab_1/install/ee4308_turtle/share/ee4308_turtle/hook/ld_library_path_lib.ps1'
[6.548s] INFO:colcon.colcon_core.shell:Creating environment descriptor '/home/lennoxtr/EE4308/Lab_1/install/ee4308_turtle/share/ee4308_turtle/hook/ld_library_path_lib.dsv'
[6.548s] INFO:colcon.colcon_core.shell:Creating environment hook '/home/lennoxtr/EE4308/Lab_1/install/ee4308_turtle/share/ee4308_turtle/hook/ld_library_path_lib.sh'
[6.549s] Level 1:colcon.colcon_core.environment:checking '/home/lennoxtr/EE4308/Lab_1/install/ee4308_turtle/bin'
[6.549s] Level 1:colcon.colcon_core.environment:checking '/home/lennoxtr/EE4308/Lab_1/install/ee4308_turtle/lib/pkgconfig/ee4308_turtle.pc'
[6.549s] Level 1:colcon.colcon_core.environment:checking '/home/lennoxtr/EE4308/Lab_1/install/ee4308_turtle/lib/python3.10/site-packages'
[6.549s] Level 1:colcon.colcon_core.environment:checking '/home/lennoxtr/EE4308/Lab_1/install/ee4308_turtle/bin'
[6.550s] INFO:colcon.colcon_core.shell:Creating package script '/home/lennoxtr/EE4308/Lab_1/install/ee4308_turtle/share/ee4308_turtle/package.ps1'
[6.550s] INFO:colcon.colcon_core.shell:Creating package descriptor '/home/lennoxtr/EE4308/Lab_1/install/ee4308_turtle/share/ee4308_turtle/package.dsv'
[6.551s] INFO:colcon.colcon_core.shell:Creating package script '/home/lennoxtr/EE4308/Lab_1/install/ee4308_turtle/share/ee4308_turtle/package.sh'
[6.551s] INFO:colcon.colcon_core.shell:Creating package script '/home/lennoxtr/EE4308/Lab_1/install/ee4308_turtle/share/ee4308_turtle/package.bash'
[6.552s] INFO:colcon.colcon_core.shell:Creating package script '/home/lennoxtr/EE4308/Lab_1/install/ee4308_turtle/share/ee4308_turtle/package.zsh'
[6.552s] Level 1:colcon.colcon_core.environment:create_file_with_runtime_dependencies(/home/lennoxtr/EE4308/Lab_1/install/ee4308_turtle/share/colcon-core/packages/ee4308_turtle)
[6.553s] DEBUG:colcon.colcon_parallel_executor.executor.parallel:closing loop
[6.553s] DEBUG:colcon.colcon_parallel_executor.executor.parallel:loop closed
[6.553s] DEBUG:colcon.colcon_parallel_executor.executor.parallel:run_until_complete finished with '0'
[6.553s] DEBUG:colcon.colcon_core.event_reactor:joining thread
[6.562s] INFO:colcon.colcon_core.plugin_system:Skipping extension 'colcon_notification.desktop_notification.terminal_notifier': Not used on non-Darwin systems
[6.562s] INFO:colcon.colcon_core.plugin_system:Skipping extension 'colcon_notification.desktop_notification.win32': Not used on non-Windows systems
[6.562s] INFO:colcon.colcon_notification.desktop_notification:Sending desktop notification using 'notify2'
[6.580s] DEBUG:colcon.colcon_core.event_reactor:joined thread
[6.581s] INFO:colcon.colcon_core.shell:Creating prefix script '/home/lennoxtr/EE4308/Lab_1/install/local_setup.ps1'
[6.582s] INFO:colcon.colcon_core.shell:Creating prefix util module '/home/lennoxtr/EE4308/Lab_1/install/_local_setup_util_ps1.py'
[6.587s] INFO:colcon.colcon_core.shell:Creating prefix chain script '/home/lennoxtr/EE4308/Lab_1/install/setup.ps1'
[6.588s] INFO:colcon.colcon_core.shell:Creating prefix script '/home/lennoxtr/EE4308/Lab_1/install/local_setup.sh'
[6.589s] INFO:colcon.colcon_core.shell:Creating prefix util module '/home/lennoxtr/EE4308/Lab_1/install/_local_setup_util_sh.py'
[6.589s] INFO:colcon.colcon_core.shell:Creating prefix chain script '/home/lennoxtr/EE4308/Lab_1/install/setup.sh'
[6.591s] INFO:colcon.colcon_core.shell:Creating prefix script '/home/lennoxtr/EE4308/Lab_1/install/local_setup.bash'
[6.591s] INFO:colcon.colcon_core.shell:Creating prefix chain script '/home/lennoxtr/EE4308/Lab_1/install/setup.bash'
[6.593s] INFO:colcon.colcon_core.shell:Creating prefix script '/home/lennoxtr/EE4308/Lab_1/install/local_setup.zsh'
[6.594s] INFO:colcon.colcon_core.shell:Creating prefix chain script '/home/lennoxtr/EE4308/Lab_1/install/setup.zsh'
