[0.007s] Invoking command in '/home/lennoxtr/EE4308/Lab_1/build/turtlebot3_simulations': AMENT_PREFIX_PATH=/home/lennoxtr/EE4308/Lab_1/install/turtlebot3_gazebo:${AMENT_PREFIX_PATH} CMAKE_PREFIX_PATH=/home/lennoxtr/EE4308/Lab_1/install/turtlebot3_gazebo:/opt/ros/humble /usr/bin/cmake /home/lennoxtr/EE4308/Lab_1/src/turtlebot3_simulations -DCMAKE_INSTALL_PREFIX=/home/lennoxtr/EE4308/Lab_1/install/turtlebot3_simulations
[0.017s] -- Found ament_cmake: 1.3.11 (/opt/ros/humble/share/ament_cmake/cmake)
[0.132s] -- Override CMake install command with custom implementation using symlinks instead of copying resources
[0.228s] -- Configuring done
[0.230s] -- Generating done
[0.232s] -- Build files have been written to: /home/lennoxtr/EE4308/Lab_1/build/turtlebot3_simulations
[0.236s] Invoked command in '/home/lennoxtr/EE4308/Lab_1/build/turtlebot3_simulations' returned '0': AMENT_PREFIX_PATH=/home/lennoxtr/EE4308/Lab_1/install/turtlebot3_gazebo:${AMENT_PREFIX_PATH} CMAKE_PREFIX_PATH=/home/lennoxtr/EE4308/Lab_1/install/turtlebot3_gazebo:/opt/ros/humble /usr/bin/cmake /home/lennoxtr/EE4308/Lab_1/src/turtlebot3_simulations -DCMAKE_INSTALL_PREFIX=/home/lennoxtr/EE4308/Lab_1/install/turtlebot3_simulations
[0.237s] Invoking command in '/home/lennoxtr/EE4308/Lab_1/build/turtlebot3_simulations': AMENT_PREFIX_PATH=/home/lennoxtr/EE4308/Lab_1/install/turtlebot3_gazebo:${AMENT_PREFIX_PATH} CMAKE_PREFIX_PATH=/home/lennoxtr/EE4308/Lab_1/install/turtlebot3_gazebo:/opt/ros/humble /usr/bin/cmake --build /home/lennoxtr/EE4308/Lab_1/build/turtlebot3_simulations -- -j6 -l6
[0.276s] Invoked command in '/home/lennoxtr/EE4308/Lab_1/build/turtlebot3_simulations' returned '0': AMENT_PREFIX_PATH=/home/lennoxtr/EE4308/Lab_1/install/turtlebot3_gazebo:${AMENT_PREFIX_PATH} CMAKE_PREFIX_PATH=/home/lennoxtr/EE4308/Lab_1/install/turtlebot3_gazebo:/opt/ros/humble /usr/bin/cmake --build /home/lennoxtr/EE4308/Lab_1/build/turtlebot3_simulations -- -j6 -l6
[0.280s] Invoking command in '/home/lennoxtr/EE4308/Lab_1/build/turtlebot3_simulations': AMENT_PREFIX_PATH=/home/lennoxtr/EE4308/Lab_1/install/turtlebot3_gazebo:${AMENT_PREFIX_PATH} CMAKE_PREFIX_PATH=/home/lennoxtr/EE4308/Lab_1/install/turtlebot3_gazebo:/opt/ros/humble /usr/bin/cmake --install /home/lennoxtr/EE4308/Lab_1/build/turtlebot3_simulations
[0.286s] -- Install configuration: ""
[0.287s] -- Execute custom install script
[0.287s] -- Up-to-date symlink: /home/lennoxtr/EE4308/Lab_1/install/turtlebot3_simulations/share/ament_index/resource_index/package_run_dependencies/turtlebot3_simulations
[0.287s] -- Up-to-date symlink: /home/lennoxtr/EE4308/Lab_1/install/turtlebot3_simulations/share/ament_index/resource_index/parent_prefix_path/turtlebot3_simulations
[0.288s] -- Up-to-date symlink: /home/lennoxtr/EE4308/Lab_1/install/turtlebot3_simulations/share/turtlebot3_simulations/environment/ament_prefix_path.sh
[0.290s] -- Up-to-date symlink: /home/lennoxtr/EE4308/Lab_1/install/turtlebot3_simulations/share/turtlebot3_simulations/environment/ament_prefix_path.dsv
[0.290s] -- Up-to-date symlink: /home/lennoxtr/EE4308/Lab_1/install/turtlebot3_simulations/share/turtlebot3_simulations/environment/path.sh
[0.292s] -- Up-to-date symlink: /home/lennoxtr/EE4308/Lab_1/install/turtlebot3_simulations/share/turtlebot3_simulations/environment/path.dsv
[0.292s] -- Up-to-date symlink: /home/lennoxtr/EE4308/Lab_1/install/turtlebot3_simulations/share/turtlebot3_simulations/local_setup.bash
[0.292s] -- Up-to-date symlink: /home/lennoxtr/EE4308/Lab_1/install/turtlebot3_simulations/share/turtlebot3_simulations/local_setup.sh
[0.292s] -- Up-to-date symlink: /home/lennoxtr/EE4308/Lab_1/install/turtlebot3_simulations/share/turtlebot3_simulations/local_setup.zsh
[0.292s] -- Up-to-date symlink: /home/lennoxtr/EE4308/Lab_1/install/turtlebot3_simulations/share/turtlebot3_simulations/local_setup.dsv
[0.292s] -- Symlinking: /home/lennoxtr/EE4308/Lab_1/install/turtlebot3_simulations/share/turtlebot3_simulations/package.dsv
[0.308s] -- Up-to-date symlink: /home/lennoxtr/EE4308/Lab_1/install/turtlebot3_simulations/share/ament_index/resource_index/packages/turtlebot3_simulations
[0.308s] -- Up-to-date symlink: /home/lennoxtr/EE4308/Lab_1/install/turtlebot3_simulations/share/turtlebot3_simulations/cmake/turtlebot3_simulationsConfig.cmake
[0.308s] -- Up-to-date symlink: /home/lennoxtr/EE4308/Lab_1/install/turtlebot3_simulations/share/turtlebot3_simulations/cmake/turtlebot3_simulationsConfig-version.cmake
[0.308s] -- Up-to-date symlink: /home/lennoxtr/EE4308/Lab_1/install/turtlebot3_simulations/share/turtlebot3_simulations/package.xml
[0.311s] Invoked command in '/home/lennoxtr/EE4308/Lab_1/build/turtlebot3_simulations' returned '0': AMENT_PREFIX_PATH=/home/lennoxtr/EE4308/Lab_1/install/turtlebot3_gazebo:${AMENT_PREFIX_PATH} CMAKE_PREFIX_PATH=/home/lennoxtr/EE4308/Lab_1/install/turtlebot3_gazebo:/opt/ros/humble /usr/bin/cmake --install /home/lennoxtr/EE4308/Lab_1/build/turtlebot3_simulations
