[0.034s] Invoking command in '/home/lennoxtr/EE4308/Lab_1/build/ee4308_turtle': CMAKE_PREFIX_PATH=/home/lennoxtr/EE4308/Lab_1/install/ee4308_core:/home/lennoxtr/EE4308/Lab_1/install/turtlebot3_simulations:/home/lennoxtr/EE4308/Lab_1/install/turtlebot3_msgs:/home/lennoxtr/EE4308/Lab_1/install/turtlebot3_gazebo:/home/lennoxtr/EE4308/Lab_1/install/turtlebot3_description:/home/lennoxtr/EE4308/Lab_1/install/turtlebot3_cartographer:/home/lennoxtr/EE4308/Lab_1/install/ee4308_turtle:/home/lennoxtr/EE4308/Lab_1/install/ee4308_bringup:/opt/ros/humble /usr/bin/cmake --build /home/lennoxtr/EE4308/Lab_1/build/ee4308_turtle -- -j6 -l6
[0.074s] [35m[1mConsolidate compiler generated dependencies of target ee4308_turtle_controller[0m
[0.089s] [ 50%] Built target ee4308_turtle_planner
[0.093s] [ 75%] [32mBuilding CXX object CMakeFiles/ee4308_turtle_controller.dir/src/controller.cpp.o[0m
[3.232s] [01m[K/home/lennoxtr/EE4308/Lab_1/src/ee4308_turtle/src/controller.cpp:[m[K In member function ‘[01m[Kvirtual void ee4308::turtle::Controller::configure(const WeakPtr&, std::string, std::shared_ptr<tf2_ros::Buffer>, std::shared_ptr<nav2_costmap_2d::Costmap2DROS>)[m[K’:
[3.232s] [01m[K/home/lennoxtr/EE4308/Lab_1/src/ee4308_turtle/src/controller.cpp:35:18:[m[K [01;31m[Kerror: [m[Kno matching function for call to ‘[01m[KinitParam(rclcpp_lifecycle::LifecycleNode::SharedPtr&, std::__cxx11::basic_string<char>, double&, int)[m[K’
[3.232s]    35 |         [01;31m[KinitParam(node_, plugin_name_ + ".desired_lookahead_dist", desired_lookahead_dist_, 1)[m[K;
[3.232s]       |         [01;31m[K~~~~~~~~~^~~~~~~~~~~~~~~~~~~~~~~~~~~~~~~~~~~~~~~~~~~~~~~~~~~~~~~~~~~~~~~~~~~~~~~~~~~~~[m[K
[3.232s] In file included from [01m[K/home/lennoxtr/EE4308/Lab_1/src/ee4308_turtle/include/ee4308_turtle/controller.hpp:12[m[K,
[3.232s]                  from [01m[K/home/lennoxtr/EE4308/Lab_1/src/ee4308_turtle/src/controller.cpp:1[m[K:
[3.232s] [01m[K/home/lennoxtr/EE4308/Lab_1/install/ee4308_core/include/ee4308_core/core.hpp:53:10:[m[K [01;36m[Knote: [m[Kcandidate: ‘[01m[Ktemplate<class U, class T> void ee4308::initParam(U, const string&, T&, const T&)[m[K’
[3.232s]    53 |     void [01;36m[KinitParam[m[K(const U node_ptr, const std::string &param_name, T &param_var, const T &default_value)
[3.233s]       |          [01;36m[K^~~~~~~~~[m[K
[3.233s] [01m[K/home/lennoxtr/EE4308/Lab_1/install/ee4308_core/include/ee4308_core/core.hpp:53:10:[m[K [01;36m[Knote: [m[K  template argument deduction/substitution failed:
[3.233s] [01m[K/home/lennoxtr/EE4308/Lab_1/src/ee4308_turtle/src/controller.cpp:35:18:[m[K [01;36m[Knote: [m[K  deduced conflicting types for parameter ‘[01m[Kconst T[m[K’ (‘[01m[Kdouble[m[K’ and ‘[01m[Kint[m[K’)
[3.233s]    35 |         [01;36m[KinitParam(node_, plugin_name_ + ".desired_lookahead_dist", desired_lookahead_dist_, 1)[m[K;
[3.233s]       |         [01;36m[K~~~~~~~~~^~~~~~~~~~~~~~~~~~~~~~~~~~~~~~~~~~~~~~~~~~~~~~~~~~~~~~~~~~~~~~~~~~~~~~~~~~~~~[m[K
[4.732s] gmake[2]: *** [CMakeFiles/ee4308_turtle_controller.dir/build.make:76: CMakeFiles/ee4308_turtle_controller.dir/src/controller.cpp.o] Error 1
[4.732s] gmake[1]: *** [CMakeFiles/Makefile2:139: CMakeFiles/ee4308_turtle_controller.dir/all] Error 2
[4.733s] gmake: *** [Makefile:146: all] Error 2
[4.735s] Invoked command in '/home/lennoxtr/EE4308/Lab_1/build/ee4308_turtle' returned '2': CMAKE_PREFIX_PATH=/home/lennoxtr/EE4308/Lab_1/install/ee4308_core:/home/lennoxtr/EE4308/Lab_1/install/turtlebot3_simulations:/home/lennoxtr/EE4308/Lab_1/install/turtlebot3_msgs:/home/lennoxtr/EE4308/Lab_1/install/turtlebot3_gazebo:/home/lennoxtr/EE4308/Lab_1/install/turtlebot3_description:/home/lennoxtr/EE4308/Lab_1/install/turtlebot3_cartographer:/home/lennoxtr/EE4308/Lab_1/install/ee4308_turtle:/home/lennoxtr/EE4308/Lab_1/install/ee4308_bringup:/opt/ros/humble /usr/bin/cmake --build /home/lennoxtr/EE4308/Lab_1/build/ee4308_turtle -- -j6 -l6
