[0.023s] Invoking command in '/home/lennoxtr/EE4308/Lab_1/build/ee4308_core': CMAKE_PREFIX_PATH=/opt/ros/humble /usr/bin/cmake /home/lennoxtr/EE4308/Lab_1/src/ee4308_core -DAMENT_CMAKE_SYMLINK_INSTALL=1 -DCMAKE_INSTALL_PREFIX=/home/lennoxtr/EE4308/Lab_1/install/ee4308_core
[0.164s] -- The C compiler identification is GNU 11.4.0
[0.297s] -- The CXX compiler identification is GNU 11.4.0
[0.309s] -- Detecting C compiler ABI info
[0.401s] -- Detecting C compiler ABI info - done
[0.408s] -- Check for working C compiler: /usr/bin/cc - skipped
[0.408s] -- Detecting C compile features
[0.408s] -- Detecting C compile features - done
[0.412s] -- Detecting CXX compiler ABI info
[0.509s] -- Detecting CXX compiler ABI info - done
[0.515s] -- Check for working CXX compiler: /usr/bin/c++ - skipped
[0.515s] -- Detecting CXX compile features
[0.515s] -- Detecting CXX compile features - done
[0.517s] -- Found ament_cmake: 1.3.11 (/opt/ros/humble/share/ament_cmake/cmake)
[0.697s] -- Found Python3: /usr/bin/python3 (found version "3.10.12") found components: Interpreter 
[0.851s] -- Override CMake install command with custom implementation using symlinks instead of copying resources
[0.983s] -- Configuring done
[0.989s] -- Generating done
[0.989s] -- Build files have been written to: /home/lennoxtr/EE4308/Lab_1/build/ee4308_core
[1.005s] Invoked command in '/home/lennoxtr/EE4308/Lab_1/build/ee4308_core' returned '0': CMAKE_PREFIX_PATH=/opt/ros/humble /usr/bin/cmake /home/lennoxtr/EE4308/Lab_1/src/ee4308_core -DAMENT_CMAKE_SYMLINK_INSTALL=1 -DCMAKE_INSTALL_PREFIX=/home/lennoxtr/EE4308/Lab_1/install/ee4308_core
[1.005s] Invoking command in '/home/lennoxtr/EE4308/Lab_1/build/ee4308_core': CMAKE_PREFIX_PATH=/opt/ros/humble /usr/bin/cmake --build /home/lennoxtr/EE4308/Lab_1/build/ee4308_core -- -j6 -l6
[1.059s] Invoked command in '/home/lennoxtr/EE4308/Lab_1/build/ee4308_core' returned '0': CMAKE_PREFIX_PATH=/opt/ros/humble /usr/bin/cmake --build /home/lennoxtr/EE4308/Lab_1/build/ee4308_core -- -j6 -l6
[1.062s] Invoking command in '/home/lennoxtr/EE4308/Lab_1/build/ee4308_core': CMAKE_PREFIX_PATH=/opt/ros/humble /usr/bin/cmake --install /home/lennoxtr/EE4308/Lab_1/build/ee4308_core
[1.067s] -- Install configuration: ""
[1.069s] -- Execute custom install script
[1.069s] -- Symlinking: /home/lennoxtr/EE4308/Lab_1/install/ee4308_core/include/ee4308_core//core.hpp
[1.077s] -- Symlinking: /home/lennoxtr/EE4308/Lab_1/install/ee4308_core/include/ee4308_core//raytracer.hpp
[1.088s] -- Symlinking: /home/lennoxtr/EE4308/Lab_1/install/ee4308_core/share/ament_index/resource_index/package_run_dependencies/ee4308_core
[1.094s] -- Symlinking: /home/lennoxtr/EE4308/Lab_1/install/ee4308_core/share/ament_index/resource_index/parent_prefix_path/ee4308_core
[1.103s] -- Symlinking: /home/lennoxtr/EE4308/Lab_1/install/ee4308_core/share/ee4308_core/environment/ament_prefix_path.sh
[1.109s] -- Symlinking: /home/lennoxtr/EE4308/Lab_1/install/ee4308_core/share/ee4308_core/environment/ament_prefix_path.dsv
[1.120s] -- Symlinking: /home/lennoxtr/EE4308/Lab_1/install/ee4308_core/share/ee4308_core/environment/path.sh
[1.127s] -- Symlinking: /home/lennoxtr/EE4308/Lab_1/install/ee4308_core/share/ee4308_core/environment/path.dsv
[1.136s] -- Symlinking: /home/lennoxtr/EE4308/Lab_1/install/ee4308_core/share/ee4308_core/local_setup.bash
[1.149s] -- Symlinking: /home/lennoxtr/EE4308/Lab_1/install/ee4308_core/share/ee4308_core/local_setup.sh
[1.155s] -- Symlinking: /home/lennoxtr/EE4308/Lab_1/install/ee4308_core/share/ee4308_core/local_setup.zsh
[1.165s] -- Symlinking: /home/lennoxtr/EE4308/Lab_1/install/ee4308_core/share/ee4308_core/local_setup.dsv
[1.173s] -- Symlinking: /home/lennoxtr/EE4308/Lab_1/install/ee4308_core/share/ee4308_core/package.dsv
[1.183s] -- Symlinking: /home/lennoxtr/EE4308/Lab_1/install/ee4308_core/share/ament_index/resource_index/packages/ee4308_core
[1.192s] -- Symlinking: /home/lennoxtr/EE4308/Lab_1/install/ee4308_core/share/ee4308_core/cmake/ament_cmake_export_include_directories-extras.cmake
[1.203s] -- Symlinking: /home/lennoxtr/EE4308/Lab_1/install/ee4308_core/share/ee4308_core/cmake/ee4308_coreConfig.cmake
[1.212s] -- Symlinking: /home/lennoxtr/EE4308/Lab_1/install/ee4308_core/share/ee4308_core/cmake/ee4308_coreConfig-version.cmake
[1.220s] -- Symlinking: /home/lennoxtr/EE4308/Lab_1/install/ee4308_core/share/ee4308_core/package.xml
[1.235s] Invoked command in '/home/lennoxtr/EE4308/Lab_1/build/ee4308_core' returned '0': CMAKE_PREFIX_PATH=/opt/ros/humble /usr/bin/cmake --install /home/lennoxtr/EE4308/Lab_1/build/ee4308_core
