[0.022s] Invoking command in '/home/lennoxtr/EE4308/Lab_1/build/ee4308_bringup': CMAKE_PREFIX_PATH=/opt/ros/humble /usr/bin/cmake /home/lennoxtr/EE4308/Lab_1/src/ee4308_bringup -DAMENT_CMAKE_SYMLINK_INSTALL=1 -DCMAKE_INSTALL_PREFIX=/home/lennoxtr/EE4308/Lab_1/install/ee4308_bringup
[0.163s] -- The C compiler identification is GNU 11.4.0
[0.289s] -- The CXX compiler identification is GNU 11.4.0
[0.298s] -- Detecting C compiler ABI info
[0.389s] -- Detecting C compiler ABI info - done
[0.399s] -- Check for working C compiler: /usr/bin/cc - skipped
[0.399s] -- Detecting C compile features
[0.399s] -- Detecting C compile features - done
[0.401s] -- Detecting CXX compiler ABI info
[0.488s] -- Detecting CXX compiler ABI info - done
[0.496s] -- Check for working CXX compiler: /usr/bin/c++ - skipped
[0.497s] -- Detecting CXX compile features
[0.500s] -- Detecting CXX compile features - done
[0.502s] -- Found ament_cmake: 1.3.11 (/opt/ros/humble/share/ament_cmake/cmake)
[0.700s] -- Found Python3: /usr/bin/python3 (found version "3.10.12") found components: Interpreter 
[0.839s] -- Override CMake install command with custom implementation using symlinks instead of copying resources
[0.967s] -- Configuring done
[0.970s] -- Generating done
[0.971s] -- Build files have been written to: /home/lennoxtr/EE4308/Lab_1/build/ee4308_bringup
[0.985s] Invoked command in '/home/lennoxtr/EE4308/Lab_1/build/ee4308_bringup' returned '0': CMAKE_PREFIX_PATH=/opt/ros/humble /usr/bin/cmake /home/lennoxtr/EE4308/Lab_1/src/ee4308_bringup -DAMENT_CMAKE_SYMLINK_INSTALL=1 -DCMAKE_INSTALL_PREFIX=/home/lennoxtr/EE4308/Lab_1/install/ee4308_bringup
[0.986s] Invoking command in '/home/lennoxtr/EE4308/Lab_1/build/ee4308_bringup': CMAKE_PREFIX_PATH=/opt/ros/humble /usr/bin/cmake --build /home/lennoxtr/EE4308/Lab_1/build/ee4308_bringup -- -j6 -l6
[1.025s] Invoked command in '/home/lennoxtr/EE4308/Lab_1/build/ee4308_bringup' returned '0': CMAKE_PREFIX_PATH=/opt/ros/humble /usr/bin/cmake --build /home/lennoxtr/EE4308/Lab_1/build/ee4308_bringup -- -j6 -l6
[1.036s] Invoking command in '/home/lennoxtr/EE4308/Lab_1/build/ee4308_bringup': CMAKE_PREFIX_PATH=/opt/ros/humble /usr/bin/cmake --install /home/lennoxtr/EE4308/Lab_1/build/ee4308_bringup
[1.045s] -- Install configuration: ""
[1.045s] -- Execute custom install script
[1.045s] -- Symlinking: /home/lennoxtr/EE4308/Lab_1/install/ee4308_bringup/share/ee4308_bringup//launch/proj1.launch.py
[1.057s] -- Symlinking: /home/lennoxtr/EE4308/Lab_1/install/ee4308_bringup/share/ee4308_bringup//launch/proj1_sim.launch.py
[1.063s] -- Symlinking: /home/lennoxtr/EE4308/Lab_1/install/ee4308_bringup/share/ee4308_bringup//launch/proj1_sim_slam.launch.py
[1.071s] -- Symlinking: /home/lennoxtr/EE4308/Lab_1/install/ee4308_bringup/share/ee4308_bringup//launch/proj1_slam.launch.py
[1.082s] -- Symlinking: /home/lennoxtr/EE4308/Lab_1/install/ee4308_bringup/share/ee4308_bringup//rviz/.gitignore
[1.092s] -- Symlinking: /home/lennoxtr/EE4308/Lab_1/install/ee4308_bringup/share/ee4308_bringup//params/proj1.yaml
[1.100s] -- Symlinking: /home/lennoxtr/EE4308/Lab_1/install/ee4308_bringup/share/ee4308_bringup//maps/.gitignore
[1.112s] -- Symlinking: /home/lennoxtr/EE4308/Lab_1/install/ee4308_bringup/share/ee4308_bringup//urdf/turtle_proj1.urdf.xacro
[1.121s] -- Symlinking: /home/lennoxtr/EE4308/Lab_1/install/ee4308_bringup/share/ee4308_bringup//worlds/empty_world.world
[1.135s] -- Symlinking: /home/lennoxtr/EE4308/Lab_1/install/ee4308_bringup/share/ee4308_bringup//worlds/turtlebot3_house.world
[1.145s] -- Symlinking: /home/lennoxtr/EE4308/Lab_1/install/ee4308_bringup/share/ament_index/resource_index/package_run_dependencies/ee4308_bringup
[1.153s] -- Symlinking: /home/lennoxtr/EE4308/Lab_1/install/ee4308_bringup/share/ament_index/resource_index/parent_prefix_path/ee4308_bringup
[1.162s] -- Symlinking: /home/lennoxtr/EE4308/Lab_1/install/ee4308_bringup/share/ee4308_bringup/environment/ament_prefix_path.sh
[1.171s] -- Symlinking: /home/lennoxtr/EE4308/Lab_1/install/ee4308_bringup/share/ee4308_bringup/environment/ament_prefix_path.dsv
[1.181s] -- Symlinking: /home/lennoxtr/EE4308/Lab_1/install/ee4308_bringup/share/ee4308_bringup/environment/path.sh
[1.190s] -- Symlinking: /home/lennoxtr/EE4308/Lab_1/install/ee4308_bringup/share/ee4308_bringup/environment/path.dsv
[1.197s] -- Symlinking: /home/lennoxtr/EE4308/Lab_1/install/ee4308_bringup/share/ee4308_bringup/local_setup.bash
[1.206s] -- Symlinking: /home/lennoxtr/EE4308/Lab_1/install/ee4308_bringup/share/ee4308_bringup/local_setup.sh
[1.214s] -- Symlinking: /home/lennoxtr/EE4308/Lab_1/install/ee4308_bringup/share/ee4308_bringup/local_setup.zsh
[1.229s] -- Symlinking: /home/lennoxtr/EE4308/Lab_1/install/ee4308_bringup/share/ee4308_bringup/local_setup.dsv
[1.236s] -- Symlinking: /home/lennoxtr/EE4308/Lab_1/install/ee4308_bringup/share/ee4308_bringup/package.dsv
[1.249s] -- Symlinking: /home/lennoxtr/EE4308/Lab_1/install/ee4308_bringup/share/ament_index/resource_index/packages/ee4308_bringup
[1.257s] -- Symlinking: /home/lennoxtr/EE4308/Lab_1/install/ee4308_bringup/share/ee4308_bringup/cmake/ament_cmake_export_dependencies-extras.cmake
[1.266s] -- Symlinking: /home/lennoxtr/EE4308/Lab_1/install/ee4308_bringup/share/ee4308_bringup/cmake/ee4308_bringupConfig.cmake
[1.279s] -- Symlinking: /home/lennoxtr/EE4308/Lab_1/install/ee4308_bringup/share/ee4308_bringup/cmake/ee4308_bringupConfig-version.cmake
[1.286s] -- Symlinking: /home/lennoxtr/EE4308/Lab_1/install/ee4308_bringup/share/ee4308_bringup/package.xml
[1.301s] Invoked command in '/home/lennoxtr/EE4308/Lab_1/build/ee4308_bringup' returned '0': CMAKE_PREFIX_PATH=/opt/ros/humble /usr/bin/cmake --install /home/lennoxtr/EE4308/Lab_1/build/ee4308_bringup
