[0.040s] Invoking command in '/home/lennoxtr/EE4308/Lab_1/build/turtlebot3_msgs': CMAKE_PREFIX_PATH=/opt/ros/humble /usr/bin/cmake /home/lennoxtr/EE4308/Lab_1/src/turtlebot3_msgs -DCMAKE_INSTALL_PREFIX=/home/lennoxtr/EE4308/Lab_1/install/turtlebot3_msgs
[0.231s] -- Found action_msgs: 1.2.1 (/opt/ros/humble/share/action_msgs/cmake)
[0.231s] -- Override CMake install command with custom implementation using symlinks instead of copying resources
[0.231s] -- Found rosidl_generator_c: 3.1.6 (/opt/ros/humble/share/rosidl_generator_c/cmake)
[0.231s] -- Found rosidl_adapter: 3.1.6 (/opt/ros/humble/share/rosidl_adapter/cmake)
[0.231s] -- Found rosidl_generator_cpp: 3.1.6 (/opt/ros/humble/share/rosidl_generator_cpp/cmake)
[0.231s] -- Using all available rosidl_typesupport_c: rosidl_typesupport_fastrtps_c;rosidl_typesupport_introspection_c
[0.241s] -- Using all available rosidl_typesupport_cpp: rosidl_typesupport_fastrtps_cpp;rosidl_typesupport_introspection_cpp
[0.273s] -- Found rosidl_default_generators: 1.2.0 (/opt/ros/humble/share/rosidl_default_generators/cmake)
[0.278s] -- Found std_msgs: 4.2.4 (/opt/ros/humble/share/std_msgs/cmake)
[0.598s] -- Found ament_cmake_cppcheck: 0.12.11 (/opt/ros/humble/share/ament_cmake_cppcheck/cmake)
[0.599s] -- Found ament_cmake_cpplint: 0.12.11 (/opt/ros/humble/share/ament_cmake_cpplint/cmake)
[0.600s] -- Found ament_cmake_uncrustify: 0.12.11 (/opt/ros/humble/share/ament_cmake_uncrustify/cmake)
[0.601s] -- Found ament_cmake_ros: 0.10.0 (/opt/ros/humble/share/ament_cmake_ros/cmake)
[0.962s] -- Using all available rosidl_typesupport_c: rosidl_typesupport_fastrtps_c;rosidl_typesupport_introspection_c
[1.108s] -- Using all available rosidl_typesupport_cpp: rosidl_typesupport_fastrtps_cpp;rosidl_typesupport_introspection_cpp
[1.135s] -- Found python_cmake_module: 0.10.0 (/opt/ros/humble/share/python_cmake_module/cmake)
[1.160s] -- Using PYTHON_EXECUTABLE: /usr/bin/python3
[1.160s] -- Using PYTHON_INCLUDE_DIRS: /usr/include/python3.10
[1.161s] -- Using PYTHON_LIBRARIES: /usr/lib/x86_64-linux-gnu/libpython3.10.so
[1.199s] -- Found ament_cmake_flake8: 0.12.11 (/opt/ros/humble/share/ament_cmake_flake8/cmake)
[1.201s] -- Found ament_cmake_pep257: 0.12.11 (/opt/ros/humble/share/ament_cmake_pep257/cmake)
[1.211s] -- Configuring done
[1.274s] -- Generating done
[1.289s] -- Build files have been written to: /home/lennoxtr/EE4308/Lab_1/build/turtlebot3_msgs
[1.301s] Invoked command in '/home/lennoxtr/EE4308/Lab_1/build/turtlebot3_msgs' returned '0': CMAKE_PREFIX_PATH=/opt/ros/humble /usr/bin/cmake /home/lennoxtr/EE4308/Lab_1/src/turtlebot3_msgs -DCMAKE_INSTALL_PREFIX=/home/lennoxtr/EE4308/Lab_1/install/turtlebot3_msgs
[1.302s] Invoking command in '/home/lennoxtr/EE4308/Lab_1/build/turtlebot3_msgs': CMAKE_PREFIX_PATH=/opt/ros/humble /usr/bin/cmake --build /home/lennoxtr/EE4308/Lab_1/build/turtlebot3_msgs -- -j6 -l6
[1.340s] [35m[1mConsolidate compiler generated dependencies of target turtlebot3_msgs__rosidl_generator_c[0m
[1.351s] [  1%] Built target turtlebot3_msgs__cpp
[1.352s] [ 12%] Built target turtlebot3_msgs__rosidl_generator_c
[1.366s] [35m[1mConsolidate compiler generated dependencies of target turtlebot3_msgs__rosidl_typesupport_cpp[0m
[1.366s] [35m[1mConsolidate compiler generated dependencies of target turtlebot3_msgs__rosidl_typesupport_fastrtps_cpp[0m
[1.366s] [35m[1mConsolidate compiler generated dependencies of target turtlebot3_msgs__rosidl_typesupport_c[0m
[1.366s] [35m[1mConsolidate compiler generated dependencies of target turtlebot3_msgs__rosidl_typesupport_introspection_c[0m
[1.368s] [ 12%] Built target ament_cmake_python_symlink_turtlebot3_msgs
[1.379s] [35m[1mConsolidate compiler generated dependencies of target turtlebot3_msgs__rosidl_typesupport_introspection_cpp[0m
[1.380s] [ 23%] Built target turtlebot3_msgs__rosidl_typesupport_cpp
[1.383s] [ 35%] Built target turtlebot3_msgs__rosidl_typesupport_fastrtps_cpp
[1.389s] [ 46%] Built target turtlebot3_msgs__rosidl_typesupport_introspection_c
[1.391s] [ 57%] Built target turtlebot3_msgs__rosidl_typesupport_c
[1.395s] [35m[1mConsolidate compiler generated dependencies of target turtlebot3_msgs__rosidl_typesupport_fastrtps_c[0m
[1.399s] [ 69%] Built target turtlebot3_msgs__rosidl_typesupport_introspection_cpp
[1.412s] [ 80%] Built target turtlebot3_msgs__rosidl_typesupport_fastrtps_c
[1.434s] [ 80%] Built target turtlebot3_msgs
[1.459s] [ 81%] Built target turtlebot3_msgs__py
[1.472s] [35m[1mConsolidate compiler generated dependencies of target turtlebot3_msgs__rosidl_generator_py[0m
[1.487s] [ 91%] Built target turtlebot3_msgs__rosidl_generator_py
[1.497s] [35m[1mConsolidate compiler generated dependencies of target turtlebot3_msgs__rosidl_typesupport_c__pyext[0m
[1.497s] [35m[1mConsolidate compiler generated dependencies of target turtlebot3_msgs__rosidl_typesupport_introspection_c__pyext[0m
[1.497s] [35m[1mConsolidate compiler generated dependencies of target turtlebot3_msgs__rosidl_typesupport_fastrtps_c__pyext[0m
[1.509s] [ 94%] Built target turtlebot3_msgs__rosidl_typesupport_c__pyext
[1.510s] [ 97%] Built target turtlebot3_msgs__rosidl_typesupport_introspection_c__pyext
[1.516s] [100%] Built target turtlebot3_msgs__rosidl_typesupport_fastrtps_c__pyext
[1.611s] running egg_info
[1.612s] writing turtlebot3_msgs.egg-info/PKG-INFO
[1.612s] writing dependency_links to turtlebot3_msgs.egg-info/dependency_links.txt
[1.613s] writing top-level names to turtlebot3_msgs.egg-info/top_level.txt
[1.615s] reading manifest file 'turtlebot3_msgs.egg-info/SOURCES.txt'
[1.615s] writing manifest file 'turtlebot3_msgs.egg-info/SOURCES.txt'
[1.641s] [100%] Built target ament_cmake_python_build_turtlebot3_msgs_egg
[1.653s] Invoked command in '/home/lennoxtr/EE4308/Lab_1/build/turtlebot3_msgs' returned '0': CMAKE_PREFIX_PATH=/opt/ros/humble /usr/bin/cmake --build /home/lennoxtr/EE4308/Lab_1/build/turtlebot3_msgs -- -j6 -l6
[1.655s] Invoking command in '/home/lennoxtr/EE4308/Lab_1/build/turtlebot3_msgs': CMAKE_PREFIX_PATH=/opt/ros/humble /usr/bin/cmake --install /home/lennoxtr/EE4308/Lab_1/build/turtlebot3_msgs
[1.662s] -- Install configuration: ""
[1.662s] -- Execute custom install script
[1.662s] -- Up-to-date symlink: /home/lennoxtr/EE4308/Lab_1/install/turtlebot3_msgs/share/ament_index/resource_index/rosidl_interfaces/turtlebot3_msgs
[1.663s] -- Up-to-date symlink: /home/lennoxtr/EE4308/Lab_1/install/turtlebot3_msgs/include/turtlebot3_msgs/turtlebot3_msgs/action/detail/patrol__functions.h
[1.663s] -- Up-to-date symlink: /home/lennoxtr/EE4308/Lab_1/install/turtlebot3_msgs/include/turtlebot3_msgs/turtlebot3_msgs/action/detail/patrol__struct.h
[1.663s] -- Up-to-date symlink: /home/lennoxtr/EE4308/Lab_1/install/turtlebot3_msgs/include/turtlebot3_msgs/turtlebot3_msgs/action/detail/patrol__type_support.h
[1.664s] -- Up-to-date symlink: /home/lennoxtr/EE4308/Lab_1/install/turtlebot3_msgs/include/turtlebot3_msgs/turtlebot3_msgs/action/patrol.h
[1.664s] -- Up-to-date symlink: /home/lennoxtr/EE4308/Lab_1/install/turtlebot3_msgs/include/turtlebot3_msgs/turtlebot3_msgs/msg/detail/sensor_state__functions.h
[1.664s] -- Up-to-date symlink: /home/lennoxtr/EE4308/Lab_1/install/turtlebot3_msgs/include/turtlebot3_msgs/turtlebot3_msgs/msg/detail/sensor_state__struct.h
[1.664s] -- Up-to-date symlink: /home/lennoxtr/EE4308/Lab_1/install/turtlebot3_msgs/include/turtlebot3_msgs/turtlebot3_msgs/msg/detail/sensor_state__type_support.h
[1.665s] -- Up-to-date symlink: /home/lennoxtr/EE4308/Lab_1/install/turtlebot3_msgs/include/turtlebot3_msgs/turtlebot3_msgs/msg/detail/sound__functions.h
[1.665s] -- Up-to-date symlink: /home/lennoxtr/EE4308/Lab_1/install/turtlebot3_msgs/include/turtlebot3_msgs/turtlebot3_msgs/msg/detail/sound__struct.h
[1.665s] -- Up-to-date symlink: /home/lennoxtr/EE4308/Lab_1/install/turtlebot3_msgs/include/turtlebot3_msgs/turtlebot3_msgs/msg/detail/sound__type_support.h
[1.665s] -- Up-to-date symlink: /home/lennoxtr/EE4308/Lab_1/install/turtlebot3_msgs/include/turtlebot3_msgs/turtlebot3_msgs/msg/detail/version_info__functions.h
[1.665s] -- Up-to-date symlink: /home/lennoxtr/EE4308/Lab_1/install/turtlebot3_msgs/include/turtlebot3_msgs/turtlebot3_msgs/msg/detail/version_info__struct.h
[1.665s] -- Up-to-date symlink: /home/lennoxtr/EE4308/Lab_1/install/turtlebot3_msgs/include/turtlebot3_msgs/turtlebot3_msgs/msg/detail/version_info__type_support.h
[1.665s] -- Up-to-date symlink: /home/lennoxtr/EE4308/Lab_1/install/turtlebot3_msgs/include/turtlebot3_msgs/turtlebot3_msgs/msg/rosidl_generator_c__visibility_control.h
[1.665s] -- Up-to-date symlink: /home/lennoxtr/EE4308/Lab_1/install/turtlebot3_msgs/include/turtlebot3_msgs/turtlebot3_msgs/msg/sensor_state.h
[1.665s] -- Up-to-date symlink: /home/lennoxtr/EE4308/Lab_1/install/turtlebot3_msgs/include/turtlebot3_msgs/turtlebot3_msgs/msg/sound.h
[1.665s] -- Up-to-date symlink: /home/lennoxtr/EE4308/Lab_1/install/turtlebot3_msgs/include/turtlebot3_msgs/turtlebot3_msgs/msg/version_info.h
[1.666s] -- Up-to-date symlink: /home/lennoxtr/EE4308/Lab_1/install/turtlebot3_msgs/include/turtlebot3_msgs/turtlebot3_msgs/srv/detail/dqn__functions.h
[1.666s] -- Up-to-date symlink: /home/lennoxtr/EE4308/Lab_1/install/turtlebot3_msgs/include/turtlebot3_msgs/turtlebot3_msgs/srv/detail/dqn__struct.h
[1.666s] -- Up-to-date symlink: /home/lennoxtr/EE4308/Lab_1/install/turtlebot3_msgs/include/turtlebot3_msgs/turtlebot3_msgs/srv/detail/dqn__type_support.h
[1.666s] -- Up-to-date symlink: /home/lennoxtr/EE4308/Lab_1/install/turtlebot3_msgs/include/turtlebot3_msgs/turtlebot3_msgs/srv/detail/sound__functions.h
[1.666s] -- Up-to-date symlink: /home/lennoxtr/EE4308/Lab_1/install/turtlebot3_msgs/include/turtlebot3_msgs/turtlebot3_msgs/srv/detail/sound__struct.h
[1.666s] -- Up-to-date symlink: /home/lennoxtr/EE4308/Lab_1/install/turtlebot3_msgs/include/turtlebot3_msgs/turtlebot3_msgs/srv/detail/sound__type_support.h
[1.666s] -- Up-to-date symlink: /home/lennoxtr/EE4308/Lab_1/install/turtlebot3_msgs/include/turtlebot3_msgs/turtlebot3_msgs/srv/dqn.h
[1.666s] -- Up-to-date symlink: /home/lennoxtr/EE4308/Lab_1/install/turtlebot3_msgs/include/turtlebot3_msgs/turtlebot3_msgs/srv/sound.h
[1.667s] -- Up-to-date symlink: /home/lennoxtr/EE4308/Lab_1/install/turtlebot3_msgs/share/turtlebot3_msgs/environment/library_path.sh
[1.667s] -- Up-to-date symlink: /home/lennoxtr/EE4308/Lab_1/install/turtlebot3_msgs/share/turtlebot3_msgs/environment/library_path.dsv
[1.667s] -- Up-to-date symlink: /home/lennoxtr/EE4308/Lab_1/install/turtlebot3_msgs/include/turtlebot3_msgs/turtlebot3_msgs/action/detail/patrol__rosidl_typesupport_fastrtps_c.h
[1.667s] -- Up-to-date symlink: /home/lennoxtr/EE4308/Lab_1/install/turtlebot3_msgs/include/turtlebot3_msgs/turtlebot3_msgs/msg/detail/sensor_state__rosidl_typesupport_fastrtps_c.h
[1.667s] -- Up-to-date symlink: /home/lennoxtr/EE4308/Lab_1/install/turtlebot3_msgs/include/turtlebot3_msgs/turtlebot3_msgs/msg/detail/sound__rosidl_typesupport_fastrtps_c.h
[1.668s] -- Up-to-date symlink: /home/lennoxtr/EE4308/Lab_1/install/turtlebot3_msgs/include/turtlebot3_msgs/turtlebot3_msgs/msg/detail/version_info__rosidl_typesupport_fastrtps_c.h
[1.668s] -- Up-to-date symlink: /home/lennoxtr/EE4308/Lab_1/install/turtlebot3_msgs/include/turtlebot3_msgs/turtlebot3_msgs/msg/rosidl_typesupport_fastrtps_c__visibility_control.h
[1.668s] -- Up-to-date symlink: /home/lennoxtr/EE4308/Lab_1/install/turtlebot3_msgs/include/turtlebot3_msgs/turtlebot3_msgs/srv/detail/dqn__rosidl_typesupport_fastrtps_c.h
[1.668s] -- Up-to-date symlink: /home/lennoxtr/EE4308/Lab_1/install/turtlebot3_msgs/include/turtlebot3_msgs/turtlebot3_msgs/srv/detail/sound__rosidl_typesupport_fastrtps_c.h
[1.668s] -- Up-to-date symlink: /home/lennoxtr/EE4308/Lab_1/install/turtlebot3_msgs/include/turtlebot3_msgs/turtlebot3_msgs/action/detail/patrol__builder.hpp
[1.668s] -- Up-to-date symlink: /home/lennoxtr/EE4308/Lab_1/install/turtlebot3_msgs/include/turtlebot3_msgs/turtlebot3_msgs/action/detail/patrol__struct.hpp
[1.668s] -- Up-to-date symlink: /home/lennoxtr/EE4308/Lab_1/install/turtlebot3_msgs/include/turtlebot3_msgs/turtlebot3_msgs/action/detail/patrol__traits.hpp
[1.669s] -- Up-to-date symlink: /home/lennoxtr/EE4308/Lab_1/install/turtlebot3_msgs/include/turtlebot3_msgs/turtlebot3_msgs/action/detail/patrol__type_support.hpp
[1.669s] -- Up-to-date symlink: /home/lennoxtr/EE4308/Lab_1/install/turtlebot3_msgs/include/turtlebot3_msgs/turtlebot3_msgs/action/patrol.hpp
[1.669s] -- Up-to-date symlink: /home/lennoxtr/EE4308/Lab_1/install/turtlebot3_msgs/include/turtlebot3_msgs/turtlebot3_msgs/msg/detail/sensor_state__builder.hpp
[1.669s] -- Up-to-date symlink: /home/lennoxtr/EE4308/Lab_1/install/turtlebot3_msgs/include/turtlebot3_msgs/turtlebot3_msgs/msg/detail/sensor_state__struct.hpp
[1.669s] -- Up-to-date symlink: /home/lennoxtr/EE4308/Lab_1/install/turtlebot3_msgs/include/turtlebot3_msgs/turtlebot3_msgs/msg/detail/sensor_state__traits.hpp
[1.669s] -- Up-to-date symlink: /home/lennoxtr/EE4308/Lab_1/install/turtlebot3_msgs/include/turtlebot3_msgs/turtlebot3_msgs/msg/detail/sensor_state__type_support.hpp
[1.669s] -- Up-to-date symlink: /home/lennoxtr/EE4308/Lab_1/install/turtlebot3_msgs/include/turtlebot3_msgs/turtlebot3_msgs/msg/detail/sound__builder.hpp
[1.669s] -- Up-to-date symlink: /home/lennoxtr/EE4308/Lab_1/install/turtlebot3_msgs/include/turtlebot3_msgs/turtlebot3_msgs/msg/detail/sound__struct.hpp
[1.669s] -- Up-to-date symlink: /home/lennoxtr/EE4308/Lab_1/install/turtlebot3_msgs/include/turtlebot3_msgs/turtlebot3_msgs/msg/detail/sound__traits.hpp
[1.670s] -- Up-to-date symlink: /home/lennoxtr/EE4308/Lab_1/install/turtlebot3_msgs/include/turtlebot3_msgs/turtlebot3_msgs/msg/detail/sound__type_support.hpp
[1.670s] -- Up-to-date symlink: /home/lennoxtr/EE4308/Lab_1/install/turtlebot3_msgs/include/turtlebot3_msgs/turtlebot3_msgs/msg/detail/version_info__builder.hpp
[1.670s] -- Up-to-date symlink: /home/lennoxtr/EE4308/Lab_1/install/turtlebot3_msgs/include/turtlebot3_msgs/turtlebot3_msgs/msg/detail/version_info__struct.hpp
[1.670s] -- Up-to-date symlink: /home/lennoxtr/EE4308/Lab_1/install/turtlebot3_msgs/include/turtlebot3_msgs/turtlebot3_msgs/msg/detail/version_info__traits.hpp
[1.670s] -- Up-to-date symlink: /home/lennoxtr/EE4308/Lab_1/install/turtlebot3_msgs/include/turtlebot3_msgs/turtlebot3_msgs/msg/detail/version_info__type_support.hpp
[1.670s] -- Up-to-date symlink: /home/lennoxtr/EE4308/Lab_1/install/turtlebot3_msgs/include/turtlebot3_msgs/turtlebot3_msgs/msg/rosidl_generator_cpp__visibility_control.hpp
[1.670s] -- Up-to-date symlink: /home/lennoxtr/EE4308/Lab_1/install/turtlebot3_msgs/include/turtlebot3_msgs/turtlebot3_msgs/msg/sensor_state.hpp
[1.670s] -- Up-to-date symlink: /home/lennoxtr/EE4308/Lab_1/install/turtlebot3_msgs/include/turtlebot3_msgs/turtlebot3_msgs/msg/sound.hpp
[1.670s] -- Up-to-date symlink: /home/lennoxtr/EE4308/Lab_1/install/turtlebot3_msgs/include/turtlebot3_msgs/turtlebot3_msgs/msg/version_info.hpp
[1.670s] -- Up-to-date symlink: /home/lennoxtr/EE4308/Lab_1/install/turtlebot3_msgs/include/turtlebot3_msgs/turtlebot3_msgs/srv/detail/dqn__builder.hpp
[1.671s] -- Up-to-date symlink: /home/lennoxtr/EE4308/Lab_1/install/turtlebot3_msgs/include/turtlebot3_msgs/turtlebot3_msgs/srv/detail/dqn__struct.hpp
[1.671s] -- Up-to-date symlink: /home/lennoxtr/EE4308/Lab_1/install/turtlebot3_msgs/include/turtlebot3_msgs/turtlebot3_msgs/srv/detail/dqn__traits.hpp
[1.671s] -- Up-to-date symlink: /home/lennoxtr/EE4308/Lab_1/install/turtlebot3_msgs/include/turtlebot3_msgs/turtlebot3_msgs/srv/detail/dqn__type_support.hpp
[1.671s] -- Up-to-date symlink: /home/lennoxtr/EE4308/Lab_1/install/turtlebot3_msgs/include/turtlebot3_msgs/turtlebot3_msgs/srv/detail/sound__builder.hpp
[1.671s] -- Up-to-date symlink: /home/lennoxtr/EE4308/Lab_1/install/turtlebot3_msgs/include/turtlebot3_msgs/turtlebot3_msgs/srv/detail/sound__struct.hpp
[1.671s] -- Up-to-date symlink: /home/lennoxtr/EE4308/Lab_1/install/turtlebot3_msgs/include/turtlebot3_msgs/turtlebot3_msgs/srv/detail/sound__traits.hpp
[1.671s] -- Up-to-date symlink: /home/lennoxtr/EE4308/Lab_1/install/turtlebot3_msgs/include/turtlebot3_msgs/turtlebot3_msgs/srv/detail/sound__type_support.hpp
[1.671s] -- Up-to-date symlink: /home/lennoxtr/EE4308/Lab_1/install/turtlebot3_msgs/include/turtlebot3_msgs/turtlebot3_msgs/srv/dqn.hpp
[1.671s] -- Up-to-date symlink: /home/lennoxtr/EE4308/Lab_1/install/turtlebot3_msgs/include/turtlebot3_msgs/turtlebot3_msgs/srv/sound.hpp
[1.672s] -- Up-to-date symlink: /home/lennoxtr/EE4308/Lab_1/install/turtlebot3_msgs/include/turtlebot3_msgs/turtlebot3_msgs/action/detail/patrol__rosidl_typesupport_fastrtps_cpp.hpp
[1.672s] -- Up-to-date symlink: /home/lennoxtr/EE4308/Lab_1/install/turtlebot3_msgs/include/turtlebot3_msgs/turtlebot3_msgs/msg/detail/sensor_state__rosidl_typesupport_fastrtps_cpp.hpp
[1.672s] -- Up-to-date symlink: /home/lennoxtr/EE4308/Lab_1/install/turtlebot3_msgs/include/turtlebot3_msgs/turtlebot3_msgs/msg/detail/sound__rosidl_typesupport_fastrtps_cpp.hpp
[1.672s] -- Up-to-date symlink: /home/lennoxtr/EE4308/Lab_1/install/turtlebot3_msgs/include/turtlebot3_msgs/turtlebot3_msgs/msg/detail/version_info__rosidl_typesupport_fastrtps_cpp.hpp
[1.672s] -- Up-to-date symlink: /home/lennoxtr/EE4308/Lab_1/install/turtlebot3_msgs/include/turtlebot3_msgs/turtlebot3_msgs/msg/rosidl_typesupport_fastrtps_cpp__visibility_control.h
[1.672s] -- Up-to-date symlink: /home/lennoxtr/EE4308/Lab_1/install/turtlebot3_msgs/include/turtlebot3_msgs/turtlebot3_msgs/srv/detail/dqn__rosidl_typesupport_fastrtps_cpp.hpp
[1.672s] -- Up-to-date symlink: /home/lennoxtr/EE4308/Lab_1/install/turtlebot3_msgs/include/turtlebot3_msgs/turtlebot3_msgs/srv/detail/sound__rosidl_typesupport_fastrtps_cpp.hpp
[1.673s] -- Up-to-date symlink: /home/lennoxtr/EE4308/Lab_1/install/turtlebot3_msgs/include/turtlebot3_msgs/turtlebot3_msgs/action/detail/patrol__rosidl_typesupport_introspection_c.h
[1.673s] -- Up-to-date symlink: /home/lennoxtr/EE4308/Lab_1/install/turtlebot3_msgs/include/turtlebot3_msgs/turtlebot3_msgs/msg/detail/sensor_state__rosidl_typesupport_introspection_c.h
[1.673s] -- Up-to-date symlink: /home/lennoxtr/EE4308/Lab_1/install/turtlebot3_msgs/include/turtlebot3_msgs/turtlebot3_msgs/msg/detail/sound__rosidl_typesupport_introspection_c.h
[1.673s] -- Up-to-date symlink: /home/lennoxtr/EE4308/Lab_1/install/turtlebot3_msgs/include/turtlebot3_msgs/turtlebot3_msgs/msg/detail/version_info__rosidl_typesupport_introspection_c.h
[1.673s] -- Up-to-date symlink: /home/lennoxtr/EE4308/Lab_1/install/turtlebot3_msgs/include/turtlebot3_msgs/turtlebot3_msgs/msg/rosidl_typesupport_introspection_c__visibility_control.h
[1.673s] -- Up-to-date symlink: /home/lennoxtr/EE4308/Lab_1/install/turtlebot3_msgs/include/turtlebot3_msgs/turtlebot3_msgs/srv/detail/dqn__rosidl_typesupport_introspection_c.h
[1.673s] -- Up-to-date symlink: /home/lennoxtr/EE4308/Lab_1/install/turtlebot3_msgs/include/turtlebot3_msgs/turtlebot3_msgs/srv/detail/sound__rosidl_typesupport_introspection_c.h
[1.673s] -- Up-to-date symlink: /home/lennoxtr/EE4308/Lab_1/install/turtlebot3_msgs/include/turtlebot3_msgs/turtlebot3_msgs/action/detail/patrol__rosidl_typesupport_introspection_cpp.hpp
[1.674s] -- Up-to-date symlink: /home/lennoxtr/EE4308/Lab_1/install/turtlebot3_msgs/include/turtlebot3_msgs/turtlebot3_msgs/msg/detail/sensor_state__rosidl_typesupport_introspection_cpp.hpp
[1.674s] -- Up-to-date symlink: /home/lennoxtr/EE4308/Lab_1/install/turtlebot3_msgs/include/turtlebot3_msgs/turtlebot3_msgs/msg/detail/sound__rosidl_typesupport_introspection_cpp.hpp
[1.674s] -- Up-to-date symlink: /home/lennoxtr/EE4308/Lab_1/install/turtlebot3_msgs/include/turtlebot3_msgs/turtlebot3_msgs/msg/detail/version_info__rosidl_typesupport_introspection_cpp.hpp
[1.674s] -- Up-to-date symlink: /home/lennoxtr/EE4308/Lab_1/install/turtlebot3_msgs/include/turtlebot3_msgs/turtlebot3_msgs/srv/detail/dqn__rosidl_typesupport_introspection_cpp.hpp
[1.674s] -- Up-to-date symlink: /home/lennoxtr/EE4308/Lab_1/install/turtlebot3_msgs/include/turtlebot3_msgs/turtlebot3_msgs/srv/detail/sound__rosidl_typesupport_introspection_cpp.hpp
[1.674s] -- Up-to-date symlink: /home/lennoxtr/EE4308/Lab_1/install/turtlebot3_msgs/share/turtlebot3_msgs/environment/pythonpath.sh
[1.674s] -- Up-to-date symlink: /home/lennoxtr/EE4308/Lab_1/install/turtlebot3_msgs/share/turtlebot3_msgs/environment/pythonpath.dsv
[1.674s] -- Up-to-date symlink: /home/lennoxtr/EE4308/Lab_1/install/turtlebot3_msgs/local/lib/python3.10/dist-packages/turtlebot3_msgs-2.2.3-py3.10.egg-info/PKG-INFO
[1.675s] -- Up-to-date symlink: /home/lennoxtr/EE4308/Lab_1/install/turtlebot3_msgs/local/lib/python3.10/dist-packages/turtlebot3_msgs-2.2.3-py3.10.egg-info/SOURCES.txt
[1.675s] -- Up-to-date symlink: /home/lennoxtr/EE4308/Lab_1/install/turtlebot3_msgs/local/lib/python3.10/dist-packages/turtlebot3_msgs-2.2.3-py3.10.egg-info/dependency_links.txt
[1.675s] -- Up-to-date symlink: /home/lennoxtr/EE4308/Lab_1/install/turtlebot3_msgs/local/lib/python3.10/dist-packages/turtlebot3_msgs-2.2.3-py3.10.egg-info/top_level.txt
[1.675s] -- Up-to-date symlink: /home/lennoxtr/EE4308/Lab_1/install/turtlebot3_msgs/local/lib/python3.10/dist-packages/turtlebot3_msgs/__init__.py
[1.676s] -- Up-to-date symlink: /home/lennoxtr/EE4308/Lab_1/install/turtlebot3_msgs/local/lib/python3.10/dist-packages/turtlebot3_msgs/_turtlebot3_msgs_s.ep.rosidl_typesupport_c.c
[1.676s] -- Up-to-date symlink: /home/lennoxtr/EE4308/Lab_1/install/turtlebot3_msgs/local/lib/python3.10/dist-packages/turtlebot3_msgs/_turtlebot3_msgs_s.ep.rosidl_typesupport_fastrtps_c.c
[1.676s] -- Up-to-date symlink: /home/lennoxtr/EE4308/Lab_1/install/turtlebot3_msgs/local/lib/python3.10/dist-packages/turtlebot3_msgs/_turtlebot3_msgs_s.ep.rosidl_typesupport_introspection_c.c
[1.676s] -- Up-to-date symlink: /home/lennoxtr/EE4308/Lab_1/install/turtlebot3_msgs/local/lib/python3.10/dist-packages/turtlebot3_msgs/action/__init__.py
[1.676s] -- Up-to-date symlink: /home/lennoxtr/EE4308/Lab_1/install/turtlebot3_msgs/local/lib/python3.10/dist-packages/turtlebot3_msgs/action/_patrol.py
[1.676s] -- Up-to-date symlink: /home/lennoxtr/EE4308/Lab_1/install/turtlebot3_msgs/local/lib/python3.10/dist-packages/turtlebot3_msgs/action/_patrol_s.c
[1.676s] -- Up-to-date symlink: /home/lennoxtr/EE4308/Lab_1/install/turtlebot3_msgs/local/lib/python3.10/dist-packages/turtlebot3_msgs/libturtlebot3_msgs__rosidl_generator_py.so
[1.676s] -- Up-to-date symlink: /home/lennoxtr/EE4308/Lab_1/install/turtlebot3_msgs/local/lib/python3.10/dist-packages/turtlebot3_msgs/msg/__init__.py
[1.676s] -- Up-to-date symlink: /home/lennoxtr/EE4308/Lab_1/install/turtlebot3_msgs/local/lib/python3.10/dist-packages/turtlebot3_msgs/msg/_sensor_state.py
[1.677s] -- Up-to-date symlink: /home/lennoxtr/EE4308/Lab_1/install/turtlebot3_msgs/local/lib/python3.10/dist-packages/turtlebot3_msgs/msg/_sensor_state_s.c
[1.677s] -- Up-to-date symlink: /home/lennoxtr/EE4308/Lab_1/install/turtlebot3_msgs/local/lib/python3.10/dist-packages/turtlebot3_msgs/msg/_sound.py
[1.677s] -- Up-to-date symlink: /home/lennoxtr/EE4308/Lab_1/install/turtlebot3_msgs/local/lib/python3.10/dist-packages/turtlebot3_msgs/msg/_sound_s.c
[1.677s] -- Up-to-date symlink: /home/lennoxtr/EE4308/Lab_1/install/turtlebot3_msgs/local/lib/python3.10/dist-packages/turtlebot3_msgs/msg/_version_info.py
[1.677s] -- Up-to-date symlink: /home/lennoxtr/EE4308/Lab_1/install/turtlebot3_msgs/local/lib/python3.10/dist-packages/turtlebot3_msgs/msg/_version_info_s.c
[1.677s] -- Up-to-date symlink: /home/lennoxtr/EE4308/Lab_1/install/turtlebot3_msgs/local/lib/python3.10/dist-packages/turtlebot3_msgs/srv/__init__.py
[1.677s] -- Up-to-date symlink: /home/lennoxtr/EE4308/Lab_1/install/turtlebot3_msgs/local/lib/python3.10/dist-packages/turtlebot3_msgs/srv/_dqn.py
[1.677s] -- Up-to-date symlink: /home/lennoxtr/EE4308/Lab_1/install/turtlebot3_msgs/local/lib/python3.10/dist-packages/turtlebot3_msgs/srv/_dqn_s.c
[1.677s] -- Up-to-date symlink: /home/lennoxtr/EE4308/Lab_1/install/turtlebot3_msgs/local/lib/python3.10/dist-packages/turtlebot3_msgs/srv/_sound.py
[1.677s] -- Up-to-date symlink: /home/lennoxtr/EE4308/Lab_1/install/turtlebot3_msgs/local/lib/python3.10/dist-packages/turtlebot3_msgs/srv/_sound_s.c
[1.677s] -- Up-to-date symlink: /home/lennoxtr/EE4308/Lab_1/install/turtlebot3_msgs/local/lib/python3.10/dist-packages/turtlebot3_msgs/turtlebot3_msgs_s__rosidl_typesupport_c.cpython-310-x86_64-linux-gnu.so
[1.678s] -- Up-to-date symlink: /home/lennoxtr/EE4308/Lab_1/install/turtlebot3_msgs/local/lib/python3.10/dist-packages/turtlebot3_msgs/turtlebot3_msgs_s__rosidl_typesupport_fastrtps_c.cpython-310-x86_64-linux-gnu.so
[1.678s] -- Up-to-date symlink: /home/lennoxtr/EE4308/Lab_1/install/turtlebot3_msgs/local/lib/python3.10/dist-packages/turtlebot3_msgs/turtlebot3_msgs_s__rosidl_typesupport_introspection_c.cpython-310-x86_64-linux-gnu.so
[1.678s] -- Up-to-date symlink: /home/lennoxtr/EE4308/Lab_1/install/turtlebot3_msgs/local/lib/python3.10/dist-packages/turtlebot3_msgs/turtlebot3_msgs_s__rosidl_typesupport_fastrtps_c.cpython-310-x86_64-linux-gnu.so
[1.678s] -- Up-to-date symlink: /home/lennoxtr/EE4308/Lab_1/install/turtlebot3_msgs/local/lib/python3.10/dist-packages/turtlebot3_msgs/turtlebot3_msgs_s__rosidl_typesupport_introspection_c.cpython-310-x86_64-linux-gnu.so
[1.678s] -- Up-to-date symlink: /home/lennoxtr/EE4308/Lab_1/install/turtlebot3_msgs/local/lib/python3.10/dist-packages/turtlebot3_msgs/turtlebot3_msgs_s__rosidl_typesupport_c.cpython-310-x86_64-linux-gnu.so
[1.678s] -- Up-to-date symlink: /home/lennoxtr/EE4308/Lab_1/install/turtlebot3_msgs/share/turtlebot3_msgs/msg/SensorState.idl
[1.679s] -- Up-to-date symlink: /home/lennoxtr/EE4308/Lab_1/install/turtlebot3_msgs/share/turtlebot3_msgs/msg/Sound.idl
[1.679s] -- Up-to-date symlink: /home/lennoxtr/EE4308/Lab_1/install/turtlebot3_msgs/share/turtlebot3_msgs/msg/VersionInfo.idl
[1.679s] -- Up-to-date symlink: /home/lennoxtr/EE4308/Lab_1/install/turtlebot3_msgs/share/turtlebot3_msgs/srv/Sound.idl
[1.679s] -- Up-to-date symlink: /home/lennoxtr/EE4308/Lab_1/install/turtlebot3_msgs/share/turtlebot3_msgs/srv/Dqn.idl
[1.679s] -- Up-to-date symlink: /home/lennoxtr/EE4308/Lab_1/install/turtlebot3_msgs/share/turtlebot3_msgs/action/Patrol.idl
[1.679s] -- Up-to-date symlink: /home/lennoxtr/EE4308/Lab_1/install/turtlebot3_msgs/share/turtlebot3_msgs/msg/SensorState.msg
[1.679s] -- Up-to-date symlink: /home/lennoxtr/EE4308/Lab_1/install/turtlebot3_msgs/share/turtlebot3_msgs/msg/Sound.msg
[1.680s] -- Up-to-date symlink: /home/lennoxtr/EE4308/Lab_1/install/turtlebot3_msgs/share/turtlebot3_msgs/msg/VersionInfo.msg
[1.680s] -- Up-to-date symlink: /home/lennoxtr/EE4308/Lab_1/install/turtlebot3_msgs/share/turtlebot3_msgs/srv/Sound.srv
[1.680s] -- Up-to-date symlink: /home/lennoxtr/EE4308/Lab_1/install/turtlebot3_msgs/share/turtlebot3_msgs/srv/Sound_Request.msg
[1.680s] -- Up-to-date symlink: /home/lennoxtr/EE4308/Lab_1/install/turtlebot3_msgs/share/turtlebot3_msgs/srv/Sound_Response.msg
[1.680s] -- Up-to-date symlink: /home/lennoxtr/EE4308/Lab_1/install/turtlebot3_msgs/share/turtlebot3_msgs/srv/Dqn.srv
[1.680s] -- Up-to-date symlink: /home/lennoxtr/EE4308/Lab_1/install/turtlebot3_msgs/share/turtlebot3_msgs/srv/Dqn_Request.msg
[1.680s] -- Up-to-date symlink: /home/lennoxtr/EE4308/Lab_1/install/turtlebot3_msgs/share/turtlebot3_msgs/srv/Dqn_Response.msg
[1.681s] -- Up-to-date symlink: /home/lennoxtr/EE4308/Lab_1/install/turtlebot3_msgs/share/turtlebot3_msgs/action/Patrol.action
[1.681s] -- Up-to-date symlink: /home/lennoxtr/EE4308/Lab_1/install/turtlebot3_msgs/share/ament_index/resource_index/package_run_dependencies/turtlebot3_msgs
[1.681s] -- Up-to-date symlink: /home/lennoxtr/EE4308/Lab_1/install/turtlebot3_msgs/share/ament_index/resource_index/parent_prefix_path/turtlebot3_msgs
[1.681s] -- Up-to-date symlink: /home/lennoxtr/EE4308/Lab_1/install/turtlebot3_msgs/share/turtlebot3_msgs/environment/ament_prefix_path.sh
[1.681s] -- Up-to-date symlink: /home/lennoxtr/EE4308/Lab_1/install/turtlebot3_msgs/share/turtlebot3_msgs/environment/ament_prefix_path.dsv
[1.681s] -- Up-to-date symlink: /home/lennoxtr/EE4308/Lab_1/install/turtlebot3_msgs/share/turtlebot3_msgs/environment/path.sh
[1.681s] -- Up-to-date symlink: /home/lennoxtr/EE4308/Lab_1/install/turtlebot3_msgs/share/turtlebot3_msgs/environment/path.dsv
[1.682s] -- Up-to-date symlink: /home/lennoxtr/EE4308/Lab_1/install/turtlebot3_msgs/share/turtlebot3_msgs/local_setup.bash
[1.682s] -- Up-to-date symlink: /home/lennoxtr/EE4308/Lab_1/install/turtlebot3_msgs/share/turtlebot3_msgs/local_setup.sh
[1.682s] -- Up-to-date symlink: /home/lennoxtr/EE4308/Lab_1/install/turtlebot3_msgs/share/turtlebot3_msgs/local_setup.zsh
[1.682s] -- Up-to-date symlink: /home/lennoxtr/EE4308/Lab_1/install/turtlebot3_msgs/share/turtlebot3_msgs/local_setup.dsv
[1.682s] -- Symlinking: /home/lennoxtr/EE4308/Lab_1/install/turtlebot3_msgs/share/turtlebot3_msgs/package.dsv
[1.690s] -- Up-to-date symlink: /home/lennoxtr/EE4308/Lab_1/install/turtlebot3_msgs/share/ament_index/resource_index/packages/turtlebot3_msgs
[1.690s] -- Up-to-date symlink: /home/lennoxtr/EE4308/Lab_1/install/turtlebot3_msgs/share/turtlebot3_msgs/cmake/rosidl_cmake-extras.cmake
[1.690s] -- Up-to-date symlink: /home/lennoxtr/EE4308/Lab_1/install/turtlebot3_msgs/share/turtlebot3_msgs/cmake/ament_cmake_export_dependencies-extras.cmake
[1.690s] -- Up-to-date symlink: /home/lennoxtr/EE4308/Lab_1/install/turtlebot3_msgs/share/turtlebot3_msgs/cmake/ament_cmake_export_include_directories-extras.cmake
[1.690s] -- Up-to-date symlink: /home/lennoxtr/EE4308/Lab_1/install/turtlebot3_msgs/share/turtlebot3_msgs/cmake/ament_cmake_export_libraries-extras.cmake
[1.690s] -- Up-to-date symlink: /home/lennoxtr/EE4308/Lab_1/install/turtlebot3_msgs/share/turtlebot3_msgs/cmake/ament_cmake_export_targets-extras.cmake
[1.690s] -- Up-to-date symlink: /home/lennoxtr/EE4308/Lab_1/install/turtlebot3_msgs/share/turtlebot3_msgs/cmake/rosidl_cmake_export_typesupport_targets-extras.cmake
[1.691s] -- Up-to-date symlink: /home/lennoxtr/EE4308/Lab_1/install/turtlebot3_msgs/share/turtlebot3_msgs/cmake/rosidl_cmake_export_typesupport_libraries-extras.cmake
[1.691s] -- Up-to-date symlink: /home/lennoxtr/EE4308/Lab_1/install/turtlebot3_msgs/share/turtlebot3_msgs/cmake/turtlebot3_msgsConfig.cmake
[1.691s] -- Up-to-date symlink: /home/lennoxtr/EE4308/Lab_1/install/turtlebot3_msgs/share/turtlebot3_msgs/cmake/turtlebot3_msgsConfig-version.cmake
[1.691s] -- Up-to-date symlink: /home/lennoxtr/EE4308/Lab_1/install/turtlebot3_msgs/share/turtlebot3_msgs/package.xml
[1.691s] -- Up-to-date: /home/lennoxtr/EE4308/Lab_1/install/turtlebot3_msgs/lib/libturtlebot3_msgs__rosidl_generator_c.so
[1.692s] -- Up-to-date: /home/lennoxtr/EE4308/Lab_1/install/turtlebot3_msgs/lib/libturtlebot3_msgs__rosidl_typesupport_fastrtps_c.so
[1.692s] -- Up-to-date: /home/lennoxtr/EE4308/Lab_1/install/turtlebot3_msgs/lib/libturtlebot3_msgs__rosidl_typesupport_fastrtps_cpp.so
[1.692s] -- Up-to-date: /home/lennoxtr/EE4308/Lab_1/install/turtlebot3_msgs/lib/libturtlebot3_msgs__rosidl_typesupport_introspection_c.so
[1.692s] -- Up-to-date: /home/lennoxtr/EE4308/Lab_1/install/turtlebot3_msgs/lib/libturtlebot3_msgs__rosidl_typesupport_c.so
[1.692s] -- Up-to-date: /home/lennoxtr/EE4308/Lab_1/install/turtlebot3_msgs/lib/libturtlebot3_msgs__rosidl_typesupport_introspection_cpp.so
[1.693s] -- Up-to-date: /home/lennoxtr/EE4308/Lab_1/install/turtlebot3_msgs/lib/libturtlebot3_msgs__rosidl_typesupport_cpp.so
[1.721s] Listing '/home/lennoxtr/EE4308/Lab_1/install/turtlebot3_msgs/local/lib/python3.10/dist-packages/turtlebot3_msgs'...
[1.721s] Compiling '/home/lennoxtr/EE4308/Lab_1/install/turtlebot3_msgs/local/lib/python3.10/dist-packages/turtlebot3_msgs/__init__.py'...
[1.721s] Listing '/home/lennoxtr/EE4308/Lab_1/install/turtlebot3_msgs/local/lib/python3.10/dist-packages/turtlebot3_msgs/action'...
[1.721s] Listing '/home/lennoxtr/EE4308/Lab_1/install/turtlebot3_msgs/local/lib/python3.10/dist-packages/turtlebot3_msgs/msg'...
[1.721s] Listing '/home/lennoxtr/EE4308/Lab_1/install/turtlebot3_msgs/local/lib/python3.10/dist-packages/turtlebot3_msgs/srv'...
[1.725s] -- Up-to-date: /home/lennoxtr/EE4308/Lab_1/install/turtlebot3_msgs/lib/libturtlebot3_msgs__rosidl_generator_py.so
[1.725s] -- Up-to-date: /home/lennoxtr/EE4308/Lab_1/install/turtlebot3_msgs/share/turtlebot3_msgs/cmake/export_turtlebot3_msgs__rosidl_generator_cExport.cmake
[1.725s] -- Up-to-date: /home/lennoxtr/EE4308/Lab_1/install/turtlebot3_msgs/share/turtlebot3_msgs/cmake/export_turtlebot3_msgs__rosidl_generator_cExport-noconfig.cmake
[1.725s] -- Up-to-date: /home/lennoxtr/EE4308/Lab_1/install/turtlebot3_msgs/share/turtlebot3_msgs/cmake/export_turtlebot3_msgs__rosidl_typesupport_fastrtps_cExport.cmake
[1.725s] -- Up-to-date: /home/lennoxtr/EE4308/Lab_1/install/turtlebot3_msgs/share/turtlebot3_msgs/cmake/export_turtlebot3_msgs__rosidl_typesupport_fastrtps_cExport-noconfig.cmake
[1.725s] -- Up-to-date: /home/lennoxtr/EE4308/Lab_1/install/turtlebot3_msgs/share/turtlebot3_msgs/cmake/export_turtlebot3_msgs__rosidl_generator_cppExport.cmake
[1.725s] -- Up-to-date: /home/lennoxtr/EE4308/Lab_1/install/turtlebot3_msgs/share/turtlebot3_msgs/cmake/export_turtlebot3_msgs__rosidl_typesupport_fastrtps_cppExport.cmake
[1.725s] -- Up-to-date: /home/lennoxtr/EE4308/Lab_1/install/turtlebot3_msgs/share/turtlebot3_msgs/cmake/export_turtlebot3_msgs__rosidl_typesupport_fastrtps_cppExport-noconfig.cmake
[1.725s] -- Up-to-date: /home/lennoxtr/EE4308/Lab_1/install/turtlebot3_msgs/share/turtlebot3_msgs/cmake/turtlebot3_msgs__rosidl_typesupport_introspection_cExport.cmake
[1.726s] -- Up-to-date: /home/lennoxtr/EE4308/Lab_1/install/turtlebot3_msgs/share/turtlebot3_msgs/cmake/turtlebot3_msgs__rosidl_typesupport_introspection_cExport-noconfig.cmake
[1.726s] -- Up-to-date: /home/lennoxtr/EE4308/Lab_1/install/turtlebot3_msgs/share/turtlebot3_msgs/cmake/turtlebot3_msgs__rosidl_typesupport_cExport.cmake
[1.726s] -- Up-to-date: /home/lennoxtr/EE4308/Lab_1/install/turtlebot3_msgs/share/turtlebot3_msgs/cmake/turtlebot3_msgs__rosidl_typesupport_cExport-noconfig.cmake
[1.726s] -- Up-to-date: /home/lennoxtr/EE4308/Lab_1/install/turtlebot3_msgs/share/turtlebot3_msgs/cmake/turtlebot3_msgs__rosidl_typesupport_introspection_cppExport.cmake
[1.726s] -- Up-to-date: /home/lennoxtr/EE4308/Lab_1/install/turtlebot3_msgs/share/turtlebot3_msgs/cmake/turtlebot3_msgs__rosidl_typesupport_introspection_cppExport-noconfig.cmake
[1.726s] -- Up-to-date: /home/lennoxtr/EE4308/Lab_1/install/turtlebot3_msgs/share/turtlebot3_msgs/cmake/turtlebot3_msgs__rosidl_typesupport_cppExport.cmake
[1.726s] -- Up-to-date: /home/lennoxtr/EE4308/Lab_1/install/turtlebot3_msgs/share/turtlebot3_msgs/cmake/turtlebot3_msgs__rosidl_typesupport_cppExport-noconfig.cmake
[1.726s] -- Up-to-date: /home/lennoxtr/EE4308/Lab_1/install/turtlebot3_msgs/share/turtlebot3_msgs/cmake/export_turtlebot3_msgs__rosidl_generator_pyExport.cmake
[1.726s] -- Up-to-date: /home/lennoxtr/EE4308/Lab_1/install/turtlebot3_msgs/share/turtlebot3_msgs/cmake/export_turtlebot3_msgs__rosidl_generator_pyExport-noconfig.cmake
[1.728s] Invoked command in '/home/lennoxtr/EE4308/Lab_1/build/turtlebot3_msgs' returned '0': CMAKE_PREFIX_PATH=/opt/ros/humble /usr/bin/cmake --install /home/lennoxtr/EE4308/Lab_1/build/turtlebot3_msgs
