[0.023s] Invoking command in '/home/lennoxtr/EE4308/Lab_1/build/turtlebot3_cartographer': CMAKE_PREFIX_PATH=/opt/ros/humble /usr/bin/cmake /home/lennoxtr/EE4308/Lab_1/src/turtlebot3_cartographer -DCMAKE_INSTALL_PREFIX=/home/lennoxtr/EE4308/Lab_1/install/turtlebot3_cartographer
[0.040s] -- Found ament_cmake: 1.3.11 (/opt/ros/humble/share/ament_cmake/cmake)
[0.163s] -- Override CMake install command with custom implementation using symlinks instead of copying resources
[0.238s] -- Configuring done
[0.245s] -- Generating done
[0.245s] -- Build files have been written to: /home/lennoxtr/EE4308/Lab_1/build/turtlebot3_cartographer
[0.248s] Invoked command in '/home/lennoxtr/EE4308/Lab_1/build/turtlebot3_cartographer' returned '0': CMAKE_PREFIX_PATH=/opt/ros/humble /usr/bin/cmake /home/lennoxtr/EE4308/Lab_1/src/turtlebot3_cartographer -DCMAKE_INSTALL_PREFIX=/home/lennoxtr/EE4308/Lab_1/install/turtlebot3_cartographer
[0.255s] Invoking command in '/home/lennoxtr/EE4308/Lab_1/build/turtlebot3_cartographer': CMAKE_PREFIX_PATH=/opt/ros/humble /usr/bin/cmake --build /home/lennoxtr/EE4308/Lab_1/build/turtlebot3_cartographer -- -j6 -l6
[0.297s] Invoked command in '/home/lennoxtr/EE4308/Lab_1/build/turtlebot3_cartographer' returned '0': CMAKE_PREFIX_PATH=/opt/ros/humble /usr/bin/cmake --build /home/lennoxtr/EE4308/Lab_1/build/turtlebot3_cartographer -- -j6 -l6
[0.297s] Invoking command in '/home/lennoxtr/EE4308/Lab_1/build/turtlebot3_cartographer': CMAKE_PREFIX_PATH=/opt/ros/humble /usr/bin/cmake --install /home/lennoxtr/EE4308/Lab_1/build/turtlebot3_cartographer
[0.303s] -- Install configuration: ""
[0.303s] -- Execute custom install script
[0.303s] -- Up-to-date symlink: /home/lennoxtr/EE4308/Lab_1/install/turtlebot3_cartographer/share/turtlebot3_cartographer/config/turtlebot3_lds_2d.lua
[0.304s] -- Up-to-date symlink: /home/lennoxtr/EE4308/Lab_1/install/turtlebot3_cartographer/share/turtlebot3_cartographer/launch/cartographer.launch.py
[0.304s] -- Up-to-date symlink: /home/lennoxtr/EE4308/Lab_1/install/turtlebot3_cartographer/share/turtlebot3_cartographer/launch/occupancy_grid.launch.py
[0.304s] -- Up-to-date symlink: /home/lennoxtr/EE4308/Lab_1/install/turtlebot3_cartographer/share/turtlebot3_cartographer/rviz/tb3_cartographer.rviz
[0.304s] -- Up-to-date symlink: /home/lennoxtr/EE4308/Lab_1/install/turtlebot3_cartographer/share/ament_index/resource_index/package_run_dependencies/turtlebot3_cartographer
[0.304s] -- Up-to-date symlink: /home/lennoxtr/EE4308/Lab_1/install/turtlebot3_cartographer/share/ament_index/resource_index/parent_prefix_path/turtlebot3_cartographer
[0.305s] -- Up-to-date symlink: /home/lennoxtr/EE4308/Lab_1/install/turtlebot3_cartographer/share/turtlebot3_cartographer/environment/ament_prefix_path.sh
[0.305s] -- Up-to-date symlink: /home/lennoxtr/EE4308/Lab_1/install/turtlebot3_cartographer/share/turtlebot3_cartographer/environment/ament_prefix_path.dsv
[0.305s] -- Up-to-date symlink: /home/lennoxtr/EE4308/Lab_1/install/turtlebot3_cartographer/share/turtlebot3_cartographer/environment/path.sh
[0.305s] -- Up-to-date symlink: /home/lennoxtr/EE4308/Lab_1/install/turtlebot3_cartographer/share/turtlebot3_cartographer/environment/path.dsv
[0.305s] -- Up-to-date symlink: /home/lennoxtr/EE4308/Lab_1/install/turtlebot3_cartographer/share/turtlebot3_cartographer/local_setup.bash
[0.306s] -- Up-to-date symlink: /home/lennoxtr/EE4308/Lab_1/install/turtlebot3_cartographer/share/turtlebot3_cartographer/local_setup.sh
[0.306s] -- Up-to-date symlink: /home/lennoxtr/EE4308/Lab_1/install/turtlebot3_cartographer/share/turtlebot3_cartographer/local_setup.zsh
[0.306s] -- Up-to-date symlink: /home/lennoxtr/EE4308/Lab_1/install/turtlebot3_cartographer/share/turtlebot3_cartographer/local_setup.dsv
[0.306s] -- Symlinking: /home/lennoxtr/EE4308/Lab_1/install/turtlebot3_cartographer/share/turtlebot3_cartographer/package.dsv
[0.315s] -- Up-to-date symlink: /home/lennoxtr/EE4308/Lab_1/install/turtlebot3_cartographer/share/ament_index/resource_index/packages/turtlebot3_cartographer
[0.318s] -- Up-to-date symlink: /home/lennoxtr/EE4308/Lab_1/install/turtlebot3_cartographer/share/turtlebot3_cartographer/cmake/turtlebot3_cartographerConfig.cmake
[0.318s] -- Up-to-date symlink: /home/lennoxtr/EE4308/Lab_1/install/turtlebot3_cartographer/share/turtlebot3_cartographer/cmake/turtlebot3_cartographerConfig-version.cmake
[0.318s] -- Up-to-date symlink: /home/lennoxtr/EE4308/Lab_1/install/turtlebot3_cartographer/share/turtlebot3_cartographer/package.xml
[0.324s] Invoked command in '/home/lennoxtr/EE4308/Lab_1/build/turtlebot3_cartographer' returned '0': CMAKE_PREFIX_PATH=/opt/ros/humble /usr/bin/cmake --install /home/lennoxtr/EE4308/Lab_1/build/turtlebot3_cartographer
