[0.021s] Invoking command in '/home/lennoxtr/EE4308/Lab_1/build/ee4308_bringup': CMAKE_PREFIX_PATH=/opt/ros/humble /usr/bin/cmake --build /home/lennoxtr/EE4308/Lab_1/build/ee4308_bringup -- -j6 -l6
[0.084s] Invoked command in '/home/lennoxtr/EE4308/Lab_1/build/ee4308_bringup' returned '0': CMAKE_PREFIX_PATH=/opt/ros/humble /usr/bin/cmake --build /home/lennoxtr/EE4308/Lab_1/build/ee4308_bringup -- -j6 -l6
[0.089s] Invoking command in '/home/lennoxtr/EE4308/Lab_1/build/ee4308_bringup': CMAKE_PREFIX_PATH=/opt/ros/humble /usr/bin/cmake --install /home/lennoxtr/EE4308/Lab_1/build/ee4308_bringup
[0.099s] -- Install configuration: ""
[0.100s] -- Execute custom install script
[0.102s] -- Up-to-date symlink: /home/lennoxtr/EE4308/Lab_1/install/ee4308_bringup/share/ee4308_bringup//launch/proj1.launch.py
[0.102s] -- Up-to-date symlink: /home/lennoxtr/EE4308/Lab_1/install/ee4308_bringup/share/ee4308_bringup//launch/proj1_sim.launch.py
[0.103s] -- Up-to-date symlink: /home/lennoxtr/EE4308/Lab_1/install/ee4308_bringup/share/ee4308_bringup//launch/proj1_sim_slam.launch.py
[0.104s] -- Up-to-date symlink: /home/lennoxtr/EE4308/Lab_1/install/ee4308_bringup/share/ee4308_bringup//launch/proj1_slam.launch.py
[0.108s] -- Up-to-date symlink: /home/lennoxtr/EE4308/Lab_1/install/ee4308_bringup/share/ee4308_bringup//rviz/.gitignore
[0.109s] -- Up-to-date symlink: /home/lennoxtr/EE4308/Lab_1/install/ee4308_bringup/share/ee4308_bringup//params/proj1.yaml
[0.110s] -- Up-to-date symlink: /home/lennoxtr/EE4308/Lab_1/install/ee4308_bringup/share/ee4308_bringup//maps/.gitignore
[0.111s] -- Up-to-date symlink: /home/lennoxtr/EE4308/Lab_1/install/ee4308_bringup/share/ee4308_bringup//urdf/turtle_proj1.urdf.xacro
[0.114s] -- Up-to-date symlink: /home/lennoxtr/EE4308/Lab_1/install/ee4308_bringup/share/ee4308_bringup//worlds/empty_world.world
[0.114s] -- Up-to-date symlink: /home/lennoxtr/EE4308/Lab_1/install/ee4308_bringup/share/ee4308_bringup//worlds/turtlebot3_house.world
[0.117s] -- Up-to-date symlink: /home/lennoxtr/EE4308/Lab_1/install/ee4308_bringup/share/ament_index/resource_index/package_run_dependencies/ee4308_bringup
[0.118s] -- Up-to-date symlink: /home/lennoxtr/EE4308/Lab_1/install/ee4308_bringup/share/ament_index/resource_index/parent_prefix_path/ee4308_bringup
[0.121s] -- Up-to-date symlink: /home/lennoxtr/EE4308/Lab_1/install/ee4308_bringup/share/ee4308_bringup/environment/ament_prefix_path.sh
[0.122s] -- Up-to-date symlink: /home/lennoxtr/EE4308/Lab_1/install/ee4308_bringup/share/ee4308_bringup/environment/ament_prefix_path.dsv
[0.122s] -- Up-to-date symlink: /home/lennoxtr/EE4308/Lab_1/install/ee4308_bringup/share/ee4308_bringup/environment/path.sh
[0.122s] -- Up-to-date symlink: /home/lennoxtr/EE4308/Lab_1/install/ee4308_bringup/share/ee4308_bringup/environment/path.dsv
[0.124s] -- Up-to-date symlink: /home/lennoxtr/EE4308/Lab_1/install/ee4308_bringup/share/ee4308_bringup/local_setup.bash
[0.124s] -- Up-to-date symlink: /home/lennoxtr/EE4308/Lab_1/install/ee4308_bringup/share/ee4308_bringup/local_setup.sh
[0.127s] -- Up-to-date symlink: /home/lennoxtr/EE4308/Lab_1/install/ee4308_bringup/share/ee4308_bringup/local_setup.zsh
[0.127s] -- Up-to-date symlink: /home/lennoxtr/EE4308/Lab_1/install/ee4308_bringup/share/ee4308_bringup/local_setup.dsv
[0.127s] -- Symlinking: /home/lennoxtr/EE4308/Lab_1/install/ee4308_bringup/share/ee4308_bringup/package.dsv
[0.134s] -- Up-to-date symlink: /home/lennoxtr/EE4308/Lab_1/install/ee4308_bringup/share/ament_index/resource_index/packages/ee4308_bringup
[0.135s] -- Up-to-date symlink: /home/lennoxtr/EE4308/Lab_1/install/ee4308_bringup/share/ee4308_bringup/cmake/ament_cmake_export_dependencies-extras.cmake
[0.135s] -- Up-to-date symlink: /home/lennoxtr/EE4308/Lab_1/install/ee4308_bringup/share/ee4308_bringup/cmake/ee4308_bringupConfig.cmake
[0.135s] -- Up-to-date symlink: /home/lennoxtr/EE4308/Lab_1/install/ee4308_bringup/share/ee4308_bringup/cmake/ee4308_bringupConfig-version.cmake
[0.135s] -- Up-to-date symlink: /home/lennoxtr/EE4308/Lab_1/install/ee4308_bringup/share/ee4308_bringup/package.xml
[0.168s] Invoked command in '/home/lennoxtr/EE4308/Lab_1/build/ee4308_bringup' returned '0': CMAKE_PREFIX_PATH=/opt/ros/humble /usr/bin/cmake --install /home/lennoxtr/EE4308/Lab_1/build/ee4308_bringup
